<html>
<body>
<pre>
<h1>µVision Build Log</h1>
<h2>Tool Versions:</h2>
IDE-Version: ¦ÌVision V5.29.0.0
Copyright (C) 2019 ARM Ltd and ARM Germany GmbH. All rights reserved.
License Information: joker sun, iflytek, LIC=D0D7S-LPSN0-LQW0Q-N4RIT-VLY22-1RCLQ
 
Tool Versions:
Toolchain:       MDK-ARM Plus  Version: 5.29.0.0
Toolchain Path:  C:\Keil_v5\ARM\ARMCC\Bin
C Compiler:      Armcc.exe V5.06 update 6 (build 750)
Assembler:       Armasm.exe V5.06 update 6 (build 750)
Linker/Locator:  ArmLink.exe V5.06 update 6 (build 750)
Library Manager: ArmAr.exe V5.06 update 6 (build 750)
Hex Converter:   FromElf.exe V5.06 update 6 (build 750)
CPU DLL:         SARMCM3.DLL V5.29.0.0
Dialog DLL:      DCM.DLL V1.17.3.0
Target DLL:      Segger\JL2CM3.dll V2.99.36.0
Dialog DLL:      TCM.DLL V1.36.5.0
 
<h2>Project:</h2>
C:\Users\Joker\Desktop\GD32F303VCT6\GD32F303VCT6.uvprojx
Project File Date:  09/05/2022

<h2>Output:</h2>
*** Using Compiler 'V5.06 update 6 (build 750)', folder: 'C:\Keil_v5\ARM\ARMCC\Bin'
Rebuild target 'APP'
compiling gd32f30x_it.c...
compiling gd32f30x_ctc.c...
compiling gd32f30x_dbg.c...
compiling gd32f30x_dac.c...
compiling system_gd32f30x.c...
compiling gd32f30x_dma.c...
compiling gd32f30x_adc.c...
compiling gd32f30x_can.c...
compiling gd32f30x_crc.c...
compiling gd32f30x_bkp.c...
compiling main.c...
compiling gd32f30x_enet.c...
compiling gd32f30x_fwdgt.c...
compiling gd32f30x_gpio.c...
compiling gd32f30x_fmc.c...
compiling gd32f30x_exti.c...
compiling gd32f30x_exmc.c...
compiling gd32f30x_i2c.c...
compiling gd32f30x_pmu.c...
compiling gd32f30x_misc.c...
compiling gd32f30x_rcu.c...
compiling gd32f30x_rtc.c...
assembling startup_gd32f30x_cl.s...
compiling croutine.c...
compiling stream_buffer.c...
compiling event_groups.c...
compiling list.c...
compiling gd32f30x_wwdgt.c...
compiling queue.c...
compiling gd32f30x_spi.c...
compiling gd32f30x_sdio.c...
compiling gd32f30x_usart.c...
compiling gd32f30x_timer.c...
compiling tasks.c...
compiling timers.c...
compiling heap_4.c...
compiling port.c...
compiling pwm.c...
compiling fifo.c...
compiling vl6180x_api.c...
compiling iic.c...
compiling usart.c...
compiling exti.c...
compiling vl6180x_i2c.c...
compiling vl6180x_simple_ranging.c...
compiling vl6180x_range_interrupt.c...
linking...
Program Size: Code=22326 RO-data=770 RW-data=468 ZI-data=8612  
FromELF: creating hex file...
After Build - User command #1: C:\Keil_v5\ARM\ARMCC\bin\fromelf.exe --bin --output ./Objects/update.bin ./Objects/GD32F303VCT6.axf
".\Objects\GD32F303VCT6.axf" - 0 Error(s), 0 Warning(s).

<h2>Software Packages used:</h2>

Package Vendor: GigaDevice
                https://gd32mcu.com/data/documents/pack/GigaDevice.GD32F30x_DFP.2.2.1.pack
                GigaDevice.GD32F30x_DFP.2.2.1
                GigaDevice GD32F30x Series Device Support and Examples

<h2>Collection of Component include folders:</h2>
  .\RTE\_APP
  C:\Users\Joker\AppData\Local\Arm\Packs\GigaDevice\GD32F30x_DFP\2.2.1\Device\Include

<h2>Collection of Component Files used:</h2>
Build Time Elapsed:  00:00:05
</pre>
</body>
</html>
