<!doctype html public "-//w3c//dtd html 4.0 transitional//en">
<html><head>
<title>Static Call Graph - [.\Objects\GD32F303VCT6.axf]</title></head>
<body><HR>
<H1>Static Call Graph for image .\Objects\GD32F303VCT6.axf</H1><HR>
<BR><P>#&#060CALLGRAPH&#062# ARM Linker, 5060750: Last Updated: Fri Sep 30 00:08:07 2022
<BR><P>
<H3>Maximum Stack Usage =       1120 bytes + Unknown(Cycles, Untraceable Function Pointers)</H3><H3>
Call chain for Maximum Stack Depth:</H3>
DMA0_Channel4_IRQHandler &rArr; FIFO_Recv &rArr; FIFO_Add &rArr; FIFO_Available &rArr; FIFO_Count
<P>
<H3>
Mutually Recursive functions
</H3> <LI><a href="#[1c]">ADC0_1_IRQHandler</a>&nbsp;&nbsp;&nbsp;&rArr;&nbsp;&nbsp;&nbsp;<a href="#[1c]">ADC0_1_IRQHandler</a><BR>
</UL>
<P>
<H3>
Function Pointers
</H3><UL>
 <LI><a href="#[1c]">ADC0_1_IRQHandler</a> from startup_gd32f30x_cl.o(.text) referenced from startup_gd32f30x_cl.o(RESET)
 <LI><a href="#[4]">BusFault_Handler</a> from gd32f30x_it.o(i.BusFault_Handler) referenced from startup_gd32f30x_cl.o(RESET)
 <LI><a href="#[20]">CAN0_EWMC_IRQHandler</a> from startup_gd32f30x_cl.o(.text) referenced from startup_gd32f30x_cl.o(RESET)
 <LI><a href="#[1e]">CAN0_RX0_IRQHandler</a> from startup_gd32f30x_cl.o(.text) referenced from startup_gd32f30x_cl.o(RESET)
 <LI><a href="#[1f]">CAN0_RX1_IRQHandler</a> from startup_gd32f30x_cl.o(.text) referenced from startup_gd32f30x_cl.o(RESET)
 <LI><a href="#[1d]">CAN0_TX_IRQHandler</a> from startup_gd32f30x_cl.o(.text) referenced from startup_gd32f30x_cl.o(RESET)
 <LI><a href="#[4a]">CAN1_EWMC_IRQHandler</a> from startup_gd32f30x_cl.o(.text) referenced from startup_gd32f30x_cl.o(RESET)
 <LI><a href="#[48]">CAN1_RX0_IRQHandler</a> from startup_gd32f30x_cl.o(.text) referenced from startup_gd32f30x_cl.o(RESET)
 <LI><a href="#[49]">CAN1_RX1_IRQHandler</a> from startup_gd32f30x_cl.o(.text) referenced from startup_gd32f30x_cl.o(RESET)
 <LI><a href="#[47]">CAN1_TX_IRQHandler</a> from startup_gd32f30x_cl.o(.text) referenced from startup_gd32f30x_cl.o(RESET)
 <LI><a href="#[15]">DMA0_Channel0_IRQHandler</a> from startup_gd32f30x_cl.o(.text) referenced from startup_gd32f30x_cl.o(RESET)
 <LI><a href="#[16]">DMA0_Channel1_IRQHandler</a> from startup_gd32f30x_cl.o(.text) referenced from startup_gd32f30x_cl.o(RESET)
 <LI><a href="#[17]">DMA0_Channel2_IRQHandler</a> from startup_gd32f30x_cl.o(.text) referenced from startup_gd32f30x_cl.o(RESET)
 <LI><a href="#[18]">DMA0_Channel3_IRQHandler</a> from usart.o(i.DMA0_Channel3_IRQHandler) referenced from startup_gd32f30x_cl.o(RESET)
 <LI><a href="#[19]">DMA0_Channel4_IRQHandler</a> from usart.o(i.DMA0_Channel4_IRQHandler) referenced from startup_gd32f30x_cl.o(RESET)
 <LI><a href="#[1a]">DMA0_Channel5_IRQHandler</a> from usart.o(i.DMA0_Channel5_IRQHandler) referenced from startup_gd32f30x_cl.o(RESET)
 <LI><a href="#[1b]">DMA0_Channel6_IRQHandler</a> from usart.o(i.DMA0_Channel6_IRQHandler) referenced from startup_gd32f30x_cl.o(RESET)
 <LI><a href="#[40]">DMA1_Channel0_IRQHandler</a> from startup_gd32f30x_cl.o(.text) referenced from startup_gd32f30x_cl.o(RESET)
 <LI><a href="#[41]">DMA1_Channel1_IRQHandler</a> from startup_gd32f30x_cl.o(.text) referenced from startup_gd32f30x_cl.o(RESET)
 <LI><a href="#[42]">DMA1_Channel2_IRQHandler</a> from startup_gd32f30x_cl.o(.text) referenced from startup_gd32f30x_cl.o(RESET)
 <LI><a href="#[43]">DMA1_Channel3_IRQHandler</a> from startup_gd32f30x_cl.o(.text) referenced from startup_gd32f30x_cl.o(RESET)
 <LI><a href="#[44]">DMA1_Channel4_IRQHandler</a> from startup_gd32f30x_cl.o(.text) referenced from startup_gd32f30x_cl.o(RESET)
 <LI><a href="#[7]">DebugMon_Handler</a> from gd32f30x_it.o(i.DebugMon_Handler) referenced from startup_gd32f30x_cl.o(RESET)
 <LI><a href="#[45]">ENET_IRQHandler</a> from startup_gd32f30x_cl.o(.text) referenced from startup_gd32f30x_cl.o(RESET)
 <LI><a href="#[46]">ENET_WKUP_IRQHandler</a> from startup_gd32f30x_cl.o(.text) referenced from startup_gd32f30x_cl.o(RESET)
 <LI><a href="#[39]">EXMC_IRQHandler</a> from startup_gd32f30x_cl.o(.text) referenced from startup_gd32f30x_cl.o(RESET)
 <LI><a href="#[10]">EXTI0_IRQHandler</a> from startup_gd32f30x_cl.o(.text) referenced from startup_gd32f30x_cl.o(RESET)
 <LI><a href="#[32]">EXTI10_15_IRQHandler</a> from startup_gd32f30x_cl.o(.text) referenced from startup_gd32f30x_cl.o(RESET)
 <LI><a href="#[11]">EXTI1_IRQHandler</a> from exti.o(i.EXTI1_IRQHandler) referenced from startup_gd32f30x_cl.o(RESET)
 <LI><a href="#[12]">EXTI2_IRQHandler</a> from startup_gd32f30x_cl.o(.text) referenced from startup_gd32f30x_cl.o(RESET)
 <LI><a href="#[13]">EXTI3_IRQHandler</a> from startup_gd32f30x_cl.o(.text) referenced from startup_gd32f30x_cl.o(RESET)
 <LI><a href="#[14]">EXTI4_IRQHandler</a> from startup_gd32f30x_cl.o(.text) referenced from startup_gd32f30x_cl.o(RESET)
 <LI><a href="#[21]">EXTI5_9_IRQHandler</a> from startup_gd32f30x_cl.o(.text) referenced from startup_gd32f30x_cl.o(RESET)
 <LI><a href="#[55]">EmergencyTask</a> from main.o(i.EmergencyTask) referenced from main.o(i.main)
 <LI><a href="#[e]">FMC_IRQHandler</a> from startup_gd32f30x_cl.o(.text) referenced from startup_gd32f30x_cl.o(RESET)
 <LI><a href="#[2]">HardFault_Handler</a> from gd32f30x_it.o(i.HardFault_Handler) referenced from startup_gd32f30x_cl.o(RESET)
 <LI><a href="#[2a]">I2C0_ER_IRQHandler</a> from startup_gd32f30x_cl.o(.text) referenced from startup_gd32f30x_cl.o(RESET)
 <LI><a href="#[29]">I2C0_EV_IRQHandler</a> from startup_gd32f30x_cl.o(.text) referenced from startup_gd32f30x_cl.o(RESET)
 <LI><a href="#[2c]">I2C1_ER_IRQHandler</a> from startup_gd32f30x_cl.o(.text) referenced from startup_gd32f30x_cl.o(RESET)
 <LI><a href="#[2b]">I2C1_EV_IRQHandler</a> from startup_gd32f30x_cl.o(.text) referenced from startup_gd32f30x_cl.o(RESET)
 <LI><a href="#[56]">IAPTask</a> from main.o(i.IAPTask) referenced from main.o(i.main)
 <LI><a href="#[b]">LVD_IRQHandler</a> from startup_gd32f30x_cl.o(.text) referenced from startup_gd32f30x_cl.o(RESET)
 <LI><a href="#[54]">LogTask</a> from main.o(i.LogTask) referenced from main.o(i.main)
 <LI><a href="#[3]">MemManage_Handler</a> from gd32f30x_it.o(i.MemManage_Handler) referenced from startup_gd32f30x_cl.o(RESET)
 <LI><a href="#[1]">NMI_Handler</a> from gd32f30x_it.o(i.NMI_Handler) referenced from startup_gd32f30x_cl.o(RESET)
 <LI><a href="#[8]">PendSV_Handler</a> from port.o(.emb_text) referenced from startup_gd32f30x_cl.o(RESET)
 <LI><a href="#[f]">RCU_CTC_IRQHandler</a> from startup_gd32f30x_cl.o(.text) referenced from startup_gd32f30x_cl.o(RESET)
 <LI><a href="#[33]">RTC_Alarm_IRQHandler</a> from startup_gd32f30x_cl.o(.text) referenced from startup_gd32f30x_cl.o(RESET)
 <LI><a href="#[d]">RTC_IRQHandler</a> from startup_gd32f30x_cl.o(.text) referenced from startup_gd32f30x_cl.o(RESET)
 <LI><a href="#[0]">Reset_Handler</a> from startup_gd32f30x_cl.o(.text) referenced from startup_gd32f30x_cl.o(RESET)
 <LI><a href="#[2d]">SPI0_IRQHandler</a> from startup_gd32f30x_cl.o(.text) referenced from startup_gd32f30x_cl.o(RESET)
 <LI><a href="#[2e]">SPI1_IRQHandler</a> from startup_gd32f30x_cl.o(.text) referenced from startup_gd32f30x_cl.o(RESET)
 <LI><a href="#[3b]">SPI2_IRQHandler</a> from startup_gd32f30x_cl.o(.text) referenced from startup_gd32f30x_cl.o(RESET)
 <LI><a href="#[6]">SVC_Handler</a> from port.o(.emb_text) referenced from startup_gd32f30x_cl.o(RESET)
 <LI><a href="#[9]">SysTick_Handler</a> from port.o(i.SysTick_Handler) referenced from startup_gd32f30x_cl.o(RESET)
 <LI><a href="#[4d]">SystemInit</a> from system_gd32f30x.o(i.SystemInit) referenced from startup_gd32f30x_cl.o(.text)
 <LI><a href="#[c]">TAMPER_IRQHandler</a> from startup_gd32f30x_cl.o(.text) referenced from startup_gd32f30x_cl.o(RESET)
 <LI><a href="#[22]">TIMER0_BRK_TIMER8_IRQHandler</a> from startup_gd32f30x_cl.o(.text) referenced from startup_gd32f30x_cl.o(RESET)
 <LI><a href="#[25]">TIMER0_Channel_IRQHandler</a> from startup_gd32f30x_cl.o(.text) referenced from startup_gd32f30x_cl.o(RESET)
 <LI><a href="#[24]">TIMER0_TRG_CMT_TIMER10_IRQHandler</a> from startup_gd32f30x_cl.o(.text) referenced from startup_gd32f30x_cl.o(RESET)
 <LI><a href="#[23]">TIMER0_UP_TIMER9_IRQHandler</a> from startup_gd32f30x_cl.o(.text) referenced from startup_gd32f30x_cl.o(RESET)
 <LI><a href="#[26]">TIMER1_IRQHandler</a> from startup_gd32f30x_cl.o(.text) referenced from startup_gd32f30x_cl.o(RESET)
 <LI><a href="#[27]">TIMER2_IRQHandler</a> from startup_gd32f30x_cl.o(.text) referenced from startup_gd32f30x_cl.o(RESET)
 <LI><a href="#[28]">TIMER3_IRQHandler</a> from startup_gd32f30x_cl.o(.text) referenced from startup_gd32f30x_cl.o(RESET)
 <LI><a href="#[3a]">TIMER4_IRQHandler</a> from startup_gd32f30x_cl.o(.text) referenced from startup_gd32f30x_cl.o(RESET)
 <LI><a href="#[3e]">TIMER5_IRQHandler</a> from startup_gd32f30x_cl.o(.text) referenced from startup_gd32f30x_cl.o(RESET)
 <LI><a href="#[3f]">TIMER6_IRQHandler</a> from startup_gd32f30x_cl.o(.text) referenced from startup_gd32f30x_cl.o(RESET)
 <LI><a href="#[35]">TIMER7_BRK_TIMER11_IRQHandler</a> from startup_gd32f30x_cl.o(.text) referenced from startup_gd32f30x_cl.o(RESET)
 <LI><a href="#[38]">TIMER7_Channel_IRQHandler</a> from startup_gd32f30x_cl.o(.text) referenced from startup_gd32f30x_cl.o(RESET)
 <LI><a href="#[37]">TIMER7_TRG_CMT_TIMER13_IRQHandler</a> from startup_gd32f30x_cl.o(.text) referenced from startup_gd32f30x_cl.o(RESET)
 <LI><a href="#[36]">TIMER7_UP_TIMER12_IRQHandler</a> from startup_gd32f30x_cl.o(.text) referenced from startup_gd32f30x_cl.o(RESET)
 <LI><a href="#[3c]">UART3_IRQHandler</a> from startup_gd32f30x_cl.o(.text) referenced from startup_gd32f30x_cl.o(RESET)
 <LI><a href="#[3d]">UART4_IRQHandler</a> from startup_gd32f30x_cl.o(.text) referenced from startup_gd32f30x_cl.o(RESET)
 <LI><a href="#[2f]">USART0_IRQHandler</a> from usart.o(i.USART0_IRQHandler) referenced from startup_gd32f30x_cl.o(RESET)
 <LI><a href="#[30]">USART1_IRQHandler</a> from usart.o(i.USART1_IRQHandler) referenced from startup_gd32f30x_cl.o(RESET)
 <LI><a href="#[31]">USART2_IRQHandler</a> from startup_gd32f30x_cl.o(.text) referenced from startup_gd32f30x_cl.o(RESET)
 <LI><a href="#[4b]">USBFS_IRQHandler</a> from startup_gd32f30x_cl.o(.text) referenced from startup_gd32f30x_cl.o(RESET)
 <LI><a href="#[34]">USBFS_WKUP_IRQHandler</a> from startup_gd32f30x_cl.o(.text) referenced from startup_gd32f30x_cl.o(RESET)
 <LI><a href="#[5]">UsageFault_Handler</a> from gd32f30x_it.o(i.UsageFault_Handler) referenced from startup_gd32f30x_cl.o(RESET)
 <LI><a href="#[53]">VL6180xTask</a> from main.o(i.VL6180xTask) referenced from main.o(i.main)
 <LI><a href="#[a]">WWDGT_IRQHandler</a> from startup_gd32f30x_cl.o(.text) referenced from startup_gd32f30x_cl.o(RESET)
 <LI><a href="#[4e]">__main</a> from entry.o(.ARM.Collect$$$$00000000) referenced from startup_gd32f30x_cl.o(.text)
 <LI><a href="#[50]">_sputc</a> from printf8.o(i._sputc) referenced from printf8.o(i.__0sprintf$8)
 <LI><a href="#[4f]">fputc</a> from print.o(i.fputc) referenced from printf8.o(i.__0printf$8)
 <LI><a href="#[52]">ledTestTask</a> from main.o(i.ledTestTask) referenced from main.o(i.main)
 <LI><a href="#[4c]">main</a> from main.o(i.main) referenced from entry9a.o(.ARM.Collect$$$$0000000B)
 <LI><a href="#[58]">prvIdleTask</a> from tasks.o(i.prvIdleTask) referenced from tasks.o(i.vTaskStartScheduler)
 <LI><a href="#[57]">prvTaskExitError</a> from port.o(i.prvTaskExitError) referenced from port.o(i.pxPortInitialiseStack)
 <LI><a href="#[59]">prvTimerTask</a> from timers.o(i.prvTimerTask) referenced from timers.o(i.xTimerCreateTimerTask)
 <LI><a href="#[51]">usart0_dma_send</a> from usart.o(i.usart0_dma_send) referenced from main.o(i.main)
</UL>
<P>
<H3>
Global Symbols
</H3>
<P><STRONG><a name="[4e]"></a>__main</STRONG> (Thumb, 0 bytes, Stack size unknown bytes, entry.o(.ARM.Collect$$$$00000000))
<BR>[Address Reference Count : 1]<UL><LI> startup_gd32f30x_cl.o(.text)
</UL>
<P><STRONG><a name="[12b]"></a>_main_stk</STRONG> (Thumb, 0 bytes, Stack size unknown bytes, entry2.o(.ARM.Collect$$$$00000001))

<P><STRONG><a name="[5a]"></a>_main_scatterload</STRONG> (Thumb, 0 bytes, Stack size unknown bytes, entry5.o(.ARM.Collect$$$$00000004))
<BR><BR>[Calls]<UL><LI><a href="#[5b]">&gt;&gt;</a>&nbsp;&nbsp;&nbsp;__scatterload
</UL>

<P><STRONG><a name="[63]"></a>__main_after_scatterload</STRONG> (Thumb, 0 bytes, Stack size unknown bytes, entry5.o(.ARM.Collect$$$$00000004))
<BR><BR>[Called By]<UL><LI><a href="#[5b]">&gt;&gt;</a>&nbsp;&nbsp;&nbsp;__scatterload
</UL>

<P><STRONG><a name="[12c]"></a>_main_clock</STRONG> (Thumb, 0 bytes, Stack size unknown bytes, entry7b.o(.ARM.Collect$$$$00000008))

<P><STRONG><a name="[12d]"></a>_main_cpp_init</STRONG> (Thumb, 0 bytes, Stack size unknown bytes, entry8b.o(.ARM.Collect$$$$0000000A))

<P><STRONG><a name="[12e]"></a>_main_init</STRONG> (Thumb, 0 bytes, Stack size unknown bytes, entry9a.o(.ARM.Collect$$$$0000000B))

<P><STRONG><a name="[12f]"></a>__rt_final_cpp</STRONG> (Thumb, 0 bytes, Stack size unknown bytes, entry10a.o(.ARM.Collect$$$$0000000D))

<P><STRONG><a name="[130]"></a>__rt_final_exit</STRONG> (Thumb, 0 bytes, Stack size unknown bytes, entry11a.o(.ARM.Collect$$$$0000000F))

<P><STRONG><a name="[6]"></a>SVC_Handler</STRONG> (Thumb, 28 bytes, Stack size 0 bytes, port.o(.emb_text))
<BR>[Address Reference Count : 1]<UL><LI> startup_gd32f30x_cl.o(RESET)
</UL>
<P><STRONG><a name="[121]"></a>__asm___6_port_c_39a90d8d__prvStartFirstTask</STRONG> (Thumb, 36 bytes, Stack size 0 bytes, port.o(.emb_text))
<BR><BR>[Called By]<UL><LI><a href="#[11e]">&gt;&gt;</a>&nbsp;&nbsp;&nbsp;xPortStartScheduler
</UL>

<P><STRONG><a name="[120]"></a>__asm___6_port_c_39a90d8d__prvEnableVFP</STRONG> (Thumb, 16 bytes, Stack size 0 bytes, port.o(.emb_text))
<BR><BR>[Called By]<UL><LI><a href="#[11e]">&gt;&gt;</a>&nbsp;&nbsp;&nbsp;xPortStartScheduler
</UL>

<P><STRONG><a name="[8]"></a>PendSV_Handler</STRONG> (Thumb, 88 bytes, Stack size 0 bytes, port.o(.emb_text))
<BR><BR>[Calls]<UL><LI><a href="#[5c]">&gt;&gt;</a>&nbsp;&nbsp;&nbsp;vTaskSwitchContext
</UL>
<BR>[Address Reference Count : 1]<UL><LI> startup_gd32f30x_cl.o(RESET)
</UL>
<P><STRONG><a name="[119]"></a>vPortGetIPSR</STRONG> (Thumb, 6 bytes, Stack size 0 bytes, port.o(.emb_text))
<BR><BR>[Called By]<UL><LI><a href="#[118]">&gt;&gt;</a>&nbsp;&nbsp;&nbsp;vPortValidateInterruptPriority
</UL>

<P><STRONG><a name="[0]"></a>Reset_Handler</STRONG> (Thumb, 8 bytes, Stack size 0 bytes, startup_gd32f30x_cl.o(.text))
<BR>[Address Reference Count : 1]<UL><LI> startup_gd32f30x_cl.o(RESET)
</UL>
<P><STRONG><a name="[1c]"></a>ADC0_1_IRQHandler</STRONG> (Thumb, 0 bytes, Stack size 0 bytes, startup_gd32f30x_cl.o(.text))
<BR><BR>[Calls]<UL><LI><a href="#[1c]">&gt;&gt;</a>&nbsp;&nbsp;&nbsp;ADC0_1_IRQHandler
</UL>
<BR>[Called By]<UL><LI><a href="#[1c]">&gt;&gt;</a>&nbsp;&nbsp;&nbsp;ADC0_1_IRQHandler
</UL>
<BR>[Address Reference Count : 1]<UL><LI> startup_gd32f30x_cl.o(RESET)
</UL>
<P><STRONG><a name="[20]"></a>CAN0_EWMC_IRQHandler</STRONG> (Thumb, 0 bytes, Stack size 0 bytes, startup_gd32f30x_cl.o(.text))
<BR>[Address Reference Count : 1]<UL><LI> startup_gd32f30x_cl.o(RESET)
</UL>
<P><STRONG><a name="[1e]"></a>CAN0_RX0_IRQHandler</STRONG> (Thumb, 0 bytes, Stack size 0 bytes, startup_gd32f30x_cl.o(.text))
<BR>[Address Reference Count : 1]<UL><LI> startup_gd32f30x_cl.o(RESET)
</UL>
<P><STRONG><a name="[1f]"></a>CAN0_RX1_IRQHandler</STRONG> (Thumb, 0 bytes, Stack size 0 bytes, startup_gd32f30x_cl.o(.text))
<BR>[Address Reference Count : 1]<UL><LI> startup_gd32f30x_cl.o(RESET)
</UL>
<P><STRONG><a name="[1d]"></a>CAN0_TX_IRQHandler</STRONG> (Thumb, 0 bytes, Stack size 0 bytes, startup_gd32f30x_cl.o(.text))
<BR>[Address Reference Count : 1]<UL><LI> startup_gd32f30x_cl.o(RESET)
</UL>
<P><STRONG><a name="[4a]"></a>CAN1_EWMC_IRQHandler</STRONG> (Thumb, 0 bytes, Stack size 0 bytes, startup_gd32f30x_cl.o(.text))
<BR>[Address Reference Count : 1]<UL><LI> startup_gd32f30x_cl.o(RESET)
</UL>
<P><STRONG><a name="[48]"></a>CAN1_RX0_IRQHandler</STRONG> (Thumb, 0 bytes, Stack size 0 bytes, startup_gd32f30x_cl.o(.text))
<BR>[Address Reference Count : 1]<UL><LI> startup_gd32f30x_cl.o(RESET)
</UL>
<P><STRONG><a name="[49]"></a>CAN1_RX1_IRQHandler</STRONG> (Thumb, 0 bytes, Stack size 0 bytes, startup_gd32f30x_cl.o(.text))
<BR>[Address Reference Count : 1]<UL><LI> startup_gd32f30x_cl.o(RESET)
</UL>
<P><STRONG><a name="[47]"></a>CAN1_TX_IRQHandler</STRONG> (Thumb, 0 bytes, Stack size 0 bytes, startup_gd32f30x_cl.o(.text))
<BR>[Address Reference Count : 1]<UL><LI> startup_gd32f30x_cl.o(RESET)
</UL>
<P><STRONG><a name="[15]"></a>DMA0_Channel0_IRQHandler</STRONG> (Thumb, 0 bytes, Stack size 0 bytes, startup_gd32f30x_cl.o(.text))
<BR>[Address Reference Count : 1]<UL><LI> startup_gd32f30x_cl.o(RESET)
</UL>
<P><STRONG><a name="[16]"></a>DMA0_Channel1_IRQHandler</STRONG> (Thumb, 0 bytes, Stack size 0 bytes, startup_gd32f30x_cl.o(.text))
<BR>[Address Reference Count : 1]<UL><LI> startup_gd32f30x_cl.o(RESET)
</UL>
<P><STRONG><a name="[17]"></a>DMA0_Channel2_IRQHandler</STRONG> (Thumb, 0 bytes, Stack size 0 bytes, startup_gd32f30x_cl.o(.text))
<BR>[Address Reference Count : 1]<UL><LI> startup_gd32f30x_cl.o(RESET)
</UL>
<P><STRONG><a name="[40]"></a>DMA1_Channel0_IRQHandler</STRONG> (Thumb, 0 bytes, Stack size 0 bytes, startup_gd32f30x_cl.o(.text))
<BR>[Address Reference Count : 1]<UL><LI> startup_gd32f30x_cl.o(RESET)
</UL>
<P><STRONG><a name="[41]"></a>DMA1_Channel1_IRQHandler</STRONG> (Thumb, 0 bytes, Stack size 0 bytes, startup_gd32f30x_cl.o(.text))
<BR>[Address Reference Count : 1]<UL><LI> startup_gd32f30x_cl.o(RESET)
</UL>
<P><STRONG><a name="[42]"></a>DMA1_Channel2_IRQHandler</STRONG> (Thumb, 0 bytes, Stack size 0 bytes, startup_gd32f30x_cl.o(.text))
<BR>[Address Reference Count : 1]<UL><LI> startup_gd32f30x_cl.o(RESET)
</UL>
<P><STRONG><a name="[43]"></a>DMA1_Channel3_IRQHandler</STRONG> (Thumb, 0 bytes, Stack size 0 bytes, startup_gd32f30x_cl.o(.text))
<BR>[Address Reference Count : 1]<UL><LI> startup_gd32f30x_cl.o(RESET)
</UL>
<P><STRONG><a name="[44]"></a>DMA1_Channel4_IRQHandler</STRONG> (Thumb, 0 bytes, Stack size 0 bytes, startup_gd32f30x_cl.o(.text))
<BR>[Address Reference Count : 1]<UL><LI> startup_gd32f30x_cl.o(RESET)
</UL>
<P><STRONG><a name="[45]"></a>ENET_IRQHandler</STRONG> (Thumb, 0 bytes, Stack size 0 bytes, startup_gd32f30x_cl.o(.text))
<BR>[Address Reference Count : 1]<UL><LI> startup_gd32f30x_cl.o(RESET)
</UL>
<P><STRONG><a name="[46]"></a>ENET_WKUP_IRQHandler</STRONG> (Thumb, 0 bytes, Stack size 0 bytes, startup_gd32f30x_cl.o(.text))
<BR>[Address Reference Count : 1]<UL><LI> startup_gd32f30x_cl.o(RESET)
</UL>
<P><STRONG><a name="[39]"></a>EXMC_IRQHandler</STRONG> (Thumb, 0 bytes, Stack size 0 bytes, startup_gd32f30x_cl.o(.text))
<BR>[Address Reference Count : 1]<UL><LI> startup_gd32f30x_cl.o(RESET)
</UL>
<P><STRONG><a name="[10]"></a>EXTI0_IRQHandler</STRONG> (Thumb, 0 bytes, Stack size 0 bytes, startup_gd32f30x_cl.o(.text))
<BR>[Address Reference Count : 1]<UL><LI> startup_gd32f30x_cl.o(RESET)
</UL>
<P><STRONG><a name="[32]"></a>EXTI10_15_IRQHandler</STRONG> (Thumb, 0 bytes, Stack size 0 bytes, startup_gd32f30x_cl.o(.text))
<BR>[Address Reference Count : 1]<UL><LI> startup_gd32f30x_cl.o(RESET)
</UL>
<P><STRONG><a name="[12]"></a>EXTI2_IRQHandler</STRONG> (Thumb, 0 bytes, Stack size 0 bytes, startup_gd32f30x_cl.o(.text))
<BR>[Address Reference Count : 1]<UL><LI> startup_gd32f30x_cl.o(RESET)
</UL>
<P><STRONG><a name="[13]"></a>EXTI3_IRQHandler</STRONG> (Thumb, 0 bytes, Stack size 0 bytes, startup_gd32f30x_cl.o(.text))
<BR>[Address Reference Count : 1]<UL><LI> startup_gd32f30x_cl.o(RESET)
</UL>
<P><STRONG><a name="[14]"></a>EXTI4_IRQHandler</STRONG> (Thumb, 0 bytes, Stack size 0 bytes, startup_gd32f30x_cl.o(.text))
<BR>[Address Reference Count : 1]<UL><LI> startup_gd32f30x_cl.o(RESET)
</UL>
<P><STRONG><a name="[21]"></a>EXTI5_9_IRQHandler</STRONG> (Thumb, 0 bytes, Stack size 0 bytes, startup_gd32f30x_cl.o(.text))
<BR>[Address Reference Count : 1]<UL><LI> startup_gd32f30x_cl.o(RESET)
</UL>
<P><STRONG><a name="[e]"></a>FMC_IRQHandler</STRONG> (Thumb, 0 bytes, Stack size 0 bytes, startup_gd32f30x_cl.o(.text))
<BR>[Address Reference Count : 1]<UL><LI> startup_gd32f30x_cl.o(RESET)
</UL>
<P><STRONG><a name="[2a]"></a>I2C0_ER_IRQHandler</STRONG> (Thumb, 0 bytes, Stack size 0 bytes, startup_gd32f30x_cl.o(.text))
<BR>[Address Reference Count : 1]<UL><LI> startup_gd32f30x_cl.o(RESET)
</UL>
<P><STRONG><a name="[29]"></a>I2C0_EV_IRQHandler</STRONG> (Thumb, 0 bytes, Stack size 0 bytes, startup_gd32f30x_cl.o(.text))
<BR>[Address Reference Count : 1]<UL><LI> startup_gd32f30x_cl.o(RESET)
</UL>
<P><STRONG><a name="[2c]"></a>I2C1_ER_IRQHandler</STRONG> (Thumb, 0 bytes, Stack size 0 bytes, startup_gd32f30x_cl.o(.text))
<BR>[Address Reference Count : 1]<UL><LI> startup_gd32f30x_cl.o(RESET)
</UL>
<P><STRONG><a name="[2b]"></a>I2C1_EV_IRQHandler</STRONG> (Thumb, 0 bytes, Stack size 0 bytes, startup_gd32f30x_cl.o(.text))
<BR>[Address Reference Count : 1]<UL><LI> startup_gd32f30x_cl.o(RESET)
</UL>
<P><STRONG><a name="[b]"></a>LVD_IRQHandler</STRONG> (Thumb, 0 bytes, Stack size 0 bytes, startup_gd32f30x_cl.o(.text))
<BR>[Address Reference Count : 1]<UL><LI> startup_gd32f30x_cl.o(RESET)
</UL>
<P><STRONG><a name="[f]"></a>RCU_CTC_IRQHandler</STRONG> (Thumb, 0 bytes, Stack size 0 bytes, startup_gd32f30x_cl.o(.text))
<BR>[Address Reference Count : 1]<UL><LI> startup_gd32f30x_cl.o(RESET)
</UL>
<P><STRONG><a name="[33]"></a>RTC_Alarm_IRQHandler</STRONG> (Thumb, 0 bytes, Stack size 0 bytes, startup_gd32f30x_cl.o(.text))
<BR>[Address Reference Count : 1]<UL><LI> startup_gd32f30x_cl.o(RESET)
</UL>
<P><STRONG><a name="[d]"></a>RTC_IRQHandler</STRONG> (Thumb, 0 bytes, Stack size 0 bytes, startup_gd32f30x_cl.o(.text))
<BR>[Address Reference Count : 1]<UL><LI> startup_gd32f30x_cl.o(RESET)
</UL>
<P><STRONG><a name="[2d]"></a>SPI0_IRQHandler</STRONG> (Thumb, 0 bytes, Stack size 0 bytes, startup_gd32f30x_cl.o(.text))
<BR>[Address Reference Count : 1]<UL><LI> startup_gd32f30x_cl.o(RESET)
</UL>
<P><STRONG><a name="[2e]"></a>SPI1_IRQHandler</STRONG> (Thumb, 0 bytes, Stack size 0 bytes, startup_gd32f30x_cl.o(.text))
<BR>[Address Reference Count : 1]<UL><LI> startup_gd32f30x_cl.o(RESET)
</UL>
<P><STRONG><a name="[3b]"></a>SPI2_IRQHandler</STRONG> (Thumb, 0 bytes, Stack size 0 bytes, startup_gd32f30x_cl.o(.text))
<BR>[Address Reference Count : 1]<UL><LI> startup_gd32f30x_cl.o(RESET)
</UL>
<P><STRONG><a name="[c]"></a>TAMPER_IRQHandler</STRONG> (Thumb, 0 bytes, Stack size 0 bytes, startup_gd32f30x_cl.o(.text))
<BR>[Address Reference Count : 1]<UL><LI> startup_gd32f30x_cl.o(RESET)
</UL>
<P><STRONG><a name="[22]"></a>TIMER0_BRK_TIMER8_IRQHandler</STRONG> (Thumb, 0 bytes, Stack size 0 bytes, startup_gd32f30x_cl.o(.text))
<BR>[Address Reference Count : 1]<UL><LI> startup_gd32f30x_cl.o(RESET)
</UL>
<P><STRONG><a name="[25]"></a>TIMER0_Channel_IRQHandler</STRONG> (Thumb, 0 bytes, Stack size 0 bytes, startup_gd32f30x_cl.o(.text))
<BR>[Address Reference Count : 1]<UL><LI> startup_gd32f30x_cl.o(RESET)
</UL>
<P><STRONG><a name="[24]"></a>TIMER0_TRG_CMT_TIMER10_IRQHandler</STRONG> (Thumb, 0 bytes, Stack size 0 bytes, startup_gd32f30x_cl.o(.text))
<BR>[Address Reference Count : 1]<UL><LI> startup_gd32f30x_cl.o(RESET)
</UL>
<P><STRONG><a name="[23]"></a>TIMER0_UP_TIMER9_IRQHandler</STRONG> (Thumb, 0 bytes, Stack size 0 bytes, startup_gd32f30x_cl.o(.text))
<BR>[Address Reference Count : 1]<UL><LI> startup_gd32f30x_cl.o(RESET)
</UL>
<P><STRONG><a name="[26]"></a>TIMER1_IRQHandler</STRONG> (Thumb, 0 bytes, Stack size 0 bytes, startup_gd32f30x_cl.o(.text))
<BR>[Address Reference Count : 1]<UL><LI> startup_gd32f30x_cl.o(RESET)
</UL>
<P><STRONG><a name="[27]"></a>TIMER2_IRQHandler</STRONG> (Thumb, 0 bytes, Stack size 0 bytes, startup_gd32f30x_cl.o(.text))
<BR>[Address Reference Count : 1]<UL><LI> startup_gd32f30x_cl.o(RESET)
</UL>
<P><STRONG><a name="[28]"></a>TIMER3_IRQHandler</STRONG> (Thumb, 0 bytes, Stack size 0 bytes, startup_gd32f30x_cl.o(.text))
<BR>[Address Reference Count : 1]<UL><LI> startup_gd32f30x_cl.o(RESET)
</UL>
<P><STRONG><a name="[3a]"></a>TIMER4_IRQHandler</STRONG> (Thumb, 0 bytes, Stack size 0 bytes, startup_gd32f30x_cl.o(.text))
<BR>[Address Reference Count : 1]<UL><LI> startup_gd32f30x_cl.o(RESET)
</UL>
<P><STRONG><a name="[3e]"></a>TIMER5_IRQHandler</STRONG> (Thumb, 0 bytes, Stack size 0 bytes, startup_gd32f30x_cl.o(.text))
<BR>[Address Reference Count : 1]<UL><LI> startup_gd32f30x_cl.o(RESET)
</UL>
<P><STRONG><a name="[3f]"></a>TIMER6_IRQHandler</STRONG> (Thumb, 0 bytes, Stack size 0 bytes, startup_gd32f30x_cl.o(.text))
<BR>[Address Reference Count : 1]<UL><LI> startup_gd32f30x_cl.o(RESET)
</UL>
<P><STRONG><a name="[35]"></a>TIMER7_BRK_TIMER11_IRQHandler</STRONG> (Thumb, 0 bytes, Stack size 0 bytes, startup_gd32f30x_cl.o(.text))
<BR>[Address Reference Count : 1]<UL><LI> startup_gd32f30x_cl.o(RESET)
</UL>
<P><STRONG><a name="[38]"></a>TIMER7_Channel_IRQHandler</STRONG> (Thumb, 0 bytes, Stack size 0 bytes, startup_gd32f30x_cl.o(.text))
<BR>[Address Reference Count : 1]<UL><LI> startup_gd32f30x_cl.o(RESET)
</UL>
<P><STRONG><a name="[37]"></a>TIMER7_TRG_CMT_TIMER13_IRQHandler</STRONG> (Thumb, 0 bytes, Stack size 0 bytes, startup_gd32f30x_cl.o(.text))
<BR>[Address Reference Count : 1]<UL><LI> startup_gd32f30x_cl.o(RESET)
</UL>
<P><STRONG><a name="[36]"></a>TIMER7_UP_TIMER12_IRQHandler</STRONG> (Thumb, 0 bytes, Stack size 0 bytes, startup_gd32f30x_cl.o(.text))
<BR>[Address Reference Count : 1]<UL><LI> startup_gd32f30x_cl.o(RESET)
</UL>
<P><STRONG><a name="[3c]"></a>UART3_IRQHandler</STRONG> (Thumb, 0 bytes, Stack size 0 bytes, startup_gd32f30x_cl.o(.text))
<BR>[Address Reference Count : 1]<UL><LI> startup_gd32f30x_cl.o(RESET)
</UL>
<P><STRONG><a name="[3d]"></a>UART4_IRQHandler</STRONG> (Thumb, 0 bytes, Stack size 0 bytes, startup_gd32f30x_cl.o(.text))
<BR>[Address Reference Count : 1]<UL><LI> startup_gd32f30x_cl.o(RESET)
</UL>
<P><STRONG><a name="[31]"></a>USART2_IRQHandler</STRONG> (Thumb, 0 bytes, Stack size 0 bytes, startup_gd32f30x_cl.o(.text))
<BR>[Address Reference Count : 1]<UL><LI> startup_gd32f30x_cl.o(RESET)
</UL>
<P><STRONG><a name="[4b]"></a>USBFS_IRQHandler</STRONG> (Thumb, 0 bytes, Stack size 0 bytes, startup_gd32f30x_cl.o(.text))
<BR>[Address Reference Count : 1]<UL><LI> startup_gd32f30x_cl.o(RESET)
</UL>
<P><STRONG><a name="[34]"></a>USBFS_WKUP_IRQHandler</STRONG> (Thumb, 0 bytes, Stack size 0 bytes, startup_gd32f30x_cl.o(.text))
<BR>[Address Reference Count : 1]<UL><LI> startup_gd32f30x_cl.o(RESET)
</UL>
<P><STRONG><a name="[a]"></a>WWDGT_IRQHandler</STRONG> (Thumb, 0 bytes, Stack size 0 bytes, startup_gd32f30x_cl.o(.text))
<BR>[Address Reference Count : 1]<UL><LI> startup_gd32f30x_cl.o(RESET)
</UL>
<P><STRONG><a name="[f7]"></a>__aeabi_memcpy</STRONG> (Thumb, 36 bytes, Stack size 0 bytes, memcpya.o(.text))
<BR><BR>[Called By]<UL><LI><a href="#[f8]">&gt;&gt;</a>&nbsp;&nbsp;&nbsp;prvCopyDataToQueue
<LI><a href="#[f6]">&gt;&gt;</a>&nbsp;&nbsp;&nbsp;prvCopyDataFromQueue
</UL>

<P><STRONG><a name="[131]"></a>__aeabi_memcpy4</STRONG> (Thumb, 0 bytes, Stack size 0 bytes, memcpya.o(.text), UNUSED)

<P><STRONG><a name="[132]"></a>__aeabi_memcpy8</STRONG> (Thumb, 0 bytes, Stack size 0 bytes, memcpya.o(.text), UNUSED)

<P><STRONG><a name="[5e]"></a>__aeabi_memset</STRONG> (Thumb, 14 bytes, Stack size 0 bytes, memseta.o(.text))
<BR><BR>[Called By]<UL><LI><a href="#[fd]">&gt;&gt;</a>&nbsp;&nbsp;&nbsp;prvInitialiseNewTask
<LI><a href="#[5f]">&gt;&gt;</a>&nbsp;&nbsp;&nbsp;memset
<LI><a href="#[5d]">&gt;&gt;</a>&nbsp;&nbsp;&nbsp;__aeabi_memclr
</UL>

<P><STRONG><a name="[133]"></a>__aeabi_memset4</STRONG> (Thumb, 0 bytes, Stack size 0 bytes, memseta.o(.text), UNUSED)

<P><STRONG><a name="[134]"></a>__aeabi_memset8</STRONG> (Thumb, 0 bytes, Stack size 0 bytes, memseta.o(.text), UNUSED)

<P><STRONG><a name="[5d]"></a>__aeabi_memclr</STRONG> (Thumb, 4 bytes, Stack size 0 bytes, memseta.o(.text), UNUSED)
<BR><BR>[Calls]<UL><LI><a href="#[5e]">&gt;&gt;</a>&nbsp;&nbsp;&nbsp;__aeabi_memset
</UL>

<P><STRONG><a name="[135]"></a>__aeabi_memclr4</STRONG> (Thumb, 0 bytes, Stack size 0 bytes, memseta.o(.text), UNUSED)

<P><STRONG><a name="[136]"></a>__aeabi_memclr8</STRONG> (Thumb, 0 bytes, Stack size 0 bytes, memseta.o(.text), UNUSED)

<P><STRONG><a name="[5f]"></a>memset</STRONG> (Thumb, 18 bytes, Stack size 8 bytes, memseta.o(.text), UNUSED)
<BR><BR>[Calls]<UL><LI><a href="#[5e]">&gt;&gt;</a>&nbsp;&nbsp;&nbsp;__aeabi_memset
</UL>

<P><STRONG><a name="[60]"></a>__aeabi_uldivmod</STRONG> (Thumb, 98 bytes, Stack size 40 bytes, uldiv.o(.text), UNUSED)
<BR><BR>[Calls]<UL><LI><a href="#[61]">&gt;&gt;</a>&nbsp;&nbsp;&nbsp;__aeabi_llsr
<LI><a href="#[62]">&gt;&gt;</a>&nbsp;&nbsp;&nbsp;__aeabi_llsl
</UL>
<BR>[Called By]<UL><LI><a href="#[b7]">&gt;&gt;</a>&nbsp;&nbsp;&nbsp;_printf_core
</UL>

<P><STRONG><a name="[5b]"></a>__scatterload</STRONG> (Thumb, 28 bytes, Stack size 0 bytes, init.o(.text))
<BR><BR>[Calls]<UL><LI><a href="#[63]">&gt;&gt;</a>&nbsp;&nbsp;&nbsp;__main_after_scatterload
</UL>
<BR>[Called By]<UL><LI><a href="#[5a]">&gt;&gt;</a>&nbsp;&nbsp;&nbsp;_main_scatterload
</UL>

<P><STRONG><a name="[137]"></a>__scatterload_rt2</STRONG> (Thumb, 0 bytes, Stack size 0 bytes, init.o(.text), UNUSED)

<P><STRONG><a name="[62]"></a>__aeabi_llsl</STRONG> (Thumb, 30 bytes, Stack size 0 bytes, llshl.o(.text), UNUSED)
<BR><BR>[Called By]<UL><LI><a href="#[60]">&gt;&gt;</a>&nbsp;&nbsp;&nbsp;__aeabi_uldivmod
</UL>

<P><STRONG><a name="[138]"></a>_ll_shift_l</STRONG> (Thumb, 0 bytes, Stack size 0 bytes, llshl.o(.text), UNUSED)

<P><STRONG><a name="[61]"></a>__aeabi_llsr</STRONG> (Thumb, 32 bytes, Stack size 0 bytes, llushr.o(.text), UNUSED)
<BR><BR>[Called By]<UL><LI><a href="#[60]">&gt;&gt;</a>&nbsp;&nbsp;&nbsp;__aeabi_uldivmod
</UL>

<P><STRONG><a name="[139]"></a>_ll_ushift_r</STRONG> (Thumb, 0 bytes, Stack size 0 bytes, llushr.o(.text), UNUSED)

<P><STRONG><a name="[13a]"></a>__decompress</STRONG> (Thumb, 0 bytes, Stack size unknown bytes, __dczerorl2.o(.text), UNUSED)

<P><STRONG><a name="[13b]"></a>__decompress1</STRONG> (Thumb, 86 bytes, Stack size unknown bytes, __dczerorl2.o(.text), UNUSED)

<P><STRONG><a name="[4]"></a>BusFault_Handler</STRONG> (Thumb, 4 bytes, Stack size 0 bytes, gd32f30x_it.o(i.BusFault_Handler))
<BR>[Address Reference Count : 1]<UL><LI> startup_gd32f30x_cl.o(RESET)
</UL>
<P><STRONG><a name="[18]"></a>DMA0_Channel3_IRQHandler</STRONG> (Thumb, 26 bytes, Stack size 8 bytes, usart.o(i.DMA0_Channel3_IRQHandler))
<BR><BR>[Stack]<UL><LI>Max Depth = 24<LI>Call Chain = DMA0_Channel3_IRQHandler &rArr; dma_interrupt_flag_get
</UL>
<BR>[Calls]<UL><LI><a href="#[64]">&gt;&gt;</a>&nbsp;&nbsp;&nbsp;dma_interrupt_flag_get
<LI><a href="#[65]">&gt;&gt;</a>&nbsp;&nbsp;&nbsp;dma_interrupt_flag_clear
</UL>
<BR>[Address Reference Count : 1]<UL><LI> startup_gd32f30x_cl.o(RESET)
</UL>
<P><STRONG><a name="[19]"></a>DMA0_Channel4_IRQHandler</STRONG> (Thumb, 34 bytes, Stack size 8 bytes, usart.o(i.DMA0_Channel4_IRQHandler))
<BR><BR>[Stack]<UL><LI>Max Depth = 1120<LI>Call Chain = DMA0_Channel4_IRQHandler &rArr; FIFO_Recv &rArr; FIFO_Add &rArr; FIFO_Available &rArr; FIFO_Count
</UL>
<BR>[Calls]<UL><LI><a href="#[64]">&gt;&gt;</a>&nbsp;&nbsp;&nbsp;dma_interrupt_flag_get
<LI><a href="#[65]">&gt;&gt;</a>&nbsp;&nbsp;&nbsp;dma_interrupt_flag_clear
<LI><a href="#[66]">&gt;&gt;</a>&nbsp;&nbsp;&nbsp;FIFO_Recv
</UL>
<BR>[Address Reference Count : 1]<UL><LI> startup_gd32f30x_cl.o(RESET)
</UL>
<P><STRONG><a name="[1a]"></a>DMA0_Channel5_IRQHandler</STRONG> (Thumb, 26 bytes, Stack size 8 bytes, usart.o(i.DMA0_Channel5_IRQHandler))
<BR><BR>[Stack]<UL><LI>Max Depth = 24<LI>Call Chain = DMA0_Channel5_IRQHandler &rArr; dma_interrupt_flag_get
</UL>
<BR>[Calls]<UL><LI><a href="#[64]">&gt;&gt;</a>&nbsp;&nbsp;&nbsp;dma_interrupt_flag_get
<LI><a href="#[65]">&gt;&gt;</a>&nbsp;&nbsp;&nbsp;dma_interrupt_flag_clear
</UL>
<BR>[Address Reference Count : 1]<UL><LI> startup_gd32f30x_cl.o(RESET)
</UL>
<P><STRONG><a name="[1b]"></a>DMA0_Channel6_IRQHandler</STRONG> (Thumb, 26 bytes, Stack size 8 bytes, usart.o(i.DMA0_Channel6_IRQHandler))
<BR><BR>[Stack]<UL><LI>Max Depth = 24<LI>Call Chain = DMA0_Channel6_IRQHandler &rArr; dma_interrupt_flag_get
</UL>
<BR>[Calls]<UL><LI><a href="#[64]">&gt;&gt;</a>&nbsp;&nbsp;&nbsp;dma_interrupt_flag_get
<LI><a href="#[65]">&gt;&gt;</a>&nbsp;&nbsp;&nbsp;dma_interrupt_flag_clear
</UL>
<BR>[Address Reference Count : 1]<UL><LI> startup_gd32f30x_cl.o(RESET)
</UL>
<P><STRONG><a name="[7]"></a>DebugMon_Handler</STRONG> (Thumb, 2 bytes, Stack size 0 bytes, gd32f30x_it.o(i.DebugMon_Handler))
<BR>[Address Reference Count : 1]<UL><LI> startup_gd32f30x_cl.o(RESET)
</UL>
<P><STRONG><a name="[11]"></a>EXTI1_IRQHandler</STRONG> (Thumb, 56 bytes, Stack size 8 bytes, exti.o(i.EXTI1_IRQHandler))
<BR><BR>[Stack]<UL><LI>Max Depth = 56<LI>Call Chain = EXTI1_IRQHandler &rArr; xQueueGiveFromISR &rArr; xTaskRemoveFromEventList
</UL>
<BR>[Calls]<UL><LI><a href="#[69]">&gt;&gt;</a>&nbsp;&nbsp;&nbsp;nvic_irq_disable
<LI><a href="#[67]">&gt;&gt;</a>&nbsp;&nbsp;&nbsp;exti_interrupt_flag_get
<LI><a href="#[6a]">&gt;&gt;</a>&nbsp;&nbsp;&nbsp;exti_interrupt_flag_clear
<LI><a href="#[68]">&gt;&gt;</a>&nbsp;&nbsp;&nbsp;xQueueGiveFromISR
</UL>
<BR>[Address Reference Count : 1]<UL><LI> startup_gd32f30x_cl.o(RESET)
</UL>
<P><STRONG><a name="[6c]"></a>FIFO_Add</STRONG> (Thumb, 104 bytes, Stack size 24 bytes, fifo.o(i.FIFO_Add))
<BR><BR>[Stack]<UL><LI>Max Depth = 64<LI>Call Chain = FIFO_Add &rArr; FIFO_Available &rArr; FIFO_Count
</UL>
<BR>[Calls]<UL><LI><a href="#[6d]">&gt;&gt;</a>&nbsp;&nbsp;&nbsp;FIFO_Available
</UL>
<BR>[Called By]<UL><LI><a href="#[66]">&gt;&gt;</a>&nbsp;&nbsp;&nbsp;FIFO_Recv
</UL>

<P><STRONG><a name="[6d]"></a>FIFO_Available</STRONG> (Thumb, 70 bytes, Stack size 20 bytes, fifo.o(i.FIFO_Available))
<BR><BR>[Stack]<UL><LI>Max Depth = 40<LI>Call Chain = FIFO_Available &rArr; FIFO_Count
</UL>
<BR>[Calls]<UL><LI><a href="#[6e]">&gt;&gt;</a>&nbsp;&nbsp;&nbsp;FIFO_Count
</UL>
<BR>[Called By]<UL><LI><a href="#[6c]">&gt;&gt;</a>&nbsp;&nbsp;&nbsp;FIFO_Add
</UL>

<P><STRONG><a name="[e5]"></a>FIFO_Callback_Init</STRONG> (Thumb, 6 bytes, Stack size 0 bytes, fifo.o(i.FIFO_Callback_Init))
<BR><BR>[Called By]<UL><LI><a href="#[4c]">&gt;&gt;</a>&nbsp;&nbsp;&nbsp;main
</UL>

<P><STRONG><a name="[6e]"></a>FIFO_Count</STRONG> (Thumb, 50 bytes, Stack size 20 bytes, fifo.o(i.FIFO_Count))
<BR><BR>[Stack]<UL><LI>Max Depth = 20<LI>Call Chain = FIFO_Count
</UL>
<BR>[Called By]<UL><LI><a href="#[66]">&gt;&gt;</a>&nbsp;&nbsp;&nbsp;FIFO_Recv
<LI><a href="#[71]">&gt;&gt;</a>&nbsp;&nbsp;&nbsp;FIFO_Tansmit
<LI><a href="#[6f]">&gt;&gt;</a>&nbsp;&nbsp;&nbsp;FIFO_Full
<LI><a href="#[6d]">&gt;&gt;</a>&nbsp;&nbsp;&nbsp;FIFO_Available
</UL>

<P><STRONG><a name="[6f]"></a>FIFO_Full</STRONG> (Thumb, 66 bytes, Stack size 16 bytes, fifo.o(i.FIFO_Full))
<BR><BR>[Stack]<UL><LI>Max Depth = 36<LI>Call Chain = FIFO_Full &rArr; FIFO_Count
</UL>
<BR>[Calls]<UL><LI><a href="#[6e]">&gt;&gt;</a>&nbsp;&nbsp;&nbsp;FIFO_Count
</UL>
<BR>[Called By]<UL><LI><a href="#[70]">&gt;&gt;</a>&nbsp;&nbsp;&nbsp;FIFO_Put
</UL>

<P><STRONG><a name="[e6]"></a>FIFO_Init</STRONG> (Thumb, 54 bytes, Stack size 16 bytes, fifo.o(i.FIFO_Init))
<BR><BR>[Stack]<UL><LI>Max Depth = 16<LI>Call Chain = FIFO_Init
</UL>
<BR>[Called By]<UL><LI><a href="#[4c]">&gt;&gt;</a>&nbsp;&nbsp;&nbsp;main
</UL>

<P><STRONG><a name="[70]"></a>FIFO_Put</STRONG> (Thumb, 80 bytes, Stack size 20 bytes, fifo.o(i.FIFO_Put))
<BR><BR>[Stack]<UL><LI>Max Depth = 56<LI>Call Chain = FIFO_Put &rArr; FIFO_Full &rArr; FIFO_Count
</UL>
<BR>[Calls]<UL><LI><a href="#[6f]">&gt;&gt;</a>&nbsp;&nbsp;&nbsp;FIFO_Full
</UL>
<BR>[Called By]<UL><LI><a href="#[4f]">&gt;&gt;</a>&nbsp;&nbsp;&nbsp;fputc
</UL>

<P><STRONG><a name="[66]"></a>FIFO_Recv</STRONG> (Thumb, 94 bytes, Stack size 1048 bytes, fifo.o(i.FIFO_Recv))
<BR><BR>[Stack]<UL><LI>Max Depth = 1112<LI>Call Chain = FIFO_Recv &rArr; FIFO_Add &rArr; FIFO_Available &rArr; FIFO_Count
</UL>
<BR>[Calls]<UL><LI><a href="#[6e]">&gt;&gt;</a>&nbsp;&nbsp;&nbsp;FIFO_Count
<LI><a href="#[6c]">&gt;&gt;</a>&nbsp;&nbsp;&nbsp;FIFO_Add
</UL>
<BR>[Called By]<UL><LI><a href="#[2f]">&gt;&gt;</a>&nbsp;&nbsp;&nbsp;USART0_IRQHandler
<LI><a href="#[19]">&gt;&gt;</a>&nbsp;&nbsp;&nbsp;DMA0_Channel4_IRQHandler
</UL>

<P><STRONG><a name="[71]"></a>FIFO_Tansmit</STRONG> (Thumb, 140 bytes, Stack size 16 bytes, fifo.o(i.FIFO_Tansmit))
<BR><BR>[Stack]<UL><LI>Max Depth = 36<LI>Call Chain = FIFO_Tansmit &rArr; FIFO_Count
</UL>
<BR>[Calls]<UL><LI><a href="#[6e]">&gt;&gt;</a>&nbsp;&nbsp;&nbsp;FIFO_Count
</UL>
<BR>[Called By]<UL><LI><a href="#[72]">&gt;&gt;</a>&nbsp;&nbsp;&nbsp;print_logs
</UL>

<P><STRONG><a name="[2]"></a>HardFault_Handler</STRONG> (Thumb, 4 bytes, Stack size 0 bytes, gd32f30x_it.o(i.HardFault_Handler))
<BR>[Address Reference Count : 1]<UL><LI> startup_gd32f30x_cl.o(RESET)
</UL>
<P><STRONG><a name="[3]"></a>MemManage_Handler</STRONG> (Thumb, 4 bytes, Stack size 0 bytes, gd32f30x_it.o(i.MemManage_Handler))
<BR>[Address Reference Count : 1]<UL><LI> startup_gd32f30x_cl.o(RESET)
</UL>
<P><STRONG><a name="[1]"></a>NMI_Handler</STRONG> (Thumb, 2 bytes, Stack size 0 bytes, gd32f30x_it.o(i.NMI_Handler))
<BR>[Address Reference Count : 1]<UL><LI> startup_gd32f30x_cl.o(RESET)
</UL>
<P><STRONG><a name="[73]"></a>PowerOn_Time</STRONG> (Thumb, 148 bytes, Stack size 16 bytes, port.o(i.PowerOn_Time))
<BR><BR>[Stack]<UL><LI>Max Depth = 40<LI>Call Chain = PowerOn_Time &rArr; __2sprintf
</UL>
<BR>[Calls]<UL><LI><a href="#[74]">&gt;&gt;</a>&nbsp;&nbsp;&nbsp;__2sprintf
</UL>
<BR>[Called By]<UL><LI><a href="#[53]">&gt;&gt;</a>&nbsp;&nbsp;&nbsp;VL6180xTask
</UL>

<P><STRONG><a name="[7e]"></a>PowerOn_Time_statistics</STRONG> (Thumb, 94 bytes, Stack size 0 bytes, port.o(i.PowerOn_Time_statistics))
<BR><BR>[Called By]<UL><LI><a href="#[9]">&gt;&gt;</a>&nbsp;&nbsp;&nbsp;SysTick_Handler
</UL>

<P><STRONG><a name="[75]"></a>Sample_Interrupt</STRONG> (Thumb, 146 bytes, Stack size 8 bytes, vl6180x_range_interrupt.o(i.Sample_Interrupt))
<BR><BR>[Stack]<UL><LI>Max Depth = 264<LI>Call Chain = Sample_Interrupt &rArr; VL6180x_Prepare &rArr; VL6180x_StaticInit &rArr; VL6180x_UpscaleStaticInit &rArr; VL6180x_UpscaleRegInit &rArr; VL6180x_RangeSetMaxConvergenceTime &rArr; VL6180x_RangeSetEarlyConvergenceEestimateThreshold &rArr; _GetAveTotalTime &rArr; VL6180x_RdByte &rArr; VL6180x_I2CWrite &rArr; VL6180_Write_Multiple_Register &rArr; i2c_flag_get
</UL>
<BR>[Calls]<UL><LI><a href="#[6b]">&gt;&gt;</a>&nbsp;&nbsp;&nbsp;vTaskDelay
<LI><a href="#[7c]">&gt;&gt;</a>&nbsp;&nbsp;&nbsp;VL6180x_ClearInterrupt
<LI><a href="#[79]">&gt;&gt;</a>&nbsp;&nbsp;&nbsp;VL6180x_UpscaleSetScaling
<LI><a href="#[7a]">&gt;&gt;</a>&nbsp;&nbsp;&nbsp;VL6180x_SetGroupParamHold
<LI><a href="#[7d]">&gt;&gt;</a>&nbsp;&nbsp;&nbsp;VL6180x_RangeStartContinuousMode
<LI><a href="#[7b]">&gt;&gt;</a>&nbsp;&nbsp;&nbsp;VL6180x_RangeSetInterMeasPeriod
<LI><a href="#[78]">&gt;&gt;</a>&nbsp;&nbsp;&nbsp;VL6180x_Prepare
<LI><a href="#[76]">&gt;&gt;</a>&nbsp;&nbsp;&nbsp;VL6180x_InitData
<LI><a href="#[77]">&gt;&gt;</a>&nbsp;&nbsp;&nbsp;VL6180x_FilterSetState
</UL>
<BR>[Called By]<UL><LI><a href="#[53]">&gt;&gt;</a>&nbsp;&nbsp;&nbsp;VL6180xTask
</UL>

<P><STRONG><a name="[9]"></a>SysTick_Handler</STRONG> (Thumb, 50 bytes, Stack size 8 bytes, port.o(i.SysTick_Handler))
<BR><BR>[Stack]<UL><LI>Max Depth = 32<LI>Call Chain = SysTick_Handler &rArr; xTaskIncrementTick
</UL>
<BR>[Calls]<UL><LI><a href="#[7e]">&gt;&gt;</a>&nbsp;&nbsp;&nbsp;PowerOn_Time_statistics
<LI><a href="#[7f]">&gt;&gt;</a>&nbsp;&nbsp;&nbsp;xTaskIncrementTick
</UL>
<BR>[Address Reference Count : 1]<UL><LI> startup_gd32f30x_cl.o(RESET)
</UL>
<P><STRONG><a name="[4d]"></a>SystemInit</STRONG> (Thumb, 100 bytes, Stack size 8 bytes, system_gd32f30x.o(i.SystemInit))
<BR><BR>[Stack]<UL><LI>Max Depth = 16<LI>Call Chain = SystemInit &rArr; system_clock_config
</UL>
<BR>[Calls]<UL><LI><a href="#[80]">&gt;&gt;</a>&nbsp;&nbsp;&nbsp;system_clock_config
</UL>
<BR>[Address Reference Count : 1]<UL><LI> startup_gd32f30x_cl.o(.text)
</UL>
<P><STRONG><a name="[2f]"></a>USART0_IRQHandler</STRONG> (Thumb, 90 bytes, Stack size 8 bytes, usart.o(i.USART0_IRQHandler))
<BR><BR>[Stack]<UL><LI>Max Depth = 1120<LI>Call Chain = USART0_IRQHandler &rArr; FIFO_Recv &rArr; FIFO_Add &rArr; FIFO_Available &rArr; FIFO_Count
</UL>
<BR>[Calls]<UL><LI><a href="#[68]">&gt;&gt;</a>&nbsp;&nbsp;&nbsp;xQueueGiveFromISR
<LI><a href="#[81]">&gt;&gt;</a>&nbsp;&nbsp;&nbsp;usart_interrupt_flag_get
<LI><a href="#[82]">&gt;&gt;</a>&nbsp;&nbsp;&nbsp;usart_interrupt_flag_clear
<LI><a href="#[66]">&gt;&gt;</a>&nbsp;&nbsp;&nbsp;FIFO_Recv
</UL>
<BR>[Address Reference Count : 1]<UL><LI> startup_gd32f30x_cl.o(RESET)
</UL>
<P><STRONG><a name="[30]"></a>USART1_IRQHandler</STRONG> (Thumb, 82 bytes, Stack size 8 bytes, usart.o(i.USART1_IRQHandler))
<BR><BR>[Stack]<UL><LI>Max Depth = 56<LI>Call Chain = USART1_IRQHandler &rArr; xQueueGiveFromISR &rArr; xTaskRemoveFromEventList
</UL>
<BR>[Calls]<UL><LI><a href="#[68]">&gt;&gt;</a>&nbsp;&nbsp;&nbsp;xQueueGiveFromISR
<LI><a href="#[81]">&gt;&gt;</a>&nbsp;&nbsp;&nbsp;usart_interrupt_flag_get
<LI><a href="#[82]">&gt;&gt;</a>&nbsp;&nbsp;&nbsp;usart_interrupt_flag_clear
</UL>
<BR>[Address Reference Count : 1]<UL><LI> startup_gd32f30x_cl.o(RESET)
</UL>
<P><STRONG><a name="[5]"></a>UsageFault_Handler</STRONG> (Thumb, 4 bytes, Stack size 0 bytes, gd32f30x_it.o(i.UsageFault_Handler))
<BR>[Address Reference Count : 1]<UL><LI> startup_gd32f30x_cl.o(RESET)
</UL>
<P><STRONG><a name="[83]"></a>VL6180_Read_Multiple_Register</STRONG> (Thumb, 348 bytes, Stack size 24 bytes, iic.o(i.VL6180_Read_Multiple_Register))
<BR><BR>[Stack]<UL><LI>Max Depth = 32<LI>Call Chain = VL6180_Read_Multiple_Register &rArr; i2c_flag_get
</UL>
<BR>[Calls]<UL><LI><a href="#[8a]">&gt;&gt;</a>&nbsp;&nbsp;&nbsp;i2c_stop_on_bus
<LI><a href="#[85]">&gt;&gt;</a>&nbsp;&nbsp;&nbsp;i2c_start_on_bus
<LI><a href="#[86]">&gt;&gt;</a>&nbsp;&nbsp;&nbsp;i2c_master_addressing
<LI><a href="#[84]">&gt;&gt;</a>&nbsp;&nbsp;&nbsp;i2c_flag_get
<LI><a href="#[87]">&gt;&gt;</a>&nbsp;&nbsp;&nbsp;i2c_flag_clear
<LI><a href="#[89]">&gt;&gt;</a>&nbsp;&nbsp;&nbsp;i2c_data_receive
<LI><a href="#[88]">&gt;&gt;</a>&nbsp;&nbsp;&nbsp;i2c_ack_config
</UL>
<BR>[Called By]<UL><LI><a href="#[9a]">&gt;&gt;</a>&nbsp;&nbsp;&nbsp;VL6180x_I2CRead
</UL>

<P><STRONG><a name="[8b]"></a>VL6180_Write_Multiple_Register</STRONG> (Thumb, 260 bytes, Stack size 24 bytes, iic.o(i.VL6180_Write_Multiple_Register))
<BR><BR>[Stack]<UL><LI>Max Depth = 32<LI>Call Chain = VL6180_Write_Multiple_Register &rArr; i2c_flag_get
</UL>
<BR>[Calls]<UL><LI><a href="#[8a]">&gt;&gt;</a>&nbsp;&nbsp;&nbsp;i2c_stop_on_bus
<LI><a href="#[85]">&gt;&gt;</a>&nbsp;&nbsp;&nbsp;i2c_start_on_bus
<LI><a href="#[86]">&gt;&gt;</a>&nbsp;&nbsp;&nbsp;i2c_master_addressing
<LI><a href="#[84]">&gt;&gt;</a>&nbsp;&nbsp;&nbsp;i2c_flag_get
<LI><a href="#[87]">&gt;&gt;</a>&nbsp;&nbsp;&nbsp;i2c_flag_clear
<LI><a href="#[8c]">&gt;&gt;</a>&nbsp;&nbsp;&nbsp;i2c_data_transmit
</UL>
<BR>[Called By]<UL><LI><a href="#[9b]">&gt;&gt;</a>&nbsp;&nbsp;&nbsp;VL6180x_I2CWrite
</UL>

<P><STRONG><a name="[7c]"></a>VL6180x_ClearInterrupt</STRONG> (Thumb, 32 bytes, Stack size 16 bytes, vl6180x_api.o(i.VL6180x_ClearInterrupt))
<BR><BR>[Stack]<UL><LI>Max Depth = 96<LI>Call Chain = VL6180x_ClearInterrupt &rArr; VL6180x_WrByte &rArr; VL6180x_I2CWrite &rArr; VL6180_Write_Multiple_Register &rArr; i2c_flag_get
</UL>
<BR>[Calls]<UL><LI><a href="#[93]">&gt;&gt;</a>&nbsp;&nbsp;&nbsp;VL6180x_WrByte
</UL>
<BR>[Called By]<UL><LI><a href="#[75]">&gt;&gt;</a>&nbsp;&nbsp;&nbsp;Sample_Interrupt
<LI><a href="#[53]">&gt;&gt;</a>&nbsp;&nbsp;&nbsp;VL6180xTask
<LI><a href="#[78]">&gt;&gt;</a>&nbsp;&nbsp;&nbsp;VL6180x_Prepare
</UL>

<P><STRONG><a name="[77]"></a>VL6180x_FilterSetState</STRONG> (Thumb, 12 bytes, Stack size 8 bytes, vl6180x_api.o(i.VL6180x_FilterSetState))
<BR><BR>[Stack]<UL><LI>Max Depth = 8<LI>Call Chain = VL6180x_FilterSetState
</UL>
<BR>[Called By]<UL><LI><a href="#[75]">&gt;&gt;</a>&nbsp;&nbsp;&nbsp;Sample_Interrupt
</UL>

<P><STRONG><a name="[94]"></a>VL6180x_GetCachedByte</STRONG> (Thumb, 60 bytes, Stack size 24 bytes, vl6180x_api.o(i.VL6180x_GetCachedByte))
<BR><BR>[Stack]<UL><LI>Max Depth = 104<LI>Call Chain = VL6180x_GetCachedByte &rArr; VL6180x_RdByte &rArr; VL6180x_I2CWrite &rArr; VL6180_Write_Multiple_Register &rArr; i2c_flag_get
</UL>
<BR>[Calls]<UL><LI><a href="#[95]">&gt;&gt;</a>&nbsp;&nbsp;&nbsp;VL6180x_RdByte
</UL>
<BR>[Called By]<UL><LI><a href="#[90]">&gt;&gt;</a>&nbsp;&nbsp;&nbsp;VL6180x_RangeGetMeasurement
<LI><a href="#[a4]">&gt;&gt;</a>&nbsp;&nbsp;&nbsp;VL6180x_RangeGetResult
<LI><a href="#[a6]">&gt;&gt;</a>&nbsp;&nbsp;&nbsp;_filter_GetResult
</UL>

<P><STRONG><a name="[96]"></a>VL6180x_GetCachedDWord</STRONG> (Thumb, 82 bytes, Stack size 24 bytes, vl6180x_api.o(i.VL6180x_GetCachedDWord))
<BR><BR>[Stack]<UL><LI>Max Depth = 104<LI>Call Chain = VL6180x_GetCachedDWord &rArr; VL6180x_RdDWord &rArr; VL6180x_I2CWrite &rArr; VL6180_Write_Multiple_Register &rArr; i2c_flag_get
</UL>
<BR>[Calls]<UL><LI><a href="#[97]">&gt;&gt;</a>&nbsp;&nbsp;&nbsp;VL6180x_RdDWord
</UL>
<BR>[Called By]<UL><LI><a href="#[a5]">&gt;&gt;</a>&nbsp;&nbsp;&nbsp;_GetRateResult
</UL>

<P><STRONG><a name="[98]"></a>VL6180x_GetCachedWord</STRONG> (Thumb, 68 bytes, Stack size 24 bytes, vl6180x_api.o(i.VL6180x_GetCachedWord))
<BR><BR>[Stack]<UL><LI>Max Depth = 104<LI>Call Chain = VL6180x_GetCachedWord &rArr; VL6180x_RdWord &rArr; VL6180x_I2CWrite &rArr; VL6180_Write_Multiple_Register &rArr; i2c_flag_get
</UL>
<BR>[Calls]<UL><LI><a href="#[99]">&gt;&gt;</a>&nbsp;&nbsp;&nbsp;VL6180x_RdWord
</UL>
<BR>[Called By]<UL><LI><a href="#[90]">&gt;&gt;</a>&nbsp;&nbsp;&nbsp;VL6180x_RangeGetMeasurement
</UL>

<P><STRONG><a name="[9a]"></a>VL6180x_I2CRead</STRONG> (Thumb, 22 bytes, Stack size 16 bytes, vl6180x_i2c.o(i.VL6180x_I2CRead))
<BR><BR>[Stack]<UL><LI>Max Depth = 48<LI>Call Chain = VL6180x_I2CRead &rArr; VL6180_Read_Multiple_Register &rArr; i2c_flag_get
</UL>
<BR>[Calls]<UL><LI><a href="#[83]">&gt;&gt;</a>&nbsp;&nbsp;&nbsp;VL6180_Read_Multiple_Register
</UL>
<BR>[Called By]<UL><LI><a href="#[a2]">&gt;&gt;</a>&nbsp;&nbsp;&nbsp;VL6180x_UpdateByte
<LI><a href="#[99]">&gt;&gt;</a>&nbsp;&nbsp;&nbsp;VL6180x_RdWord
<LI><a href="#[af]">&gt;&gt;</a>&nbsp;&nbsp;&nbsp;VL6180x_RdMulti
<LI><a href="#[97]">&gt;&gt;</a>&nbsp;&nbsp;&nbsp;VL6180x_RdDWord
<LI><a href="#[95]">&gt;&gt;</a>&nbsp;&nbsp;&nbsp;VL6180x_RdByte
</UL>

<P><STRONG><a name="[9b]"></a>VL6180x_I2CWrite</STRONG> (Thumb, 22 bytes, Stack size 16 bytes, vl6180x_i2c.o(i.VL6180x_I2CWrite))
<BR><BR>[Stack]<UL><LI>Max Depth = 48<LI>Call Chain = VL6180x_I2CWrite &rArr; VL6180_Write_Multiple_Register &rArr; i2c_flag_get
</UL>
<BR>[Calls]<UL><LI><a href="#[8b]">&gt;&gt;</a>&nbsp;&nbsp;&nbsp;VL6180_Write_Multiple_Register
</UL>
<BR>[Called By]<UL><LI><a href="#[ab]">&gt;&gt;</a>&nbsp;&nbsp;&nbsp;VL6180x_WrWord
<LI><a href="#[b3]">&gt;&gt;</a>&nbsp;&nbsp;&nbsp;VL6180x_WrDWord
<LI><a href="#[93]">&gt;&gt;</a>&nbsp;&nbsp;&nbsp;VL6180x_WrByte
<LI><a href="#[a2]">&gt;&gt;</a>&nbsp;&nbsp;&nbsp;VL6180x_UpdateByte
<LI><a href="#[99]">&gt;&gt;</a>&nbsp;&nbsp;&nbsp;VL6180x_RdWord
<LI><a href="#[af]">&gt;&gt;</a>&nbsp;&nbsp;&nbsp;VL6180x_RdMulti
<LI><a href="#[97]">&gt;&gt;</a>&nbsp;&nbsp;&nbsp;VL6180x_RdDWord
<LI><a href="#[95]">&gt;&gt;</a>&nbsp;&nbsp;&nbsp;VL6180x_RdByte
</UL>

<P><STRONG><a name="[76]"></a>VL6180x_InitData</STRONG> (Thumb, 188 bytes, Stack size 40 bytes, vl6180x_api.o(i.VL6180x_InitData))
<BR><BR>[Stack]<UL><LI>Max Depth = 184<LI>Call Chain = VL6180x_InitData &rArr; _DMax_InitData &rArr; VL6180x_RdWord &rArr; VL6180x_I2CWrite &rArr; VL6180_Write_Multiple_Register &rArr; i2c_flag_get
</UL>
<BR>[Calls]<UL><LI><a href="#[99]">&gt;&gt;</a>&nbsp;&nbsp;&nbsp;VL6180x_RdWord
<LI><a href="#[97]">&gt;&gt;</a>&nbsp;&nbsp;&nbsp;VL6180x_RdDWord
<LI><a href="#[95]">&gt;&gt;</a>&nbsp;&nbsp;&nbsp;VL6180x_RdByte
<LI><a href="#[9c]">&gt;&gt;</a>&nbsp;&nbsp;&nbsp;_DMax_OneTimeInit
<LI><a href="#[9d]">&gt;&gt;</a>&nbsp;&nbsp;&nbsp;_DMax_InitData
</UL>
<BR>[Called By]<UL><LI><a href="#[75]">&gt;&gt;</a>&nbsp;&nbsp;&nbsp;Sample_Interrupt
</UL>

<P><STRONG><a name="[78]"></a>VL6180x_Prepare</STRONG> (Thumb, 74 bytes, Stack size 16 bytes, vl6180x_api.o(i.VL6180x_Prepare))
<BR><BR>[Stack]<UL><LI>Max Depth = 256<LI>Call Chain = VL6180x_Prepare &rArr; VL6180x_StaticInit &rArr; VL6180x_UpscaleStaticInit &rArr; VL6180x_UpscaleRegInit &rArr; VL6180x_RangeSetMaxConvergenceTime &rArr; VL6180x_RangeSetEarlyConvergenceEestimateThreshold &rArr; _GetAveTotalTime &rArr; VL6180x_RdByte &rArr; VL6180x_I2CWrite &rArr; VL6180_Write_Multiple_Register &rArr; i2c_flag_get
</UL>
<BR>[Calls]<UL><LI><a href="#[7c]">&gt;&gt;</a>&nbsp;&nbsp;&nbsp;VL6180x_ClearInterrupt
<LI><a href="#[9e]">&gt;&gt;</a>&nbsp;&nbsp;&nbsp;VL6180x_StaticInit
<LI><a href="#[a0]">&gt;&gt;</a>&nbsp;&nbsp;&nbsp;VL6180x_RangeSetRawThresholds
<LI><a href="#[9f]">&gt;&gt;</a>&nbsp;&nbsp;&nbsp;VL6180x_RangeConfigInterrupt
<LI><a href="#[a1]">&gt;&gt;</a>&nbsp;&nbsp;&nbsp;_filter_Init
</UL>
<BR>[Called By]<UL><LI><a href="#[75]">&gt;&gt;</a>&nbsp;&nbsp;&nbsp;Sample_Interrupt
</UL>

<P><STRONG><a name="[9f]"></a>VL6180x_RangeConfigInterrupt</STRONG> (Thumb, 34 bytes, Stack size 16 bytes, vl6180x_api.o(i.VL6180x_RangeConfigInterrupt))
<BR><BR>[Stack]<UL><LI>Max Depth = 104<LI>Call Chain = VL6180x_RangeConfigInterrupt &rArr; VL6180x_UpdateByte &rArr; VL6180x_I2CWrite &rArr; VL6180_Write_Multiple_Register &rArr; i2c_flag_get
</UL>
<BR>[Calls]<UL><LI><a href="#[a2]">&gt;&gt;</a>&nbsp;&nbsp;&nbsp;VL6180x_UpdateByte
</UL>
<BR>[Called By]<UL><LI><a href="#[78]">&gt;&gt;</a>&nbsp;&nbsp;&nbsp;VL6180x_Prepare
</UL>

<P><STRONG><a name="[90]"></a>VL6180x_RangeGetMeasurement</STRONG> (Thumb, 156 bytes, Stack size 24 bytes, vl6180x_api.o(i.VL6180x_RangeGetMeasurement))
<BR><BR>[Stack]<UL><LI>Max Depth = 360<LI>Call Chain = VL6180x_RangeGetMeasurement &rArr; _filter_GetResult &rArr; _filter_Start &rArr; VL6180x_RdMulti &rArr; VL6180x_I2CWrite &rArr; VL6180_Write_Multiple_Register &rArr; i2c_flag_get
</UL>
<BR>[Calls]<UL><LI><a href="#[a8]">&gt;&gt;</a>&nbsp;&nbsp;&nbsp;_CachedRegs_Flush
<LI><a href="#[a3]">&gt;&gt;</a>&nbsp;&nbsp;&nbsp;_CachedRegs_Fetch
<LI><a href="#[a4]">&gt;&gt;</a>&nbsp;&nbsp;&nbsp;VL6180x_RangeGetResult
<LI><a href="#[98]">&gt;&gt;</a>&nbsp;&nbsp;&nbsp;VL6180x_GetCachedWord
<LI><a href="#[94]">&gt;&gt;</a>&nbsp;&nbsp;&nbsp;VL6180x_GetCachedByte
<LI><a href="#[a6]">&gt;&gt;</a>&nbsp;&nbsp;&nbsp;_filter_GetResult
<LI><a href="#[a5]">&gt;&gt;</a>&nbsp;&nbsp;&nbsp;_GetRateResult
<LI><a href="#[a7]">&gt;&gt;</a>&nbsp;&nbsp;&nbsp;_DMax_Compute
</UL>
<BR>[Called By]<UL><LI><a href="#[53]">&gt;&gt;</a>&nbsp;&nbsp;&nbsp;VL6180xTask
</UL>

<P><STRONG><a name="[a4]"></a>VL6180x_RangeGetResult</STRONG> (Thumb, 38 bytes, Stack size 24 bytes, vl6180x_api.o(i.VL6180x_RangeGetResult))
<BR><BR>[Stack]<UL><LI>Max Depth = 128<LI>Call Chain = VL6180x_RangeGetResult &rArr; VL6180x_GetCachedByte &rArr; VL6180x_RdByte &rArr; VL6180x_I2CWrite &rArr; VL6180_Write_Multiple_Register &rArr; i2c_flag_get
</UL>
<BR>[Calls]<UL><LI><a href="#[94]">&gt;&gt;</a>&nbsp;&nbsp;&nbsp;VL6180x_GetCachedByte
</UL>
<BR>[Called By]<UL><LI><a href="#[90]">&gt;&gt;</a>&nbsp;&nbsp;&nbsp;VL6180x_RangeGetMeasurement
</UL>

<P><STRONG><a name="[ac]"></a>VL6180x_RangeSetEceState</STRONG> (Thumb, 36 bytes, Stack size 24 bytes, vl6180x_api.o(i.VL6180x_RangeSetEceState))
<BR><BR>[Stack]<UL><LI>Max Depth = 112<LI>Call Chain = VL6180x_RangeSetEceState &rArr; VL6180x_UpdateByte &rArr; VL6180x_I2CWrite &rArr; VL6180_Write_Multiple_Register &rArr; i2c_flag_get
</UL>
<BR>[Calls]<UL><LI><a href="#[a2]">&gt;&gt;</a>&nbsp;&nbsp;&nbsp;VL6180x_UpdateByte
</UL>
<BR>[Called By]<UL><LI><a href="#[79]">&gt;&gt;</a>&nbsp;&nbsp;&nbsp;VL6180x_UpscaleSetScaling
</UL>

<P><STRONG><a name="[7b]"></a>VL6180x_RangeSetInterMeasPeriod</STRONG> (Thumb, 76 bytes, Stack size 24 bytes, vl6180x_api.o(i.VL6180x_RangeSetInterMeasPeriod))
<BR><BR>[Stack]<UL><LI>Max Depth = 104<LI>Call Chain = VL6180x_RangeSetInterMeasPeriod &rArr; VL6180x_WrByte &rArr; VL6180x_I2CWrite &rArr; VL6180_Write_Multiple_Register &rArr; i2c_flag_get
</UL>
<BR>[Calls]<UL><LI><a href="#[93]">&gt;&gt;</a>&nbsp;&nbsp;&nbsp;VL6180x_WrByte
</UL>
<BR>[Called By]<UL><LI><a href="#[75]">&gt;&gt;</a>&nbsp;&nbsp;&nbsp;Sample_Interrupt
</UL>

<P><STRONG><a name="[ad]"></a>VL6180x_RangeSetMaxConvergenceTime</STRONG> (Thumb, 54 bytes, Stack size 16 bytes, vl6180x_api.o(i.VL6180x_RangeSetMaxConvergenceTime))
<BR><BR>[Stack]<UL><LI>Max Depth = 200<LI>Call Chain = VL6180x_RangeSetMaxConvergenceTime &rArr; VL6180x_RangeSetEarlyConvergenceEestimateThreshold &rArr; _GetAveTotalTime &rArr; VL6180x_RdByte &rArr; VL6180x_I2CWrite &rArr; VL6180_Write_Multiple_Register &rArr; i2c_flag_get
</UL>
<BR>[Calls]<UL><LI><a href="#[93]">&gt;&gt;</a>&nbsp;&nbsp;&nbsp;VL6180x_WrByte
<LI><a href="#[9d]">&gt;&gt;</a>&nbsp;&nbsp;&nbsp;_DMax_InitData
<LI><a href="#[a9]">&gt;&gt;</a>&nbsp;&nbsp;&nbsp;VL6180x_RangeSetEarlyConvergenceEestimateThreshold
</UL>
<BR>[Called By]<UL><LI><a href="#[b1]">&gt;&gt;</a>&nbsp;&nbsp;&nbsp;VL6180x_UpscaleRegInit
</UL>

<P><STRONG><a name="[a0]"></a>VL6180x_RangeSetRawThresholds</STRONG> (Thumb, 42 bytes, Stack size 24 bytes, vl6180x_api.o(i.VL6180x_RangeSetRawThresholds))
<BR><BR>[Stack]<UL><LI>Max Depth = 104<LI>Call Chain = VL6180x_RangeSetRawThresholds &rArr; VL6180x_WrByte &rArr; VL6180x_I2CWrite &rArr; VL6180_Write_Multiple_Register &rArr; i2c_flag_get
</UL>
<BR>[Calls]<UL><LI><a href="#[93]">&gt;&gt;</a>&nbsp;&nbsp;&nbsp;VL6180x_WrByte
</UL>
<BR>[Called By]<UL><LI><a href="#[78]">&gt;&gt;</a>&nbsp;&nbsp;&nbsp;VL6180x_Prepare
</UL>

<P><STRONG><a name="[ae]"></a>VL6180x_RangeSetSystemMode</STRONG> (Thumb, 34 bytes, Stack size 16 bytes, vl6180x_api.o(i.VL6180x_RangeSetSystemMode))
<BR><BR>[Stack]<UL><LI>Max Depth = 96<LI>Call Chain = VL6180x_RangeSetSystemMode &rArr; VL6180x_WrByte &rArr; VL6180x_I2CWrite &rArr; VL6180_Write_Multiple_Register &rArr; i2c_flag_get
</UL>
<BR>[Calls]<UL><LI><a href="#[93]">&gt;&gt;</a>&nbsp;&nbsp;&nbsp;VL6180x_WrByte
</UL>
<BR>[Called By]<UL><LI><a href="#[7d]">&gt;&gt;</a>&nbsp;&nbsp;&nbsp;VL6180x_RangeStartContinuousMode
</UL>

<P><STRONG><a name="[7d]"></a>VL6180x_RangeStartContinuousMode</STRONG> (Thumb, 18 bytes, Stack size 16 bytes, vl6180x_api.o(i.VL6180x_RangeStartContinuousMode))
<BR><BR>[Stack]<UL><LI>Max Depth = 112<LI>Call Chain = VL6180x_RangeStartContinuousMode &rArr; VL6180x_RangeSetSystemMode &rArr; VL6180x_WrByte &rArr; VL6180x_I2CWrite &rArr; VL6180_Write_Multiple_Register &rArr; i2c_flag_get
</UL>
<BR>[Calls]<UL><LI><a href="#[ae]">&gt;&gt;</a>&nbsp;&nbsp;&nbsp;VL6180x_RangeSetSystemMode
</UL>
<BR>[Called By]<UL><LI><a href="#[75]">&gt;&gt;</a>&nbsp;&nbsp;&nbsp;Sample_Interrupt
</UL>

<P><STRONG><a name="[95]"></a>VL6180x_RdByte</STRONG> (Thumb, 56 bytes, Stack size 32 bytes, vl6180x_i2c.o(i.VL6180x_RdByte))
<BR><BR>[Stack]<UL><LI>Max Depth = 80<LI>Call Chain = VL6180x_RdByte &rArr; VL6180x_I2CWrite &rArr; VL6180_Write_Multiple_Register &rArr; i2c_flag_get
</UL>
<BR>[Calls]<UL><LI><a href="#[9b]">&gt;&gt;</a>&nbsp;&nbsp;&nbsp;VL6180x_I2CWrite
<LI><a href="#[9a]">&gt;&gt;</a>&nbsp;&nbsp;&nbsp;VL6180x_I2CRead
</UL>
<BR>[Called By]<UL><LI><a href="#[76]">&gt;&gt;</a>&nbsp;&nbsp;&nbsp;VL6180x_InitData
<LI><a href="#[94]">&gt;&gt;</a>&nbsp;&nbsp;&nbsp;VL6180x_GetCachedByte
<LI><a href="#[b9]">&gt;&gt;</a>&nbsp;&nbsp;&nbsp;_filter_Start
<LI><a href="#[aa]">&gt;&gt;</a>&nbsp;&nbsp;&nbsp;_GetAveTotalTime
<LI><a href="#[9d]">&gt;&gt;</a>&nbsp;&nbsp;&nbsp;_DMax_InitData
<LI><a href="#[a9]">&gt;&gt;</a>&nbsp;&nbsp;&nbsp;VL6180x_RangeSetEarlyConvergenceEestimateThreshold
</UL>

<P><STRONG><a name="[97]"></a>VL6180x_RdDWord</STRONG> (Thumb, 74 bytes, Stack size 32 bytes, vl6180x_i2c.o(i.VL6180x_RdDWord))
<BR><BR>[Stack]<UL><LI>Max Depth = 80<LI>Call Chain = VL6180x_RdDWord &rArr; VL6180x_I2CWrite &rArr; VL6180_Write_Multiple_Register &rArr; i2c_flag_get
</UL>
<BR>[Calls]<UL><LI><a href="#[9b]">&gt;&gt;</a>&nbsp;&nbsp;&nbsp;VL6180x_I2CWrite
<LI><a href="#[9a]">&gt;&gt;</a>&nbsp;&nbsp;&nbsp;VL6180x_I2CRead
</UL>
<BR>[Called By]<UL><LI><a href="#[76]">&gt;&gt;</a>&nbsp;&nbsp;&nbsp;VL6180x_InitData
<LI><a href="#[96]">&gt;&gt;</a>&nbsp;&nbsp;&nbsp;VL6180x_GetCachedDWord
<LI><a href="#[9d]">&gt;&gt;</a>&nbsp;&nbsp;&nbsp;_DMax_InitData
<LI><a href="#[a9]">&gt;&gt;</a>&nbsp;&nbsp;&nbsp;VL6180x_RangeSetEarlyConvergenceEestimateThreshold
</UL>

<P><STRONG><a name="[af]"></a>VL6180x_RdMulti</STRONG> (Thumb, 56 bytes, Stack size 40 bytes, vl6180x_i2c.o(i.VL6180x_RdMulti))
<BR><BR>[Stack]<UL><LI>Max Depth = 88<LI>Call Chain = VL6180x_RdMulti &rArr; VL6180x_I2CWrite &rArr; VL6180_Write_Multiple_Register &rArr; i2c_flag_get
</UL>
<BR>[Calls]<UL><LI><a href="#[9b]">&gt;&gt;</a>&nbsp;&nbsp;&nbsp;VL6180x_I2CWrite
<LI><a href="#[9a]">&gt;&gt;</a>&nbsp;&nbsp;&nbsp;VL6180x_I2CRead
</UL>
<BR>[Called By]<UL><LI><a href="#[a3]">&gt;&gt;</a>&nbsp;&nbsp;&nbsp;_CachedRegs_Fetch
<LI><a href="#[b9]">&gt;&gt;</a>&nbsp;&nbsp;&nbsp;_filter_Start
</UL>

<P><STRONG><a name="[99]"></a>VL6180x_RdWord</STRONG> (Thumb, 62 bytes, Stack size 32 bytes, vl6180x_i2c.o(i.VL6180x_RdWord))
<BR><BR>[Stack]<UL><LI>Max Depth = 80<LI>Call Chain = VL6180x_RdWord &rArr; VL6180x_I2CWrite &rArr; VL6180_Write_Multiple_Register &rArr; i2c_flag_get
</UL>
<BR>[Calls]<UL><LI><a href="#[9b]">&gt;&gt;</a>&nbsp;&nbsp;&nbsp;VL6180x_I2CWrite
<LI><a href="#[9a]">&gt;&gt;</a>&nbsp;&nbsp;&nbsp;VL6180x_I2CRead
</UL>
<BR>[Called By]<UL><LI><a href="#[76]">&gt;&gt;</a>&nbsp;&nbsp;&nbsp;VL6180x_InitData
<LI><a href="#[98]">&gt;&gt;</a>&nbsp;&nbsp;&nbsp;VL6180x_GetCachedWord
<LI><a href="#[9d]">&gt;&gt;</a>&nbsp;&nbsp;&nbsp;_DMax_InitData
</UL>

<P><STRONG><a name="[7a]"></a>VL6180x_SetGroupParamHold</STRONG> (Thumb, 34 bytes, Stack size 24 bytes, vl6180x_api.o(i.VL6180x_SetGroupParamHold))
<BR><BR>[Stack]<UL><LI>Max Depth = 104<LI>Call Chain = VL6180x_SetGroupParamHold &rArr; VL6180x_WrByte &rArr; VL6180x_I2CWrite &rArr; VL6180_Write_Multiple_Register &rArr; i2c_flag_get
</UL>
<BR>[Calls]<UL><LI><a href="#[93]">&gt;&gt;</a>&nbsp;&nbsp;&nbsp;VL6180x_WrByte
</UL>
<BR>[Called By]<UL><LI><a href="#[75]">&gt;&gt;</a>&nbsp;&nbsp;&nbsp;Sample_Interrupt
</UL>

<P><STRONG><a name="[b5]"></a>VL6180x_SqrtUint32</STRONG> (Thumb, 44 bytes, Stack size 0 bytes, vl6180x_api.o(i.VL6180x_SqrtUint32))
<BR><BR>[Called By]<UL><LI><a href="#[b4]">&gt;&gt;</a>&nbsp;&nbsp;&nbsp;_DMax_RawValueAtRateKCps
</UL>

<P><STRONG><a name="[9e]"></a>VL6180x_StaticInit</STRONG> (Thumb, 54 bytes, Stack size 16 bytes, vl6180x_api.o(i.VL6180x_StaticInit))
<BR><BR>[Stack]<UL><LI>Max Depth = 240<LI>Call Chain = VL6180x_StaticInit &rArr; VL6180x_UpscaleStaticInit &rArr; VL6180x_UpscaleRegInit &rArr; VL6180x_RangeSetMaxConvergenceTime &rArr; VL6180x_RangeSetEarlyConvergenceEestimateThreshold &rArr; _GetAveTotalTime &rArr; VL6180x_RdByte &rArr; VL6180x_I2CWrite &rArr; VL6180_Write_Multiple_Register &rArr; i2c_flag_get
</UL>
<BR>[Calls]<UL><LI><a href="#[b0]">&gt;&gt;</a>&nbsp;&nbsp;&nbsp;VL6180x_UpscaleStaticInit
</UL>
<BR>[Called By]<UL><LI><a href="#[78]">&gt;&gt;</a>&nbsp;&nbsp;&nbsp;VL6180x_Prepare
</UL>

<P><STRONG><a name="[a2]"></a>VL6180x_UpdateByte</STRONG> (Thumb, 76 bytes, Stack size 40 bytes, vl6180x_i2c.o(i.VL6180x_UpdateByte))
<BR><BR>[Stack]<UL><LI>Max Depth = 88<LI>Call Chain = VL6180x_UpdateByte &rArr; VL6180x_I2CWrite &rArr; VL6180_Write_Multiple_Register &rArr; i2c_flag_get
</UL>
<BR>[Calls]<UL><LI><a href="#[9b]">&gt;&gt;</a>&nbsp;&nbsp;&nbsp;VL6180x_I2CWrite
<LI><a href="#[9a]">&gt;&gt;</a>&nbsp;&nbsp;&nbsp;VL6180x_I2CRead
</UL>
<BR>[Called By]<UL><LI><a href="#[ac]">&gt;&gt;</a>&nbsp;&nbsp;&nbsp;VL6180x_RangeSetEceState
<LI><a href="#[9f]">&gt;&gt;</a>&nbsp;&nbsp;&nbsp;VL6180x_RangeConfigInterrupt
</UL>

<P><STRONG><a name="[b1]"></a>VL6180x_UpscaleRegInit</STRONG> (Thumb, 414 bytes, Stack size 8 bytes, vl6180x_api.o(i.VL6180x_UpscaleRegInit))
<BR><BR>[Stack]<UL><LI>Max Depth = 208<LI>Call Chain = VL6180x_UpscaleRegInit &rArr; VL6180x_RangeSetMaxConvergenceTime &rArr; VL6180x_RangeSetEarlyConvergenceEestimateThreshold &rArr; _GetAveTotalTime &rArr; VL6180x_RdByte &rArr; VL6180x_I2CWrite &rArr; VL6180_Write_Multiple_Register &rArr; i2c_flag_get
</UL>
<BR>[Calls]<UL><LI><a href="#[93]">&gt;&gt;</a>&nbsp;&nbsp;&nbsp;VL6180x_WrByte
<LI><a href="#[ad]">&gt;&gt;</a>&nbsp;&nbsp;&nbsp;VL6180x_RangeSetMaxConvergenceTime
<LI><a href="#[b2]">&gt;&gt;</a>&nbsp;&nbsp;&nbsp;_UpscaleInitPatch0
</UL>
<BR>[Called By]<UL><LI><a href="#[b0]">&gt;&gt;</a>&nbsp;&nbsp;&nbsp;VL6180x_UpscaleStaticInit
</UL>

<P><STRONG><a name="[79]"></a>VL6180x_UpscaleSetScaling</STRONG> (Thumb, 172 bytes, Stack size 32 bytes, vl6180x_api.o(i.VL6180x_UpscaleSetScaling))
<BR><BR>[Stack]<UL><LI>Max Depth = 144<LI>Call Chain = VL6180x_UpscaleSetScaling &rArr; VL6180x_RangeSetEceState &rArr; VL6180x_UpdateByte &rArr; VL6180x_I2CWrite &rArr; VL6180_Write_Multiple_Register &rArr; i2c_flag_get
</UL>
<BR>[Calls]<UL><LI><a href="#[ab]">&gt;&gt;</a>&nbsp;&nbsp;&nbsp;VL6180x_WrWord
<LI><a href="#[93]">&gt;&gt;</a>&nbsp;&nbsp;&nbsp;VL6180x_WrByte
<LI><a href="#[ac]">&gt;&gt;</a>&nbsp;&nbsp;&nbsp;VL6180x_RangeSetEceState
</UL>
<BR>[Called By]<UL><LI><a href="#[75]">&gt;&gt;</a>&nbsp;&nbsp;&nbsp;Sample_Interrupt
<LI><a href="#[b0]">&gt;&gt;</a>&nbsp;&nbsp;&nbsp;VL6180x_UpscaleStaticInit
</UL>

<P><STRONG><a name="[93]"></a>VL6180x_WrByte</STRONG> (Thumb, 38 bytes, Stack size 32 bytes, vl6180x_i2c.o(i.VL6180x_WrByte))
<BR><BR>[Stack]<UL><LI>Max Depth = 80<LI>Call Chain = VL6180x_WrByte &rArr; VL6180x_I2CWrite &rArr; VL6180_Write_Multiple_Register &rArr; i2c_flag_get
</UL>
<BR>[Calls]<UL><LI><a href="#[9b]">&gt;&gt;</a>&nbsp;&nbsp;&nbsp;VL6180x_I2CWrite
</UL>
<BR>[Called By]<UL><LI><a href="#[7c]">&gt;&gt;</a>&nbsp;&nbsp;&nbsp;VL6180x_ClearInterrupt
<LI><a href="#[79]">&gt;&gt;</a>&nbsp;&nbsp;&nbsp;VL6180x_UpscaleSetScaling
<LI><a href="#[b1]">&gt;&gt;</a>&nbsp;&nbsp;&nbsp;VL6180x_UpscaleRegInit
<LI><a href="#[7a]">&gt;&gt;</a>&nbsp;&nbsp;&nbsp;VL6180x_SetGroupParamHold
<LI><a href="#[ae]">&gt;&gt;</a>&nbsp;&nbsp;&nbsp;VL6180x_RangeSetSystemMode
<LI><a href="#[a0]">&gt;&gt;</a>&nbsp;&nbsp;&nbsp;VL6180x_RangeSetRawThresholds
<LI><a href="#[ad]">&gt;&gt;</a>&nbsp;&nbsp;&nbsp;VL6180x_RangeSetMaxConvergenceTime
<LI><a href="#[7b]">&gt;&gt;</a>&nbsp;&nbsp;&nbsp;VL6180x_RangeSetInterMeasPeriod
<LI><a href="#[b9]">&gt;&gt;</a>&nbsp;&nbsp;&nbsp;_filter_Start
<LI><a href="#[b0]">&gt;&gt;</a>&nbsp;&nbsp;&nbsp;VL6180x_UpscaleStaticInit
</UL>

<P><STRONG><a name="[b3]"></a>VL6180x_WrDWord</STRONG> (Thumb, 50 bytes, Stack size 32 bytes, vl6180x_i2c.o(i.VL6180x_WrDWord))
<BR><BR>[Stack]<UL><LI>Max Depth = 80<LI>Call Chain = VL6180x_WrDWord &rArr; VL6180x_I2CWrite &rArr; VL6180_Write_Multiple_Register &rArr; i2c_flag_get
</UL>
<BR>[Calls]<UL><LI><a href="#[9b]">&gt;&gt;</a>&nbsp;&nbsp;&nbsp;VL6180x_I2CWrite
</UL>
<BR>[Called By]<UL><LI><a href="#[b2]">&gt;&gt;</a>&nbsp;&nbsp;&nbsp;_UpscaleInitPatch0
</UL>

<P><STRONG><a name="[ab]"></a>VL6180x_WrWord</STRONG> (Thumb, 42 bytes, Stack size 32 bytes, vl6180x_i2c.o(i.VL6180x_WrWord))
<BR><BR>[Stack]<UL><LI>Max Depth = 80<LI>Call Chain = VL6180x_WrWord &rArr; VL6180x_I2CWrite &rArr; VL6180_Write_Multiple_Register &rArr; i2c_flag_get
</UL>
<BR>[Calls]<UL><LI><a href="#[9b]">&gt;&gt;</a>&nbsp;&nbsp;&nbsp;VL6180x_I2CWrite
</UL>
<BR>[Called By]<UL><LI><a href="#[79]">&gt;&gt;</a>&nbsp;&nbsp;&nbsp;VL6180x_UpscaleSetScaling
<LI><a href="#[a9]">&gt;&gt;</a>&nbsp;&nbsp;&nbsp;VL6180x_RangeSetEarlyConvergenceEestimateThreshold
</UL>

<P><STRONG><a name="[a3]"></a>_CachedRegs_Fetch</STRONG> (Thumb, 46 bytes, Stack size 16 bytes, vl6180x_api.o(i._CachedRegs_Fetch))
<BR><BR>[Stack]<UL><LI>Max Depth = 104<LI>Call Chain = _CachedRegs_Fetch &rArr; VL6180x_RdMulti &rArr; VL6180x_I2CWrite &rArr; VL6180_Write_Multiple_Register &rArr; i2c_flag_get
</UL>
<BR>[Calls]<UL><LI><a href="#[af]">&gt;&gt;</a>&nbsp;&nbsp;&nbsp;VL6180x_RdMulti
</UL>
<BR>[Called By]<UL><LI><a href="#[90]">&gt;&gt;</a>&nbsp;&nbsp;&nbsp;VL6180x_RangeGetMeasurement
</UL>

<P><STRONG><a name="[a8]"></a>_CachedRegs_Flush</STRONG> (Thumb, 10 bytes, Stack size 0 bytes, vl6180x_api.o(i._CachedRegs_Flush))
<BR><BR>[Called By]<UL><LI><a href="#[90]">&gt;&gt;</a>&nbsp;&nbsp;&nbsp;VL6180x_RangeGetMeasurement
</UL>

<P><STRONG><a name="[9c]"></a>_DMax_OneTimeInit</STRONG> (Thumb, 10 bytes, Stack size 0 bytes, vl6180x_api.o(i._DMax_OneTimeInit))
<BR><BR>[Called By]<UL><LI><a href="#[76]">&gt;&gt;</a>&nbsp;&nbsp;&nbsp;VL6180x_InitData
</UL>

<P><STRONG><a name="[b6]"></a>__0printf$8</STRONG> (Thumb, 22 bytes, Stack size 24 bytes, printf8.o(i.__0printf$8), UNUSED)
<BR><BR>[Calls]<UL><LI><a href="#[b7]">&gt;&gt;</a>&nbsp;&nbsp;&nbsp;_printf_core
</UL>

<P><STRONG><a name="[13c]"></a>__1printf$8</STRONG> (Thumb, 0 bytes, Stack size 24 bytes, printf8.o(i.__0printf$8), UNUSED)

<P><STRONG><a name="[91]"></a>__2printf</STRONG> (Thumb, 0 bytes, Stack size 24 bytes, printf8.o(i.__0printf$8))
<BR><BR>[Stack]<UL><LI>Max Depth = 24<LI>Call Chain = __2printf
</UL>
<BR>[Called By]<UL><LI><a href="#[4c]">&gt;&gt;</a>&nbsp;&nbsp;&nbsp;main
<LI><a href="#[53]">&gt;&gt;</a>&nbsp;&nbsp;&nbsp;VL6180xTask
</UL>

<P><STRONG><a name="[b8]"></a>__0sprintf$8</STRONG> (Thumb, 34 bytes, Stack size 24 bytes, printf8.o(i.__0sprintf$8), UNUSED)
<BR><BR>[Calls]<UL><LI><a href="#[50]">&gt;&gt;</a>&nbsp;&nbsp;&nbsp;_sputc
<LI><a href="#[b7]">&gt;&gt;</a>&nbsp;&nbsp;&nbsp;_printf_core
</UL>

<P><STRONG><a name="[13d]"></a>__1sprintf$8</STRONG> (Thumb, 0 bytes, Stack size 24 bytes, printf8.o(i.__0sprintf$8), UNUSED)

<P><STRONG><a name="[74]"></a>__2sprintf</STRONG> (Thumb, 0 bytes, Stack size 24 bytes, printf8.o(i.__0sprintf$8))
<BR><BR>[Stack]<UL><LI>Max Depth = 24<LI>Call Chain = __2sprintf
</UL>
<BR>[Called By]<UL><LI><a href="#[73]">&gt;&gt;</a>&nbsp;&nbsp;&nbsp;PowerOn_Time
<LI><a href="#[53]">&gt;&gt;</a>&nbsp;&nbsp;&nbsp;VL6180xTask
</UL>

<P><STRONG><a name="[13e]"></a>__scatterload_copy</STRONG> (Thumb, 14 bytes, Stack size unknown bytes, handlers.o(i.__scatterload_copy), UNUSED)

<P><STRONG><a name="[13f]"></a>__scatterload_null</STRONG> (Thumb, 2 bytes, Stack size unknown bytes, handlers.o(i.__scatterload_null), UNUSED)

<P><STRONG><a name="[140]"></a>__scatterload_zeroinit</STRONG> (Thumb, 14 bytes, Stack size unknown bytes, handlers.o(i.__scatterload_zeroinit), UNUSED)

<P><STRONG><a name="[8e]"></a>bsp_gpio_exti_init</STRONG> (Thumb, 66 bytes, Stack size 8 bytes, exti.o(i.bsp_gpio_exti_init))
<BR><BR>[Stack]<UL><LI>Max Depth = 32<LI>Call Chain = bsp_gpio_exti_init &rArr; nvic_irq_enable
</UL>
<BR>[Calls]<UL><LI><a href="#[bd]">&gt;&gt;</a>&nbsp;&nbsp;&nbsp;rcu_periph_clock_enable
<LI><a href="#[92]">&gt;&gt;</a>&nbsp;&nbsp;&nbsp;nvic_irq_enable
<LI><a href="#[be]">&gt;&gt;</a>&nbsp;&nbsp;&nbsp;gpio_init
<LI><a href="#[bf]">&gt;&gt;</a>&nbsp;&nbsp;&nbsp;gpio_exti_source_select
<LI><a href="#[6a]">&gt;&gt;</a>&nbsp;&nbsp;&nbsp;exti_interrupt_flag_clear
<LI><a href="#[c0]">&gt;&gt;</a>&nbsp;&nbsp;&nbsp;exti_init
</UL>
<BR>[Called By]<UL><LI><a href="#[53]">&gt;&gt;</a>&nbsp;&nbsp;&nbsp;VL6180xTask
</UL>

<P><STRONG><a name="[c1]"></a>bsp_iic_init</STRONG> (Thumb, 70 bytes, Stack size 8 bytes, iic.o(i.bsp_iic_init))
<BR><BR>[Stack]<UL><LI>Max Depth = 132<LI>Call Chain = bsp_iic_init &rArr; i2c_clock_config &rArr; rcu_clock_freq_get
</UL>
<BR>[Calls]<UL><LI><a href="#[bd]">&gt;&gt;</a>&nbsp;&nbsp;&nbsp;rcu_periph_clock_enable
<LI><a href="#[be]">&gt;&gt;</a>&nbsp;&nbsp;&nbsp;gpio_init
<LI><a href="#[c3]">&gt;&gt;</a>&nbsp;&nbsp;&nbsp;i2c_mode_addr_config
<LI><a href="#[c4]">&gt;&gt;</a>&nbsp;&nbsp;&nbsp;i2c_enable
<LI><a href="#[c2]">&gt;&gt;</a>&nbsp;&nbsp;&nbsp;i2c_clock_config
<LI><a href="#[88]">&gt;&gt;</a>&nbsp;&nbsp;&nbsp;i2c_ack_config
</UL>
<BR>[Called By]<UL><LI><a href="#[4c]">&gt;&gt;</a>&nbsp;&nbsp;&nbsp;main
</UL>

<P><STRONG><a name="[c5]"></a>bsp_usart_init</STRONG> (Thumb, 30 bytes, Stack size 8 bytes, usart.o(i.bsp_usart_init))
<BR><BR>[Stack]<UL><LI>Max Depth = 132<LI>Call Chain = bsp_usart_init &rArr; usart_config &rArr; usart_baudrate_set &rArr; rcu_clock_freq_get
</UL>
<BR>[Calls]<UL><LI><a href="#[8d]">&gt;&gt;</a>&nbsp;&nbsp;&nbsp;xQueueGenericCreate
<LI><a href="#[c7]">&gt;&gt;</a>&nbsp;&nbsp;&nbsp;usart_dma_config
<LI><a href="#[c6]">&gt;&gt;</a>&nbsp;&nbsp;&nbsp;usart_config
</UL>
<BR>[Called By]<UL><LI><a href="#[4c]">&gt;&gt;</a>&nbsp;&nbsp;&nbsp;main
</UL>

<P><STRONG><a name="[c8]"></a>dma_channel_disable</STRONG> (Thumb, 50 bytes, Stack size 16 bytes, gd32f30x_dma.o(i.dma_channel_disable))
<BR><BR>[Stack]<UL><LI>Max Depth = 16<LI>Call Chain = dma_channel_disable
</UL>
<BR>[Calls]<UL><LI><a href="#[c9]">&gt;&gt;</a>&nbsp;&nbsp;&nbsp;dma_periph_and_channel_check
</UL>
<BR>[Called By]<UL><LI><a href="#[51]">&gt;&gt;</a>&nbsp;&nbsp;&nbsp;usart0_dma_send
<LI><a href="#[c7]">&gt;&gt;</a>&nbsp;&nbsp;&nbsp;usart_dma_config
<LI><a href="#[d4]">&gt;&gt;</a>&nbsp;&nbsp;&nbsp;isp_usart_dma_config
</UL>

<P><STRONG><a name="[ca]"></a>dma_channel_enable</STRONG> (Thumb, 50 bytes, Stack size 16 bytes, gd32f30x_dma.o(i.dma_channel_enable))
<BR><BR>[Stack]<UL><LI>Max Depth = 16<LI>Call Chain = dma_channel_enable
</UL>
<BR>[Calls]<UL><LI><a href="#[c9]">&gt;&gt;</a>&nbsp;&nbsp;&nbsp;dma_periph_and_channel_check
</UL>
<BR>[Called By]<UL><LI><a href="#[51]">&gt;&gt;</a>&nbsp;&nbsp;&nbsp;usart0_dma_send
<LI><a href="#[c7]">&gt;&gt;</a>&nbsp;&nbsp;&nbsp;usart_dma_config
<LI><a href="#[d4]">&gt;&gt;</a>&nbsp;&nbsp;&nbsp;isp_usart_dma_config
</UL>

<P><STRONG><a name="[cb]"></a>dma_circulation_disable</STRONG> (Thumb, 50 bytes, Stack size 16 bytes, gd32f30x_dma.o(i.dma_circulation_disable))
<BR><BR>[Stack]<UL><LI>Max Depth = 16<LI>Call Chain = dma_circulation_disable
</UL>
<BR>[Calls]<UL><LI><a href="#[c9]">&gt;&gt;</a>&nbsp;&nbsp;&nbsp;dma_periph_and_channel_check
</UL>
<BR>[Called By]<UL><LI><a href="#[c7]">&gt;&gt;</a>&nbsp;&nbsp;&nbsp;usart_dma_config
<LI><a href="#[d4]">&gt;&gt;</a>&nbsp;&nbsp;&nbsp;isp_usart_dma_config
</UL>

<P><STRONG><a name="[cc]"></a>dma_deinit</STRONG> (Thumb, 112 bytes, Stack size 16 bytes, gd32f30x_dma.o(i.dma_deinit))
<BR><BR>[Stack]<UL><LI>Max Depth = 16<LI>Call Chain = dma_deinit
</UL>
<BR>[Calls]<UL><LI><a href="#[c9]">&gt;&gt;</a>&nbsp;&nbsp;&nbsp;dma_periph_and_channel_check
</UL>
<BR>[Called By]<UL><LI><a href="#[c7]">&gt;&gt;</a>&nbsp;&nbsp;&nbsp;usart_dma_config
<LI><a href="#[d4]">&gt;&gt;</a>&nbsp;&nbsp;&nbsp;isp_usart_dma_config
</UL>

<P><STRONG><a name="[cd]"></a>dma_init</STRONG> (Thumb, 302 bytes, Stack size 24 bytes, gd32f30x_dma.o(i.dma_init))
<BR><BR>[Stack]<UL><LI>Max Depth = 24<LI>Call Chain = dma_init
</UL>
<BR>[Calls]<UL><LI><a href="#[c9]">&gt;&gt;</a>&nbsp;&nbsp;&nbsp;dma_periph_and_channel_check
</UL>
<BR>[Called By]<UL><LI><a href="#[c7]">&gt;&gt;</a>&nbsp;&nbsp;&nbsp;usart_dma_config
<LI><a href="#[d4]">&gt;&gt;</a>&nbsp;&nbsp;&nbsp;isp_usart_dma_config
</UL>

<P><STRONG><a name="[ce]"></a>dma_interrupt_enable</STRONG> (Thumb, 50 bytes, Stack size 16 bytes, gd32f30x_dma.o(i.dma_interrupt_enable))
<BR><BR>[Stack]<UL><LI>Max Depth = 16<LI>Call Chain = dma_interrupt_enable
</UL>
<BR>[Calls]<UL><LI><a href="#[c9]">&gt;&gt;</a>&nbsp;&nbsp;&nbsp;dma_periph_and_channel_check
</UL>
<BR>[Called By]<UL><LI><a href="#[c7]">&gt;&gt;</a>&nbsp;&nbsp;&nbsp;usart_dma_config
<LI><a href="#[d4]">&gt;&gt;</a>&nbsp;&nbsp;&nbsp;isp_usart_dma_config
</UL>

<P><STRONG><a name="[65]"></a>dma_interrupt_flag_clear</STRONG> (Thumb, 16 bytes, Stack size 8 bytes, gd32f30x_dma.o(i.dma_interrupt_flag_clear))
<BR><BR>[Stack]<UL><LI>Max Depth = 8<LI>Call Chain = dma_interrupt_flag_clear
</UL>
<BR>[Called By]<UL><LI><a href="#[1b]">&gt;&gt;</a>&nbsp;&nbsp;&nbsp;DMA0_Channel6_IRQHandler
<LI><a href="#[1a]">&gt;&gt;</a>&nbsp;&nbsp;&nbsp;DMA0_Channel5_IRQHandler
<LI><a href="#[19]">&gt;&gt;</a>&nbsp;&nbsp;&nbsp;DMA0_Channel4_IRQHandler
<LI><a href="#[18]">&gt;&gt;</a>&nbsp;&nbsp;&nbsp;DMA0_Channel3_IRQHandler
</UL>

<P><STRONG><a name="[64]"></a>dma_interrupt_flag_get</STRONG> (Thumb, 130 bytes, Stack size 16 bytes, gd32f30x_dma.o(i.dma_interrupt_flag_get))
<BR><BR>[Stack]<UL><LI>Max Depth = 16<LI>Call Chain = dma_interrupt_flag_get
</UL>
<BR>[Called By]<UL><LI><a href="#[1b]">&gt;&gt;</a>&nbsp;&nbsp;&nbsp;DMA0_Channel6_IRQHandler
<LI><a href="#[1a]">&gt;&gt;</a>&nbsp;&nbsp;&nbsp;DMA0_Channel5_IRQHandler
<LI><a href="#[19]">&gt;&gt;</a>&nbsp;&nbsp;&nbsp;DMA0_Channel4_IRQHandler
<LI><a href="#[18]">&gt;&gt;</a>&nbsp;&nbsp;&nbsp;DMA0_Channel3_IRQHandler
</UL>

<P><STRONG><a name="[cf]"></a>dma_memory_address_config</STRONG> (Thumb, 36 bytes, Stack size 16 bytes, gd32f30x_dma.o(i.dma_memory_address_config))
<BR><BR>[Stack]<UL><LI>Max Depth = 16<LI>Call Chain = dma_memory_address_config
</UL>
<BR>[Calls]<UL><LI><a href="#[c9]">&gt;&gt;</a>&nbsp;&nbsp;&nbsp;dma_periph_and_channel_check
</UL>
<BR>[Called By]<UL><LI><a href="#[51]">&gt;&gt;</a>&nbsp;&nbsp;&nbsp;usart0_dma_send
</UL>

<P><STRONG><a name="[d0]"></a>dma_memory_to_memory_disable</STRONG> (Thumb, 50 bytes, Stack size 16 bytes, gd32f30x_dma.o(i.dma_memory_to_memory_disable))
<BR><BR>[Stack]<UL><LI>Max Depth = 16<LI>Call Chain = dma_memory_to_memory_disable
</UL>
<BR>[Calls]<UL><LI><a href="#[c9]">&gt;&gt;</a>&nbsp;&nbsp;&nbsp;dma_periph_and_channel_check
</UL>
<BR>[Called By]<UL><LI><a href="#[c7]">&gt;&gt;</a>&nbsp;&nbsp;&nbsp;usart_dma_config
<LI><a href="#[d4]">&gt;&gt;</a>&nbsp;&nbsp;&nbsp;isp_usart_dma_config
</UL>

<P><STRONG><a name="[e1]"></a>dma_struct_para_init</STRONG> (Thumb, 28 bytes, Stack size 0 bytes, gd32f30x_dma.o(i.dma_struct_para_init))
<BR><BR>[Called By]<UL><LI><a href="#[c7]">&gt;&gt;</a>&nbsp;&nbsp;&nbsp;usart_dma_config
<LI><a href="#[d4]">&gt;&gt;</a>&nbsp;&nbsp;&nbsp;isp_usart_dma_config
</UL>

<P><STRONG><a name="[d1]"></a>dma_transfer_number_config</STRONG> (Thumb, 38 bytes, Stack size 16 bytes, gd32f30x_dma.o(i.dma_transfer_number_config))
<BR><BR>[Stack]<UL><LI>Max Depth = 16<LI>Call Chain = dma_transfer_number_config
</UL>
<BR>[Calls]<UL><LI><a href="#[c9]">&gt;&gt;</a>&nbsp;&nbsp;&nbsp;dma_periph_and_channel_check
</UL>
<BR>[Called By]<UL><LI><a href="#[51]">&gt;&gt;</a>&nbsp;&nbsp;&nbsp;usart0_dma_send
</UL>

<P><STRONG><a name="[d2]"></a>dma_usart1_init</STRONG> (Thumb, 30 bytes, Stack size 8 bytes, usart.o(i.dma_usart1_init))
<BR><BR>[Stack]<UL><LI>Max Depth = 132<LI>Call Chain = dma_usart1_init &rArr; iap_usart_config &rArr; usart_baudrate_set &rArr; rcu_clock_freq_get
</UL>
<BR>[Calls]<UL><LI><a href="#[8d]">&gt;&gt;</a>&nbsp;&nbsp;&nbsp;xQueueGenericCreate
<LI><a href="#[d4]">&gt;&gt;</a>&nbsp;&nbsp;&nbsp;isp_usart_dma_config
<LI><a href="#[d3]">&gt;&gt;</a>&nbsp;&nbsp;&nbsp;iap_usart_config
</UL>
<BR>[Called By]<UL><LI><a href="#[4c]">&gt;&gt;</a>&nbsp;&nbsp;&nbsp;main
</UL>

<P><STRONG><a name="[c0]"></a>exti_init</STRONG> (Thumb, 178 bytes, Stack size 8 bytes, gd32f30x_exti.o(i.exti_init))
<BR><BR>[Stack]<UL><LI>Max Depth = 8<LI>Call Chain = exti_init
</UL>
<BR>[Called By]<UL><LI><a href="#[8e]">&gt;&gt;</a>&nbsp;&nbsp;&nbsp;bsp_gpio_exti_init
</UL>

<P><STRONG><a name="[6a]"></a>exti_interrupt_flag_clear</STRONG> (Thumb, 6 bytes, Stack size 0 bytes, gd32f30x_exti.o(i.exti_interrupt_flag_clear))
<BR><BR>[Called By]<UL><LI><a href="#[8e]">&gt;&gt;</a>&nbsp;&nbsp;&nbsp;bsp_gpio_exti_init
<LI><a href="#[11]">&gt;&gt;</a>&nbsp;&nbsp;&nbsp;EXTI1_IRQHandler
</UL>

<P><STRONG><a name="[67]"></a>exti_interrupt_flag_get</STRONG> (Thumb, 32 bytes, Stack size 0 bytes, gd32f30x_exti.o(i.exti_interrupt_flag_get))
<BR><BR>[Called By]<UL><LI><a href="#[11]">&gt;&gt;</a>&nbsp;&nbsp;&nbsp;EXTI1_IRQHandler
</UL>

<P><STRONG><a name="[4f]"></a>fputc</STRONG> (Thumb, 20 bytes, Stack size 16 bytes, print.o(i.fputc))
<BR><BR>[Stack]<UL><LI>Max Depth = 72<LI>Call Chain = fputc &rArr; FIFO_Put &rArr; FIFO_Full &rArr; FIFO_Count
</UL>
<BR>[Calls]<UL><LI><a href="#[70]">&gt;&gt;</a>&nbsp;&nbsp;&nbsp;FIFO_Put
</UL>
<BR>[Address Reference Count : 1]<UL><LI> printf8.o(i.__0printf$8)
</UL>
<P><STRONG><a name="[bf]"></a>gpio_exti_source_select</STRONG> (Thumb, 146 bytes, Stack size 8 bytes, gd32f30x_gpio.o(i.gpio_exti_source_select))
<BR><BR>[Stack]<UL><LI>Max Depth = 8<LI>Call Chain = gpio_exti_source_select
</UL>
<BR>[Called By]<UL><LI><a href="#[8e]">&gt;&gt;</a>&nbsp;&nbsp;&nbsp;bsp_gpio_exti_init
</UL>

<P><STRONG><a name="[be]"></a>gpio_init</STRONG> (Thumb, 188 bytes, Stack size 20 bytes, gd32f30x_gpio.o(i.gpio_init))
<BR><BR>[Stack]<UL><LI>Max Depth = 20<LI>Call Chain = gpio_init
</UL>
<BR>[Called By]<UL><LI><a href="#[c1]">&gt;&gt;</a>&nbsp;&nbsp;&nbsp;bsp_iic_init
<LI><a href="#[8e]">&gt;&gt;</a>&nbsp;&nbsp;&nbsp;bsp_gpio_exti_init
<LI><a href="#[4c]">&gt;&gt;</a>&nbsp;&nbsp;&nbsp;main
<LI><a href="#[c6]">&gt;&gt;</a>&nbsp;&nbsp;&nbsp;usart_config
<LI><a href="#[d3]">&gt;&gt;</a>&nbsp;&nbsp;&nbsp;iap_usart_config
</UL>

<P><STRONG><a name="[88]"></a>i2c_ack_config</STRONG> (Thumb, 24 bytes, Stack size 0 bytes, gd32f30x_i2c.o(i.i2c_ack_config))
<BR><BR>[Called By]<UL><LI><a href="#[c1]">&gt;&gt;</a>&nbsp;&nbsp;&nbsp;bsp_iic_init
<LI><a href="#[83]">&gt;&gt;</a>&nbsp;&nbsp;&nbsp;VL6180_Read_Multiple_Register
</UL>

<P><STRONG><a name="[c2]"></a>i2c_clock_config</STRONG> (Thumb, 306 bytes, Stack size 40 bytes, gd32f30x_i2c.o(i.i2c_clock_config))
<BR><BR>[Stack]<UL><LI>Max Depth = 124<LI>Call Chain = i2c_clock_config &rArr; rcu_clock_freq_get
</UL>
<BR>[Calls]<UL><LI><a href="#[d5]">&gt;&gt;</a>&nbsp;&nbsp;&nbsp;rcu_clock_freq_get
</UL>
<BR>[Called By]<UL><LI><a href="#[c1]">&gt;&gt;</a>&nbsp;&nbsp;&nbsp;bsp_iic_init
</UL>

<P><STRONG><a name="[89]"></a>i2c_data_receive</STRONG> (Thumb, 8 bytes, Stack size 0 bytes, gd32f30x_i2c.o(i.i2c_data_receive))
<BR><BR>[Called By]<UL><LI><a href="#[83]">&gt;&gt;</a>&nbsp;&nbsp;&nbsp;VL6180_Read_Multiple_Register
</UL>

<P><STRONG><a name="[8c]"></a>i2c_data_transmit</STRONG> (Thumb, 6 bytes, Stack size 0 bytes, gd32f30x_i2c.o(i.i2c_data_transmit))
<BR><BR>[Called By]<UL><LI><a href="#[8b]">&gt;&gt;</a>&nbsp;&nbsp;&nbsp;VL6180_Write_Multiple_Register
</UL>

<P><STRONG><a name="[c4]"></a>i2c_enable</STRONG> (Thumb, 10 bytes, Stack size 0 bytes, gd32f30x_i2c.o(i.i2c_enable))
<BR><BR>[Called By]<UL><LI><a href="#[c1]">&gt;&gt;</a>&nbsp;&nbsp;&nbsp;bsp_iic_init
</UL>

<P><STRONG><a name="[87]"></a>i2c_flag_clear</STRONG> (Thumb, 40 bytes, Stack size 8 bytes, gd32f30x_i2c.o(i.i2c_flag_clear))
<BR><BR>[Stack]<UL><LI>Max Depth = 8<LI>Call Chain = i2c_flag_clear
</UL>
<BR>[Called By]<UL><LI><a href="#[8b]">&gt;&gt;</a>&nbsp;&nbsp;&nbsp;VL6180_Write_Multiple_Register
<LI><a href="#[83]">&gt;&gt;</a>&nbsp;&nbsp;&nbsp;VL6180_Read_Multiple_Register
</UL>

<P><STRONG><a name="[84]"></a>i2c_flag_get</STRONG> (Thumb, 30 bytes, Stack size 8 bytes, gd32f30x_i2c.o(i.i2c_flag_get))
<BR><BR>[Stack]<UL><LI>Max Depth = 8<LI>Call Chain = i2c_flag_get
</UL>
<BR>[Called By]<UL><LI><a href="#[8b]">&gt;&gt;</a>&nbsp;&nbsp;&nbsp;VL6180_Write_Multiple_Register
<LI><a href="#[83]">&gt;&gt;</a>&nbsp;&nbsp;&nbsp;VL6180_Read_Multiple_Register
</UL>

<P><STRONG><a name="[86]"></a>i2c_master_addressing</STRONG> (Thumb, 20 bytes, Stack size 0 bytes, gd32f30x_i2c.o(i.i2c_master_addressing))
<BR><BR>[Called By]<UL><LI><a href="#[8b]">&gt;&gt;</a>&nbsp;&nbsp;&nbsp;VL6180_Write_Multiple_Register
<LI><a href="#[83]">&gt;&gt;</a>&nbsp;&nbsp;&nbsp;VL6180_Read_Multiple_Register
</UL>

<P><STRONG><a name="[c3]"></a>i2c_mode_addr_config</STRONG> (Thumb, 28 bytes, Stack size 12 bytes, gd32f30x_i2c.o(i.i2c_mode_addr_config))
<BR><BR>[Stack]<UL><LI>Max Depth = 12<LI>Call Chain = i2c_mode_addr_config
</UL>
<BR>[Called By]<UL><LI><a href="#[c1]">&gt;&gt;</a>&nbsp;&nbsp;&nbsp;bsp_iic_init
</UL>

<P><STRONG><a name="[85]"></a>i2c_start_on_bus</STRONG> (Thumb, 10 bytes, Stack size 0 bytes, gd32f30x_i2c.o(i.i2c_start_on_bus))
<BR><BR>[Called By]<UL><LI><a href="#[8b]">&gt;&gt;</a>&nbsp;&nbsp;&nbsp;VL6180_Write_Multiple_Register
[...]
<BR><BR>[Stack]<UL><LI>Max Depth = 104<LI>Call Chain = prvCheckForValidListAndQueue &rArr; xQueueGenericCreate &rArr; pvPortMalloc &rArr; xTaskResumeAll &rArr; xTaskIncrementTick
</UL>
<BR>[Calls]<UL><LI><a href="#[8d]">&gt;&gt;</a>&nbsp;&nbsp;&nbsp;xQueueGenericCreate
<LI><a href="#[f3]">&gt;&gt;</a>&nbsp;&nbsp;&nbsp;vQueueAddToRegistry
<LI><a href="#[f0]">&gt;&gt;</a>&nbsp;&nbsp;&nbsp;vPortExitCritical
<LI><a href="#[ee]">&gt;&gt;</a>&nbsp;&nbsp;&nbsp;vPortEnterCritical
<LI><a href="#[f2]">&gt;&gt;</a>&nbsp;&nbsp;&nbsp;vListInitialise
</UL>
<BR>[Called By]<UL><LI><a href="#[11d]">&gt;&gt;</a>&nbsp;&nbsp;&nbsp;xTimerCreateTimerTask
</UL>

<P><STRONG><a name="[10e]"></a>prvGetNextExpireTime</STRONG> (Thumb, 36 bytes, Stack size 0 bytes, timers.o(i.prvGetNextExpireTime))
<BR><BR>[Called By]<UL><LI><a href="#[59]">&gt;&gt;</a>&nbsp;&nbsp;&nbsp;prvTimerTask
</UL>

<P><STRONG><a name="[100]"></a>prvInsertTimerInActiveList</STRONG> (Thumb, 80 bytes, Stack size 24 bytes, timers.o(i.prvInsertTimerInActiveList))
<BR><BR>[Stack]<UL><LI>Max Depth = 32<LI>Call Chain = prvInsertTimerInActiveList &rArr; vListInsert
</UL>
<BR>[Calls]<UL><LI><a href="#[ec]">&gt;&gt;</a>&nbsp;&nbsp;&nbsp;vListInsert
</UL>
<BR>[Called By]<UL><LI><a href="#[105]">&gt;&gt;</a>&nbsp;&nbsp;&nbsp;prvProcessReceivedCommands
<LI><a href="#[103]">&gt;&gt;</a>&nbsp;&nbsp;&nbsp;prvProcessExpiredTimer
</UL>

<P><STRONG><a name="[103]"></a>prvProcessExpiredTimer</STRONG> (Thumb, 110 bytes, Stack size 24 bytes, timers.o(i.prvProcessExpiredTimer))
<BR><BR>[Stack]<UL><LI>Max Depth = 168<LI>Call Chain = prvProcessExpiredTimer &rArr; xTimerGenericCommand &rArr; xQueueGenericSend &rArr; vTaskPlaceOnEventList &rArr; prvAddCurrentTaskToDelayedList &rArr; vListInsert
</UL>
<BR>[Calls]<UL><LI><a href="#[ea]">&gt;&gt;</a>&nbsp;&nbsp;&nbsp;uxListRemove
<LI><a href="#[104]">&gt;&gt;</a>&nbsp;&nbsp;&nbsp;xTimerGenericCommand
<LI><a href="#[100]">&gt;&gt;</a>&nbsp;&nbsp;&nbsp;prvInsertTimerInActiveList
</UL>
<BR>[Called By]<UL><LI><a href="#[108]">&gt;&gt;</a>&nbsp;&nbsp;&nbsp;prvProcessTimerOrBlockTask
</UL>

<P><STRONG><a name="[105]"></a>prvProcessReceivedCommands</STRONG> (Thumb, 308 bytes, Stack size 40 bytes, timers.o(i.prvProcessReceivedCommands))
<BR><BR>[Stack]<UL><LI>Max Depth = 232<LI>Call Chain = prvProcessReceivedCommands &rArr; prvSampleTimeNow &rArr; prvSwitchTimerLists &rArr; xTimerGenericCommand &rArr; xQueueGenericSend &rArr; vTaskPlaceOnEventList &rArr; prvAddCurrentTaskToDelayedList &rArr; vListInsert
</UL>
<BR>[Calls]<UL><LI><a href="#[107]">&gt;&gt;</a>&nbsp;&nbsp;&nbsp;xQueueReceive
<LI><a href="#[ea]">&gt;&gt;</a>&nbsp;&nbsp;&nbsp;uxListRemove
<LI><a href="#[fa]">&gt;&gt;</a>&nbsp;&nbsp;&nbsp;vPortFree
<LI><a href="#[104]">&gt;&gt;</a>&nbsp;&nbsp;&nbsp;xTimerGenericCommand
<LI><a href="#[106]">&gt;&gt;</a>&nbsp;&nbsp;&nbsp;prvSampleTimeNow
<LI><a href="#[100]">&gt;&gt;</a>&nbsp;&nbsp;&nbsp;prvInsertTimerInActiveList
</UL>
<BR>[Called By]<UL><LI><a href="#[59]">&gt;&gt;</a>&nbsp;&nbsp;&nbsp;prvTimerTask
</UL>

<P><STRONG><a name="[108]"></a>prvProcessTimerOrBlockTask</STRONG> (Thumb, 102 bytes, Stack size 24 bytes, timers.o(i.prvProcessTimerOrBlockTask))
<BR><BR>[Stack]<UL><LI>Max Depth = 216<LI>Call Chain = prvProcessTimerOrBlockTask &rArr; prvSampleTimeNow &rArr; prvSwitchTimerLists &rArr; xTimerGenericCommand &rArr; xQueueGenericSend &rArr; vTaskPlaceOnEventList &rArr; prvAddCurrentTaskToDelayedList &rArr; vListInsert
</UL>
<BR>[Calls]<UL><LI><a href="#[10b]">&gt;&gt;</a>&nbsp;&nbsp;&nbsp;vQueueWaitForMessageRestricted
<LI><a href="#[10a]">&gt;&gt;</a>&nbsp;&nbsp;&nbsp;xTaskResumeAll
<LI><a href="#[109]">&gt;&gt;</a>&nbsp;&nbsp;&nbsp;vTaskSuspendAll
<LI><a href="#[106]">&gt;&gt;</a>&nbsp;&nbsp;&nbsp;prvSampleTimeNow
<LI><a href="#[103]">&gt;&gt;</a>&nbsp;&nbsp;&nbsp;prvProcessExpiredTimer
</UL>
<BR>[Called By]<UL><LI><a href="#[59]">&gt;&gt;</a>&nbsp;&nbsp;&nbsp;prvTimerTask
</UL>

<P><STRONG><a name="[106]"></a>prvSampleTimeNow</STRONG> (Thumb, 40 bytes, Stack size 16 bytes, timers.o(i.prvSampleTimeNow))
<BR><BR>[Stack]<UL><LI>Max Depth = 192<LI>Call Chain = prvSampleTimeNow &rArr; prvSwitchTimerLists &rArr; xTimerGenericCommand &rArr; xQueueGenericSend &rArr; vTaskPlaceOnEventList &rArr; prvAddCurrentTaskToDelayedList &rArr; vListInsert
</UL>
<BR>[Calls]<UL><LI><a href="#[10d]">&gt;&gt;</a>&nbsp;&nbsp;&nbsp;prvSwitchTimerLists
<LI><a href="#[10c]">&gt;&gt;</a>&nbsp;&nbsp;&nbsp;xTaskGetTickCount
</UL>
<BR>[Called By]<UL><LI><a href="#[108]">&gt;&gt;</a>&nbsp;&nbsp;&nbsp;prvProcessTimerOrBlockTask
<LI><a href="#[105]">&gt;&gt;</a>&nbsp;&nbsp;&nbsp;prvProcessReceivedCommands
</UL>

<P><STRONG><a name="[10d]"></a>prvSwitchTimerLists</STRONG> (Thumb, 154 bytes, Stack size 32 bytes, timers.o(i.prvSwitchTimerLists))
<BR><BR>[Stack]<UL><LI>Max Depth = 176<LI>Call Chain = prvSwitchTimerLists &rArr; xTimerGenericCommand &rArr; xQueueGenericSend &rArr; vTaskPlaceOnEventList &rArr; prvAddCurrentTaskToDelayedList &rArr; vListInsert
</UL>
<BR>[Calls]<UL><LI><a href="#[ec]">&gt;&gt;</a>&nbsp;&nbsp;&nbsp;vListInsert
<LI><a href="#[ea]">&gt;&gt;</a>&nbsp;&nbsp;&nbsp;uxListRemove
<LI><a href="#[104]">&gt;&gt;</a>&nbsp;&nbsp;&nbsp;xTimerGenericCommand
</UL>
<BR>[Called By]<UL><LI><a href="#[106]">&gt;&gt;</a>&nbsp;&nbsp;&nbsp;prvSampleTimeNow
</UL>

<P><STRONG><a name="[59]"></a>prvTimerTask</STRONG> (Thumb, 26 bytes, Stack size 8 bytes, timers.o(i.prvTimerTask))
<BR><BR>[Stack]<UL><LI>Max Depth = 240<LI>Call Chain = prvTimerTask &rArr; prvProcessReceivedCommands &rArr; prvSampleTimeNow &rArr; prvSwitchTimerLists &rArr; xTimerGenericCommand &rArr; xQueueGenericSend &rArr; vTaskPlaceOnEventList &rArr; prvAddCurrentTaskToDelayedList &rArr; vListInsert
</UL>
<BR>[Calls]<UL><LI><a href="#[108]">&gt;&gt;</a>&nbsp;&nbsp;&nbsp;prvProcessTimerOrBlockTask
<LI><a href="#[105]">&gt;&gt;</a>&nbsp;&nbsp;&nbsp;prvProcessReceivedCommands
<LI><a href="#[10e]">&gt;&gt;</a>&nbsp;&nbsp;&nbsp;prvGetNextExpireTime
</UL>
<BR>[Address Reference Count : 1]<UL><LI> timers.o(i.xTimerCreateTimerTask)
</UL>
<P><STRONG><a name="[113]"></a>prvHeapInit</STRONG> (Thumb, 98 bytes, Stack size 12 bytes, heap_4.o(i.prvHeapInit))
<BR><BR>[Stack]<UL><LI>Max Depth = 12<LI>Call Chain = prvHeapInit
</UL>
<BR>[Called By]<UL><LI><a href="#[112]">&gt;&gt;</a>&nbsp;&nbsp;&nbsp;pvPortMalloc
</UL>

<P><STRONG><a name="[114]"></a>prvInsertBlockIntoFreeList</STRONG> (Thumb, 96 bytes, Stack size 8 bytes, heap_4.o(i.prvInsertBlockIntoFreeList))
<BR><BR>[Stack]<UL><LI>Max Depth = 8<LI>Call Chain = prvInsertBlockIntoFreeList
</UL>
<BR>[Called By]<UL><LI><a href="#[fa]">&gt;&gt;</a>&nbsp;&nbsp;&nbsp;vPortFree
<LI><a href="#[112]">&gt;&gt;</a>&nbsp;&nbsp;&nbsp;pvPortMalloc
</UL>

<P><STRONG><a name="[57]"></a>prvTaskExitError</STRONG> (Thumb, 60 bytes, Stack size 0 bytes, port.o(i.prvTaskExitError))
<BR>[Address Reference Count : 1]<UL><LI> port.o(i.pxPortInitialiseStack)
</UL>
<P><STRONG><a name="[d3]"></a>iap_usart_config</STRONG> (Thumb, 160 bytes, Stack size 8 bytes, usart.o(i.iap_usart_config))
<BR><BR>[Stack]<UL><LI>Max Depth = 124<LI>Call Chain = iap_usart_config &rArr; usart_baudrate_set &rArr; rcu_clock_freq_get
</UL>
<BR>[Calls]<UL><LI><a href="#[bd]">&gt;&gt;</a>&nbsp;&nbsp;&nbsp;rcu_periph_clock_enable
<LI><a href="#[92]">&gt;&gt;</a>&nbsp;&nbsp;&nbsp;nvic_irq_enable
<LI><a href="#[be]">&gt;&gt;</a>&nbsp;&nbsp;&nbsp;gpio_init
<LI><a href="#[d8]">&gt;&gt;</a>&nbsp;&nbsp;&nbsp;usart_word_length_set
<LI><a href="#[de]">&gt;&gt;</a>&nbsp;&nbsp;&nbsp;usart_transmit_config
<LI><a href="#[d9]">&gt;&gt;</a>&nbsp;&nbsp;&nbsp;usart_stop_bit_set
<LI><a href="#[dd]">&gt;&gt;</a>&nbsp;&nbsp;&nbsp;usart_receive_config
<LI><a href="#[da]">&gt;&gt;</a>&nbsp;&nbsp;&nbsp;usart_parity_config
<LI><a href="#[df]">&gt;&gt;</a>&nbsp;&nbsp;&nbsp;usart_interrupt_enable
<LI><a href="#[db]">&gt;&gt;</a>&nbsp;&nbsp;&nbsp;usart_hardware_flow_rts_config
<LI><a href="#[dc]">&gt;&gt;</a>&nbsp;&nbsp;&nbsp;usart_hardware_flow_cts_config
<LI><a href="#[e0]">&gt;&gt;</a>&nbsp;&nbsp;&nbsp;usart_enable
<LI><a href="#[d6]">&gt;&gt;</a>&nbsp;&nbsp;&nbsp;usart_deinit
<LI><a href="#[d7]">&gt;&gt;</a>&nbsp;&nbsp;&nbsp;usart_baudrate_set
</UL>
<BR>[Called By]<UL><LI><a href="#[d2]">&gt;&gt;</a>&nbsp;&nbsp;&nbsp;dma_usart1_init
</UL>

<P><STRONG><a name="[d4]"></a>isp_usart_dma_config</STRONG> (Thumb, 256 bytes, Stack size 32 bytes, usart.o(i.isp_usart_dma_config))
<BR><BR>[Stack]<UL><LI>Max Depth = 56<LI>Call Chain = isp_usart_dma_config &rArr; nvic_irq_enable
</UL>
<BR>[Calls]<UL><LI><a href="#[bd]">&gt;&gt;</a>&nbsp;&nbsp;&nbsp;rcu_periph_clock_enable
<LI><a href="#[92]">&gt;&gt;</a>&nbsp;&nbsp;&nbsp;nvic_irq_enable
<LI><a href="#[e1]">&gt;&gt;</a>&nbsp;&nbsp;&nbsp;dma_struct_para_init
<LI><a href="#[d0]">&gt;&gt;</a>&nbsp;&nbsp;&nbsp;dma_memory_to_memory_disable
<LI><a href="#[ce]">&gt;&gt;</a>&nbsp;&nbsp;&nbsp;dma_interrupt_enable
<LI><a href="#[cd]">&gt;&gt;</a>&nbsp;&nbsp;&nbsp;dma_init
<LI><a href="#[cc]">&gt;&gt;</a>&nbsp;&nbsp;&nbsp;dma_deinit
<LI><a href="#[cb]">&gt;&gt;</a>&nbsp;&nbsp;&nbsp;dma_circulation_disable
<LI><a href="#[ca]">&gt;&gt;</a>&nbsp;&nbsp;&nbsp;dma_channel_enable
<LI><a href="#[c8]">&gt;&gt;</a>&nbsp;&nbsp;&nbsp;dma_channel_disable
<LI><a href="#[e3]">&gt;&gt;</a>&nbsp;&nbsp;&nbsp;usart_dma_transmit_config
<LI><a href="#[e2]">&gt;&gt;</a>&nbsp;&nbsp;&nbsp;usart_dma_receive_config
</UL>
<BR>[Called By]<UL><LI><a href="#[d2]">&gt;&gt;</a>&nbsp;&nbsp;&nbsp;dma_usart1_init
</UL>

<P><STRONG><a name="[c6]"></a>usart_config</STRONG> (Thumb, 164 bytes, Stack size 8 bytes, usart.o(i.usart_config))
<BR><BR>[Stack]<UL><LI>Max Depth = 124<LI>Call Chain = usart_config &rArr; usart_baudrate_set &rArr; rcu_clock_freq_get
</UL>
<BR>[Calls]<UL><LI><a href="#[bd]">&gt;&gt;</a>&nbsp;&nbsp;&nbsp;rcu_periph_clock_enable
<LI><a href="#[92]">&gt;&gt;</a>&nbsp;&nbsp;&nbsp;nvic_irq_enable
<LI><a href="#[be]">&gt;&gt;</a>&nbsp;&nbsp;&nbsp;gpio_init
<LI><a href="#[d8]">&gt;&gt;</a>&nbsp;&nbsp;&nbsp;usart_word_length_set
<LI><a href="#[de]">&gt;&gt;</a>&nbsp;&nbsp;&nbsp;usart_transmit_config
<LI><a href="#[d9]">&gt;&gt;</a>&nbsp;&nbsp;&nbsp;usart_stop_bit_set
<LI><a href="#[dd]">&gt;&gt;</a>&nbsp;&nbsp;&nbsp;usart_receive_config
<LI><a href="#[da]">&gt;&gt;</a>&nbsp;&nbsp;&nbsp;usart_parity_config
<LI><a href="#[df]">&gt;&gt;</a>&nbsp;&nbsp;&nbsp;usart_interrupt_enable
<LI><a href="#[db]">&gt;&gt;</a>&nbsp;&nbsp;&nbsp;usart_hardware_flow_rts_config
<LI><a href="#[dc]">&gt;&gt;</a>&nbsp;&nbsp;&nbsp;usart_hardware_flow_cts_config
<LI><a href="#[e0]">&gt;&gt;</a>&nbsp;&nbsp;&nbsp;usart_enable
<LI><a href="#[d6]">&gt;&gt;</a>&nbsp;&nbsp;&nbsp;usart_deinit
<LI><a href="#[d7]">&gt;&gt;</a>&nbsp;&nbsp;&nbsp;usart_baudrate_set
</UL>
<BR>[Called By]<UL><LI><a href="#[c5]">&gt;&gt;</a>&nbsp;&nbsp;&nbsp;bsp_usart_init
</UL>

<P><STRONG><a name="[c7]"></a>usart_dma_config</STRONG> (Thumb, 256 bytes, Stack size 32 bytes, usart.o(i.usart_dma_config))
<BR><BR>[Stack]<UL><LI>Max Depth = 56<LI>Call Chain = usart_dma_config &rArr; nvic_irq_enable
</UL>
<BR>[Calls]<UL><LI><a href="#[bd]">&gt;&gt;</a>&nbsp;&nbsp;&nbsp;rcu_periph_clock_enable
<LI><a href="#[92]">&gt;&gt;</a>&nbsp;&nbsp;&nbsp;nvic_irq_enable
<LI><a href="#[e1]">&gt;&gt;</a>&nbsp;&nbsp;&nbsp;dma_struct_para_init
<LI><a href="#[d0]">&gt;&gt;</a>&nbsp;&nbsp;&nbsp;dma_memory_to_memory_disable
<LI><a href="#[ce]">&gt;&gt;</a>&nbsp;&nbsp;&nbsp;dma_interrupt_enable
<LI><a href="#[cd]">&gt;&gt;</a>&nbsp;&nbsp;&nbsp;dma_init
<LI><a href="#[cc]">&gt;&gt;</a>&nbsp;&nbsp;&nbsp;dma_deinit
<LI><a href="#[cb]">&gt;&gt;</a>&nbsp;&nbsp;&nbsp;dma_circulation_disable
<LI><a href="#[ca]">&gt;&gt;</a>&nbsp;&nbsp;&nbsp;dma_channel_enable
<LI><a href="#[c8]">&gt;&gt;</a>&nbsp;&nbsp;&nbsp;dma_channel_disable
<LI><a href="#[e3]">&gt;&gt;</a>&nbsp;&nbsp;&nbsp;usart_dma_transmit_config
<LI><a href="#[e2]">&gt;&gt;</a>&nbsp;&nbsp;&nbsp;usart_dma_receive_config
</UL>
<BR>[Called By]<UL><LI><a href="#[c5]">&gt;&gt;</a>&nbsp;&nbsp;&nbsp;bsp_usart_init
</UL>

<P><STRONG><a name="[a9]"></a>VL6180x_RangeSetEarlyConvergenceEestimateThreshold</STRONG> (Thumb, 144 bytes, Stack size 56 bytes, vl6180x_api.o(i.VL6180x_RangeSetEarlyConvergenceEestimateThreshold))
<BR><BR>[Stack]<UL><LI>Max Depth = 184<LI>Call Chain = VL6180x_RangeSetEarlyConvergenceEestimateThreshold &rArr; _GetAveTotalTime &rArr; VL6180x_RdByte &rArr; VL6180x_I2CWrite &rArr; VL6180_Write_Multiple_Register &rArr; i2c_flag_get
</UL>
<BR>[Calls]<UL><LI><a href="#[ab]">&gt;&gt;</a>&nbsp;&nbsp;&nbsp;VL6180x_WrWord
<LI><a href="#[97]">&gt;&gt;</a>&nbsp;&nbsp;&nbsp;VL6180x_RdDWord
<LI><a href="#[95]">&gt;&gt;</a>&nbsp;&nbsp;&nbsp;VL6180x_RdByte
<LI><a href="#[aa]">&gt;&gt;</a>&nbsp;&nbsp;&nbsp;_GetAveTotalTime
</UL>
<BR>[Called By]<UL><LI><a href="#[ad]">&gt;&gt;</a>&nbsp;&nbsp;&nbsp;VL6180x_RangeSetMaxConvergenceTime
</UL>

<P><STRONG><a name="[b0]"></a>VL6180x_UpscaleStaticInit</STRONG> (Thumb, 50 bytes, Stack size 16 bytes, vl6180x_api.o(i.VL6180x_UpscaleStaticInit))
<BR><BR>[Stack]<UL><LI>Max Depth = 224<LI>Call Chain = VL6180x_UpscaleStaticInit &rArr; VL6180x_UpscaleRegInit &rArr; VL6180x_RangeSetMaxConvergenceTime &rArr; VL6180x_RangeSetEarlyConvergenceEestimateThreshold &rArr; _GetAveTotalTime &rArr; VL6180x_RdByte &rArr; VL6180x_I2CWrite &rArr; VL6180_Write_Multiple_Register &rArr; i2c_flag_get
</UL>
<BR>[Calls]<UL><LI><a href="#[93]">&gt;&gt;</a>&nbsp;&nbsp;&nbsp;VL6180x_WrByte
<LI><a href="#[79]">&gt;&gt;</a>&nbsp;&nbsp;&nbsp;VL6180x_UpscaleSetScaling
<LI><a href="#[b1]">&gt;&gt;</a>&nbsp;&nbsp;&nbsp;VL6180x_UpscaleRegInit
</UL>
<BR>[Called By]<UL><LI><a href="#[9e]">&gt;&gt;</a>&nbsp;&nbsp;&nbsp;VL6180x_StaticInit
</UL>

<P><STRONG><a name="[a7]"></a>_DMax_Compute</STRONG> (Thumb, 78 bytes, Stack size 32 bytes, vl6180x_api.o(i._DMax_Compute))
<BR><BR>[Stack]<UL><LI>Max Depth = 64<LI>Call Chain = _DMax_Compute &rArr; _DMax_RawValueAtRateKCps
</UL>
<BR>[Calls]<UL><LI><a href="#[b4]">&gt;&gt;</a>&nbsp;&nbsp;&nbsp;_DMax_RawValueAtRateKCps
</UL>
<BR>[Called By]<UL><LI><a href="#[90]">&gt;&gt;</a>&nbsp;&nbsp;&nbsp;VL6180x_RangeGetMeasurement
</UL>

<P><STRONG><a name="[9d]"></a>_DMax_InitData</STRONG> (Thumb, 270 bytes, Stack size 64 bytes, vl6180x_api.o(i._DMax_InitData))
<BR><BR>[Stack]<UL><LI>Max Depth = 144<LI>Call Chain = _DMax_InitData &rArr; VL6180x_RdWord &rArr; VL6180x_I2CWrite &rArr; VL6180_Write_Multiple_Register &rArr; i2c_flag_get
</UL>
<BR>[Calls]<UL><LI><a href="#[99]">&gt;&gt;</a>&nbsp;&nbsp;&nbsp;VL6180x_RdWord
<LI><a href="#[97]">&gt;&gt;</a>&nbsp;&nbsp;&nbsp;VL6180x_RdDWord
<LI><a href="#[95]">&gt;&gt;</a>&nbsp;&nbsp;&nbsp;VL6180x_RdByte
<LI><a href="#[b4]">&gt;&gt;</a>&nbsp;&nbsp;&nbsp;_DMax_RawValueAtRateKCps
</UL>
<BR>[Called By]<UL><LI><a href="#[ad]">&gt;&gt;</a>&nbsp;&nbsp;&nbsp;VL6180x_RangeSetMaxConvergenceTime
<LI><a href="#[76]">&gt;&gt;</a>&nbsp;&nbsp;&nbsp;VL6180x_InitData
</UL>

<P><STRONG><a name="[b4]"></a>_DMax_RawValueAtRateKCps</STRONG> (Thumb, 96 bytes, Stack size 32 bytes, vl6180x_api.o(i._DMax_RawValueAtRateKCps))
<BR><BR>[Stack]<UL><LI>Max Depth = 32<LI>Call Chain = _DMax_RawValueAtRateKCps
</UL>
<BR>[Calls]<UL><LI><a href="#[b5]">&gt;&gt;</a>&nbsp;&nbsp;&nbsp;VL6180x_SqrtUint32
</UL>
<BR>[Called By]<UL><LI><a href="#[9d]">&gt;&gt;</a>&nbsp;&nbsp;&nbsp;_DMax_InitData
<LI><a href="#[a7]">&gt;&gt;</a>&nbsp;&nbsp;&nbsp;_DMax_Compute
</UL>

<P><STRONG><a name="[aa]"></a>_GetAveTotalTime</STRONG> (Thumb, 112 bytes, Stack size 48 bytes, vl6180x_api.o(i._GetAveTotalTime))
<BR><BR>[Stack]<UL><LI>Max Depth = 128<LI>Call Chain = _GetAveTotalTime &rArr; VL6180x_RdByte &rArr; VL6180x_I2CWrite &rArr; VL6180_Write_Multiple_Register &rArr; i2c_flag_get
</UL>
<BR>[Calls]<UL><LI><a href="#[95]">&gt;&gt;</a>&nbsp;&nbsp;&nbsp;VL6180x_RdByte
</UL>
<BR>[Called By]<UL><LI><a href="#[a9]">&gt;&gt;</a>&nbsp;&nbsp;&nbsp;VL6180x_RangeSetEarlyConvergenceEestimateThreshold
</UL>

<P><STRONG><a name="[a5]"></a>_GetRateResult</STRONG> (Thumb, 176 bytes, Stack size 56 bytes, vl6180x_api.o(i._GetRateResult))
<BR><BR>[Stack]<UL><LI>Max Depth = 160<LI>Call Chain = _GetRateResult &rArr; VL6180x_GetCachedDWord &rArr; VL6180x_RdDWord &rArr; VL6180x_I2CWrite &rArr; VL6180_Write_Multiple_Register &rArr; i2c_flag_get
</UL>
<BR>[Calls]<UL><LI><a href="#[96]">&gt;&gt;</a>&nbsp;&nbsp;&nbsp;VL6180x_GetCachedDWord
</UL>
<BR>[Called By]<UL><LI><a href="#[90]">&gt;&gt;</a>&nbsp;&nbsp;&nbsp;VL6180x_RangeGetMeasurement
</UL>

<P><STRONG><a name="[b2]"></a>_UpscaleInitPatch0</STRONG> (Thumb, 26 bytes, Stack size 16 bytes, vl6180x_api.o(i._UpscaleInitPatch0))
<BR><BR>[Stack]<UL><LI>Max Depth = 96<LI>Call Chain = _UpscaleInitPatch0 &rArr; VL6180x_WrDWord &rArr; VL6180x_I2CWrite &rArr; VL6180_Write_Multiple_Register &rArr; i2c_flag_get
</UL>
<BR>[Calls]<UL><LI><a href="#[b3]">&gt;&gt;</a>&nbsp;&nbsp;&nbsp;VL6180x_WrDWord
</UL>
<BR>[Called By]<UL><LI><a href="#[b1]">&gt;&gt;</a>&nbsp;&nbsp;&nbsp;VL6180x_UpscaleRegInit
</UL>

<P><STRONG><a name="[a6]"></a>_filter_GetResult</STRONG> (Thumb, 102 bytes, Stack size 40 bytes, vl6180x_api.o(i._filter_GetResult))
<BR><BR>[Stack]<UL><LI>Max Depth = 336<LI>Call Chain = _filter_GetResult &rArr; _filter_Start &rArr; VL6180x_RdMulti &rArr; VL6180x_I2CWrite &rArr; VL6180_Write_Multiple_Register &rArr; i2c_flag_get
</UL>
<BR>[Calls]<UL><LI><a href="#[94]">&gt;&gt;</a>&nbsp;&nbsp;&nbsp;VL6180x_GetCachedByte
<LI><a href="#[b9]">&gt;&gt;</a>&nbsp;&nbsp;&nbsp;_filter_Start
</UL>
<BR>[Called By]<UL><LI><a href="#[90]">&gt;&gt;</a>&nbsp;&nbsp;&nbsp;VL6180x_RangeGetMeasurement
</UL>

<P><STRONG><a name="[a1]"></a>_filter_Init</STRONG> (Thumb, 68 bytes, Stack size 0 bytes, vl6180x_api.o(i._filter_Init))
<BR><BR>[Called By]<UL><LI><a href="#[78]">&gt;&gt;</a>&nbsp;&nbsp;&nbsp;VL6180x_Prepare
</UL>

<P><STRONG><a name="[b9]"></a>_filter_Start</STRONG> (Thumb, 1672 bytes, Stack size 208 bytes, vl6180x_api.o(i._filter_Start))
<BR><BR>[Stack]<UL><LI>Max Depth = 296<LI>Call Chain = _filter_Start &rArr; VL6180x_RdMulti &rArr; VL6180x_I2CWrite &rArr; VL6180_Write_Multiple_Register &rArr; i2c_flag_get
</UL>
<BR>[Calls]<UL><LI><a href="#[93]">&gt;&gt;</a>&nbsp;&nbsp;&nbsp;VL6180x_WrByte
<LI><a href="#[af]">&gt;&gt;</a>&nbsp;&nbsp;&nbsp;VL6180x_RdMulti
<LI><a href="#[95]">&gt;&gt;</a>&nbsp;&nbsp;&nbsp;VL6180x_RdByte
<LI><a href="#[ba]">&gt;&gt;</a>&nbsp;&nbsp;&nbsp;_filter_StdDevDamper
</UL>
<BR>[Called By]<UL><LI><a href="#[a6]">&gt;&gt;</a>&nbsp;&nbsp;&nbsp;_filter_GetResult
</UL>

<P><STRONG><a name="[ba]"></a>_filter_StdDevDamper</STRONG> (Thumb, 80 bytes, Stack size 24 bytes, vl6180x_api.o(i._filter_StdDevDamper))
<BR><BR>[Stack]<UL><LI>Max Depth = 24<LI>Call Chain = _filter_StdDevDamper
</UL>
<BR>[Called By]<UL><LI><a href="#[b9]">&gt;&gt;</a>&nbsp;&nbsp;&nbsp;_filter_Start
</UL>

<P><STRONG><a name="[b7]"></a>_printf_core</STRONG> (Thumb, 996 bytes, Stack size 104 bytes, printf8.o(i._printf_core), UNUSED)
<BR><BR>[Calls]<UL><LI><a href="#[60]">&gt;&gt;</a>&nbsp;&nbsp;&nbsp;__aeabi_uldivmod
<LI><a href="#[bb]">&gt;&gt;</a>&nbsp;&nbsp;&nbsp;_printf_pre_padding
<LI><a href="#[bc]">&gt;&gt;</a>&nbsp;&nbsp;&nbsp;_printf_post_padding
</UL>
<BR>[Called By]<UL><LI><a href="#[b8]">&gt;&gt;</a>&nbsp;&nbsp;&nbsp;__0sprintf$8
<LI><a href="#[b6]">&gt;&gt;</a>&nbsp;&nbsp;&nbsp;__0printf$8
</UL>

<P><STRONG><a name="[bc]"></a>_printf_post_padding</STRONG> (Thumb, 36 bytes, Stack size 24 bytes, printf8.o(i._printf_post_padding), UNUSED)
<BR><BR>[Called By]<UL><LI><a href="#[b7]">&gt;&gt;</a>&nbsp;&nbsp;&nbsp;_printf_core
</UL>

<P><STRONG><a name="[bb]"></a>_printf_pre_padding</STRONG> (Thumb, 46 bytes, Stack size 24 bytes, printf8.o(i._printf_pre_padding), UNUSED)
<BR><BR>[Called By]<UL><LI><a href="#[b7]">&gt;&gt;</a>&nbsp;&nbsp;&nbsp;_printf_core
</UL>

<P><STRONG><a name="[50]"></a>_sputc</STRONG> (Thumb, 10 bytes, Stack size 0 bytes, printf8.o(i._sputc))
<BR><BR>[Called By]<UL><LI><a href="#[b8]">&gt;&gt;</a>&nbsp;&nbsp;&nbsp;__0sprintf$8
</UL>
<BR>[Address Reference Count : 1]<UL><LI> printf8.o(i.__0sprintf$8)
</UL><P>
<H3>
Undefined Global Symbols
</H3><HR></body></html>
