<!doctype html public "-//w3c//dtd html 4.0 transitional//en">
<html><head>
<title>Static Call Graph - [.\Objects\GD32F303VCT6.axf]</title></head>
<body><HR>
<H1>Static Call Graph for image .\Objects\GD32F303VCT6.axf</H1><HR>
<BR><P>#&#060CALLGRAPH&#062# ARM Linker, 5060750: Last Updated: Sat Oct 15 20:02:34 2022
<BR><P>
<H3>Maximum Stack Usage =       1120 bytes + Unknown(Functions without stacksize, Cycles, Untraceable Function Pointers)</H3><H3>
Call chain for Maximum Stack Depth:</H3>
DMA0_Channel4_IRQHandler &rArr; FIFO_Recv &rArr; FIFO_Add &rArr; FIFO_Available &rArr; FIFO_Count
<P>
<H3>
Functions with no stack information
</H3><UL>
 <LI><a href="#[6f]">Mem_Copy</a>
</UL>
</UL>
<P>
<H3>
Mutually Recursive functions
</H3> <LI><a href="#[22]">ADC0_1_IRQHandler</a>&nbsp;&nbsp;&nbsp;&rArr;&nbsp;&nbsp;&nbsp;<a href="#[22]">ADC0_1_IRQHandler</a><BR>
</UL>
<P>
<H3>
Function Pointers
</H3><UL>
 <LI><a href="#[22]">ADC0_1_IRQHandler</a> from startup_gd32f30x_cl.o(.text) referenced from startup_gd32f30x_cl.o(RESET)
 <LI><a href="#[a]">BusFault_Handler</a> from gd32f30x_it.o(i.BusFault_Handler) referenced from startup_gd32f30x_cl.o(RESET)
 <LI><a href="#[26]">CAN0_EWMC_IRQHandler</a> from startup_gd32f30x_cl.o(.text) referenced from startup_gd32f30x_cl.o(RESET)
 <LI><a href="#[24]">CAN0_RX0_IRQHandler</a> from startup_gd32f30x_cl.o(.text) referenced from startup_gd32f30x_cl.o(RESET)
 <LI><a href="#[25]">CAN0_RX1_IRQHandler</a> from startup_gd32f30x_cl.o(.text) referenced from startup_gd32f30x_cl.o(RESET)
 <LI><a href="#[23]">CAN0_TX_IRQHandler</a> from startup_gd32f30x_cl.o(.text) referenced from startup_gd32f30x_cl.o(RESET)
 <LI><a href="#[50]">CAN1_EWMC_IRQHandler</a> from startup_gd32f30x_cl.o(.text) referenced from startup_gd32f30x_cl.o(RESET)
 <LI><a href="#[4e]">CAN1_RX0_IRQHandler</a> from startup_gd32f30x_cl.o(.text) referenced from startup_gd32f30x_cl.o(RESET)
 <LI><a href="#[4f]">CAN1_RX1_IRQHandler</a> from startup_gd32f30x_cl.o(.text) referenced from startup_gd32f30x_cl.o(RESET)
 <LI><a href="#[4d]">CAN1_TX_IRQHandler</a> from startup_gd32f30x_cl.o(.text) referenced from startup_gd32f30x_cl.o(RESET)
 <LI><a href="#[59]">CommunicationTask</a> from main.o(i.CommunicationTask) referenced from main.o(i.InitTask)
 <LI><a href="#[2]">Control_Handler</a> from handler.o(i.Control_Handler) referenced 2 times from handler.o(.data)
 <LI><a href="#[1b]">DMA0_Channel0_IRQHandler</a> from startup_gd32f30x_cl.o(.text) referenced from startup_gd32f30x_cl.o(RESET)
 <LI><a href="#[1c]">DMA0_Channel1_IRQHandler</a> from startup_gd32f30x_cl.o(.text) referenced from startup_gd32f30x_cl.o(RESET)
 <LI><a href="#[1d]">DMA0_Channel2_IRQHandler</a> from startup_gd32f30x_cl.o(.text) referenced from startup_gd32f30x_cl.o(RESET)
 <LI><a href="#[1e]">DMA0_Channel3_IRQHandler</a> from usart.o(i.DMA0_Channel3_IRQHandler) referenced from startup_gd32f30x_cl.o(RESET)
 <LI><a href="#[1f]">DMA0_Channel4_IRQHandler</a> from usart.o(i.DMA0_Channel4_IRQHandler) referenced from startup_gd32f30x_cl.o(RESET)
 <LI><a href="#[20]">DMA0_Channel5_IRQHandler</a> from usart.o(i.DMA0_Channel5_IRQHandler) referenced from startup_gd32f30x_cl.o(RESET)
 <LI><a href="#[21]">DMA0_Channel6_IRQHandler</a> from usart.o(i.DMA0_Channel6_IRQHandler) referenced from startup_gd32f30x_cl.o(RESET)
 <LI><a href="#[46]">DMA1_Channel0_IRQHandler</a> from startup_gd32f30x_cl.o(.text) referenced from startup_gd32f30x_cl.o(RESET)
 <LI><a href="#[47]">DMA1_Channel1_IRQHandler</a> from startup_gd32f30x_cl.o(.text) referenced from startup_gd32f30x_cl.o(RESET)
 <LI><a href="#[48]">DMA1_Channel2_IRQHandler</a> from startup_gd32f30x_cl.o(.text) referenced from startup_gd32f30x_cl.o(RESET)
 <LI><a href="#[49]">DMA1_Channel3_IRQHandler</a> from startup_gd32f30x_cl.o(.text) referenced from startup_gd32f30x_cl.o(RESET)
 <LI><a href="#[4a]">DMA1_Channel4_IRQHandler</a> from startup_gd32f30x_cl.o(.text) referenced from startup_gd32f30x_cl.o(RESET)
 <LI><a href="#[d]">DebugMon_Handler</a> from gd32f30x_it.o(i.DebugMon_Handler) referenced from startup_gd32f30x_cl.o(RESET)
 <LI><a href="#[4b]">ENET_IRQHandler</a> from startup_gd32f30x_cl.o(.text) referenced from startup_gd32f30x_cl.o(RESET)
 <LI><a href="#[4c]">ENET_WKUP_IRQHandler</a> from startup_gd32f30x_cl.o(.text) referenced from startup_gd32f30x_cl.o(RESET)
 <LI><a href="#[3f]">EXMC_IRQHandler</a> from startup_gd32f30x_cl.o(.text) referenced from startup_gd32f30x_cl.o(RESET)
 <LI><a href="#[16]">EXTI0_IRQHandler</a> from startup_gd32f30x_cl.o(.text) referenced from startup_gd32f30x_cl.o(RESET)
 <LI><a href="#[38]">EXTI10_15_IRQHandler</a> from startup_gd32f30x_cl.o(.text) referenced from startup_gd32f30x_cl.o(RESET)
 <LI><a href="#[17]">EXTI1_IRQHandler</a> from exti.o(i.EXTI1_IRQHandler) referenced from startup_gd32f30x_cl.o(RESET)
 <LI><a href="#[18]">EXTI2_IRQHandler</a> from startup_gd32f30x_cl.o(.text) referenced from startup_gd32f30x_cl.o(RESET)
 <LI><a href="#[19]">EXTI3_IRQHandler</a> from startup_gd32f30x_cl.o(.text) referenced from startup_gd32f30x_cl.o(RESET)
 <LI><a href="#[1a]">EXTI4_IRQHandler</a> from startup_gd32f30x_cl.o(.text) referenced from startup_gd32f30x_cl.o(RESET)
 <LI><a href="#[27]">EXTI5_9_IRQHandler</a> from switch.o(i.EXTI5_9_IRQHandler) referenced from startup_gd32f30x_cl.o(RESET)
 <LI><a href="#[58]">EmergencyTask</a> from main.o(i.EmergencyTask) referenced from main.o(i.InitTask)
 <LI><a href="#[14]">FMC_IRQHandler</a> from startup_gd32f30x_cl.o(.text) referenced from startup_gd32f30x_cl.o(RESET)
 <LI><a href="#[8]">HardFault_Handler</a> from gd32f30x_it.o(i.HardFault_Handler) referenced from startup_gd32f30x_cl.o(RESET)
 <LI><a href="#[30]">I2C0_ER_IRQHandler</a> from startup_gd32f30x_cl.o(.text) referenced from startup_gd32f30x_cl.o(RESET)
 <LI><a href="#[2f]">I2C0_EV_IRQHandler</a> from startup_gd32f30x_cl.o(.text) referenced from startup_gd32f30x_cl.o(RESET)
 <LI><a href="#[32]">I2C1_ER_IRQHandler</a> from startup_gd32f30x_cl.o(.text) referenced from startup_gd32f30x_cl.o(RESET)
 <LI><a href="#[31]">I2C1_EV_IRQHandler</a> from startup_gd32f30x_cl.o(.text) referenced from startup_gd32f30x_cl.o(RESET)
 <LI><a href="#[5c]">InitTask</a> from main.o(i.InitTask) referenced from main.o(i.main)
 <LI><a href="#[1]">Inquire_Handler</a> from handler.o(i.Inquire_Handler) referenced 2 times from handler.o(.data)
 <LI><a href="#[5e]">KeyCallback</a> from switch.o(i.KeyCallback) referenced from switch.o(i.switch_init)
 <LI><a href="#[11]">LVD_IRQHandler</a> from startup_gd32f30x_cl.o(.text) referenced from startup_gd32f30x_cl.o(RESET)
 <LI><a href="#[9]">MemManage_Handler</a> from gd32f30x_it.o(i.MemManage_Handler) referenced from startup_gd32f30x_cl.o(RESET)
 <LI><a href="#[7]">NMI_Handler</a> from gd32f30x_it.o(i.NMI_Handler) referenced from startup_gd32f30x_cl.o(RESET)
 <LI><a href="#[5]">OTA_Handler</a> from handler.o(i.OTA_Handler) referenced 2 times from handler.o(.data)
 <LI><a href="#[0]">Online_Handler</a> from handler.o(i.Online_Handler) referenced 2 times from handler.o(.data)
 <LI><a href="#[e]">PendSV_Handler</a> from port.o(.emb_text) referenced from startup_gd32f30x_cl.o(RESET)
 <LI><a href="#[15]">RCU_CTC_IRQHandler</a> from startup_gd32f30x_cl.o(.text) referenced from startup_gd32f30x_cl.o(RESET)
 <LI><a href="#[39]">RTC_Alarm_IRQHandler</a> from startup_gd32f30x_cl.o(.text) referenced from startup_gd32f30x_cl.o(RESET)
 <LI><a href="#[13]">RTC_IRQHandler</a> from startup_gd32f30x_cl.o(.text) referenced from startup_gd32f30x_cl.o(RESET)
 <LI><a href="#[6]">Reset_Handler</a> from startup_gd32f30x_cl.o(.text) referenced from startup_gd32f30x_cl.o(RESET)
 <LI><a href="#[33]">SPI0_IRQHandler</a> from startup_gd32f30x_cl.o(.text) referenced from startup_gd32f30x_cl.o(RESET)
 <LI><a href="#[34]">SPI1_IRQHandler</a> from startup_gd32f30x_cl.o(.text) referenced from startup_gd32f30x_cl.o(RESET)
 <LI><a href="#[41]">SPI2_IRQHandler</a> from startup_gd32f30x_cl.o(.text) referenced from startup_gd32f30x_cl.o(RESET)
 <LI><a href="#[c]">SVC_Handler</a> from port.o(.emb_text) referenced from startup_gd32f30x_cl.o(RESET)
 <LI><a href="#[f]">SysTick_Handler</a> from port.o(i.SysTick_Handler) referenced from startup_gd32f30x_cl.o(RESET)
 <LI><a href="#[53]">SystemInit</a> from system_gd32f30x.o(i.SystemInit) referenced from startup_gd32f30x_cl.o(.text)
 <LI><a href="#[12]">TAMPER_IRQHandler</a> from startup_gd32f30x_cl.o(.text) referenced from startup_gd32f30x_cl.o(RESET)
 <LI><a href="#[28]">TIMER0_BRK_TIMER8_IRQHandler</a> from startup_gd32f30x_cl.o(.text) referenced from startup_gd32f30x_cl.o(RESET)
 <LI><a href="#[2b]">TIMER0_Channel_IRQHandler</a> from startup_gd32f30x_cl.o(.text) referenced from startup_gd32f30x_cl.o(RESET)
 <LI><a href="#[2a]">TIMER0_TRG_CMT_TIMER10_IRQHandler</a> from startup_gd32f30x_cl.o(.text) referenced from startup_gd32f30x_cl.o(RESET)
 <LI><a href="#[29]">TIMER0_UP_TIMER9_IRQHandler</a> from startup_gd32f30x_cl.o(.text) referenced from startup_gd32f30x_cl.o(RESET)
 <LI><a href="#[2c]">TIMER1_IRQHandler</a> from timer.o(i.TIMER1_IRQHandler) referenced from startup_gd32f30x_cl.o(RESET)
 <LI><a href="#[2d]">TIMER2_IRQHandler</a> from startup_gd32f30x_cl.o(.text) referenced from startup_gd32f30x_cl.o(RESET)
 <LI><a href="#[2e]">TIMER3_IRQHandler</a> from startup_gd32f30x_cl.o(.text) referenced from startup_gd32f30x_cl.o(RESET)
 <LI><a href="#[40]">TIMER4_IRQHandler</a> from startup_gd32f30x_cl.o(.text) referenced from startup_gd32f30x_cl.o(RESET)
 <LI><a href="#[44]">TIMER5_IRQHandler</a> from startup_gd32f30x_cl.o(.text) referenced from startup_gd32f30x_cl.o(RESET)
 <LI><a href="#[45]">TIMER6_IRQHandler</a> from startup_gd32f30x_cl.o(.text) referenced from startup_gd32f30x_cl.o(RESET)
 <LI><a href="#[3b]">TIMER7_BRK_TIMER11_IRQHandler</a> from startup_gd32f30x_cl.o(.text) referenced from startup_gd32f30x_cl.o(RESET)
 <LI><a href="#[3e]">TIMER7_Channel_IRQHandler</a> from startup_gd32f30x_cl.o(.text) referenced from startup_gd32f30x_cl.o(RESET)
 <LI><a href="#[3d]">TIMER7_TRG_CMT_TIMER13_IRQHandler</a> from startup_gd32f30x_cl.o(.text) referenced from startup_gd32f30x_cl.o(RESET)
 <LI><a href="#[3c]">TIMER7_UP_TIMER12_IRQHandler</a> from startup_gd32f30x_cl.o(.text) referenced from startup_gd32f30x_cl.o(RESET)
 <LI><a href="#[3]">Timing_Handler</a> from handler.o(i.Timing_Handler) referenced 2 times from handler.o(.data)
 <LI><a href="#[42]">UART3_IRQHandler</a> from startup_gd32f30x_cl.o(.text) referenced from startup_gd32f30x_cl.o(RESET)
 <LI><a href="#[43]">UART4_IRQHandler</a> from startup_gd32f30x_cl.o(.text) referenced from startup_gd32f30x_cl.o(RESET)
 <LI><a href="#[35]">USART0_IRQHandler</a> from usart.o(i.USART0_IRQHandler) referenced from startup_gd32f30x_cl.o(RESET)
 <LI><a href="#[36]">USART1_IRQHandler</a> from usart.o(i.USART1_IRQHandler) referenced from startup_gd32f30x_cl.o(RESET)
 <LI><a href="#[37]">USART2_IRQHandler</a> from startup_gd32f30x_cl.o(.text) referenced from startup_gd32f30x_cl.o(RESET)
 <LI><a href="#[51]">USBFS_IRQHandler</a> from startup_gd32f30x_cl.o(.text) referenced from startup_gd32f30x_cl.o(RESET)
 <LI><a href="#[3a]">USBFS_WKUP_IRQHandler</a> from startup_gd32f30x_cl.o(.text) referenced from startup_gd32f30x_cl.o(RESET)
 <LI><a href="#[4]">Upload_Handler</a> from handler.o(i.Upload_Handler) referenced 2 times from handler.o(.data)
 <LI><a href="#[b]">UsageFault_Handler</a> from gd32f30x_it.o(i.UsageFault_Handler) referenced from startup_gd32f30x_cl.o(RESET)
 <LI><a href="#[57]">VL6180xTask</a> from main.o(i.VL6180xTask) referenced from main.o(i.InitTask)
 <LI><a href="#[10]">WWDGT_IRQHandler</a> from startup_gd32f30x_cl.o(.text) referenced from startup_gd32f30x_cl.o(RESET)
 <LI><a href="#[54]">__main</a> from entry.o(.ARM.Collect$$$$00000000) referenced from startup_gd32f30x_cl.o(.text)
 <LI><a href="#[5b]">_sputc</a> from printf8.o(i._sputc) referenced from printf8.o(i.__0sprintf$8)
 <LI><a href="#[5a]">fputc</a> from print.o(i.fputc) referenced from printf8.o(i.__0printf$8)
 <LI><a href="#[52]">main</a> from main.o(i.main) referenced from entry9a.o(.ARM.Collect$$$$0000000B)
 <LI><a href="#[5f]">prvIdleTask</a> from tasks.o(i.prvIdleTask) referenced from tasks.o(i.vTaskStartScheduler)
 <LI><a href="#[5d]">prvTaskExitError</a> from port.o(i.prvTaskExitError) referenced from port.o(i.pxPortInitialiseStack)
 <LI><a href="#[60]">prvTimerTask</a> from timers.o(i.prvTimerTask) referenced from timers.o(i.xTimerCreateTimerTask)
 <LI><a href="#[55]">usart1_dma_recv</a> from usart.o(i.usart1_dma_recv) referenced from main.o(i.InitTask)
 <LI><a href="#[56]">usart1_dma_send</a> from usart.o(i.usart1_dma_send) referenced from main.o(i.InitTask)
</UL>
<P>
<H3>
Global Symbols
</H3>
<P><STRONG><a name="[54]"></a>__main</STRONG> (Thumb, 0 bytes, Stack size unknown bytes, entry.o(.ARM.Collect$$$$00000000))
<BR>[Address Reference Count : 1]<UL><LI> startup_gd32f30x_cl.o(.text)
</UL>
<P><STRONG><a name="[151]"></a>_main_stk</STRONG> (Thumb, 0 bytes, Stack size unknown bytes, entry2.o(.ARM.Collect$$$$00000001))

<P><STRONG><a name="[61]"></a>_main_scatterload</STRONG> (Thumb, 0 bytes, Stack size unknown bytes, entry5.o(.ARM.Collect$$$$00000004))
<BR><BR>[Calls]<UL><LI><a href="#[62]">&gt;&gt;</a>&nbsp;&nbsp;&nbsp;__scatterload
</UL>

<P><STRONG><a name="[6a]"></a>__main_after_scatterload</STRONG> (Thumb, 0 bytes, Stack size unknown bytes, entry5.o(.ARM.Collect$$$$00000004))
<BR><BR>[Called By]<UL><LI><a href="#[62]">&gt;&gt;</a>&nbsp;&nbsp;&nbsp;__scatterload
</UL>

<P><STRONG><a name="[152]"></a>_main_clock</STRONG> (Thumb, 0 bytes, Stack size unknown bytes, entry7b.o(.ARM.Collect$$$$00000008))

<P><STRONG><a name="[153]"></a>_main_cpp_init</STRONG> (Thumb, 0 bytes, Stack size unknown bytes, entry8b.o(.ARM.Collect$$$$0000000A))

<P><STRONG><a name="[154]"></a>_main_init</STRONG> (Thumb, 0 bytes, Stack size unknown bytes, entry9a.o(.ARM.Collect$$$$0000000B))

<P><STRONG><a name="[155]"></a>__rt_final_cpp</STRONG> (Thumb, 0 bytes, Stack size unknown bytes, entry10a.o(.ARM.Collect$$$$0000000D))

<P><STRONG><a name="[156]"></a>__rt_final_exit</STRONG> (Thumb, 0 bytes, Stack size unknown bytes, entry11a.o(.ARM.Collect$$$$0000000F))

<P><STRONG><a name="[c]"></a>SVC_Handler</STRONG> (Thumb, 28 bytes, Stack size 0 bytes, port.o(.emb_text))
<BR>[Address Reference Count : 1]<UL><LI> startup_gd32f30x_cl.o(RESET)
</UL>
<P><STRONG><a name="[147]"></a>__asm___6_port_c_39a90d8d__prvStartFirstTask</STRONG> (Thumb, 36 bytes, Stack size 0 bytes, port.o(.emb_text))
<BR><BR>[Called By]<UL><LI><a href="#[144]">&gt;&gt;</a>&nbsp;&nbsp;&nbsp;xPortStartScheduler
</UL>

<P><STRONG><a name="[146]"></a>__asm___6_port_c_39a90d8d__prvEnableVFP</STRONG> (Thumb, 16 bytes, Stack size 0 bytes, port.o(.emb_text))
<BR><BR>[Called By]<UL><LI><a href="#[144]">&gt;&gt;</a>&nbsp;&nbsp;&nbsp;xPortStartScheduler
</UL>

<P><STRONG><a name="[e]"></a>PendSV_Handler</STRONG> (Thumb, 88 bytes, Stack size 0 bytes, port.o(.emb_text))
<BR><BR>[Calls]<UL><LI><a href="#[63]">&gt;&gt;</a>&nbsp;&nbsp;&nbsp;vTaskSwitchContext
</UL>
<BR>[Address Reference Count : 1]<UL><LI> startup_gd32f30x_cl.o(RESET)
</UL>
<P><STRONG><a name="[13f]"></a>vPortGetIPSR</STRONG> (Thumb, 6 bytes, Stack size 0 bytes, port.o(.emb_text))
<BR><BR>[Called By]<UL><LI><a href="#[13e]">&gt;&gt;</a>&nbsp;&nbsp;&nbsp;vPortValidateInterruptPriority
</UL>

<P><STRONG><a name="[6]"></a>Reset_Handler</STRONG> (Thumb, 8 bytes, Stack size 0 bytes, startup_gd32f30x_cl.o(.text))
<BR>[Address Reference Count : 1]<UL><LI> startup_gd32f30x_cl.o(RESET)
</UL>
<P><STRONG><a name="[22]"></a>ADC0_1_IRQHandler</STRONG> (Thumb, 0 bytes, Stack size 0 bytes, startup_gd32f30x_cl.o(.text))
<BR><BR>[Calls]<UL><LI><a href="#[22]">&gt;&gt;</a>&nbsp;&nbsp;&nbsp;ADC0_1_IRQHandler
</UL>
<BR>[Called By]<UL><LI><a href="#[22]">&gt;&gt;</a>&nbsp;&nbsp;&nbsp;ADC0_1_IRQHandler
</UL>
<BR>[Address Reference Count : 1]<UL><LI> startup_gd32f30x_cl.o(RESET)
</UL>
<P><STRONG><a name="[26]"></a>CAN0_EWMC_IRQHandler</STRONG> (Thumb, 0 bytes, Stack size 0 bytes, startup_gd32f30x_cl.o(.text))
<BR>[Address Reference Count : 1]<UL><LI> startup_gd32f30x_cl.o(RESET)
</UL>
<P><STRONG><a name="[24]"></a>CAN0_RX0_IRQHandler</STRONG> (Thumb, 0 bytes, Stack size 0 bytes, startup_gd32f30x_cl.o(.text))
<BR>[Address Reference Count : 1]<UL><LI> startup_gd32f30x_cl.o(RESET)
</UL>
<P><STRONG><a name="[25]"></a>CAN0_RX1_IRQHandler</STRONG> (Thumb, 0 bytes, Stack size 0 bytes, startup_gd32f30x_cl.o(.text))
<BR>[Address Reference Count : 1]<UL><LI> startup_gd32f30x_cl.o(RESET)
</UL>
<P><STRONG><a name="[23]"></a>CAN0_TX_IRQHandler</STRONG> (Thumb, 0 bytes, Stack size 0 bytes, startup_gd32f30x_cl.o(.text))
<BR>[Address Reference Count : 1]<UL><LI> startup_gd32f30x_cl.o(RESET)
</UL>
<P><STRONG><a name="[50]"></a>CAN1_EWMC_IRQHandler</STRONG> (Thumb, 0 bytes, Stack size 0 bytes, startup_gd32f30x_cl.o(.text))
<BR>[Address Reference Count : 1]<UL><LI> startup_gd32f30x_cl.o(RESET)
</UL>
<P><STRONG><a name="[4e]"></a>CAN1_RX0_IRQHandler</STRONG> (Thumb, 0 bytes, Stack size 0 bytes, startup_gd32f30x_cl.o(.text))
<BR>[Address Reference Count : 1]<UL><LI> startup_gd32f30x_cl.o(RESET)
</UL>
<P><STRONG><a name="[4f]"></a>CAN1_RX1_IRQHandler</STRONG> (Thumb, 0 bytes, Stack size 0 bytes, startup_gd32f30x_cl.o(.text))
<BR>[Address Reference Count : 1]<UL><LI> startup_gd32f30x_cl.o(RESET)
</UL>
<P><STRONG><a name="[4d]"></a>CAN1_TX_IRQHandler</STRONG> (Thumb, 0 bytes, Stack size 0 bytes, startup_gd32f30x_cl.o(.text))
<BR>[Address Reference Count : 1]<UL><LI> startup_gd32f30x_cl.o(RESET)
</UL>
<P><STRONG><a name="[1b]"></a>DMA0_Channel0_IRQHandler</STRONG> (Thumb, 0 bytes, Stack size 0 bytes, startup_gd32f30x_cl.o(.text))
<BR>[Address Reference Count : 1]<UL><LI> startup_gd32f30x_cl.o(RESET)
</UL>
<P><STRONG><a name="[1c]"></a>DMA0_Channel1_IRQHandler</STRONG> (Thumb, 0 bytes, Stack size 0 bytes, startup_gd32f30x_cl.o(.text))
<BR>[Address Reference Count : 1]<UL><LI> startup_gd32f30x_cl.o(RESET)
</UL>
<P><STRONG><a name="[1d]"></a>DMA0_Channel2_IRQHandler</STRONG> (Thumb, 0 bytes, Stack size 0 bytes, startup_gd32f30x_cl.o(.text))
<BR>[Address Reference Count : 1]<UL><LI> startup_gd32f30x_cl.o(RESET)
</UL>
<P><STRONG><a name="[46]"></a>DMA1_Channel0_IRQHandler</STRONG> (Thumb, 0 bytes, Stack size 0 bytes, startup_gd32f30x_cl.o(.text))
<BR>[Address Reference Count : 1]<UL><LI> startup_gd32f30x_cl.o(RESET)
</UL>
<P><STRONG><a name="[47]"></a>DMA1_Channel1_IRQHandler</STRONG> (Thumb, 0 bytes, Stack size 0 bytes, startup_gd32f30x_cl.o(.text))
<BR>[Address Reference Count : 1]<UL><LI> startup_gd32f30x_cl.o(RESET)
</UL>
<P><STRONG><a name="[48]"></a>DMA1_Channel2_IRQHandler</STRONG> (Thumb, 0 bytes, Stack size 0 bytes, startup_gd32f30x_cl.o(.text))
<BR>[Address Reference Count : 1]<UL><LI> startup_gd32f30x_cl.o(RESET)
</UL>
<P><STRONG><a name="[49]"></a>DMA1_Channel3_IRQHandler</STRONG> (Thumb, 0 bytes, Stack size 0 bytes, startup_gd32f30x_cl.o(.text))
<BR>[Address Reference Count : 1]<UL><LI> startup_gd32f30x_cl.o(RESET)
</UL>
<P><STRONG><a name="[4a]"></a>DMA1_Channel4_IRQHandler</STRONG> (Thumb, 0 bytes, Stack size 0 bytes, startup_gd32f30x_cl.o(.text))
<BR>[Address Reference Count : 1]<UL><LI> startup_gd32f30x_cl.o(RESET)
</UL>
<P><STRONG><a name="[4b]"></a>ENET_IRQHandler</STRONG> (Thumb, 0 bytes, Stack size 0 bytes, startup_gd32f30x_cl.o(.text))
<BR>[Address Reference Count : 1]<UL><LI> startup_gd32f30x_cl.o(RESET)
</UL>
<P><STRONG><a name="[4c]"></a>ENET_WKUP_IRQHandler</STRONG> (Thumb, 0 bytes, Stack size 0 bytes, startup_gd32f30x_cl.o(.text))
<BR>[Address Reference Count : 1]<UL><LI> startup_gd32f30x_cl.o(RESET)
</UL>
<P><STRONG><a name="[3f]"></a>EXMC_IRQHandler</STRONG> (Thumb, 0 bytes, Stack size 0 bytes, startup_gd32f30x_cl.o(.text))
<BR>[Address Reference Count : 1]<UL><LI> startup_gd32f30x_cl.o(RESET)
</UL>
<P><STRONG><a name="[16]"></a>EXTI0_IRQHandler</STRONG> (Thumb, 0 bytes, Stack size 0 bytes, startup_gd32f30x_cl.o(.text))
<BR>[Address Reference Count : 1]<UL><LI> startup_gd32f30x_cl.o(RESET)
</UL>
<P><STRONG><a name="[38]"></a>EXTI10_15_IRQHandler</STRONG> (Thumb, 0 bytes, Stack size 0 bytes, startup_gd32f30x_cl.o(.text))
<BR>[Address Reference Count : 1]<UL><LI> startup_gd32f30x_cl.o(RESET)
</UL>
<P><STRONG><a name="[18]"></a>EXTI2_IRQHandler</STRONG> (Thumb, 0 bytes, Stack size 0 bytes, startup_gd32f30x_cl.o(.text))
<BR>[Address Reference Count : 1]<UL><LI> startup_gd32f30x_cl.o(RESET)
</UL>
<P><STRONG><a name="[19]"></a>EXTI3_IRQHandler</STRONG> (Thumb, 0 bytes, Stack size 0 bytes, startup_gd32f30x_cl.o(.text))
<BR>[Address Reference Count : 1]<UL><LI> startup_gd32f30x_cl.o(RESET)
</UL>
<P><STRONG><a name="[1a]"></a>EXTI4_IRQHandler</STRONG> (Thumb, 0 bytes, Stack size 0 bytes, startup_gd32f30x_cl.o(.text))
<BR>[Address Reference Count : 1]<UL><LI> startup_gd32f30x_cl.o(RESET)
</UL>
<P><STRONG><a name="[14]"></a>FMC_IRQHandler</STRONG> (Thumb, 0 bytes, Stack size 0 bytes, startup_gd32f30x_cl.o(.text))
<BR>[Address Reference Count : 1]<UL><LI> startup_gd32f30x_cl.o(RESET)
</UL>
<P><STRONG><a name="[30]"></a>I2C0_ER_IRQHandler</STRONG> (Thumb, 0 bytes, Stack size 0 bytes, startup_gd32f30x_cl.o(.text))
<BR>[Address Reference Count : 1]<UL><LI> startup_gd32f30x_cl.o(RESET)
</UL>
<P><STRONG><a name="[2f]"></a>I2C0_EV_IRQHandler</STRONG> (Thumb, 0 bytes, Stack size 0 bytes, startup_gd32f30x_cl.o(.text))
<BR>[Address Reference Count : 1]<UL><LI> startup_gd32f30x_cl.o(RESET)
</UL>
<P><STRONG><a name="[32]"></a>I2C1_ER_IRQHandler</STRONG> (Thumb, 0 bytes, Stack size 0 bytes, startup_gd32f30x_cl.o(.text))
<BR>[Address Reference Count : 1]<UL><LI> startup_gd32f30x_cl.o(RESET)
</UL>
<P><STRONG><a name="[31]"></a>I2C1_EV_IRQHandler</STRONG> (Thumb, 0 bytes, Stack size 0 bytes, startup_gd32f30x_cl.o(.text))
<BR>[Address Reference Count : 1]<UL><LI> startup_gd32f30x_cl.o(RESET)
</UL>
<P><STRONG><a name="[11]"></a>LVD_IRQHandler</STRONG> (Thumb, 0 bytes, Stack size 0 bytes, startup_gd32f30x_cl.o(.text))
<BR>[Address Reference Count : 1]<UL><LI> startup_gd32f30x_cl.o(RESET)
</UL>
<P><STRONG><a name="[15]"></a>RCU_CTC_IRQHandler</STRONG> (Thumb, 0 bytes, Stack size 0 bytes, startup_gd32f30x_cl.o(.text))
<BR>[Address Reference Count : 1]<UL><LI> startup_gd32f30x_cl.o(RESET)
</UL>
<P><STRONG><a name="[39]"></a>RTC_Alarm_IRQHandler</STRONG> (Thumb, 0 bytes, Stack size 0 bytes, startup_gd32f30x_cl.o(.text))
<BR>[Address Reference Count : 1]<UL><LI> startup_gd32f30x_cl.o(RESET)
</UL>
<P><STRONG><a name="[13]"></a>RTC_IRQHandler</STRONG> (Thumb, 0 bytes, Stack size 0 bytes, startup_gd32f30x_cl.o(.text))
<BR>[Address Reference Count : 1]<UL><LI> startup_gd32f30x_cl.o(RESET)
</UL>
<P><STRONG><a name="[33]"></a>SPI0_IRQHandler</STRONG> (Thumb, 0 bytes, Stack size 0 bytes, startup_gd32f30x_cl.o(.text))
<BR>[Address Reference Count : 1]<UL><LI> startup_gd32f30x_cl.o(RESET)
</UL>
<P><STRONG><a name="[34]"></a>SPI1_IRQHandler</STRONG> (Thumb, 0 bytes, Stack size 0 bytes, startup_gd32f30x_cl.o(.text))
<BR>[Address Reference Count : 1]<UL><LI> startup_gd32f30x_cl.o(RESET)
</UL>
<P><STRONG><a name="[41]"></a>SPI2_IRQHandler</STRONG> (Thumb, 0 bytes, Stack size 0 bytes, startup_gd32f30x_cl.o(.text))
<BR>[Address Reference Count : 1]<UL><LI> startup_gd32f30x_cl.o(RESET)
</UL>
<P><STRONG><a name="[12]"></a>TAMPER_IRQHandler</STRONG> (Thumb, 0 bytes, Stack size 0 bytes, startup_gd32f30x_cl.o(.text))
<BR>[Address Reference Count : 1]<UL><LI> startup_gd32f30x_cl.o(RESET)
</UL>
<P><STRONG><a name="[28]"></a>TIMER0_BRK_TIMER8_IRQHandler</STRONG> (Thumb, 0 bytes, Stack size 0 bytes, startup_gd32f30x_cl.o(.text))
<BR>[Address Reference Count : 1]<UL><LI> startup_gd32f30x_cl.o(RESET)
</UL>
<P><STRONG><a name="[2b]"></a>TIMER0_Channel_IRQHandler</STRONG> (Thumb, 0 bytes, Stack size 0 bytes, startup_gd32f30x_cl.o(.text))
<BR>[Address Reference Count : 1]<UL><LI> startup_gd32f30x_cl.o(RESET)
</UL>
<P><STRONG><a name="[2a]"></a>TIMER0_TRG_CMT_TIMER10_IRQHandler</STRONG> (Thumb, 0 bytes, Stack size 0 bytes, startup_gd32f30x_cl.o(.text))
<BR>[Address Reference Count : 1]<UL><LI> startup_gd32f30x_cl.o(RESET)
</UL>
<P><STRONG><a name="[29]"></a>TIMER0_UP_TIMER9_IRQHandler</STRONG> (Thumb, 0 bytes, Stack size 0 bytes, startup_gd32f30x_cl.o(.text))
<BR>[Address Reference Count : 1]<UL><LI> startup_gd32f30x_cl.o(RESET)
</UL>
<P><STRONG><a name="[2d]"></a>TIMER2_IRQHandler</STRONG> (Thumb, 0 bytes, Stack size 0 bytes, startup_gd32f30x_cl.o(.text))
<BR>[Address Reference Count : 1]<UL><LI> startup_gd32f30x_cl.o(RESET)
</UL>
<P><STRONG><a name="[2e]"></a>TIMER3_IRQHandler</STRONG> (Thumb, 0 bytes, Stack size 0 bytes, startup_gd32f30x_cl.o(.text))
<BR>[Address Reference Count : 1]<UL><LI> startup_gd32f30x_cl.o(RESET)
</UL>
<P><STRONG><a name="[40]"></a>TIMER4_IRQHandler</STRONG> (Thumb, 0 bytes, Stack size 0 bytes, startup_gd32f30x_cl.o(.text))
<BR>[Address Reference Count : 1]<UL><LI> startup_gd32f30x_cl.o(RESET)
</UL>
<P><STRONG><a name="[44]"></a>TIMER5_IRQHandler</STRONG> (Thumb, 0 bytes, Stack size 0 bytes, startup_gd32f30x_cl.o(.text))
<BR>[Address Reference Count : 1]<UL><LI> startup_gd32f30x_cl.o(RESET)
</UL>
<P><STRONG><a name="[45]"></a>TIMER6_IRQHandler</STRONG> (Thumb, 0 bytes, Stack size 0 bytes, startup_gd32f30x_cl.o(.text))
<BR>[Address Reference Count : 1]<UL><LI> startup_gd32f30x_cl.o(RESET)
</UL>
<P><STRONG><a name="[3b]"></a>TIMER7_BRK_TIMER11_IRQHandler</STRONG> (Thumb, 0 bytes, Stack size 0 bytes, startup_gd32f30x_cl.o(.text))
<BR>[Address Reference Count : 1]<UL><LI> startup_gd32f30x_cl.o(RESET)
</UL>
<P><STRONG><a name="[3e]"></a>TIMER7_Channel_IRQHandler</STRONG> (Thumb, 0 bytes, Stack size 0 bytes, startup_gd32f30x_cl.o(.text))
<BR>[Address Reference Count : 1]<UL><LI> startup_gd32f30x_cl.o(RESET)
</UL>
<P><STRONG><a name="[3d]"></a>TIMER7_TRG_CMT_TIMER13_IRQHandler</STRONG> (Thumb, 0 bytes, Stack size 0 bytes, startup_gd32f30x_cl.o(.text))
<BR>[Address Reference Count : 1]<UL><LI> startup_gd32f30x_cl.o(RESET)
</UL>
<P><STRONG><a name="[3c]"></a>TIMER7_UP_TIMER12_IRQHandler</STRONG> (Thumb, 0 bytes, Stack size 0 bytes, startup_gd32f30x_cl.o(.text))
<BR>[Address Reference Count : 1]<UL><LI> startup_gd32f30x_cl.o(RESET)
</UL>
<P><STRONG><a name="[42]"></a>UART3_IRQHandler</STRONG> (Thumb, 0 bytes, Stack size 0 bytes, startup_gd32f30x_cl.o(.text))
<BR>[Address Reference Count : 1]<UL><LI> startup_gd32f30x_cl.o(RESET)
</UL>
<P><STRONG><a name="[43]"></a>UART4_IRQHandler</STRONG> (Thumb, 0 bytes, Stack size 0 bytes, startup_gd32f30x_cl.o(.text))
<BR>[Address Reference Count : 1]<UL><LI> startup_gd32f30x_cl.o(RESET)
</UL>
<P><STRONG><a name="[37]"></a>USART2_IRQHandler</STRONG> (Thumb, 0 bytes, Stack size 0 bytes, startup_gd32f30x_cl.o(.text))
<BR>[Address Reference Count : 1]<UL><LI> startup_gd32f30x_cl.o(RESET)
</UL>
<P><STRONG><a name="[51]"></a>USBFS_IRQHandler</STRONG> (Thumb, 0 bytes, Stack size 0 bytes, startup_gd32f30x_cl.o(.text))
<BR>[Address Reference Count : 1]<UL><LI> startup_gd32f30x_cl.o(RESET)
</UL>
<P><STRONG><a name="[3a]"></a>USBFS_WKUP_IRQHandler</STRONG> (Thumb, 0 bytes, Stack size 0 bytes, startup_gd32f30x_cl.o(.text))
<BR>[Address Reference Count : 1]<UL><LI> startup_gd32f30x_cl.o(RESET)
</UL>
<P><STRONG><a name="[10]"></a>WWDGT_IRQHandler</STRONG> (Thumb, 0 bytes, Stack size 0 bytes, startup_gd32f30x_cl.o(.text))
<BR>[Address Reference Count : 1]<UL><LI> startup_gd32f30x_cl.o(RESET)
</UL>
<P><STRONG><a name="[6f]"></a>Mem_Copy</STRONG> (Thumb, 0 bytes, Stack size unknown bytes, lib_mem_a.o(.text))
<BR><BR>[Called By]<UL><LI><a href="#[55]">&gt;&gt;</a>&nbsp;&nbsp;&nbsp;usart1_dma_recv
<LI><a href="#[79]">&gt;&gt;</a>&nbsp;&nbsp;&nbsp;Download2Flash
<LI><a href="#[6e]">&gt;&gt;</a>&nbsp;&nbsp;&nbsp;Create_Date_Frame
</UL>

<P><STRONG><a name="[11b]"></a>__aeabi_memcpy</STRONG> (Thumb, 36 bytes, Stack size 0 bytes, memcpya.o(.text))
<BR><BR>[Called By]<UL><LI><a href="#[11c]">&gt;&gt;</a>&nbsp;&nbsp;&nbsp;prvCopyDataToQueue
<LI><a href="#[11a]">&gt;&gt;</a>&nbsp;&nbsp;&nbsp;prvCopyDataFromQueue
</UL>

<P><STRONG><a name="[157]"></a>__aeabi_memcpy4</STRONG> (Thumb, 0 bytes, Stack size 0 bytes, memcpya.o(.text), UNUSED)

<P><STRONG><a name="[158]"></a>__aeabi_memcpy8</STRONG> (Thumb, 0 bytes, Stack size 0 bytes, memcpya.o(.text), UNUSED)

<P><STRONG><a name="[65]"></a>__aeabi_memset</STRONG> (Thumb, 14 bytes, Stack size 0 bytes, memseta.o(.text))
<BR><BR>[Called By]<UL><LI><a href="#[121]">&gt;&gt;</a>&nbsp;&nbsp;&nbsp;prvInitialiseNewTask
<LI><a href="#[66]">&gt;&gt;</a>&nbsp;&nbsp;&nbsp;memset
<LI><a href="#[64]">&gt;&gt;</a>&nbsp;&nbsp;&nbsp;__aeabi_memclr
</UL>

<P><STRONG><a name="[159]"></a>__aeabi_memset4</STRONG> (Thumb, 0 bytes, Stack size 0 bytes, memseta.o(.text), UNUSED)

<P><STRONG><a name="[15a]"></a>__aeabi_memset8</STRONG> (Thumb, 0 bytes, Stack size 0 bytes, memseta.o(.text), UNUSED)

<P><STRONG><a name="[64]"></a>__aeabi_memclr</STRONG> (Thumb, 4 bytes, Stack size 0 bytes, memseta.o(.text), UNUSED)
<BR><BR>[Calls]<UL><LI><a href="#[65]">&gt;&gt;</a>&nbsp;&nbsp;&nbsp;__aeabi_memset
</UL>

<P><STRONG><a name="[15b]"></a>__aeabi_memclr4</STRONG> (Thumb, 0 bytes, Stack size 0 bytes, memseta.o(.text), UNUSED)

<P><STRONG><a name="[15c]"></a>__aeabi_memclr8</STRONG> (Thumb, 0 bytes, Stack size 0 bytes, memseta.o(.text), UNUSED)

<P><STRONG><a name="[66]"></a>memset</STRONG> (Thumb, 18 bytes, Stack size 8 bytes, memseta.o(.text), UNUSED)
<BR><BR>[Calls]<UL><LI><a href="#[65]">&gt;&gt;</a>&nbsp;&nbsp;&nbsp;__aeabi_memset
</UL>

<P><STRONG><a name="[67]"></a>__aeabi_uldivmod</STRONG> (Thumb, 98 bytes, Stack size 40 bytes, uldiv.o(.text), UNUSED)
<BR><BR>[Calls]<UL><LI><a href="#[68]">&gt;&gt;</a>&nbsp;&nbsp;&nbsp;__aeabi_llsr
<LI><a href="#[69]">&gt;&gt;</a>&nbsp;&nbsp;&nbsp;__aeabi_llsl
</UL>
<BR>[Called By]<UL><LI><a href="#[d6]">&gt;&gt;</a>&nbsp;&nbsp;&nbsp;_printf_core
</UL>

<P><STRONG><a name="[62]"></a>__scatterload</STRONG> (Thumb, 28 bytes, Stack size 0 bytes, init.o(.text))
<BR><BR>[Calls]<UL><LI><a href="#[6a]">&gt;&gt;</a>&nbsp;&nbsp;&nbsp;__main_after_scatterload
</UL>
<BR>[Called By]<UL><LI><a href="#[61]">&gt;&gt;</a>&nbsp;&nbsp;&nbsp;_main_scatterload
</UL>

<P><STRONG><a name="[15d]"></a>__scatterload_rt2</STRONG> (Thumb, 0 bytes, Stack size 0 bytes, init.o(.text), UNUSED)

<P><STRONG><a name="[69]"></a>__aeabi_llsl</STRONG> (Thumb, 30 bytes, Stack size 0 bytes, llshl.o(.text), UNUSED)
<BR><BR>[Called By]<UL><LI><a href="#[67]">&gt;&gt;</a>&nbsp;&nbsp;&nbsp;__aeabi_uldivmod
</UL>

<P><STRONG><a name="[15e]"></a>_ll_shift_l</STRONG> (Thumb, 0 bytes, Stack size 0 bytes, llshl.o(.text), UNUSED)

<P><STRONG><a name="[68]"></a>__aeabi_llsr</STRONG> (Thumb, 32 bytes, Stack size 0 bytes, llushr.o(.text), UNUSED)
<BR><BR>[Called By]<UL><LI><a href="#[67]">&gt;&gt;</a>&nbsp;&nbsp;&nbsp;__aeabi_uldivmod
</UL>

<P><STRONG><a name="[15f]"></a>_ll_ushift_r</STRONG> (Thumb, 0 bytes, Stack size 0 bytes, llushr.o(.text), UNUSED)

<P><STRONG><a name="[160]"></a>__decompress</STRONG> (Thumb, 0 bytes, Stack size unknown bytes, __dczerorl2.o(.text), UNUSED)

<P><STRONG><a name="[161]"></a>__decompress1</STRONG> (Thumb, 86 bytes, Stack size unknown bytes, __dczerorl2.o(.text), UNUSED)

<P><STRONG><a name="[a]"></a>BusFault_Handler</STRONG> (Thumb, 4 bytes, Stack size 0 bytes, gd32f30x_it.o(i.BusFault_Handler))
<BR>[Address Reference Count : 1]<UL><LI> startup_gd32f30x_cl.o(RESET)
</UL>
<P><STRONG><a name="[70]"></a>CRC16_CCITT_FALSE</STRONG> (Thumb, 66 bytes, Stack size 16 bytes, crc.o(i.CRC16_CCITT_FALSE))
<BR><BR>[Stack]<UL><LI>Max Depth = 16<LI>Call Chain = CRC16_CCITT_FALSE
</UL>
<BR>[Called By]<UL><LI><a href="#[83]">&gt;&gt;</a>&nbsp;&nbsp;&nbsp;FlashBinaryCheck
<LI><a href="#[6e]">&gt;&gt;</a>&nbsp;&nbsp;&nbsp;Create_Date_Frame
</UL>

<P><STRONG><a name="[94]"></a>CRC16_Check</STRONG> (Thumb, 48 bytes, Stack size 8 bytes, crc.o(i.CRC16_Check))
<BR><BR>[Stack]<UL><LI>Max Depth = 8<LI>Call Chain = CRC16_Check
</UL>
<BR>[Called By]<UL><LI><a href="#[76]">&gt;&gt;</a>&nbsp;&nbsp;&nbsp;Receive_FMS
</UL>

<P><STRONG><a name="[2]"></a>Control_Handler</STRONG> (Thumb, 2 bytes, Stack size 0 bytes, handler.o(i.Control_Handler))
<BR>[Address Reference Count : 1]<UL><LI> handler.o(.data)
</UL>
<P><STRONG><a name="[6e]"></a>Create_Date_Frame</STRONG> (Thumb, 196 bytes, Stack size 328 bytes, handler.o(i.Create_Date_Frame))
<BR><BR>[Stack]<UL><LI>Max Depth = 392 + Unknown Stack Size
<LI>Call Chain = Create_Date_Frame &rArr; FIFO_Add &rArr; FIFO_Available &rArr; FIFO_Count
</UL>
<BR>[Calls]<UL><LI><a href="#[6f]">&gt;&gt;</a>&nbsp;&nbsp;&nbsp;Mem_Copy
<LI><a href="#[70]">&gt;&gt;</a>&nbsp;&nbsp;&nbsp;CRC16_CCITT_FALSE
<LI><a href="#[71]">&gt;&gt;</a>&nbsp;&nbsp;&nbsp;FIFO_Add
</UL>
<BR>[Called By]<UL><LI><a href="#[5]">&gt;&gt;</a>&nbsp;&nbsp;&nbsp;OTA_Handler
</UL>

<P><STRONG><a name="[1e]"></a>DMA0_Channel3_IRQHandler</STRONG> (Thumb, 26 bytes, Stack size 8 bytes, usart.o(i.DMA0_Channel3_IRQHandler))
<BR><BR>[Stack]<UL><LI>Max Depth = 24<LI>Call Chain = DMA0_Channel3_IRQHandler &rArr; dma_interrupt_flag_get
</UL>
<BR>[Calls]<UL><LI><a href="#[72]">&gt;&gt;</a>&nbsp;&nbsp;&nbsp;dma_interrupt_flag_get
<LI><a href="#[73]">&gt;&gt;</a>&nbsp;&nbsp;&nbsp;dma_interrupt_flag_clear
</UL>
<BR>[Address Reference Count : 1]<UL><LI> startup_gd32f30x_cl.o(RESET)
</UL>
<P><STRONG><a name="[1f]"></a>DMA0_Channel4_IRQHandler</STRONG> (Thumb, 34 bytes, Stack size 8 bytes, usart.o(i.DMA0_Channel4_IRQHandler))
<BR><BR>[Stack]<UL><LI>Max Depth = 1120<LI>Call Chain = DMA0_Channel4_IRQHandler &rArr; FIFO_Recv &rArr; FIFO_Add &rArr; FIFO_Available &rArr; FIFO_Count
</UL>
<BR>[Calls]<UL><LI><a href="#[72]">&gt;&gt;</a>&nbsp;&nbsp;&nbsp;dma_interrupt_flag_get
<LI><a href="#[73]">&gt;&gt;</a>&nbsp;&nbsp;&nbsp;dma_interrupt_flag_clear
<LI><a href="#[74]">&gt;&gt;</a>&nbsp;&nbsp;&nbsp;FIFO_Recv
</UL>
<BR>[Address Reference Count : 1]<UL><LI> startup_gd32f30x_cl.o(RESET)
</UL>
<P><STRONG><a name="[20]"></a>DMA0_Channel5_IRQHandler</STRONG> (Thumb, 26 bytes, Stack size 8 bytes, usart.o(i.DMA0_Channel5_IRQHandler))
<BR><BR>[Stack]<UL><LI>Max Depth = 24<LI>Call Chain = DMA0_Channel5_IRQHandler &rArr; dma_interrupt_flag_get
</UL>
<BR>[Calls]<UL><LI><a href="#[72]">&gt;&gt;</a>&nbsp;&nbsp;&nbsp;dma_interrupt_flag_get
<LI><a href="#[73]">&gt;&gt;</a>&nbsp;&nbsp;&nbsp;dma_interrupt_flag_clear
</UL>
<BR>[Address Reference Count : 1]<UL><LI> startup_gd32f30x_cl.o(RESET)
</UL>
<P><STRONG><a name="[21]"></a>DMA0_Channel6_IRQHandler</STRONG> (Thumb, 26 bytes, Stack size 8 bytes, usart.o(i.DMA0_Channel6_IRQHandler))
<BR><BR>[Stack]<UL><LI>Max Depth = 24<LI>Call Chain = DMA0_Channel6_IRQHandler &rArr; dma_interrupt_flag_get
</UL>
<BR>[Calls]<UL><LI><a href="#[72]">&gt;&gt;</a>&nbsp;&nbsp;&nbsp;dma_interrupt_flag_get
<LI><a href="#[73]">&gt;&gt;</a>&nbsp;&nbsp;&nbsp;dma_interrupt_flag_clear
</UL>
<BR>[Address Reference Count : 1]<UL><LI> startup_gd32f30x_cl.o(RESET)
</UL>
<P><STRONG><a name="[6b]"></a>DataFrame_Handle</STRONG> (Thumb, 32 bytes, Stack size 8 bytes, fms.o(i.DataFrame_Handle))
<BR><BR>[Stack]<UL><LI>Max Depth = 60<LI>Call Chain = DataFrame_Handle &rArr; FIFO_Get &rArr; FIFO_Empty &rArr; FIFO_Count
</UL>
<BR>[Calls]<UL><LI><a href="#[75]">&gt;&gt;</a>&nbsp;&nbsp;&nbsp;FIFO_Get
<LI><a href="#[77]">&gt;&gt;</a>&nbsp;&nbsp;&nbsp;FIFO_Count
<LI><a href="#[76]">&gt;&gt;</a>&nbsp;&nbsp;&nbsp;Receive_FMS
</UL>
<BR>[Called By]<UL><LI><a href="#[59]">&gt;&gt;</a>&nbsp;&nbsp;&nbsp;CommunicationTask
</UL>

<P><STRONG><a name="[6c]"></a>DataFrame_Transmit</STRONG> (Thumb, 12 bytes, Stack size 8 bytes, fms.o(i.DataFrame_Transmit))
<BR><BR>[Stack]<UL><LI>Max Depth = 44<LI>Call Chain = DataFrame_Transmit &rArr; FIFO_Tansmit &rArr; FIFO_Count
</UL>
<BR>[Calls]<UL><LI><a href="#[78]">&gt;&gt;</a>&nbsp;&nbsp;&nbsp;FIFO_Tansmit
</UL>
<BR>[Called By]<UL><LI><a href="#[59]">&gt;&gt;</a>&nbsp;&nbsp;&nbsp;CommunicationTask
</UL>

<P><STRONG><a name="[d]"></a>DebugMon_Handler</STRONG> (Thumb, 2 bytes, Stack size 0 bytes, gd32f30x_it.o(i.DebugMon_Handler))
<BR>[Address Reference Count : 1]<UL><LI> startup_gd32f30x_cl.o(RESET)
</UL>
<P><STRONG><a name="[79]"></a>Download2Flash</STRONG> (Thumb, 162 bytes, Stack size 24 bytes, ota.o(i.Download2Flash))
<BR><BR>[Stack]<UL><LI>Max Depth = 84 + Unknown Stack Size
<LI>Call Chain = Download2Flash &rArr; flash_write_buffer &rArr; fmc_word_program &rArr; fmc_bank1_ready_wait
</UL>
<BR>[Calls]<UL><LI><a href="#[6f]">&gt;&gt;</a>&nbsp;&nbsp;&nbsp;Mem_Copy
<LI><a href="#[7a]">&gt;&gt;</a>&nbsp;&nbsp;&nbsp;flash_write_buffer
<LI><a href="#[7b]">&gt;&gt;</a>&nbsp;&nbsp;&nbsp;__2printf
</UL>
<BR>[Called By]<UL><LI><a href="#[5]">&gt;&gt;</a>&nbsp;&nbsp;&nbsp;OTA_Handler
</UL>

<P><STRONG><a name="[17]"></a>EXTI1_IRQHandler</STRONG> (Thumb, 56 bytes, Stack size 8 bytes, exti.o(i.EXTI1_IRQHandler))
<BR><BR>[Stack]<UL><LI>Max Depth = 56<LI>Call Chain = EXTI1_IRQHandler &rArr; xQueueGiveFromISR &rArr; xTaskRemoveFromEventList
</UL>
<BR>[Calls]<UL><LI><a href="#[7c]">&gt;&gt;</a>&nbsp;&nbsp;&nbsp;exti_interrupt_flag_get
<LI><a href="#[7f]">&gt;&gt;</a>&nbsp;&nbsp;&nbsp;exti_interrupt_flag_clear
<LI><a href="#[7e]">&gt;&gt;</a>&nbsp;&nbsp;&nbsp;exti_interrupt_disable
<LI><a href="#[7d]">&gt;&gt;</a>&nbsp;&nbsp;&nbsp;xQueueGiveFromISR
</UL>
<BR>[Address Reference Count : 1]<UL><LI> startup_gd32f30x_cl.o(RESET)
</UL>
<P><STRONG><a name="[27]"></a>EXTI5_9_IRQHandler</STRONG> (Thumb, 26 bytes, Stack size 8 bytes, switch.o(i.EXTI5_9_IRQHandler))
<BR><BR>[Stack]<UL><LI>Max Depth = 168<LI>Call Chain = EXTI5_9_IRQHandler &rArr; Key_Interrupt_FMS &rArr; xTimerGenericCommand &rArr; xQueueGenericSend &rArr; vTaskPlaceOnEventList &rArr; prvAddCurrentTaskToDelayedList &rArr; vListInsert
</UL>
<BR>[Calls]<UL><LI><a href="#[7c]">&gt;&gt;</a>&nbsp;&nbsp;&nbsp;exti_interrupt_flag_get
<LI><a href="#[7f]">&gt;&gt;</a>&nbsp;&nbsp;&nbsp;exti_interrupt_flag_clear
<LI><a href="#[80]">&gt;&gt;</a>&nbsp;&nbsp;&nbsp;Key_Interrupt_FMS
</UL>
<BR>[Address Reference Count : 1]<UL><LI> startup_gd32f30x_cl.o(RESET)
</UL>
<P><STRONG><a name="[71]"></a>FIFO_Add</STRONG> (Thumb, 104 bytes, Stack size 24 bytes, fifo.o(i.FIFO_Add))
<BR><BR>[Stack]<UL><LI>Max Depth = 64<LI>Call Chain = FIFO_Add &rArr; FIFO_Available &rArr; FIFO_Count
</UL>
<BR>[Calls]<UL><LI><a href="#[81]">&gt;&gt;</a>&nbsp;&nbsp;&nbsp;FIFO_Available
</UL>
<BR>[Called By]<UL><LI><a href="#[74]">&gt;&gt;</a>&nbsp;&nbsp;&nbsp;FIFO_Recv
<LI><a href="#[6e]">&gt;&gt;</a>&nbsp;&nbsp;&nbsp;Create_Date_Frame
</UL>

<P><STRONG><a name="[81]"></a>FIFO_Available</STRONG> (Thumb, 70 bytes, Stack size 20 bytes, fifo.o(i.FIFO_Available))
<BR><BR>[Stack]<UL><LI>Max Depth = 40<LI>Call Chain = FIFO_Available &rArr; FIFO_Count
</UL>
<BR>[Calls]<UL><LI><a href="#[77]">&gt;&gt;</a>&nbsp;&nbsp;&nbsp;FIFO_Count
</UL>
<BR>[Called By]<UL><LI><a href="#[71]">&gt;&gt;</a>&nbsp;&nbsp;&nbsp;FIFO_Add
</UL>

<P><STRONG><a name="[85]"></a>FIFO_Callback_Init</STRONG> (Thumb, 6 bytes, Stack size 0 bytes, fifo.o(i.FIFO_Callback_Init))
<BR><BR>[Called By]<UL><LI><a href="#[5c]">&gt;&gt;</a>&nbsp;&nbsp;&nbsp;InitTask
</UL>

<P><STRONG><a name="[77]"></a>FIFO_Count</STRONG> (Thumb, 50 bytes, Stack size 20 bytes, fifo.o(i.FIFO_Count))
<BR><BR>[Stack]<UL><LI>Max Depth = 20<LI>Call Chain = FIFO_Count
</UL>
<BR>[Called By]<UL><LI><a href="#[6b]">&gt;&gt;</a>&nbsp;&nbsp;&nbsp;DataFrame_Handle
<LI><a href="#[74]">&gt;&gt;</a>&nbsp;&nbsp;&nbsp;FIFO_Recv
<LI><a href="#[78]">&gt;&gt;</a>&nbsp;&nbsp;&nbsp;FIFO_Tansmit
<LI><a href="#[82]">&gt;&gt;</a>&nbsp;&nbsp;&nbsp;FIFO_Empty
<LI><a href="#[81]">&gt;&gt;</a>&nbsp;&nbsp;&nbsp;FIFO_Available
</UL>

<P><STRONG><a name="[82]"></a>FIFO_Empty</STRONG> (Thumb, 62 bytes, Stack size 16 bytes, fifo.o(i.FIFO_Empty))
<BR><BR>[Stack]<UL><LI>Max Depth = 36<LI>Call Chain = FIFO_Empty &rArr; FIFO_Count
</UL>
<BR>[Calls]<UL><LI><a href="#[77]">&gt;&gt;</a>&nbsp;&nbsp;&nbsp;FIFO_Count
</UL>
<BR>[Called By]<UL><LI><a href="#[75]">&gt;&gt;</a>&nbsp;&nbsp;&nbsp;FIFO_Get
</UL>

<P><STRONG><a name="[75]"></a>FIFO_Get</STRONG> (Thumb, 74 bytes, Stack size 16 bytes, fifo.o(i.FIFO_Get))
<BR><BR>[Stack]<UL><LI>Max Depth = 52<LI>Call Chain = FIFO_Get &rArr; FIFO_Empty &rArr; FIFO_Count
</UL>
<BR>[Calls]<UL><LI><a href="#[82]">&gt;&gt;</a>&nbsp;&nbsp;&nbsp;FIFO_Empty
</UL>
<BR>[Called By]<UL><LI><a href="#[6b]">&gt;&gt;</a>&nbsp;&nbsp;&nbsp;DataFrame_Handle
</UL>

<P><STRONG><a name="[86]"></a>FIFO_Init</STRONG> (Thumb, 54 bytes, Stack size 16 bytes, fifo.o(i.FIFO_Init))
<BR><BR>[Stack]<UL><LI>Max Depth = 16<LI>Call Chain = FIFO_Init
</UL>
<BR>[Called By]<UL><LI><a href="#[5c]">&gt;&gt;</a>&nbsp;&nbsp;&nbsp;InitTask
</UL>

<P><STRONG><a name="[74]"></a>FIFO_Recv</STRONG> (Thumb, 94 bytes, Stack size 1048 bytes, fifo.o(i.FIFO_Recv))
<BR><BR>[Stack]<UL><LI>Max Depth = 1112<LI>Call Chain = FIFO_Recv &rArr; FIFO_Add &rArr; FIFO_Available &rArr; FIFO_Count
</UL>
<BR>[Calls]<UL><LI><a href="#[77]">&gt;&gt;</a>&nbsp;&nbsp;&nbsp;FIFO_Count
<LI><a href="#[71]">&gt;&gt;</a>&nbsp;&nbsp;&nbsp;FIFO_Add
</UL>
<BR>[Called By]<UL><LI><a href="#[36]">&gt;&gt;</a>&nbsp;&nbsp;&nbsp;USART1_IRQHandler
<LI><a href="#[35]">&gt;&gt;</a>&nbsp;&nbsp;&nbsp;USART0_IRQHandler
<LI><a href="#[1f]">&gt;&gt;</a>&nbsp;&nbsp;&nbsp;DMA0_Channel4_IRQHandler
</UL>

<P><STRONG><a name="[78]"></a>FIFO_Tansmit</STRONG> (Thumb, 140 bytes, Stack size 16 bytes, fifo.o(i.FIFO_Tansmit))
<BR><BR>[Stack]<UL><LI>Max Depth = 36<LI>Call Chain = FIFO_Tansmit &rArr; FIFO_Count
</UL>
<BR>[Calls]<UL><LI><a href="#[77]">&gt;&gt;</a>&nbsp;&nbsp;&nbsp;FIFO_Count
</UL>
<BR>[Called By]<UL><LI><a href="#[6c]">&gt;&gt;</a>&nbsp;&nbsp;&nbsp;DataFrame_Transmit
</UL>

<P><STRONG><a name="[83]"></a>FlashBinaryCheck</STRONG> (Thumb, 46 bytes, Stack size 16 bytes, ota.o(i.FlashBinaryCheck))
<BR><BR>[Stack]<UL><LI>Max Depth = 84<LI>Call Chain = FlashBinaryCheck &rArr; Write_APP_Size &rArr; flash_write_buffer &rArr; fmc_word_program &rArr; fmc_bank1_ready_wait
</UL>
<BR>[Calls]<UL><LI><a href="#[70]">&gt;&gt;</a>&nbsp;&nbsp;&nbsp;CRC16_CCITT_FALSE
<LI><a href="#[84]">&gt;&gt;</a>&nbsp;&nbsp;&nbsp;Write_APP_Size
<LI><a href="#[7b]">&gt;&gt;</a>&nbsp;&nbsp;&nbsp;__2printf
</UL>
<BR>[Called By]<UL><LI><a href="#[5]">&gt;&gt;</a>&nbsp;&nbsp;&nbsp;OTA_Handler
</UL>

<P><STRONG><a name="[8]"></a>HardFault_Handler</STRONG> (Thumb, 4 bytes, Stack size 0 bytes, gd32f30x_it.o(i.HardFault_Handler))
<BR>[Address Reference Count : 1]<UL><LI> startup_gd32f30x_cl.o(RESET)
</UL>
<P><STRONG><a name="[1]"></a>Inquire_Handler</STRONG> (Thumb, 2 bytes, Stack size 0 bytes, handler.o(i.Inquire_Handler))
<BR>[Address Reference Count : 1]<UL><LI> handler.o(.data)
</UL>
<P><STRONG><a name="[5e]"></a>KeyCallback</STRONG> (Thumb, 10 bytes, Stack size 8 bytes, switch.o(i.KeyCallback))
<BR><BR>[Stack]<UL><LI>Max Depth = 160<LI>Call Chain = KeyCallback &rArr; Key_CallBack_FMS &rArr; xTimerGenericCommand &rArr; xQueueGenericSend &rArr; vTaskPlaceOnEventList &rArr; prvAddCurrentTaskToDelayedList &rArr; vListInsert
</UL>
<BR>[Calls]<UL><LI><a href="#[8e]">&gt;&gt;</a>&nbsp;&nbsp;&nbsp;Key_CallBack_FMS
</UL>
<BR>[Address Reference Count : 1]<UL><LI> switch.o(i.switch_init)
</UL>
<P><STRONG><a name="[8e]"></a>Key_CallBack_FMS</STRONG> (Thumb, 90 bytes, Stack size 8 bytes, switch.o(i.Key_CallBack_FMS))
<BR><BR>[Stack]<UL><LI>Max Depth = 152<LI>Call Chain = Key_CallBack_FMS &rArr; xTimerGenericCommand &rArr; xQueueGenericSend &rArr; vTaskPlaceOnEventList &rArr; prvAddCurrentTaskToDelayedList &rArr; vListInsert
</UL>
<BR>[Calls]<UL><LI><a href="#[8f]">&gt;&gt;</a>&nbsp;&nbsp;&nbsp;exti_interrupt_enable
<LI><a href="#[90]">&gt;&gt;</a>&nbsp;&nbsp;&nbsp;xTimerGenericCommand
<LI><a href="#[7b]">&gt;&gt;</a>&nbsp;&nbsp;&nbsp;__2printf
</UL>
<BR>[Called By]<UL><LI><a href="#[5e]">&gt;&gt;</a>&nbsp;&nbsp;&nbsp;KeyCallback
</UL>

<P><STRONG><a name="[80]"></a>Key_Interrupt_FMS</STRONG> (Thumb, 182 bytes, Stack size 16 bytes, switch.o(i.Key_Interrupt_FMS))
<BR><BR>[Stack]<UL><LI>Max Depth = 160<LI>Call Chain = Key_Interrupt_FMS &rArr; xTimerGenericCommand &rArr; xQueueGenericSend &rArr; vTaskPlaceOnEventList &rArr; prvAddCurrentTaskToDelayedList &rArr; vListInsert
</UL>
<BR>[Calls]<UL><LI><a href="#[7e]">&gt;&gt;</a>&nbsp;&nbsp;&nbsp;exti_interrupt_disable
<LI><a href="#[90]">&gt;&gt;</a>&nbsp;&nbsp;&nbsp;xTimerGenericCommand
<LI><a href="#[91]">&gt;&gt;</a>&nbsp;&nbsp;&nbsp;xTaskGetTickCountFromISR
<LI><a href="#[7b]">&gt;&gt;</a>&nbsp;&nbsp;&nbsp;__2printf
</UL>
<BR>[Called By]<UL><LI><a href="#[27]">&gt;&gt;</a>&nbsp;&nbsp;&nbsp;EXTI5_9_IRQHandler
</UL>

<P><STRONG><a name="[9]"></a>MemManage_Handler</STRONG> (Thumb, 4 bytes, Stack size 0 bytes, gd32f30x_it.o(i.MemManage_Handler))
<BR>[Address Reference Count : 1]<UL><LI> startup_gd32f30x_cl.o(RESET)
</UL>
<P><STRONG><a name="[7]"></a>NMI_Handler</STRONG> (Thumb, 2 bytes, Stack size 0 bytes, gd32f30x_it.o(i.NMI_Handler))
<BR>[Address Reference Count : 1]<UL><LI> startup_gd32f30x_cl.o(RESET)
</UL>
<P><STRONG><a name="[5]"></a>OTA_Handler</STRONG> (Thumb, 304 bytes, Stack size 40 bytes, handler.o(i.OTA_Handler))
<BR><BR>[Stack]<UL><LI>Max Depth = 432 + Unknown Stack Size
<LI>Call Chain = OTA_Handler &rArr; Create_Date_Frame &rArr; FIFO_Add &rArr; FIFO_Available &rArr; FIFO_Count
</UL>
<BR>[Calls]<UL><LI><a href="#[83]">&gt;&gt;</a>&nbsp;&nbsp;&nbsp;FlashBinaryCheck
<LI><a href="#[79]">&gt;&gt;</a>&nbsp;&nbsp;&nbsp;Download2Flash
<LI><a href="#[7b]">&gt;&gt;</a>&nbsp;&nbsp;&nbsp;__2printf
<LI><a href="#[6e]">&gt;&gt;</a>&nbsp;&nbsp;&nbsp;Create_Date_Frame
</UL>
<BR>[Address Reference Count : 1]<UL><LI> handler.o(.data)
</UL>
<P><STRONG><a name="[0]"></a>Online_Handler</STRONG> (Thumb, 2 bytes, Stack size 0 bytes, handler.o(i.Online_Handler))
<BR>[Address Reference Count : 1]<UL><LI> handler.o(.data)
</UL>
<P><STRONG><a name="[92]"></a>PowerOn_Time</STRONG> (Thumb, 148 bytes, Stack size 16 bytes, port.o(i.PowerOn_Time))
<BR><BR>[Stack]<UL><LI>Max Depth = 40<LI>Call Chain = PowerOn_Time &rArr; __2sprintf
</UL>
<BR>[Calls]<UL><LI><a href="#[93]">&gt;&gt;</a>&nbsp;&nbsp;&nbsp;__2sprintf
</UL>
<BR>[Called By]<UL><LI><a href="#[57]">&gt;&gt;</a>&nbsp;&nbsp;&nbsp;VL6180xTask
</UL>

<P><STRONG><a name="[9e]"></a>PowerOn_Time_statistics</STRONG> (Thumb, 94 bytes, Stack size 0 bytes, port.o(i.PowerOn_Time_statistics))
<BR><BR>[Called By]<UL><LI><a href="#[f]">&gt;&gt;</a>&nbsp;&nbsp;&nbsp;SysTick_Handler
</UL>

<P><STRONG><a name="[76]"></a>Receive_FMS</STRONG> (Thumb, 432 bytes, Stack size 16 bytes, fms.o(i.Receive_FMS))
<BR><BR>[Stack]<UL><LI>Max Depth = 24<LI>Call Chain = Receive_FMS &rArr; CRC16_Check
</UL>
<BR>[Calls]<UL><LI><a href="#[94]">&gt;&gt;</a>&nbsp;&nbsp;&nbsp;CRC16_Check
</UL>
<BR>[Called By]<UL><LI><a href="#[6b]">&gt;&gt;</a>&nbsp;&nbsp;&nbsp;DataFrame_Handle
</UL>

<P><STRONG><a name="[95]"></a>Sample_Interrupt</STRONG> (Thumb, 146 bytes, Stack size 8 bytes, vl6180x_range_interrupt.o(i.Sample_Interrupt))
<BR><BR>[Stack]<UL><LI>Max Depth = 264<LI>Call Chain = Sample_Interrupt &rArr; VL6180x_Prepare &rArr; VL6180x_StaticInit &rArr; VL6180x_UpscaleStaticInit &rArr; VL6180x_UpscaleRegInit &rArr; VL6180x_RangeSetMaxConvergenceTime &rArr; VL6180x_RangeSetEarlyConvergenceEestimateThreshold &rArr; _GetAveTotalTime &rArr; VL6180x_RdByte &rArr; VL6180x_I2CWrite &rArr; VL6180_Write_Multiple_Register &rArr; i2c_flag_get
</UL>
<BR>[Calls]<UL><LI><a href="#[6d]">&gt;&gt;</a>&nbsp;&nbsp;&nbsp;vTaskDelay
<LI><a href="#[9c]">&gt;&gt;</a>&nbsp;&nbsp;&nbsp;VL6180x_ClearInterrupt
<LI><a href="#[99]">&gt;&gt;</a>&nbsp;&nbsp;&nbsp;VL6180x_UpscaleSetScaling
<LI><a href="#[9a]">&gt;&gt;</a>&nbsp;&nbsp;&nbsp;VL6180x_SetGroupParamHold
<LI><a href="#[9d]">&gt;&gt;</a>&nbsp;&nbsp;&nbsp;VL6180x_RangeStartContinuousMode
<LI><a href="#[9b]">&gt;&gt;</a>&nbsp;&nbsp;&nbsp;VL6180x_RangeSetInterMeasPeriod
<LI><a href="#[98]">&gt;&gt;</a>&nbsp;&nbsp;&nbsp;VL6180x_Prepare
<LI><a href="#[96]">&gt;&gt;</a>&nbsp;&nbsp;&nbsp;VL6180x_InitData
<LI><a href="#[97]">&gt;&gt;</a>&nbsp;&nbsp;&nbsp;VL6180x_FilterSetState
</UL>
<BR>[Called By]<UL><LI><a href="#[57]">&gt;&gt;</a>&nbsp;&nbsp;&nbsp;VL6180xTask
</UL>

<P><STRONG><a name="[f]"></a>SysTick_Handler</STRONG> (Thumb, 50 bytes, Stack size 8 bytes, port.o(i.SysTick_Handler))
<BR><BR>[Stack]<UL><LI>Max Depth = 32<LI>Call Chain = SysTick_Handler &rArr; xTaskIncrementTick
</UL>
<BR>[Calls]<UL><LI><a href="#[9e]">&gt;&gt;</a>&nbsp;&nbsp;&nbsp;PowerOn_Time_statistics
<LI><a href="#[9f]">&gt;&gt;</a>&nbsp;&nbsp;&nbsp;xTaskIncrementTick
</UL>
<BR>[Address Reference Count : 1]<UL><LI> startup_gd32f30x_cl.o(RESET)
</UL>
<P><STRONG><a name="[53]"></a>SystemInit</STRONG> (Thumb, 100 bytes, Stack size 8 bytes, system_gd32f30x.o(i.SystemInit))
<BR><BR>[Stack]<UL><LI>Max Depth = 16<LI>Call Chain = SystemInit &rArr; system_clock_config
</UL>
<BR>[Calls]<UL><LI><a href="#[a0]">&gt;&gt;</a>&nbsp;&nbsp;&nbsp;system_clock_config
</UL>
<BR>[Address Reference Count : 1]<UL><LI> startup_gd32f30x_cl.o(.text)
</UL>
<P><STRONG><a name="[2c]"></a>TIMER1_IRQHandler</STRONG> (Thumb, 22 bytes, Stack size 8 bytes, timer.o(i.TIMER1_IRQHandler))
<BR><BR>[Stack]<UL><LI>Max Depth = 8<LI>Call Chain = TIMER1_IRQHandler
</UL>
<BR>[Calls]<UL><LI><a href="#[a1]">&gt;&gt;</a>&nbsp;&nbsp;&nbsp;timer_interrupt_flag_get
<LI><a href="#[a2]">&gt;&gt;</a>&nbsp;&nbsp;&nbsp;timer_interrupt_flag_clear
</UL>
<BR>[Address Reference Count : 1]<UL><LI> startup_gd32f30x_cl.o(RESET)
</UL>
<P><STRONG><a name="[3]"></a>Timing_Handler</STRONG> (Thumb, 2 bytes, Stack size 0 bytes, handler.o(i.Timing_Handler))
<BR>[Address Reference Count : 1]<UL><LI> handler.o(.data)
</UL>
<P><STRONG><a name="[35]"></a>USART0_IRQHandler</STRONG> (Thumb, 90 bytes, Stack size 8 bytes, usart.o(i.USART0_IRQHandler))
<BR><BR>[Stack]<UL><LI>Max Depth = 1120<LI>Call Chain = USART0_IRQHandler &rArr; FIFO_Recv &rArr; FIFO_Add &rArr; FIFO_Available &rArr; FIFO_Count
</UL>
<BR>[Calls]<UL><LI><a href="#[7d]">&gt;&gt;</a>&nbsp;&nbsp;&nbsp;xQueueGiveFromISR
<LI><a href="#[a3]">&gt;&gt;</a>&nbsp;&nbsp;&nbsp;usart_interrupt_flag_get
<LI><a href="#[a4]">&gt;&gt;</a>&nbsp;&nbsp;&nbsp;usart_interrupt_flag_clear
<LI><a href="#[74]">&gt;&gt;</a>&nbsp;&nbsp;&nbsp;FIFO_Recv
</UL>
<BR>[Address Reference Count : 1]<UL><LI> startup_gd32f30x_cl.o(RESET)
</UL>
<P><STRONG><a name="[36]"></a>USART1_IRQHandler</STRONG> (Thumb, 90 bytes, Stack size 8 bytes, usart.o(i.USART1_IRQHandler))
<BR><BR>[Stack]<UL><LI>Max Depth = 1120<LI>Call Chain = USART1_IRQHandler &rArr; FIFO_Recv &rArr; FIFO_Add &rArr; FIFO_Available &rArr; FIFO_Count
</UL>
<BR>[Calls]<UL><LI><a href="#[7d]">&gt;&gt;</a>&nbsp;&nbsp;&nbsp;xQueueGiveFromISR
<LI><a href="#[a3]">&gt;&gt;</a>&nbsp;&nbsp;&nbsp;usart_interrupt_flag_get
<LI><a href="#[a4]">&gt;&gt;</a>&nbsp;&nbsp;&nbsp;usart_interrupt_flag_clear
<LI><a href="#[74]">&gt;&gt;</a>&nbsp;&nbsp;&nbsp;FIFO_Recv
</UL>
<BR>[Address Reference Count : 1]<UL><LI> startup_gd32f30x_cl.o(RESET)
</UL>
<P><STRONG><a name="[4]"></a>Upload_Handler</STRONG> (Thumb, 2 bytes, Stack size 0 bytes, handler.o(i.Upload_Handler))
<BR>[Address Reference Count : 1]<UL><LI> handler.o(.data)
</UL>
<P><STRONG><a name="[b]"></a>UsageFault_Handler</STRONG> (Thumb, 4 bytes, Stack size 0 bytes, gd32f30x_it.o(i.UsageFault_Handler))
<BR>[Address Reference Count : 1]<UL><LI> startup_gd32f30x_cl.o(RESET)
</UL>
<P><STRONG><a name="[a5]"></a>VL6180_Read_Multiple_Register</STRONG> (Thumb, 348 bytes, Stack size 24 bytes, iic.o(i.VL6180_Read_Multiple_Register))
<BR><BR>[Stack]<UL><LI>Max Depth = 32<LI>Call Chain = VL6180_Read_Multiple_Register &rArr; i2c_flag_get
</UL>
<BR>[Calls]<UL><LI><a href="#[ac]">&gt;&gt;</a>&nbsp;&nbsp;&nbsp;i2c_stop_on_bus
<LI><a href="#[a7]">&gt;&gt;</a>&nbsp;&nbsp;&nbsp;i2c_start_on_bus
<LI><a href="#[a8]">&gt;&gt;</a>&nbsp;&nbsp;&nbsp;i2c_master_addressing
<LI><a href="#[a6]">&gt;&gt;</a>&nbsp;&nbsp;&nbsp;i2c_flag_get
<LI><a href="#[a9]">&gt;&gt;</a>&nbsp;&nbsp;&nbsp;i2c_flag_clear
<LI><a href="#[ab]">&gt;&gt;</a>&nbsp;&nbsp;&nbsp;i2c_data_receive
<LI><a href="#[aa]">&gt;&gt;</a>&nbsp;&nbsp;&nbsp;i2c_ack_config
</UL>
<BR>[Called By]<UL><LI><a href="#[b9]">&gt;&gt;</a>&nbsp;&nbsp;&nbsp;VL6180x_I2CRead
</UL>

<P><STRONG><a name="[ad]"></a>VL6180_Write_Multiple_Register</STRONG> (Thumb, 260 bytes, Stack size 24 bytes, iic.o(i.VL6180_Write_Multiple_Register))
<BR><BR>[Stack]<UL><LI>Max Depth = 32<LI>Call Chain = VL6180_Write_Multiple_Register &rArr; i2c_flag_get
</UL>
<BR>[Calls]<UL><LI><a href="#[ac]">&gt;&gt;</a>&nbsp;&nbsp;&nbsp;i2c_stop_on_bus
<LI><a href="#[a7]">&gt;&gt;</a>&nbsp;&nbsp;&nbsp;i2c_start_on_bus
<LI><a href="#[a8]">&gt;&gt;</a>&nbsp;&nbsp;&nbsp;i2c_master_addressing
<LI><a href="#[a6]">&gt;&gt;</a>&nbsp;&nbsp;&nbsp;i2c_flag_get
<LI><a href="#[a9]">&gt;&gt;</a>&nbsp;&nbsp;&nbsp;i2c_flag_clear
<LI><a href="#[ae]">&gt;&gt;</a>&nbsp;&nbsp;&nbsp;i2c_data_transmit
</UL>
<BR>[Called By]<UL><LI><a href="#[ba]">&gt;&gt;</a>&nbsp;&nbsp;&nbsp;VL6180x_I2CWrite
</UL>

<P><STRONG><a name="[9c]"></a>VL6180x_ClearInterrupt</STRONG> (Thumb, 32 bytes, Stack size 16 bytes, vl6180x_api.o(i.VL6180x_ClearInterrupt))
<BR><BR>[Stack]<UL><LI>Max Depth = 96<LI>Call Chain = VL6180x_ClearInterrupt &rArr; VL6180x_WrByte &rArr; VL6180x_I2CWrite &rArr; VL6180_Write_Multiple_Register &rArr; i2c_flag_get
</UL>
<BR>[Calls]<UL><LI><a href="#[b2]">&gt;&gt;</a>&nbsp;&nbsp;&nbsp;VL6180x_WrByte
</UL>
<BR>[Called By]<UL><LI><a href="#[95]">&gt;&gt;</a>&nbsp;&nbsp;&nbsp;Sample_Interrupt
<LI><a href="#[57]">&gt;&gt;</a>&nbsp;&nbsp;&nbsp;VL6180xTask
<LI><a href="#[98]">&gt;&gt;</a>&nbsp;&nbsp;&nbsp;VL6180x_Prepare
</UL>

<P><STRONG><a name="[97]"></a>VL6180x_FilterSetState</STRONG> (Thumb, 12 bytes, Stack size 8 bytes, vl6180x_api.o(i.VL6180x_FilterSetState))
<BR><BR>[Stack]<UL><LI>Max Depth = 8<LI>Call Chain = VL6180x_FilterSetState
</UL>
<BR>[Called By]<UL><LI><a href="#[95]">&gt;&gt;</a>&nbsp;&nbsp;&nbsp;Sample_Interrupt
</UL>

<P><STRONG><a name="[b3]"></a>VL6180x_GetCachedByte</STRONG> (Thumb, 60 bytes, Stack size 24 bytes, vl6180x_api.o(i.VL6180x_GetCachedByte))
<BR><BR>[Stack]<UL><LI>Max Depth = 104<LI>Call Chain = VL6180x_GetCachedByte &rArr; VL6180x_RdByte &rArr; VL6180x_I2CWrite &rArr; VL6180_Write_Multiple_Register &rArr; i2c_flag_get
</UL>
<BR>[Calls]<UL><LI><a href="#[b4]">&gt;&gt;</a>&nbsp;&nbsp;&nbsp;VL6180x_RdByte
</UL>
<BR>[Called By]<UL><LI><a href="#[b1]">&gt;&gt;</a>&nbsp;&nbsp;&nbsp;VL6180x_RangeGetMeasurement
<LI><a href="#[c3]">&gt;&gt;</a>&nbsp;&nbsp;&nbsp;VL6180x_RangeGetResult
<LI><a href="#[c5]">&gt;&gt;</a>&nbsp;&nbsp;&nbsp;_filter_GetResult
</UL>

<P><STRONG><a name="[b5]"></a>VL6180x_GetCachedDWord</STRONG> (Thumb, 82 bytes, Stack size 24 bytes, vl6180x_api.o(i.VL6180x_GetCachedDWord))
<BR><BR>[Stack]<UL><LI>Max Depth = 104<LI>Call Chain = VL6180x_GetCachedDWord &rArr; VL6180x_RdDWord &rArr; VL6180x_I2CWrite &rArr; VL6180_Write_Multiple_Register &rArr; i2c_flag_get
</UL>
<BR>[Calls]<UL><LI><a href="#[b6]">&gt;&gt;</a>&nbsp;&nbsp;&nbsp;VL6180x_RdDWord
</UL>
<BR>[Called By]<UL><LI><a href="#[c4]">&gt;&gt;</a>&nbsp;&nbsp;&nbsp;_GetRateResult
</UL>

<P><STRONG><a name="[b7]"></a>VL6180x_GetCachedWord</STRONG> (Thumb, 68 bytes, Stack size 24 bytes, vl6180x_api.o(i.VL6180x_GetCachedWord))
<BR><BR>[Stack]<UL><LI>Max Depth = 104<LI>Call Chain = VL6180x_GetCachedWord &rArr; VL6180x_RdWord &rArr; VL6180x_I2CWrite &rArr; VL6180_Write_Multiple_Register &rArr; i2c_flag_get
</UL>
<BR>[Calls]<UL><LI><a href="#[b8]">&gt;&gt;</a>&nbsp;&nbsp;&nbsp;VL6180x_RdWord
</UL>
<BR>[Called By]<UL><LI><a href="#[b1]">&gt;&gt;</a>&nbsp;&nbsp;&nbsp;VL6180x_RangeGetMeasurement
</UL>

<P><STRONG><a name="[b9]"></a>VL6180x_I2CRead</STRONG> (Thumb, 22 bytes, Stack size 16 bytes, vl6180x_i2c.o(i.VL6180x_I2CRead))
<BR><BR>[Stack]<UL><LI>Max Depth = 48<LI>Call Chain = VL6180x_I2CRead &rArr; VL6180_Read_Multiple_Register &rArr; i2c_flag_get
</UL>
<BR>[Calls]<UL><LI><a href="#[a5]">&gt;&gt;</a>&nbsp;&nbsp;&nbsp;VL6180_Read_Multiple_Register
</UL>
<BR>[Called By]<UL><LI><a href="#[c1]">&gt;&gt;</a>&nbsp;&nbsp;&nbsp;VL6180x_UpdateByte
<LI><a href="#[b8]">&gt;&gt;</a>&nbsp;&nbsp;&nbsp;VL6180x_RdWord
<LI><a href="#[ce]">&gt;&gt;</a>&nbsp;&nbsp;&nbsp;VL6180x_RdMulti
<LI><a href="#[b6]">&gt;&gt;</a>&nbsp;&nbsp;&nbsp;VL6180x_RdDWord
<LI><a href="#[b4]">&gt;&gt;</a>&nbsp;&nbsp;&nbsp;VL6180x_RdByte
</UL>

<P><STRONG><a name="[ba]"></a>VL6180x_I2CWrite</STRONG> (Thumb, 22 bytes, Stack size 16 bytes, vl6180x_i2c.o(i.VL6180x_I2CWrite))
<BR><BR>[Stack]<UL><LI>Max Depth = 48<LI>Call Chain = VL6180x_I2CWrite &rArr; VL6180_Write_Multiple_Register &rArr; i2c_flag_get
</UL>
<BR>[Calls]<UL><LI><a href="#[ad]">&gt;&gt;</a>&nbsp;&nbsp;&nbsp;VL6180_Write_Multiple_Register
</UL>
<BR>[Called By]<UL><LI><a href="#[ca]">&gt;&gt;</a>&nbsp;&nbsp;&nbsp;VL6180x_WrWord
<LI><a href="#[d2]">&gt;&gt;</a>&nbsp;&nbsp;&nbsp;VL6180x_WrDWord
<LI><a href="#[b2]">&gt;&gt;</a>&nbsp;&nbsp;&nbsp;VL6180x_WrByte
<LI><a href="#[c1]">&gt;&gt;</a>&nbsp;&nbsp;&nbsp;VL6180x_UpdateByte
<LI><a href="#[b8]">&gt;&gt;</a>&nbsp;&nbsp;&nbsp;VL6180x_RdWord
<LI><a href="#[ce]">&gt;&gt;</a>&nbsp;&nbsp;&nbsp;VL6180x_RdMulti
<LI><a href="#[b6]">&gt;&gt;</a>&nbsp;&nbsp;&nbsp;VL6180x_RdDWord
<LI><a href="#[b4]">&gt;&gt;</a>&nbsp;&nbsp;&nbsp;VL6180x_RdByte
</UL>

<P><STRONG><a name="[96]"></a>VL6180x_InitData</STRONG> (Thumb, 188 bytes, Stack size 40 bytes, vl6180x_api.o(i.VL6180x_InitData))
<BR><BR>[Stack]<UL><LI>Max Depth = 184<LI>Call Chain = VL6180x_InitData &rArr; _DMax_InitData &rArr; VL6180x_RdWord &rArr; VL6180x_I2CWrite &rArr; VL6180_Write_Multiple_Register &rArr; i2c_flag_get
</UL>
<BR>[Calls]<UL><LI><a href="#[b8]">&gt;&gt;</a>&nbsp;&nbsp;&nbsp;VL6180x_RdWord
<LI><a href="#[b6]">&gt;&gt;</a>&nbsp;&nbsp;&nbsp;VL6180x_RdDWord
<LI><a href="#[b4]">&gt;&gt;</a>&nbsp;&nbsp;&nbsp;VL6180x_RdByte
<LI><a href="#[bb]">&gt;&gt;</a>&nbsp;&nbsp;&nbsp;_DMax_OneTimeInit
<LI><a href="#[bc]">&gt;&gt;</a>&nbsp;&nbsp;&nbsp;_DMax_InitData
</UL>
<BR>[Called By]<UL><LI><a href="#[95]">&gt;&gt;</a>&nbsp;&nbsp;&nbsp;Sample_Interrupt
</UL>

<P><STRONG><a name="[98]"></a>VL6180x_Prepare</STRONG> (Thumb, 74 bytes, Stack size 16 bytes, vl6180x_api.o(i.VL6180x_Prepare))
<BR><BR>[Stack]<UL><LI>Max Depth = 256<LI>Call Chain = VL6180x_Prepare &rArr; VL6180x_StaticInit &rArr; VL6180x_UpscaleStaticInit &rArr; VL6180x_UpscaleRegInit &rArr; VL6180x_RangeSetMaxConvergenceTime &rArr; VL6180x_RangeSetEarlyConvergenceEestimateThreshold &rArr; _GetAveTotalTime &rArr; VL6180x_RdByte &rArr; VL6180x_I2CWrite &rArr; VL6180_Write_Multiple_Register &rArr; i2c_flag_get
</UL>
<BR>[Calls]<UL><LI><a href="#[9c]">&gt;&gt;</a>&nbsp;&nbsp;&nbsp;VL6180x_ClearInterrupt
<LI><a href="#[bd]">&gt;&gt;</a>&nbsp;&nbsp;&nbsp;VL6180x_StaticInit
<LI><a href="#[bf]">&gt;&gt;</a>&nbsp;&nbsp;&nbsp;VL6180x_RangeSetRawThresholds
<LI><a href="#[be]">&gt;&gt;</a>&nbsp;&nbsp;&nbsp;VL6180x_RangeConfigInterrupt
<LI><a href="#[c0]">&gt;&gt;</a>&nbsp;&nbsp;&nbsp;_filter_Init
</UL>
<BR>[Called By]<UL><LI><a href="#[95]">&gt;&gt;</a>&nbsp;&nbsp;&nbsp;Sample_Interrupt
</UL>

<P><STRONG><a name="[be]"></a>VL6180x_RangeConfigInterrupt</STRONG> (Thumb, 34 bytes, Stack size 16 bytes, vl6180x_api.o(i.VL6180x_RangeConfigInterrupt))
<BR><BR>[Stack]<UL><LI>Max Depth = 104<LI>Call Chain = VL6180x_RangeConfigInterrupt &rArr; VL6180x_UpdateByte &rArr; VL6180x_I2CWrite &rArr; VL6180_Write_Multiple_Register &rArr; i2c_flag_get
</UL>
<BR>[Calls]<UL><LI><a href="#[c1]">&gt;&gt;</a>&nbsp;&nbsp;&nbsp;VL6180x_UpdateByte
</UL>
<BR>[Called By]<UL><LI><a href="#[98]">&gt;&gt;</a>&nbsp;&nbsp;&nbsp;VL6180x_Prepare
</UL>

<P><STRONG><a name="[b1]"></a>VL6180x_RangeGetMeasurement</STRONG> (Thumb, 156 bytes, Stack size 24 bytes, vl6180x_api.o(i.VL6180x_RangeGetMeasurement))
<BR><BR>[Stack]<UL><LI>Max Depth = 360<LI>Call Chain = VL6180x_RangeGetMeasurement &rArr; _filter_GetResult &rArr; _filter_Start &rArr; VL6180x_RdMulti &rArr; VL6180x_I2CWrite &rArr; VL6180_Write_Multiple_Register &rArr; i2c_flag_get
</UL>
<BR>[Calls]<UL><LI><a href="#[c7]">&gt;&gt;</a>&nbsp;&nbsp;&nbsp;_CachedRegs_Flush
<LI><a href="#[c2]">&gt;&gt;</a>&nbsp;&nbsp;&nbsp;_CachedRegs_Fetch
<LI><a href="#[c3]">&gt;&gt;</a>&nbsp;&nbsp;&nbsp;VL6180x_RangeGetResult
<LI><a href="#[b7]">&gt;&gt;</a>&nbsp;&nbsp;&nbsp;VL6180x_GetCachedWord
<LI><a href="#[b3]">&gt;&gt;</a>&nbsp;&nbsp;&nbsp;VL6180x_GetCachedByte
<LI><a href="#[c5]">&gt;&gt;</a>&nbsp;&nbsp;&nbsp;_filter_GetResult
<LI><a href="#[c4]">&gt;&gt;</a>&nbsp;&nbsp;&nbsp;_GetRateResult
<LI><a href="#[c6]">&gt;&gt;</a>&nbsp;&nbsp;&nbsp;_DMax_Compute
</UL>
<BR>[Called By]<UL><LI><a href="#[57]">&gt;&gt;</a>&nbsp;&nbsp;&nbsp;VL6180xTask
</UL>

<P><STRONG><a name="[c3]"></a>VL6180x_RangeGetResult</STRONG> (Thumb, 38 bytes, Stack size 24 bytes, vl6180x_api.o(i.VL6180x_RangeGetResult))
<BR><BR>[Stack]<UL><LI>Max Depth = 128<LI>Call Chain = VL6180x_RangeGetResult &rArr; VL6180x_GetCachedByte &rArr; VL6180x_RdByte &rArr; VL6180x_I2CWrite &rArr; VL6180_Write_Multiple_Register &rArr; i2c_flag_get
</UL>
<BR>[Calls]<UL><LI><a href="#[b3]">&gt;&gt;</a>&nbsp;&nbsp;&nbsp;VL6180x_GetCachedByte
</UL>
<BR>[Called By]<UL><LI><a href="#[b1]">&gt;&gt;</a>&nbsp;&nbsp;&nbsp;VL6180x_RangeGetMeasurement
</UL>

<P><STRONG><a name="[cb]"></a>VL6180x_RangeSetEceState</STRONG> (Thumb, 36 bytes, Stack size 24 bytes, vl6180x_api.o(i.VL6180x_RangeSetEceState))
<BR><BR>[Stack]<UL><LI>Max Depth = 112<LI>Call Chain = VL6180x_RangeSetEceState &rArr; VL6180x_UpdateByte &rArr; VL6180x_I2CWrite &rArr; VL6180_Write_Multiple_Register &rArr; i2c_flag_get
</UL>
<BR>[Calls]<UL><LI><a href="#[c1]">&gt;&gt;</a>&nbsp;&nbsp;&nbsp;VL6180x_UpdateByte
</UL>
<BR>[Called By]<UL><LI><a href="#[99]">&gt;&gt;</a>&nbsp;&nbsp;&nbsp;VL6180x_UpscaleSetScaling
</UL>

<P><STRONG><a name="[9b]"></a>VL6180x_RangeSetInterMeasPeriod</STRONG> (Thumb, 76 bytes, Stack size 24 bytes, vl6180x_api.o(i.VL6180x_RangeSetInterMeasPeriod))
<BR><BR>[Stack]<UL><LI>Max Depth = 104<LI>Call Chain = VL6180x_RangeSetInterMeasPeriod &rArr; VL6180x_WrByte &rArr; VL6180x_I2CWrite &rArr; VL6180_Write_Multiple_Register &rArr; i2c_flag_get
</UL>
<BR>[Calls]<UL><LI><a href="#[b2]">&gt;&gt;</a>&nbsp;&nbsp;&nbsp;VL6180x_WrByte
</UL>
<BR>[Called By]<UL><LI><a href="#[95]">&gt;&gt;</a>&nbsp;&nbsp;&nbsp;Sample_Interrupt
</UL>

<P><STRONG><a name="[cc]"></a>VL6180x_RangeSetMaxConvergenceTime</STRONG> (Thumb, 54 bytes, Stack size 16 bytes, vl6180x_api.o(i.VL6180x_RangeSetMaxConvergenceTime))
<BR><BR>[Stack]<UL><LI>Max Depth = 200<LI>Call Chain = VL6180x_RangeSetMaxConvergenceTime &rArr; VL6180x_RangeSetEarlyConvergenceEestimateThreshold &rArr; _GetAveTotalTime &rArr; VL6180x_RdByte &rArr; VL6180x_I2CWrite &rArr; VL6180_Write_Multiple_Register &rArr; i2c_flag_get
</UL>
<BR>[Calls]<UL><LI><a href="#[b2]">&gt;&gt;</a>&nbsp;&nbsp;&nbsp;VL6180x_WrByte
<LI><a href="#[bc]">&gt;&gt;</a>&nbsp;&nbsp;&nbsp;_DMax_InitData
<LI><a href="#[c8]">&gt;&gt;</a>&nbsp;&nbsp;&nbsp;VL6180x_RangeSetEarlyConvergenceEestimateThreshold
</UL>
<BR>[Called By]<UL><LI><a href="#[d0]">&gt;&gt;</a>&nbsp;&nbsp;&nbsp;VL6180x_UpscaleRegInit
</UL>

<P><STRONG><a name="[bf]"></a>VL6180x_RangeSetRawThresholds</STRONG> (Thumb, 42 bytes, Stack size 24 bytes, vl6180x_api.o(i.VL6180x_RangeSetRawThresholds))
<BR><BR>[Stack]<UL><LI>Max Depth = 104<LI>Call Chain = VL6180x_RangeSetRawThresholds &rArr; VL6180x_WrByte &rArr; VL6180x_I2CWrite &rArr; VL6180_Write_Multiple_Register &rArr; i2c_flag_get
</UL>
<BR>[Calls]<UL><LI><a href="#[b2]">&gt;&gt;</a>&nbsp;&nbsp;&nbsp;VL6180x_WrByte
</UL>
<BR>[Called By]<UL><LI><a href="#[98]">&gt;&gt;</a>&nbsp;&nbsp;&nbsp;VL6180x_Prepare
</UL>

<P><STRONG><a name="[cd]"></a>VL6180x_RangeSetSystemMode</STRONG> (Thumb, 34 bytes, Stack size 16 bytes, vl6180x_api.o(i.VL6180x_RangeSetSystemMode))
<BR><BR>[Stack]<UL><LI>Max Depth = 96<LI>Call Chain = VL6180x_RangeSetSystemMode &rArr; VL6180x_WrByte &rArr; VL6180x_I2CWrite &rArr; VL6180_Write_Multiple_Register &rArr; i2c_flag_get
</UL>
<BR>[Calls]<UL><LI><a href="#[b2]">&gt;&gt;</a>&nbsp;&nbsp;&nbsp;VL6180x_WrByte
</UL>
<BR>[Called By]<UL><LI><a href="#[9d]">&gt;&gt;</a>&nbsp;&nbsp;&nbsp;VL6180x_RangeStartContinuousMode
</UL>

<P><STRONG><a name="[9d]"></a>VL6180x_RangeStartContinuousMode</STRONG> (Thumb, 18 bytes, Stack size 16 bytes, vl6180x_api.o(i.VL6180x_RangeStartContinuousMode))
<BR><BR>[Stack]<UL><LI>Max Depth = 112<LI>Call Chain = VL6180x_RangeStartContinuousMode &rArr; VL6180x_RangeSetSystemMode &rArr; VL6180x_WrByte &rArr; VL6180x_I2CWrite &rArr; VL6180_Write_Multiple_Register &rArr; i2c_flag_get
</UL>
<BR>[Calls]<UL><LI><a href="#[cd]">&gt;&gt;</a>&nbsp;&nbsp;&nbsp;VL6180x_RangeSetSystemMode
</UL>
<BR>[Called By]<UL><LI><a href="#[95]">&gt;&gt;</a>&nbsp;&nbsp;&nbsp;Sample_Interrupt
</UL>

<P><STRONG><a name="[b4]"></a>VL6180x_RdByte</STRONG> (Thumb, 56 bytes, Stack size 32 bytes, vl6180x_i2c.o(i.VL6180x_RdByte))
<BR><BR>[Stack]<UL><LI>Max Depth = 80<LI>Call Chain = VL6180x_RdByte &rArr; VL6180x_I2CWrite &rArr; VL6180_Write_Multiple_Register &rArr; i2c_flag_get
</UL>
<BR>[Calls]<UL><LI><a href="#[ba]">&gt;&gt;</a>&nbsp;&nbsp;&nbsp;VL6180x_I2CWrite
<LI><a href="#[b9]">&gt;&gt;</a>&nbsp;&nbsp;&nbsp;VL6180x_I2CRead
</UL>
<BR>[Called By]<UL><LI><a href="#[96]">&gt;&gt;</a>&nbsp;&nbsp;&nbsp;VL6180x_InitData
<LI><a href="#[b3]">&gt;&gt;</a>&nbsp;&nbsp;&nbsp;VL6180x_GetCachedByte
<LI><a href="#[d8]">&gt;&gt;</a>&nbsp;&nbsp;&nbsp;_filter_Start
<LI><a href="#[c9]">&gt;&gt;</a>&nbsp;&nbsp;&nbsp;_GetAveTotalTime
<LI><a href="#[bc]">&gt;&gt;</a>&nbsp;&nbsp;&nbsp;_DMax_InitData
<LI><a href="#[c8]">&gt;&gt;</a>&nbsp;&nbsp;&nbsp;VL6180x_RangeSetEarlyConvergenceEestimateThreshold
</UL>

<P><STRONG><a name="[b6]"></a>VL6180x_RdDWord</STRONG> (Thumb, 74 bytes, Stack size 32 bytes, vl6180x_i2c.o(i.VL6180x_RdDWord))
<BR><BR>[Stack]<UL><LI>Max Depth = 80<LI>Call Chain = VL6180x_RdDWord &rArr; VL6180x_I2CWrite &rArr; VL6180_Write_Multiple_Register &rArr; i2c_flag_get
</UL>
<BR>[Calls]<UL><LI><a href="#[ba]">&gt;&gt;</a>&nbsp;&nbsp;&nbsp;VL6180x_I2CWrite
<LI><a href="#[b9]">&gt;&gt;</a>&nbsp;&nbsp;&nbsp;VL6180x_I2CRead
</UL>
<BR>[Called By]<UL><LI><a href="#[96]">&gt;&gt;</a>&nbsp;&nbsp;&nbsp;VL6180x_InitData
<LI><a href="#[b5]">&gt;&gt;</a>&nbsp;&nbsp;&nbsp;VL6180x_GetCachedDWord
<LI><a href="#[bc]">&gt;&gt;</a>&nbsp;&nbsp;&nbsp;_DMax_InitData
<LI><a href="#[c8]">&gt;&gt;</a>&nbsp;&nbsp;&nbsp;VL6180x_RangeSetEarlyConvergenceEestimateThreshold
</UL>

<P><STRONG><a name="[ce]"></a>VL6180x_RdMulti</STRONG> (Thumb, 56 bytes, Stack size 40 bytes, vl6180x_i2c.o(i.VL6180x_RdMulti))
<BR><BR>[Stack]<UL><LI>Max Depth = 88<LI>Call Chain = VL6180x_RdMulti &rArr; VL6180x_I2CWrite &rArr; VL6180_Write_Multiple_Register &rArr; i2c_flag_get
</UL>
<BR>[Calls]<UL><LI><a href="#[ba]">&gt;&gt;</a>&nbsp;&nbsp;&nbsp;VL6180x_I2CWrite
<LI><a href="#[b9]">&gt;&gt;</a>&nbsp;&nbsp;&nbsp;VL6180x_I2CRead
</UL>
<BR>[Called By]<UL><LI><a href="#[c2]">&gt;&gt;</a>&nbsp;&nbsp;&nbsp;_CachedRegs_Fetch
<LI><a href="#[d8]">&gt;&gt;</a>&nbsp;&nbsp;&nbsp;_filter_Start
</UL>

<P><STRONG><a name="[b8]"></a>VL6180x_RdWord</STRONG> (Thumb, 62 bytes, Stack size 32 bytes, vl6180x_i2c.o(i.VL6180x_RdWord))
<BR><BR>[Stack]<UL><LI>Max Depth = 80<LI>Call Chain = VL6180x_RdWord &rArr; VL6180x_I2CWrite &rArr; VL6180_Write_Multiple_Register &rArr; i2c_flag_get
</UL>
<BR>[Calls]<UL><LI><a href="#[ba]">&gt;&gt;</a>&nbsp;&nbsp;&nbsp;VL6180x_I2CWrite
<LI><a href="#[b9]">&gt;&gt;</a>&nbsp;&nbsp;&nbsp;VL6180x_I2CRead
</UL>
<BR>[Called By]<UL><LI><a href="#[96]">&gt;&gt;</a>&nbsp;&nbsp;&nbsp;VL6180x_InitData
<LI><a href="#[b7]">&gt;&gt;</a>&nbsp;&nbsp;&nbsp;VL6180x_GetCachedWord
<LI><a href="#[bc]">&gt;&gt;</a>&nbsp;&nbsp;&nbsp;_DMax_InitData
</UL>

<P><STRONG><a name="[9a]"></a>VL6180x_SetGroupParamHold</STRONG> (Thumb, 34 bytes, Stack size 24 bytes, vl6180x_api.o(i.VL6180x_SetGroupParamHold))
<BR><BR>[Stack]<UL><LI>Max Depth = 104<LI>Call Chain = VL6180x_SetGroupParamHold &rArr; VL6180x_WrByte &rArr; VL6180x_I2CWrite &rArr; VL6180_Write_Multiple_Register &rArr; i2c_flag_get
</UL>
<BR>[Calls]<UL><LI><a href="#[b2]">&gt;&gt;</a>&nbsp;&nbsp;&nbsp;VL6180x_WrByte
</UL>
<BR>[Called By]<UL><LI><a href="#[95]">&gt;&gt;</a>&nbsp;&nbsp;&nbsp;Sample_Interrupt
</UL>

<P><STRONG><a name="[d4]"></a>VL6180x_SqrtUint32</STRONG> (Thumb, 44 bytes, Stack size 0 bytes, vl6180x_api.o(i.VL6180x_SqrtUint32))
<BR><BR>[Called By]<UL><LI><a href="#[d3]">&gt;&gt;</a>&nbsp;&nbsp;&nbsp;_DMax_RawValueAtRateKCps
</UL>

<P><STRONG><a name="[bd]"></a>VL6180x_StaticInit</STRONG> (Thumb, 54 bytes, Stack size 16 bytes, vl6180x_api.o(i.VL6180x_StaticInit))
<BR><BR>[Stack]<UL><LI>Max Depth = 240<LI>Call Chain = VL6180x_StaticInit &rArr; VL6180x_UpscaleStaticInit &rArr; VL6180x_UpscaleRegInit &rArr; VL6180x_RangeSetMaxConvergenceTime &rArr; VL6180x_RangeSetEarlyConvergenceEestimateThreshold &rArr; _GetAveTotalTime &rArr; VL6180x_RdByte &rArr; VL6180x_I2CWrite &rArr; VL6180_Write_Multiple_Register &rArr; i2c_flag_get
</UL>
<BR>[Calls]<UL><LI><a href="#[cf]">&gt;&gt;</a>&nbsp;&nbsp;&nbsp;VL6180x_UpscaleStaticInit
</UL>
<BR>[Called By]<UL><LI><a href="#[98]">&gt;&gt;</a>&nbsp;&nbsp;&nbsp;VL6180x_Prepare
</UL>

<P><STRONG><a name="[c1]"></a>VL6180x_UpdateByte</STRONG> (Thumb, 76 bytes, Stack size 40 bytes, vl6180x_i2c.o(i.VL6180x_UpdateByte))
<BR><BR>[Stack]<UL><LI>Max Depth = 88<LI>Call Chain = VL6180x_UpdateByte &rArr; VL6180x_I2CWrite &rArr; VL6180_Write_Multiple_Register &rArr; i2c_flag_get
</UL>
<BR>[Calls]<UL><LI><a href="#[ba]">&gt;&gt;</a>&nbsp;&nbsp;&nbsp;VL6180x_I2CWrite
<LI><a href="#[b9]">&gt;&gt;</a>&nbsp;&nbsp;&nbsp;VL6180x_I2CRead
</UL>
<BR>[Called By]<UL><LI><a href="#[cb]">&gt;&gt;</a>&nbsp;&nbsp;&nbsp;VL6180x_RangeSetEceState
<LI><a href="#[be]">&gt;&gt;</a>&nbsp;&nbsp;&nbsp;VL6180x_RangeConfigInterrupt
</UL>

<P><STRONG><a name="[d0]"></a>VL6180x_UpscaleRegInit</STRONG> (Thumb, 414 bytes, Stack size 8 bytes, vl6180x_api.o(i.VL6180x_UpscaleRegInit))
<BR><BR>[Stack]<UL><LI>Max Depth = 208<LI>Call Chain = VL6180x_UpscaleRegInit &rArr; VL6180x_RangeSetMaxConvergenceTime &rArr; VL6180x_RangeSetEarlyConvergenceEestimateThreshold &rArr; _GetAveTotalTime &rArr; VL6180x_RdByte &rArr; VL6180x_I2CWrite &rArr; VL6180_Write_Multiple_Register &rArr; i2c_flag_get
</UL>
<BR>[Calls]<UL><LI><a href="#[b2]">&gt;&gt;</a>&nbsp;&nbsp;&nbsp;VL6180x_WrByte
<LI><a href="#[cc]">&gt;&gt;</a>&nbsp;&nbsp;&nbsp;VL6180x_RangeSetMaxConvergenceTime
<LI><a href="#[d1]">&gt;&gt;</a>&nbsp;&nbsp;&nbsp;_UpscaleInitPatch0
</UL>
<BR>[Called By]<UL><LI><a href="#[cf]">&gt;&gt;</a>&nbsp;&nbsp;&nbsp;VL6180x_UpscaleStaticInit
</UL>

<P><STRONG><a name="[99]"></a>VL6180x_UpscaleSetScaling</STRONG> (Thumb, 172 bytes, Stack size 32 bytes, vl6180x_api.o(i.VL6180x_UpscaleSetScaling))
<BR><BR>[Stack]<UL><LI>Max Depth = 144<LI>Call Chain = VL6180x_UpscaleSetScaling &rArr; VL6180x_RangeSetEceState &rArr; VL6180x_UpdateByte &rArr; VL6180x_I2CWrite &rArr; VL6180_Write_Multiple_Register &rArr; i2c_flag_get
</UL>
<BR>[Calls]<UL><LI><a href="#[ca]">&gt;&gt;</a>&nbsp;&nbsp;&nbsp;VL6180x_WrWord
<LI><a href="#[b2]">&gt;&gt;</a>&nbsp;&nbsp;&nbsp;VL6180x_WrByte
<LI><a href="#[cb]">&gt;&gt;</a>&nbsp;&nbsp;&nbsp;VL6180x_RangeSetEceState
</UL>
<BR>[Called By]<UL><LI><a href="#[95]">&gt;&gt;</a>&nbsp;&nbsp;&nbsp;Sample_Interrupt
<LI><a href="#[cf]">&gt;&gt;</a>&nbsp;&nbsp;&nbsp;VL6180x_UpscaleStaticInit
</UL>

<P><STRONG><a name="[b2]"></a>VL6180x_WrByte</STRONG> (Thumb, 38 bytes, Stack size 32 bytes, vl6180x_i2c.o(i.VL6180x_WrByte))
<BR><BR>[Stack]<UL><LI>Max Depth = 80<LI>Call Chain = VL6180x_WrByte &rArr; VL6180x_I2CWrite &rArr; VL6180_Write_Multiple_Register &rArr; i2c_flag_get
</UL>
<BR>[Calls]<UL><LI><a href="#[ba]">&gt;&gt;</a>&nbsp;&nbsp;&nbsp;VL6180x_I2CWrite
</UL>
<BR>[Called By]<UL><LI><a href="#[9c]">&gt;&gt;</a>&nbsp;&nbsp;&nbsp;VL6180x_ClearInterrupt
<LI><a href="#[99]">&gt;&gt;</a>&nbsp;&nbsp;&nbsp;VL6180x_UpscaleSetScaling
<LI><a href="#[d0]">&gt;&gt;</a>&nbsp;&nbsp;&nbsp;VL6180x_UpscaleRegInit
<LI><a href="#[9a]">&gt;&gt;</a>&nbsp;&nbsp;&nbsp;VL6180x_SetGroupParamHold
<LI><a href="#[cd]">&gt;&gt;</a>&nbsp;&nbsp;&nbsp;VL6180x_RangeSetSystemMode
<LI><a href="#[bf]">&gt;&gt;</a>&nbsp;&nbsp;&nbsp;VL6180x_RangeSetRawThresholds
<LI><a href="#[cc]">&gt;&gt;</a>&nbsp;&nbsp;&nbsp;VL6180x_RangeSetMaxConvergenceTime
<LI><a href="#[9b]">&gt;&gt;</a>&nbsp;&nbsp;&nbsp;VL6180x_RangeSetInterMeasPeriod
<LI><a href="#[d8]">&gt;&gt;</a>&nbsp;&nbsp;&nbsp;_filter_Start
<LI><a href="#[cf]">&gt;&gt;</a>&nbsp;&nbsp;&nbsp;VL6180x_UpscaleStaticInit
</UL>

<P><STRONG><a name="[d2]"></a>VL6180x_WrDWord</STRONG> (Thumb, 50 bytes, Stack size 32 bytes, vl6180x_i2c.o(i.VL6180x_WrDWord))
<BR><BR>[Stack]<UL><LI>Max Depth = 80<LI>Call Chain = VL6180x_WrDWord &rArr; VL6180x_I2CWrite &rArr; VL6180_Write_Multiple_Register &rArr; i2c_flag_get
</UL>
<BR>[Calls]<UL><LI><a href="#[ba]">&gt;&gt;</a>&nbsp;&nbsp;&nbsp;VL6180x_I2CWrite
</UL>
<BR>[Called By]<UL><LI><a href="#[d1]">&gt;&gt;</a>&nbsp;&nbsp;&nbsp;_UpscaleInitPatch0
</UL>

<P><STRONG><a name="[ca]"></a>VL6180x_WrWord</STRONG> (Thumb, 42 bytes, Stack size 32 bytes, vl6180x_i2c.o(i.VL6180x_WrWord))
<BR><BR>[Stack]<UL><LI>Max Depth = 80<LI>Call Chain = VL6180x_WrWord &rArr; VL6180x_I2CWrite &rArr; VL6180_Write_Multiple_Register &rArr; i2c_flag_get
</UL>
<BR>[Calls]<UL><LI><a href="#[ba]">&gt;&gt;</a>&nbsp;&nbsp;&nbsp;VL6180x_I2CWrite
</UL>
<BR>[Called By]<UL><LI><a href="#[99]">&gt;&gt;</a>&nbsp;&nbsp;&nbsp;VL6180x_UpscaleSetScaling
<LI><a href="#[c8]">&gt;&gt;</a>&nbsp;&nbsp;&nbsp;VL6180x_RangeSetEarlyConvergenceEestimateThreshold
</UL>

<P><STRONG><a name="[84]"></a>Write_APP_Size</STRONG> (Thumb, 14 bytes, Stack size 8 bytes, ota.o(i.Write_APP_Size))
<BR><BR>[Stack]<UL><LI>Max Depth = 68<LI>Call Chain = Write_APP_Size &rArr; flash_write_buffer &rArr; fmc_word_program &rArr; fmc_bank1_ready_wait
</UL>
<BR>[Calls]<UL><LI><a href="#[7a]">&gt;&gt;</a>&nbsp;&nbsp;&nbsp;flash_write_buffer
</UL>
<BR>[Called By]<UL><LI><a href="#[83]">&gt;&gt;</a>&nbsp;&nbsp;&nbsp;FlashBinaryCheck
</UL>

<P><STRONG><a name="[c2]"></a>_CachedRegs_Fetch</STRONG> (Thumb, 46 bytes, Stack size 16 bytes, vl6180x_api.o(i._CachedRegs_Fetch))
<BR><BR>[Stack]<UL><LI>Max Depth = 104<LI>Call Chain = _CachedRegs_Fetch &rArr; VL6180x_RdMulti &rArr; VL6180x_I2CWrite &rArr; VL6180_Write_Multiple_Register &rArr; i2c_flag_get
</UL>
<BR>[Calls]<UL><LI><a href="#[ce]">&gt;&gt;</a>&nbsp;&nbsp;&nbsp;VL6180x_RdMulti
</UL>
<BR>[Called By]<UL><LI><a href="#[b1]">&gt;&gt;</a>&nbsp;&nbsp;&nbsp;VL6180x_RangeGetMeasurement
</UL>

<P><STRONG><a name="[c7]"></a>_CachedRegs_Flush</STRONG> (Thumb, 10 bytes, Stack size 0 bytes, vl6180x_api.o(i._CachedRegs_Flush))
<BR><BR>[Called By]<UL><LI><a href="#[b1]">&gt;&gt;</a>&nbsp;&nbsp;&nbsp;VL6180x_RangeGetMeasurement
</UL>

<P><STRONG><a name="[bb]"></a>_DMax_OneTimeInit</STRONG> (Thumb, 10 bytes, Stack size 0 bytes, vl6180x_api.o(i._DMax_OneTimeInit))
<BR><BR>[Called By]<UL><LI><a href="#[96]">&gt;&gt;</a>&nbsp;&nbsp;&nbsp;VL6180x_InitData
</UL>

<P><STRONG><a name="[d5]"></a>__0printf$8</STRONG> (Thumb, 22 bytes, Stack size 24 bytes, printf8.o(i.__0printf$8), UNUSED)
<BR><BR>[Calls]<UL><LI><a href="#[d6]">&gt;&gt;</a>&nbsp;&nbsp;&nbsp;_printf_core
</UL>

<P><STRONG><a name="[162]"></a>__1printf$8</STRONG> (Thumb, 0 bytes, Stack size 24 bytes, printf8.o(i.__0printf$8), UNUSED)

<P><STRONG><a name="[7b]"></a>__2printf</STRONG> (Thumb, 0 bytes, Stack size 24 bytes, printf8.o(i.__0printf$8))
<BR><BR>[Stack]<UL><LI>Max Depth = 24<LI>Call Chain = __2printf
</UL>
<BR>[Called By]<UL><LI><a href="#[57]">&gt;&gt;</a>&nbsp;&nbsp;&nbsp;VL6180xTask
<LI><a href="#[5c]">&gt;&gt;</a>&nbsp;&nbsp;&nbsp;InitTask
<LI><a href="#[83]">&gt;&gt;</a>&nbsp;&nbsp;&nbsp;FlashBinaryCheck
<LI><a href="#[79]">&gt;&gt;</a>&nbsp;&nbsp;&nbsp;Download2Flash
<LI><a href="#[80]">&gt;&gt;</a>&nbsp;&nbsp;&nbsp;Key_Interrupt_FMS
<LI><a href="#[8e]">&gt;&gt;</a>&nbsp;&nbsp;&nbsp;Key_CallBack_FMS
<LI><a href="#[5]">&gt;&gt;</a>&nbsp;&nbsp;&nbsp;OTA_Handler
</UL>

<P><STRONG><a name="[d7]"></a>__0sprintf$8</STRONG> (Thumb, 34 bytes, Stack size 24 bytes, printf8.o(i.__0sprintf$8), UNUSED)
<BR><BR>[Calls]<UL><LI><a href="#[5b]">&gt;&gt;</a>&nbsp;&nbsp;&nbsp;_sputc
<LI><a href="#[d6]">&gt;&gt;</a>&nbsp;&nbsp;&nbsp;_printf_core
</UL>

<P><STRONG><a name="[163]"></a>__1sprintf$8</STRONG> (Thumb, 0 bytes, Stack size 24 bytes, printf8.o(i.__0sprintf$8), UNUSED)

<P><STRONG><a name="[93]"></a>__2sprintf</STRONG> (Thumb, 0 bytes, Stack size 24 bytes, printf8.o(i.__0sprintf$8))
<BR><BR>[Stack]<UL><LI>Max Depth = 24<LI>Call Chain = __2sprintf
</UL>
<BR>[Called By]<UL><LI><a href="#[92]">&gt;&gt;</a>&nbsp;&nbsp;&nbsp;PowerOn_Time
<LI><a href="#[57]">&gt;&gt;</a>&nbsp;&nbsp;&nbsp;VL6180xTask
</UL>

<P><STRONG><a name="[164]"></a>__scatterload_copy</STRONG> (Thumb, 14 bytes, Stack size unknown bytes, handlers.o(i.__scatterload_copy), UNUSED)

<P><STRONG><a name="[165]"></a>__scatterload_null</STRONG> (Thumb, 2 bytes, Stack size unknown bytes, handlers.o(i.__scatterload_null), UNUSED)

<P><STRONG><a name="[166]"></a>__scatterload_zeroinit</STRONG> (Thumb, 14 bytes, Stack size unknown bytes, handlers.o(i.__scatterload_zeroinit), UNUSED)

<P><STRONG><a name="[af]"></a>bsp_gpio_exti_init</STRONG> (Thumb, 72 bytes, Stack size 8 bytes, exti.o(i.bsp_gpio_exti_init))
<BR><BR>[Stack]<UL><LI>Max Depth = 32<LI>Call Chain = bsp_gpio_exti_init &rArr; nvic_irq_enable
</UL>
<BR>[Calls]<UL><LI><a href="#[8b]">&gt;&gt;</a>&nbsp;&nbsp;&nbsp;rcu_periph_clock_enable
<LI><a href="#[8c]">&gt;&gt;</a>&nbsp;&nbsp;&nbsp;gpio_init
<LI><a href="#[8f]">&gt;&gt;</a>&nbsp;&nbsp;&nbsp;exti_interrupt_enable
<LI><a href="#[dd]">&gt;&gt;</a>&nbsp;&nbsp;&nbsp;gpio_exti_source_select
<LI><a href="#[7f]">&gt;&gt;</a>&nbsp;&nbsp;&nbsp;exti_interrupt_flag_clear
<LI><a href="#[de]">&gt;&gt;</a>&nbsp;&nbsp;&nbsp;exti_init
<LI><a href="#[dc]">&gt;&gt;</a>&nbsp;&nbsp;&nbsp;nvic_irq_enable
</UL>
<BR>[Called By]<UL><LI><a href="#[57]">&gt;&gt;</a>&nbsp;&nbsp;&nbsp;VL6180xTask
</UL>

<P><STRONG><a name="[89]"></a>bsp_iic_init</STRONG> (Thumb, 70 bytes, Stack size 8 bytes, iic.o(i.bsp_iic_init))
<BR><BR>[Stack]<UL><LI>Max Depth = 132<LI>Call Chain = bsp_iic_init &rArr; i2c_clock_config &rArr; rcu_clock_freq_get
</UL>
<BR>[Calls]<UL><LI><a href="#[8b]">&gt;&gt;</a>&nbsp;&nbsp;&nbsp;rcu_periph_clock_enable
<LI><a href="#[8c]">&gt;&gt;</a>&nbsp;&nbsp;&nbsp;gpio_init
<LI><a href="#[e0]">&gt;&gt;</a>&nbsp;&nbsp;&nbsp;i2c_mode_addr_config
<LI><a href="#[e1]">&gt;&gt;</a>&nbsp;&nbsp;&nbsp;i2c_enable
<LI><a href="#[df]">&gt;&gt;</a>&nbsp;&nbsp;&nbsp;i2c_clock_config
<LI><a href="#[aa]">&gt;&gt;</a>&nbsp;&nbsp;&nbsp;i2c_ack_config
</UL>
<BR>[Called By]<UL><LI><a href="#[5c]">&gt;&gt;</a>&nbsp;&nbsp;&nbsp;InitTask
</UL>

<P><STRONG><a name="[e2]"></a>dma_channel_disable</STRONG> (Thumb, 50 bytes, Stack size 16 bytes, gd32f30x_dma.o(i.dma_channel_disable))
<BR><BR>[Stack]<UL><LI>Max Depth = 16<LI>Call Chain = dma_channel_disable
</UL>
<BR>[Calls]<UL><LI><a href="#[e3]">&gt;&gt;</a>&nbsp;&nbsp;&nbsp;dma_periph_and_channel_check
</UL>
<BR>[Called By]<UL><LI><a href="#[56]">&gt;&gt;</a>&nbsp;&nbsp;&nbsp;usart1_dma_send
<LI><a href="#[55]">&gt;&gt;</a>&nbsp;&nbsp;&nbsp;usart1_dma_recv
<LI><a href="#[ee]">&gt;&gt;</a>&nbsp;&nbsp;&nbsp;isp_usart_dma_config
</UL>

<P><STRONG><a name="[e4]"></a>dma_channel_enable</STRONG> (Thumb, 50 bytes, Stack size 16 bytes, gd32f30x_dma.o(i.dma_channel_enable))
<BR><BR>[Stack]<UL><LI>Max Depth = 16<LI>Call Chain = dma_channel_enable
</UL>
<BR>[Calls]<UL><LI><a href="#[e3]">&gt;&gt;</a>&nbsp;&nbsp;&nbsp;dma_periph_and_channel_check
</UL>
<BR>[Called By]<UL><LI><a href="#[56]">&gt;&gt;</a>&nbsp;&nbsp;&nbsp;usart1_dma_send
<LI><a href="#[55]">&gt;&gt;</a>&nbsp;&nbsp;&nbsp;usart1_dma_recv
<LI><a href="#[ee]">&gt;&gt;</a>&nbsp;&nbsp;&nbsp;isp_usart_dma_config
</UL>

<P><STRONG><a name="[e5]"></a>dma_circulation_disable</STRONG> (Thumb, 50 bytes, Stack size 16 bytes, gd32f30x_dma.o(i.dma_circulation_disable))
<BR><BR>[Stack]<UL><LI>Max Depth = 16<LI>Call Chain = dma_circulation_disable
</UL>
<BR>[Calls]<UL><LI><a href="#[e3]">&gt;&gt;</a>&nbsp;&nbsp;&nbsp;dma_periph_and_channel_check
</UL>
<BR>[Called By]<UL><LI><a href="#[ee]">&gt;&gt;</a>&nbsp;&nbsp;&nbsp;isp_usart_dma_config
</UL>

[...]
<BR><BR>[Stack]<UL><LI>Max Depth = 72<LI>Call Chain = prvIdleTask &rArr; prvCheckTasksWaitingTermination &rArr; prvDeleteTCB &rArr; vPortFree &rArr; xTaskResumeAll &rArr; xTaskIncrementTick
</UL>
<BR>[Calls]<UL><LI><a href="#[118]">&gt;&gt;</a>&nbsp;&nbsp;&nbsp;prvCheckTasksWaitingTermination
</UL>
<BR>[Address Reference Count : 1]<UL><LI> tasks.o(i.vTaskStartScheduler)
</UL>
<P><STRONG><a name="[121]"></a>prvInitialiseNewTask</STRONG> (Thumb, 190 bytes, Stack size 40 bytes, tasks.o(i.prvInitialiseNewTask))
<BR><BR>[Stack]<UL><LI>Max Depth = 40<LI>Call Chain = prvInitialiseNewTask
</UL>
<BR>[Calls]<UL><LI><a href="#[122]">&gt;&gt;</a>&nbsp;&nbsp;&nbsp;vListInitialiseItem
<LI><a href="#[123]">&gt;&gt;</a>&nbsp;&nbsp;&nbsp;pxPortInitialiseStack
<LI><a href="#[65]">&gt;&gt;</a>&nbsp;&nbsp;&nbsp;__aeabi_memset
</UL>
<BR>[Called By]<UL><LI><a href="#[8d]">&gt;&gt;</a>&nbsp;&nbsp;&nbsp;xTaskCreate
</UL>

<P><STRONG><a name="[113]"></a>prvInitialiseTaskLists</STRONG> (Thumb, 70 bytes, Stack size 8 bytes, tasks.o(i.prvInitialiseTaskLists))
<BR><BR>[Stack]<UL><LI>Max Depth = 8<LI>Call Chain = prvInitialiseTaskLists
</UL>
<BR>[Calls]<UL><LI><a href="#[116]">&gt;&gt;</a>&nbsp;&nbsp;&nbsp;vListInitialise
</UL>
<BR>[Called By]<UL><LI><a href="#[111]">&gt;&gt;</a>&nbsp;&nbsp;&nbsp;prvAddNewTaskToReadyList
</UL>

<P><STRONG><a name="[150]"></a>prvResetNextTaskUnblockTime</STRONG> (Thumb, 40 bytes, Stack size 0 bytes, tasks.o(i.prvResetNextTaskUnblockTime))
<BR><BR>[Called By]<UL><LI><a href="#[12e]">&gt;&gt;</a>&nbsp;&nbsp;&nbsp;xTaskResumeAll
<LI><a href="#[9f]">&gt;&gt;</a>&nbsp;&nbsp;&nbsp;xTaskIncrementTick
</UL>

<P><STRONG><a name="[115]"></a>prvCheckForValidListAndQueue</STRONG> (Thumb, 72 bytes, Stack size 8 bytes, timers.o(i.prvCheckForValidListAndQueue))
<BR><BR>[Stack]<UL><LI>Max Depth = 104<LI>Call Chain = prvCheckForValidListAndQueue &rArr; xQueueGenericCreate &rArr; pvPortMalloc &rArr; xTaskResumeAll &rArr; xTaskIncrementTick
</UL>
<BR>[Calls]<UL><LI><a href="#[10b]">&gt;&gt;</a>&nbsp;&nbsp;&nbsp;xQueueGenericCreate
<LI><a href="#[117]">&gt;&gt;</a>&nbsp;&nbsp;&nbsp;vQueueAddToRegistry
<LI><a href="#[114]">&gt;&gt;</a>&nbsp;&nbsp;&nbsp;vPortExitCritical
<LI><a href="#[112]">&gt;&gt;</a>&nbsp;&nbsp;&nbsp;vPortEnterCritical
<LI><a href="#[116]">&gt;&gt;</a>&nbsp;&nbsp;&nbsp;vListInitialise
</UL>
<BR>[Called By]<UL><LI><a href="#[124]">&gt;&gt;</a>&nbsp;&nbsp;&nbsp;prvInitialiseNewTimer
<LI><a href="#[143]">&gt;&gt;</a>&nbsp;&nbsp;&nbsp;xTimerCreateTimerTask
</UL>

<P><STRONG><a name="[132]"></a>prvGetNextExpireTime</STRONG> (Thumb, 36 bytes, Stack size 0 bytes, timers.o(i.prvGetNextExpireTime))
<BR><BR>[Called By]<UL><LI><a href="#[60]">&gt;&gt;</a>&nbsp;&nbsp;&nbsp;prvTimerTask
</UL>

<P><STRONG><a name="[124]"></a>prvInitialiseNewTimer</STRONG> (Thumb, 90 bytes, Stack size 32 bytes, timers.o(i.prvInitialiseNewTimer))
<BR><BR>[Stack]<UL><LI>Max Depth = 136<LI>Call Chain = prvInitialiseNewTimer &rArr; prvCheckForValidListAndQueue &rArr; xQueueGenericCreate &rArr; pvPortMalloc &rArr; xTaskResumeAll &rArr; xTaskIncrementTick
</UL>
<BR>[Calls]<UL><LI><a href="#[122]">&gt;&gt;</a>&nbsp;&nbsp;&nbsp;vListInitialiseItem
<LI><a href="#[115]">&gt;&gt;</a>&nbsp;&nbsp;&nbsp;prvCheckForValidListAndQueue
</UL>
<BR>[Called By]<UL><LI><a href="#[13a]">&gt;&gt;</a>&nbsp;&nbsp;&nbsp;xTimerCreate
</UL>

<P><STRONG><a name="[125]"></a>prvInsertTimerInActiveList</STRONG> (Thumb, 80 bytes, Stack size 24 bytes, timers.o(i.prvInsertTimerInActiveList))
<BR><BR>[Stack]<UL><LI>Max Depth = 32<LI>Call Chain = prvInsertTimerInActiveList &rArr; vListInsert
</UL>
<BR>[Calls]<UL><LI><a href="#[110]">&gt;&gt;</a>&nbsp;&nbsp;&nbsp;vListInsert
</UL>
<BR>[Called By]<UL><LI><a href="#[129]">&gt;&gt;</a>&nbsp;&nbsp;&nbsp;prvProcessReceivedCommands
<LI><a href="#[128]">&gt;&gt;</a>&nbsp;&nbsp;&nbsp;prvProcessExpiredTimer
</UL>

<P><STRONG><a name="[128]"></a>prvProcessExpiredTimer</STRONG> (Thumb, 110 bytes, Stack size 24 bytes, timers.o(i.prvProcessExpiredTimer))
<BR><BR>[Stack]<UL><LI>Max Depth = 168<LI>Call Chain = prvProcessExpiredTimer &rArr; xTimerGenericCommand &rArr; xQueueGenericSend &rArr; vTaskPlaceOnEventList &rArr; prvAddCurrentTaskToDelayedList &rArr; vListInsert
</UL>
<BR>[Calls]<UL><LI><a href="#[10e]">&gt;&gt;</a>&nbsp;&nbsp;&nbsp;uxListRemove
<LI><a href="#[90]">&gt;&gt;</a>&nbsp;&nbsp;&nbsp;xTimerGenericCommand
<LI><a href="#[125]">&gt;&gt;</a>&nbsp;&nbsp;&nbsp;prvInsertTimerInActiveList
</UL>
<BR>[Called By]<UL><LI><a href="#[12c]">&gt;&gt;</a>&nbsp;&nbsp;&nbsp;prvProcessTimerOrBlockTask
</UL>

<P><STRONG><a name="[129]"></a>prvProcessReceivedCommands</STRONG> (Thumb, 308 bytes, Stack size 40 bytes, timers.o(i.prvProcessReceivedCommands))
<BR><BR>[Stack]<UL><LI>Max Depth = 232<LI>Call Chain = prvProcessReceivedCommands &rArr; prvSampleTimeNow &rArr; prvSwitchTimerLists &rArr; xTimerGenericCommand &rArr; xQueueGenericSend &rArr; vTaskPlaceOnEventList &rArr; prvAddCurrentTaskToDelayedList &rArr; vListInsert
</UL>
<BR>[Calls]<UL><LI><a href="#[12b]">&gt;&gt;</a>&nbsp;&nbsp;&nbsp;xQueueReceive
<LI><a href="#[10e]">&gt;&gt;</a>&nbsp;&nbsp;&nbsp;uxListRemove
<LI><a href="#[11e]">&gt;&gt;</a>&nbsp;&nbsp;&nbsp;vPortFree
<LI><a href="#[90]">&gt;&gt;</a>&nbsp;&nbsp;&nbsp;xTimerGenericCommand
<LI><a href="#[12a]">&gt;&gt;</a>&nbsp;&nbsp;&nbsp;prvSampleTimeNow
<LI><a href="#[125]">&gt;&gt;</a>&nbsp;&nbsp;&nbsp;prvInsertTimerInActiveList
</UL>
<BR>[Called By]<UL><LI><a href="#[60]">&gt;&gt;</a>&nbsp;&nbsp;&nbsp;prvTimerTask
</UL>

<P><STRONG><a name="[12c]"></a>prvProcessTimerOrBlockTask</STRONG> (Thumb, 102 bytes, Stack size 24 bytes, timers.o(i.prvProcessTimerOrBlockTask))
<BR><BR>[Stack]<UL><LI>Max Depth = 216<LI>Call Chain = prvProcessTimerOrBlockTask &rArr; prvSampleTimeNow &rArr; prvSwitchTimerLists &rArr; xTimerGenericCommand &rArr; xQueueGenericSend &rArr; vTaskPlaceOnEventList &rArr; prvAddCurrentTaskToDelayedList &rArr; vListInsert
</UL>
<BR>[Calls]<UL><LI><a href="#[12f]">&gt;&gt;</a>&nbsp;&nbsp;&nbsp;vQueueWaitForMessageRestricted
<LI><a href="#[12e]">&gt;&gt;</a>&nbsp;&nbsp;&nbsp;xTaskResumeAll
<LI><a href="#[12d]">&gt;&gt;</a>&nbsp;&nbsp;&nbsp;vTaskSuspendAll
<LI><a href="#[12a]">&gt;&gt;</a>&nbsp;&nbsp;&nbsp;prvSampleTimeNow
<LI><a href="#[128]">&gt;&gt;</a>&nbsp;&nbsp;&nbsp;prvProcessExpiredTimer
</UL>
<BR>[Called By]<UL><LI><a href="#[60]">&gt;&gt;</a>&nbsp;&nbsp;&nbsp;prvTimerTask
</UL>

<P><STRONG><a name="[12a]"></a>prvSampleTimeNow</STRONG> (Thumb, 40 bytes, Stack size 16 bytes, timers.o(i.prvSampleTimeNow))
<BR><BR>[Stack]<UL><LI>Max Depth = 192<LI>Call Chain = prvSampleTimeNow &rArr; prvSwitchTimerLists &rArr; xTimerGenericCommand &rArr; xQueueGenericSend &rArr; vTaskPlaceOnEventList &rArr; prvAddCurrentTaskToDelayedList &rArr; vListInsert
</UL>
<BR>[Calls]<UL><LI><a href="#[131]">&gt;&gt;</a>&nbsp;&nbsp;&nbsp;prvSwitchTimerLists
<LI><a href="#[130]">&gt;&gt;</a>&nbsp;&nbsp;&nbsp;xTaskGetTickCount
</UL>
<BR>[Called By]<UL><LI><a href="#[12c]">&gt;&gt;</a>&nbsp;&nbsp;&nbsp;prvProcessTimerOrBlockTask
<LI><a href="#[129]">&gt;&gt;</a>&nbsp;&nbsp;&nbsp;prvProcessReceivedCommands
</UL>

<P><STRONG><a name="[131]"></a>prvSwitchTimerLists</STRONG> (Thumb, 154 bytes, Stack size 32 bytes, timers.o(i.prvSwitchTimerLists))
<BR><BR>[Stack]<UL><LI>Max Depth = 176<LI>Call Chain = prvSwitchTimerLists &rArr; xTimerGenericCommand &rArr; xQueueGenericSend &rArr; vTaskPlaceOnEventList &rArr; prvAddCurrentTaskToDelayedList &rArr; vListInsert
</UL>
<BR>[Calls]<UL><LI><a href="#[110]">&gt;&gt;</a>&nbsp;&nbsp;&nbsp;vListInsert
<LI><a href="#[10e]">&gt;&gt;</a>&nbsp;&nbsp;&nbsp;uxListRemove
<LI><a href="#[90]">&gt;&gt;</a>&nbsp;&nbsp;&nbsp;xTimerGenericCommand
</UL>
<BR>[Called By]<UL><LI><a href="#[12a]">&gt;&gt;</a>&nbsp;&nbsp;&nbsp;prvSampleTimeNow
</UL>

<P><STRONG><a name="[60]"></a>prvTimerTask</STRONG> (Thumb, 26 bytes, Stack size 8 bytes, timers.o(i.prvTimerTask))
<BR><BR>[Stack]<UL><LI>Max Depth = 240<LI>Call Chain = prvTimerTask &rArr; prvProcessReceivedCommands &rArr; prvSampleTimeNow &rArr; prvSwitchTimerLists &rArr; xTimerGenericCommand &rArr; xQueueGenericSend &rArr; vTaskPlaceOnEventList &rArr; prvAddCurrentTaskToDelayedList &rArr; vListInsert
</UL>
<BR>[Calls]<UL><LI><a href="#[12c]">&gt;&gt;</a>&nbsp;&nbsp;&nbsp;prvProcessTimerOrBlockTask
<LI><a href="#[129]">&gt;&gt;</a>&nbsp;&nbsp;&nbsp;prvProcessReceivedCommands
<LI><a href="#[132]">&gt;&gt;</a>&nbsp;&nbsp;&nbsp;prvGetNextExpireTime
</UL>
<BR>[Address Reference Count : 1]<UL><LI> timers.o(i.xTimerCreateTimerTask)
</UL>
<P><STRONG><a name="[137]"></a>prvHeapInit</STRONG> (Thumb, 98 bytes, Stack size 12 bytes, heap_4.o(i.prvHeapInit))
<BR><BR>[Stack]<UL><LI>Max Depth = 12<LI>Call Chain = prvHeapInit
</UL>
<BR>[Called By]<UL><LI><a href="#[136]">&gt;&gt;</a>&nbsp;&nbsp;&nbsp;pvPortMalloc
</UL>

<P><STRONG><a name="[138]"></a>prvInsertBlockIntoFreeList</STRONG> (Thumb, 96 bytes, Stack size 8 bytes, heap_4.o(i.prvInsertBlockIntoFreeList))
<BR><BR>[Stack]<UL><LI>Max Depth = 8<LI>Call Chain = prvInsertBlockIntoFreeList
</UL>
<BR>[Called By]<UL><LI><a href="#[11e]">&gt;&gt;</a>&nbsp;&nbsp;&nbsp;vPortFree
<LI><a href="#[136]">&gt;&gt;</a>&nbsp;&nbsp;&nbsp;pvPortMalloc
</UL>

<P><STRONG><a name="[5d]"></a>prvTaskExitError</STRONG> (Thumb, 60 bytes, Stack size 0 bytes, port.o(i.prvTaskExitError))
<BR>[Address Reference Count : 1]<UL><LI> port.o(i.pxPortInitialiseStack)
</UL>
<P><STRONG><a name="[ed]"></a>iap_usart_config</STRONG> (Thumb, 160 bytes, Stack size 8 bytes, usart.o(i.iap_usart_config))
<BR><BR>[Stack]<UL><LI>Max Depth = 124<LI>Call Chain = iap_usart_config &rArr; usart_baudrate_set &rArr; rcu_clock_freq_get
</UL>
<BR>[Calls]<UL><LI><a href="#[8b]">&gt;&gt;</a>&nbsp;&nbsp;&nbsp;rcu_periph_clock_enable
<LI><a href="#[8c]">&gt;&gt;</a>&nbsp;&nbsp;&nbsp;gpio_init
<LI><a href="#[dc]">&gt;&gt;</a>&nbsp;&nbsp;&nbsp;nvic_irq_enable
<LI><a href="#[fe]">&gt;&gt;</a>&nbsp;&nbsp;&nbsp;usart_word_length_set
<LI><a href="#[104]">&gt;&gt;</a>&nbsp;&nbsp;&nbsp;usart_transmit_config
<LI><a href="#[ff]">&gt;&gt;</a>&nbsp;&nbsp;&nbsp;usart_stop_bit_set
<LI><a href="#[103]">&gt;&gt;</a>&nbsp;&nbsp;&nbsp;usart_receive_config
<LI><a href="#[100]">&gt;&gt;</a>&nbsp;&nbsp;&nbsp;usart_parity_config
<LI><a href="#[105]">&gt;&gt;</a>&nbsp;&nbsp;&nbsp;usart_interrupt_enable
<LI><a href="#[101]">&gt;&gt;</a>&nbsp;&nbsp;&nbsp;usart_hardware_flow_rts_config
<LI><a href="#[102]">&gt;&gt;</a>&nbsp;&nbsp;&nbsp;usart_hardware_flow_cts_config
<LI><a href="#[106]">&gt;&gt;</a>&nbsp;&nbsp;&nbsp;usart_enable
<LI><a href="#[fc]">&gt;&gt;</a>&nbsp;&nbsp;&nbsp;usart_deinit
<LI><a href="#[fd]">&gt;&gt;</a>&nbsp;&nbsp;&nbsp;usart_baudrate_set
</UL>
<BR>[Called By]<UL><LI><a href="#[88]">&gt;&gt;</a>&nbsp;&nbsp;&nbsp;dma_usart1_init
</UL>

<P><STRONG><a name="[ee]"></a>isp_usart_dma_config</STRONG> (Thumb, 256 bytes, Stack size 32 bytes, usart.o(i.isp_usart_dma_config))
<BR><BR>[Stack]<UL><LI>Max Depth = 56<LI>Call Chain = isp_usart_dma_config &rArr; dma_init
</UL>
<BR>[Calls]<UL><LI><a href="#[8b]">&gt;&gt;</a>&nbsp;&nbsp;&nbsp;rcu_periph_clock_enable
<LI><a href="#[107]">&gt;&gt;</a>&nbsp;&nbsp;&nbsp;dma_struct_para_init
<LI><a href="#[ea]">&gt;&gt;</a>&nbsp;&nbsp;&nbsp;dma_memory_to_memory_disable
<LI><a href="#[e8]">&gt;&gt;</a>&nbsp;&nbsp;&nbsp;dma_interrupt_enable
<LI><a href="#[e7]">&gt;&gt;</a>&nbsp;&nbsp;&nbsp;dma_init
<LI><a href="#[e6]">&gt;&gt;</a>&nbsp;&nbsp;&nbsp;dma_deinit
<LI><a href="#[e5]">&gt;&gt;</a>&nbsp;&nbsp;&nbsp;dma_circulation_disable
<LI><a href="#[e4]">&gt;&gt;</a>&nbsp;&nbsp;&nbsp;dma_channel_enable
<LI><a href="#[e2]">&gt;&gt;</a>&nbsp;&nbsp;&nbsp;dma_channel_disable
<LI><a href="#[dc]">&gt;&gt;</a>&nbsp;&nbsp;&nbsp;nvic_irq_enable
<LI><a href="#[109]">&gt;&gt;</a>&nbsp;&nbsp;&nbsp;usart_dma_transmit_config
<LI><a href="#[108]">&gt;&gt;</a>&nbsp;&nbsp;&nbsp;usart_dma_receive_config
</UL>
<BR>[Called By]<UL><LI><a href="#[88]">&gt;&gt;</a>&nbsp;&nbsp;&nbsp;dma_usart1_init
</UL>

<P><STRONG><a name="[c8]"></a>VL6180x_RangeSetEarlyConvergenceEestimateThreshold</STRONG> (Thumb, 144 bytes, Stack size 56 bytes, vl6180x_api.o(i.VL6180x_RangeSetEarlyConvergenceEestimateThreshold))
<BR><BR>[Stack]<UL><LI>Max Depth = 184<LI>Call Chain = VL6180x_RangeSetEarlyConvergenceEestimateThreshold &rArr; _GetAveTotalTime &rArr; VL6180x_RdByte &rArr; VL6180x_I2CWrite &rArr; VL6180_Write_Multiple_Register &rArr; i2c_flag_get
</UL>
<BR>[Calls]<UL><LI><a href="#[ca]">&gt;&gt;</a>&nbsp;&nbsp;&nbsp;VL6180x_WrWord
<LI><a href="#[b6]">&gt;&gt;</a>&nbsp;&nbsp;&nbsp;VL6180x_RdDWord
<LI><a href="#[b4]">&gt;&gt;</a>&nbsp;&nbsp;&nbsp;VL6180x_RdByte
<LI><a href="#[c9]">&gt;&gt;</a>&nbsp;&nbsp;&nbsp;_GetAveTotalTime
</UL>
<BR>[Called By]<UL><LI><a href="#[cc]">&gt;&gt;</a>&nbsp;&nbsp;&nbsp;VL6180x_RangeSetMaxConvergenceTime
</UL>

<P><STRONG><a name="[cf]"></a>VL6180x_UpscaleStaticInit</STRONG> (Thumb, 50 bytes, Stack size 16 bytes, vl6180x_api.o(i.VL6180x_UpscaleStaticInit))
<BR><BR>[Stack]<UL><LI>Max Depth = 224<LI>Call Chain = VL6180x_UpscaleStaticInit &rArr; VL6180x_UpscaleRegInit &rArr; VL6180x_RangeSetMaxConvergenceTime &rArr; VL6180x_RangeSetEarlyConvergenceEestimateThreshold &rArr; _GetAveTotalTime &rArr; VL6180x_RdByte &rArr; VL6180x_I2CWrite &rArr; VL6180_Write_Multiple_Register &rArr; i2c_flag_get
</UL>
<BR>[Calls]<UL><LI><a href="#[b2]">&gt;&gt;</a>&nbsp;&nbsp;&nbsp;VL6180x_WrByte
<LI><a href="#[99]">&gt;&gt;</a>&nbsp;&nbsp;&nbsp;VL6180x_UpscaleSetScaling
<LI><a href="#[d0]">&gt;&gt;</a>&nbsp;&nbsp;&nbsp;VL6180x_UpscaleRegInit
</UL>
<BR>[Called By]<UL><LI><a href="#[bd]">&gt;&gt;</a>&nbsp;&nbsp;&nbsp;VL6180x_StaticInit
</UL>

<P><STRONG><a name="[c6]"></a>_DMax_Compute</STRONG> (Thumb, 78 bytes, Stack size 32 bytes, vl6180x_api.o(i._DMax_Compute))
<BR><BR>[Stack]<UL><LI>Max Depth = 64<LI>Call Chain = _DMax_Compute &rArr; _DMax_RawValueAtRateKCps
</UL>
<BR>[Calls]<UL><LI><a href="#[d3]">&gt;&gt;</a>&nbsp;&nbsp;&nbsp;_DMax_RawValueAtRateKCps
</UL>
<BR>[Called By]<UL><LI><a href="#[b1]">&gt;&gt;</a>&nbsp;&nbsp;&nbsp;VL6180x_RangeGetMeasurement
</UL>

<P><STRONG><a name="[bc]"></a>_DMax_InitData</STRONG> (Thumb, 270 bytes, Stack size 64 bytes, vl6180x_api.o(i._DMax_InitData))
<BR><BR>[Stack]<UL><LI>Max Depth = 144<LI>Call Chain = _DMax_InitData &rArr; VL6180x_RdWord &rArr; VL6180x_I2CWrite &rArr; VL6180_Write_Multiple_Register &rArr; i2c_flag_get
</UL>
<BR>[Calls]<UL><LI><a href="#[b8]">&gt;&gt;</a>&nbsp;&nbsp;&nbsp;VL6180x_RdWord
<LI><a href="#[b6]">&gt;&gt;</a>&nbsp;&nbsp;&nbsp;VL6180x_RdDWord
<LI><a href="#[b4]">&gt;&gt;</a>&nbsp;&nbsp;&nbsp;VL6180x_RdByte
<LI><a href="#[d3]">&gt;&gt;</a>&nbsp;&nbsp;&nbsp;_DMax_RawValueAtRateKCps
</UL>
<BR>[Called By]<UL><LI><a href="#[cc]">&gt;&gt;</a>&nbsp;&nbsp;&nbsp;VL6180x_RangeSetMaxConvergenceTime
<LI><a href="#[96]">&gt;&gt;</a>&nbsp;&nbsp;&nbsp;VL6180x_InitData
</UL>

<P><STRONG><a name="[d3]"></a>_DMax_RawValueAtRateKCps</STRONG> (Thumb, 96 bytes, Stack size 32 bytes, vl6180x_api.o(i._DMax_RawValueAtRateKCps))
<BR><BR>[Stack]<UL><LI>Max Depth = 32<LI>Call Chain = _DMax_RawValueAtRateKCps
</UL>
<BR>[Calls]<UL><LI><a href="#[d4]">&gt;&gt;</a>&nbsp;&nbsp;&nbsp;VL6180x_SqrtUint32
</UL>
<BR>[Called By]<UL><LI><a href="#[bc]">&gt;&gt;</a>&nbsp;&nbsp;&nbsp;_DMax_InitData
<LI><a href="#[c6]">&gt;&gt;</a>&nbsp;&nbsp;&nbsp;_DMax_Compute
</UL>

<P><STRONG><a name="[c9]"></a>_GetAveTotalTime</STRONG> (Thumb, 112 bytes, Stack size 48 bytes, vl6180x_api.o(i._GetAveTotalTime))
<BR><BR>[Stack]<UL><LI>Max Depth = 128<LI>Call Chain = _GetAveTotalTime &rArr; VL6180x_RdByte &rArr; VL6180x_I2CWrite &rArr; VL6180_Write_Multiple_Register &rArr; i2c_flag_get
</UL>
<BR>[Calls]<UL><LI><a href="#[b4]">&gt;&gt;</a>&nbsp;&nbsp;&nbsp;VL6180x_RdByte
</UL>
<BR>[Called By]<UL><LI><a href="#[c8]">&gt;&gt;</a>&nbsp;&nbsp;&nbsp;VL6180x_RangeSetEarlyConvergenceEestimateThreshold
</UL>

<P><STRONG><a name="[c4]"></a>_GetRateResult</STRONG> (Thumb, 176 bytes, Stack size 56 bytes, vl6180x_api.o(i._GetRateResult))
<BR><BR>[Stack]<UL><LI>Max Depth = 160<LI>Call Chain = _GetRateResult &rArr; VL6180x_GetCachedDWord &rArr; VL6180x_RdDWord &rArr; VL6180x_I2CWrite &rArr; VL6180_Write_Multiple_Register &rArr; i2c_flag_get
</UL>
<BR>[Calls]<UL><LI><a href="#[b5]">&gt;&gt;</a>&nbsp;&nbsp;&nbsp;VL6180x_GetCachedDWord
</UL>
<BR>[Called By]<UL><LI><a href="#[b1]">&gt;&gt;</a>&nbsp;&nbsp;&nbsp;VL6180x_RangeGetMeasurement
</UL>

<P><STRONG><a name="[d1]"></a>_UpscaleInitPatch0</STRONG> (Thumb, 26 bytes, Stack size 16 bytes, vl6180x_api.o(i._UpscaleInitPatch0))
<BR><BR>[Stack]<UL><LI>Max Depth = 96<LI>Call Chain = _UpscaleInitPatch0 &rArr; VL6180x_WrDWord &rArr; VL6180x_I2CWrite &rArr; VL6180_Write_Multiple_Register &rArr; i2c_flag_get
</UL>
<BR>[Calls]<UL><LI><a href="#[d2]">&gt;&gt;</a>&nbsp;&nbsp;&nbsp;VL6180x_WrDWord
</UL>
<BR>[Called By]<UL><LI><a href="#[d0]">&gt;&gt;</a>&nbsp;&nbsp;&nbsp;VL6180x_UpscaleRegInit
</UL>

<P><STRONG><a name="[c5]"></a>_filter_GetResult</STRONG> (Thumb, 102 bytes, Stack size 40 bytes, vl6180x_api.o(i._filter_GetResult))
<BR><BR>[Stack]<UL><LI>Max Depth = 336<LI>Call Chain = _filter_GetResult &rArr; _filter_Start &rArr; VL6180x_RdMulti &rArr; VL6180x_I2CWrite &rArr; VL6180_Write_Multiple_Register &rArr; i2c_flag_get
</UL>
<BR>[Calls]<UL><LI><a href="#[b3]">&gt;&gt;</a>&nbsp;&nbsp;&nbsp;VL6180x_GetCachedByte
<LI><a href="#[d8]">&gt;&gt;</a>&nbsp;&nbsp;&nbsp;_filter_Start
</UL>
<BR>[Called By]<UL><LI><a href="#[b1]">&gt;&gt;</a>&nbsp;&nbsp;&nbsp;VL6180x_RangeGetMeasurement
</UL>

<P><STRONG><a name="[c0]"></a>_filter_Init</STRONG> (Thumb, 68 bytes, Stack size 0 bytes, vl6180x_api.o(i._filter_Init))
<BR><BR>[Called By]<UL><LI><a href="#[98]">&gt;&gt;</a>&nbsp;&nbsp;&nbsp;VL6180x_Prepare
</UL>

<P><STRONG><a name="[d8]"></a>_filter_Start</STRONG> (Thumb, 1672 bytes, Stack size 208 bytes, vl6180x_api.o(i._filter_Start))
<BR><BR>[Stack]<UL><LI>Max Depth = 296<LI>Call Chain = _filter_Start &rArr; VL6180x_RdMulti &rArr; VL6180x_I2CWrite &rArr; VL6180_Write_Multiple_Register &rArr; i2c_flag_get
</UL>
<BR>[Calls]<UL><LI><a href="#[b2]">&gt;&gt;</a>&nbsp;&nbsp;&nbsp;VL6180x_WrByte
<LI><a href="#[ce]">&gt;&gt;</a>&nbsp;&nbsp;&nbsp;VL6180x_RdMulti
<LI><a href="#[b4]">&gt;&gt;</a>&nbsp;&nbsp;&nbsp;VL6180x_RdByte
<LI><a href="#[d9]">&gt;&gt;</a>&nbsp;&nbsp;&nbsp;_filter_StdDevDamper
</UL>
<BR>[Called By]<UL><LI><a href="#[c5]">&gt;&gt;</a>&nbsp;&nbsp;&nbsp;_filter_GetResult
</UL>

<P><STRONG><a name="[d9]"></a>_filter_StdDevDamper</STRONG> (Thumb, 80 bytes, Stack size 24 bytes, vl6180x_api.o(i._filter_StdDevDamper))
<BR><BR>[Stack]<UL><LI>Max Depth = 24<LI>Call Chain = _filter_StdDevDamper
</UL>
<BR>[Called By]<UL><LI><a href="#[d8]">&gt;&gt;</a>&nbsp;&nbsp;&nbsp;_filter_Start
</UL>

<P><STRONG><a name="[d6]"></a>_printf_core</STRONG> (Thumb, 996 bytes, Stack size 104 bytes, printf8.o(i._printf_core), UNUSED)
<BR><BR>[Calls]<UL><LI><a href="#[da]">&gt;&gt;</a>&nbsp;&nbsp;&nbsp;_printf_pre_padding
<LI><a href="#[db]">&gt;&gt;</a>&nbsp;&nbsp;&nbsp;_printf_post_padding
<LI><a href="#[67]">&gt;&gt;</a>&nbsp;&nbsp;&nbsp;__aeabi_uldivmod
</UL>
<BR>[Called By]<UL><LI><a href="#[d7]">&gt;&gt;</a>&nbsp;&nbsp;&nbsp;__0sprintf$8
<LI><a href="#[d5]">&gt;&gt;</a>&nbsp;&nbsp;&nbsp;__0printf$8
</UL>

<P><STRONG><a name="[db]"></a>_printf_post_padding</STRONG> (Thumb, 36 bytes, Stack size 24 bytes, printf8.o(i._printf_post_padding), UNUSED)
<BR><BR>[Called By]<UL><LI><a href="#[d6]">&gt;&gt;</a>&nbsp;&nbsp;&nbsp;_printf_core
</UL>

<P><STRONG><a name="[da]"></a>_printf_pre_padding</STRONG> (Thumb, 46 bytes, Stack size 24 bytes, printf8.o(i._printf_pre_padding), UNUSED)
<BR><BR>[Called By]<UL><LI><a href="#[d6]">&gt;&gt;</a>&nbsp;&nbsp;&nbsp;_printf_core
</UL>

<P><STRONG><a name="[5b]"></a>_sputc</STRONG> (Thumb, 10 bytes, Stack size 0 bytes, printf8.o(i._sputc))
<BR><BR>[Called By]<UL><LI><a href="#[d7]">&gt;&gt;</a>&nbsp;&nbsp;&nbsp;__0sprintf$8
</UL>
<BR>[Address Reference Count : 1]<UL><LI> printf8.o(i.__0sprintf$8)
</UL><P>
<H3>
Undefined Global Symbols
</H3><HR></body></html>
