Component: ARM Compiler 5.06 update 6 (build 750) Tool: armlink [4d35ed]

==============================================================================

Section Cross References

    main.o(i.EmergencyTask) refers to tasks.o(i.vTaskDelay) for vTaskDelay
    main.o(i.LogTask) refers to print.o(i.print_logs) for print_logs
    main.o(i.LogTask) refers to tasks.o(i.vTaskDelay) for vTaskDelay
    main.o(i.VL6180xTask) refers to queue.o(i.xQueueGenericCreate) for xQueueGenericCreate
    main.o(i.VL6180xTask) refers to vl6180x_range_interrupt.o(i.Sample_Interrupt) for Sample_Interrupt
    main.o(i.VL6180xTask) refers to exti.o(i.bsp_gpio_exti_init) for bsp_gpio_exti_init
    main.o(i.VL6180xTask) refers to queue.o(i.xQueueSemaphoreTake) for xQueueSemaphoreTake
    main.o(i.VL6180xTask) refers to vl6180x_api.o(i.VL6180x_ClearInterrupt) for VL6180x_ClearInterrupt
    main.o(i.VL6180xTask) refers to vl6180x_api.o(i.VL6180x_RangeGetMeasurement) for VL6180x_RangeGetMeasurement
    main.o(i.VL6180xTask) refers to printf6.o(i.__0sprintf$6) for __2sprintf
    main.o(i.VL6180xTask) refers to port.o(i.PowerOn_Time) for PowerOn_Time
    main.o(i.VL6180xTask) refers to printf6.o(i.__0printf$6) for __2printf
    main.o(i.VL6180xTask) refers to gd32f30x_misc.o(i.nvic_irq_enable) for nvic_irq_enable
    main.o(i.VL6180xTask) refers to main.o(.data) for VL6180xSemaphore
    main.o(i.VL6180xTask) refers to vl6180x_range_interrupt.o(.data) for theVL6180xDev
    main.o(i.ledTestTask) refers to tasks.o(i.vTaskDelay) for vTaskDelay
    main.o(i.main) refers to gd32f30x_misc.o(i.nvic_vector_table_set) for nvic_vector_table_set
    main.o(i.main) refers to fifo.o(i.FIFO_Callback_Init) for FIFO_Callback_Init
    main.o(i.main) refers to fifo.o(i.FIFO_Init) for FIFO_Init
    main.o(i.main) refers to usart.o(i.bsp_usart_init) for bsp_usart_init
    main.o(i.main) refers to iic.o(i.bsp_iic_init) for bsp_iic_init
    main.o(i.main) refers to gd32f30x_rcu.o(i.rcu_periph_clock_enable) for rcu_periph_clock_enable
    main.o(i.main) refers to gd32f30x_gpio.o(i.gpio_init) for gpio_init
    main.o(i.main) refers to tasks.o(i.xTaskCreate) for xTaskCreate
    main.o(i.main) refers to tasks.o(i.vTaskStartScheduler) for vTaskStartScheduler
    main.o(i.main) refers to usart.o(i.usart0_dma_recv) for usart0_dma_recv
    main.o(i.main) refers to usart.o(i.usart0_dma_send) for usart0_dma_send
    main.o(i.main) refers to main.o(.data) for Queue_log
    main.o(i.main) refers to main.o(.bss) for FIFO_Buffer
    main.o(i.main) refers to main.o(i.ledTestTask) for ledTestTask
    main.o(i.main) refers to main.o(i.VL6180xTask) for VL6180xTask
    main.o(i.main) refers to main.o(i.LogTask) for LogTask
    main.o(i.main) refers to main.o(i.EmergencyTask) for EmergencyTask
    main.o(.data) refers to main.o(.bss) for FIFO_Queue
    system_gd32f30x.o(i.SystemCoreClockUpdate) refers to system_gd32f30x.o(.data) for SystemCoreClock
    system_gd32f30x.o(i.SystemInit) refers to system_gd32f30x.o(i.system_clock_config) for system_clock_config
    system_gd32f30x.o(i.system_clock_config) refers to system_gd32f30x.o(i.system_clock_120m_hxtal) for system_clock_120m_hxtal
    gd32f30x_adc.o(i.adc_deinit) refers to gd32f30x_rcu.o(i.rcu_periph_reset_enable) for rcu_periph_reset_enable
    gd32f30x_adc.o(i.adc_deinit) refers to gd32f30x_rcu.o(i.rcu_periph_reset_disable) for rcu_periph_reset_disable
    gd32f30x_bkp.o(i.bkp_deinit) refers to gd32f30x_rcu.o(i.rcu_bkp_reset_enable) for rcu_bkp_reset_enable
    gd32f30x_bkp.o(i.bkp_deinit) refers to gd32f30x_rcu.o(i.rcu_bkp_reset_disable) for rcu_bkp_reset_disable
    gd32f30x_can.o(i.can_debug_freeze_disable) refers to gd32f30x_dbg.o(i.dbg_periph_enable) for dbg_periph_enable
    gd32f30x_can.o(i.can_debug_freeze_enable) refers to gd32f30x_dbg.o(i.dbg_periph_enable) for dbg_periph_enable
    gd32f30x_can.o(i.can_deinit) refers to gd32f30x_rcu.o(i.rcu_periph_reset_enable) for rcu_periph_reset_enable
    gd32f30x_can.o(i.can_deinit) refers to gd32f30x_rcu.o(i.rcu_periph_reset_disable) for rcu_periph_reset_disable
    gd32f30x_can.o(i.can_interrupt_flag_get) refers to gd32f30x_can.o(i.can_receive_message_length_get) for can_receive_message_length_get
    gd32f30x_can.o(i.can_interrupt_flag_get) refers to gd32f30x_can.o(i.can_error_get) for can_error_get
    gd32f30x_ctc.o(i.ctc_deinit) refers to gd32f30x_rcu.o(i.rcu_periph_reset_enable) for rcu_periph_reset_enable
    gd32f30x_ctc.o(i.ctc_deinit) refers to gd32f30x_rcu.o(i.rcu_periph_reset_disable) for rcu_periph_reset_disable
    gd32f30x_dac.o(i.dac_deinit) refers to gd32f30x_rcu.o(i.rcu_periph_reset_enable) for rcu_periph_reset_enable
    gd32f30x_dac.o(i.dac_deinit) refers to gd32f30x_rcu.o(i.rcu_periph_reset_disable) for rcu_periph_reset_disable
    gd32f30x_dma.o(i.dma_channel_disable) refers to gd32f30x_dma.o(i.dma_periph_and_channel_check) for dma_periph_and_channel_check
[...]
    i.dma_periph_and_channel_check           0x0800ab40   Section        0  gd32f30x_dma.o(i.dma_periph_and_channel_check)
    dma_periph_and_channel_check             0x0800ab41   Thumb Code    18  gd32f30x_dma.o(i.dma_periph_and_channel_check)
    i.dma_struct_para_init                   0x0800ab58   Section        0  gd32f30x_dma.o(i.dma_struct_para_init)
    i.dma_transfer_number_config             0x0800ab74   Section        0  gd32f30x_dma.o(i.dma_transfer_number_config)
    i.dma_transfer_number_get                0x0800ab9a   Section        0  gd32f30x_dma.o(i.dma_transfer_number_get)
    i.exti_init                              0x0800abbc   Section        0  gd32f30x_exti.o(i.exti_init)
    i.exti_interrupt_flag_clear              0x0800ac74   Section        0  gd32f30x_exti.o(i.exti_interrupt_flag_clear)
    i.exti_interrupt_flag_get                0x0800ac80   Section        0  gd32f30x_exti.o(i.exti_interrupt_flag_get)
    i.fputc                                  0x0800aca4   Section        0  print.o(i.fputc)
    i.gpio_exti_source_select                0x0800acbc   Section        0  gd32f30x_gpio.o(i.gpio_exti_source_select)
    i.gpio_init                              0x0800ad54   Section        0  gd32f30x_gpio.o(i.gpio_init)
    i.i2c_ack_config                         0x0800ae10   Section        0  gd32f30x_i2c.o(i.i2c_ack_config)
    i.i2c_clock_config                       0x0800ae28   Section        0  gd32f30x_i2c.o(i.i2c_clock_config)
    i.i2c_data_receive                       0x0800af68   Section        0  gd32f30x_i2c.o(i.i2c_data_receive)
    i.i2c_data_transmit                      0x0800af70   Section        0  gd32f30x_i2c.o(i.i2c_data_transmit)
    i.i2c_enable                             0x0800af76   Section        0  gd32f30x_i2c.o(i.i2c_enable)
    i.i2c_flag_clear                         0x0800af80   Section        0  gd32f30x_i2c.o(i.i2c_flag_clear)
    i.i2c_flag_get                           0x0800afa8   Section        0  gd32f30x_i2c.o(i.i2c_flag_get)
    i.i2c_master_addressing                  0x0800afc6   Section        0  gd32f30x_i2c.o(i.i2c_master_addressing)
    i.i2c_mode_addr_config                   0x0800afda   Section        0  gd32f30x_i2c.o(i.i2c_mode_addr_config)
    i.i2c_start_on_bus                       0x0800aff6   Section        0  gd32f30x_i2c.o(i.i2c_start_on_bus)
    i.i2c_stop_on_bus                        0x0800b000   Section        0  gd32f30x_i2c.o(i.i2c_stop_on_bus)
    i.ledTestTask                            0x0800b00c   Section        0  main.o(i.ledTestTask)
    ledTestTask                              0x0800b00d   Thumb Code    36  main.o(i.ledTestTask)
    i.main                                   0x0800b034   Section        0  main.o(i.main)
    i.nvic_config                            0x0800b16c   Section        0  usart.o(i.nvic_config)
    nvic_config                              0x0800b16d   Thumb Code    42  usart.o(i.nvic_config)
    i.nvic_irq_disable                       0x0800b198   Section        0  gd32f30x_misc.o(i.nvic_irq_disable)
    i.nvic_irq_enable                        0x0800b1b0   Section        0  gd32f30x_misc.o(i.nvic_irq_enable)
    i.nvic_priority_group_set                0x0800b274   Section        0  gd32f30x_misc.o(i.nvic_priority_group_set)
    i.nvic_vector_table_set                  0x0800b288   Section        0  gd32f30x_misc.o(i.nvic_vector_table_set)
    i.print_logs                             0x0800b29c   Section        0  print.o(i.print_logs)
    i.prvAddCurrentTaskToDelayedList         0x0800b2ac   Section        0  tasks.o(i.prvAddCurrentTaskToDelayedList)
    prvAddCurrentTaskToDelayedList           0x0800b2ad   Thumb Code   124  tasks.o(i.prvAddCurrentTaskToDelayedList)
    i.prvAddNewTaskToReadyList               0x0800b344   Section        0  tasks.o(i.prvAddNewTaskToReadyList)
    prvAddNewTaskToReadyList                 0x0800b345   Thumb Code   156  tasks.o(i.prvAddNewTaskToReadyList)
    i.prvCheckForValidListAndQueue           0x0800b3fc   Section        0  timers.o(i.prvCheckForValidListAndQueue)
    prvCheckForValidListAndQueue             0x0800b3fd   Thumb Code    72  timers.o(i.prvCheckForValidListAndQueue)
    i.prvCheckTasksWaitingTermination        0x0800b460   Section        0  tasks.o(i.prvCheckTasksWaitingTermination)
    prvCheckTasksWaitingTermination          0x0800b461   Thumb Code    60  tasks.o(i.prvCheckTasksWaitingTermination)
    i.prvCopyDataFromQueue                   0x0800b4a8   Section        0  queue.o(i.prvCopyDataFromQueue)
    prvCopyDataFromQueue                     0x0800b4a9   Thumb Code    42  queue.o(i.prvCopyDataFromQueue)
    i.prvCopyDataToQueue                     0x0800b4d2   Section        0  queue.o(i.prvCopyDataToQueue)
    prvCopyDataToQueue                       0x0800b4d3   Thumb Code   126  queue.o(i.prvCopyDataToQueue)
    i.prvDeleteTCB                           0x0800b550   Section        0  tasks.o(i.prvDeleteTCB)
    prvDeleteTCB                             0x0800b551   Thumb Code    18  tasks.o(i.prvDeleteTCB)
    i.prvGetDisinheritPriorityAfterTimeout   0x0800b562   Section        0  queue.o(i.prvGetDisinheritPriorityAfterTimeout)
    prvGetDisinheritPriorityAfterTimeout     0x0800b563   Thumb Code    20  queue.o(i.prvGetDisinheritPriorityAfterTimeout)
    i.prvGetNextExpireTime                   0x0800b578   Section        0  timers.o(i.prvGetNextExpireTime)
    prvGetNextExpireTime                     0x0800b579   Thumb Code    36  timers.o(i.prvGetNextExpireTime)
    i.prvHeapInit                            0x0800b5a0   Section        0  heap_4.o(i.prvHeapInit)
    prvHeapInit                              0x0800b5a1   Thumb Code    98  heap_4.o(i.prvHeapInit)
    i.prvIdleTask                            0x0800b61c   Section        0  tasks.o(i.prvIdleTask)
    prvIdleTask                              0x0800b61d   Thumb Code    32  tasks.o(i.prvIdleTask)
    i.prvInitialiseNewQueue                  0x0800b644   Section        0  queue.o(i.prvInitialiseNewQueue)
    prvInitialiseNewQueue                    0x0800b645   Thumb Code    42  queue.o(i.prvInitialiseNewQueue)
    i.prvInitialiseNewTask                   0x0800b66e   Section        0  tasks.o(i.prvInitialiseNewTask)
    prvInitialiseNewTask                     0x0800b66f   Thumb Code   190  tasks.o(i.prvInitialiseNewTask)
    i.prvInitialiseTaskLists                 0x0800b72c   Section        0  tasks.o(i.prvInitialiseTaskLists)
    prvInitialiseTaskLists                   0x0800b72d   Thumb Code    70  tasks.o(i.prvInitialiseTaskLists)
    i.prvInsertBlockIntoFreeList             0x0800b794   Section        0  heap_4.o(i.prvInsertBlockIntoFreeList)
    prvInsertBlockIntoFreeList               0x0800b795   Thumb Code    96  heap_4.o(i.prvInsertBlockIntoFreeList)
    i.prvInsertTimerInActiveList             0x0800b7fc   Section        0  timers.o(i.prvInsertTimerInActiveList)
    prvInsertTimerInActiveList               0x0800b7fd   Thumb Code    80  timers.o(i.prvInsertTimerInActiveList)
    i.prvIsQueueEmpty                        0x0800b854   Section        0  queue.o(i.prvIsQueueEmpty)
    prvIsQueueEmpty                          0x0800b855   Thumb Code    26  queue.o(i.prvIsQueueEmpty)
    i.prvIsQueueFull                         0x0800b86e   Section        0  queue.o(i.prvIsQueueFull)
    prvIsQueueFull                           0x0800b86f   Thumb Code    30  queue.o(i.prvIsQueueFull)
    i.prvProcessExpiredTimer                 0x0800b88c   Section        0  timers.o(i.prvProcessExpiredTimer)
    prvProcessExpiredTimer                   0x0800b88d   Thumb Code   110  timers.o(i.prvProcessExpiredTimer)
    i.prvProcessReceivedCommands             0x0800b900   Section        0  timers.o(i.prvProcessReceivedCommands)
    prvProcessReceivedCommands               0x0800b901   Thumb Code   308  timers.o(i.prvProcessReceivedCommands)
    i.prvProcessTimerOrBlockTask             0x0800ba38   Section        0  timers.o(i.prvProcessTimerOrBlockTask)
    prvProcessTimerOrBlockTask               0x0800ba39   Thumb Code   102  timers.o(i.prvProcessTimerOrBlockTask)
    i.prvResetNextTaskUnblockTime            0x0800baac   Section        0  tasks.o(i.prvResetNextTaskUnblockTime)
    prvResetNextTaskUnblockTime              0x0800baad   Thumb Code    40  tasks.o(i.prvResetNextTaskUnblockTime)
    i.prvSampleTimeNow                       0x0800badc   Section        0  timers.o(i.prvSampleTimeNow)
    prvSampleTimeNow                         0x0800badd   Thumb Code    40  timers.o(i.prvSampleTimeNow)
    i.prvSwitchTimerLists                    0x0800bb08   Section        0  timers.o(i.prvSwitchTimerLists)
    prvSwitchTimerLists                      0x0800bb09   Thumb Code   154  timers.o(i.prvSwitchTimerLists)
    i.prvTaskExitError                       0x0800bbac   Section        0  port.o(i.prvTaskExitError)
    prvTaskExitError                         0x0800bbad   Thumb Code    60  port.o(i.prvTaskExitError)
    i.prvTimerTask                           0x0800bbec   Section        0  timers.o(i.prvTimerTask)
    prvTimerTask                             0x0800bbed   Thumb Code    26  timers.o(i.prvTimerTask)
    i.prvUnlockQueue                         0x0800bc06   Section        0  queue.o(i.prvUnlockQueue)
    prvUnlockQueue                           0x0800bc07   Thumb Code   126  queue.o(i.prvUnlockQueue)
    i.pvPortMalloc                           0x0800bc84   Section        0  heap_4.o(i.pvPortMalloc)
    i.pvTaskIncrementMutexHeldCount          0x0800bdf0   Section        0  tasks.o(i.pvTaskIncrementMutexHeldCount)
    i.pxPortInitialiseStack                  0x0800be10   Section        0  port.o(i.pxPortInitialiseStack)
    i.rcu_clock_freq_get                     0x0800be3c   Section        0  gd32f30x_rcu.o(i.rcu_clock_freq_get)
    i.rcu_periph_clock_enable                0x0800bf94   Section        0  gd32f30x_rcu.o(i.rcu_periph_clock_enable)
    i.rcu_periph_reset_disable               0x0800bfb4   Section        0  gd32f30x_rcu.o(i.rcu_periph_reset_disable)
    i.rcu_periph_reset_enable                0x0800bfd4   Section        0  gd32f30x_rcu.o(i.rcu_periph_reset_enable)
    i.system_clock_120m_hxtal                0x0800bff4   Section        0  system_gd32f30x.o(i.system_clock_120m_hxtal)
    system_clock_120m_hxtal                  0x0800bff5   Thumb Code   258  system_gd32f30x.o(i.system_clock_120m_hxtal)
    i.system_clock_config                    0x0800c108   Section        0  system_gd32f30x.o(i.system_clock_config)
    system_clock_config                      0x0800c109   Thumb Code     8  system_gd32f30x.o(i.system_clock_config)
    i.usart0_dma_recv                        0x0800c110   Section        0  usart.o(i.usart0_dma_recv)
    i.usart0_dma_send                        0x0800c160   Section        0  usart.o(i.usart0_dma_send)
    i.usart_baudrate_set                     0x0800c1a0   Section        0  gd32f30x_usart.o(i.usart_baudrate_set)
    i.usart_config                           0x0800c230   Section        0  usart.o(i.usart_config)
    usart_config                             0x0800c231   Thumb Code   154  usart.o(i.usart_config)
    i.usart_deinit                           0x0800c2d4   Section        0  gd32f30x_usart.o(i.usart_deinit)
    i.usart_dma_config                       0x0800c364   Section        0  usart.o(i.usart_dma_config)
    usart_dma_config                         0x0800c365   Thumb Code   236  usart.o(i.usart_dma_config)
    i.usart_dma_receive_config               0x0800c45c   Section        0  gd32f30x_usart.o(i.usart_dma_receive_config)
    i.usart_dma_transmit_config              0x0800c46c   Section        0  gd32f30x_usart.o(i.usart_dma_transmit_config)
    i.usart_enable                           0x0800c47c   Section        0  gd32f30x_usart.o(i.usart_enable)
    i.usart_hardware_flow_cts_config         0x0800c486   Section        0  gd32f30x_usart.o(i.usart_hardware_flow_cts_config)
    i.usart_hardware_flow_rts_config         0x0800c496   Section        0  gd32f30x_usart.o(i.usart_hardware_flow_rts_config)
    i.usart_interrupt_enable                 0x0800c4a6   Section        0  gd32f30x_usart.o(i.usart_interrupt_enable)
    i.usart_interrupt_flag_clear             0x0800c4c0   Section        0  gd32f30x_usart.o(i.usart_interrupt_flag_clear)
    i.usart_interrupt_flag_get               0x0800c4da   Section        0  gd32f30x_usart.o(i.usart_interrupt_flag_get)
    i.usart_parity_config                    0x0800c512   Section        0  gd32f30x_usart.o(i.usart_parity_config)
    i.usart_receive_config                   0x0800c522   Section        0  gd32f30x_usart.o(i.usart_receive_config)
    i.usart_stop_bit_set                     0x0800c532   Section        0  gd32f30x_usart.o(i.usart_stop_bit_set)
    i.usart_transmit_config                  0x0800c542   Section        0  gd32f30x_usart.o(i.usart_transmit_config)
    i.usart_word_length_set                  0x0800c552   Section        0  gd32f30x_usart.o(i.usart_word_length_set)
    i.uxListRemove                           0x0800c562   Section        0  list.o(i.uxListRemove)
    i.vListInitialise                        0x0800c58a   Section        0  list.o(i.vListInitialise)
    i.vListInitialiseItem                    0x0800c5a4   Section        0  list.o(i.vListInitialiseItem)
    i.vListInsert                            0x0800c5aa   Section        0  list.o(i.vListInsert)
    i.vListInsertEnd                         0x0800c5de   Section        0  list.o(i.vListInsertEnd)
    i.vPortEnterCritical                     0x0800c5f8   Section        0  port.o(i.vPortEnterCritical)
    i.vPortExitCritical                      0x0800c64c   Section        0  port.o(i.vPortExitCritical)
    i.vPortFree                              0x0800c688   Section        0  heap_4.o(i.vPortFree)
    i.vPortSetupTimerInterrupt               0x0800c72c   Section        0  port.o(i.vPortSetupTimerInterrupt)
    i.vPortValidateInterruptPriority         0x0800c754   Section        0  port.o(i.vPortValidateInterruptPriority)
    i.vQueueAddToRegistry                    0x0800c7cc   Section        0  queue.o(i.vQueueAddToRegistry)
    i.vQueueWaitForMessageRestricted         0x0800c7f8   Section        0  queue.o(i.vQueueWaitForMessageRestricted)
    i.vTaskDelay                             0x0800c844   Section        0  tasks.o(i.vTaskDelay)
    i.vTaskInternalSetTimeOutState           0x0800c8a0   Section        0  tasks.o(i.vTaskInternalSetTimeOutState)
    i.vTaskMissedYield                       0x0800c8b8   Section        0  tasks.o(i.vTaskMissedYield)
    i.vTaskPlaceOnEventList                  0x0800c8c4   Section        0  tasks.o(i.vTaskPlaceOnEventList)
    i.vTaskPlaceOnEventListRestricted        0x0800c8fc   Section        0  tasks.o(i.vTaskPlaceOnEventListRestricted)
    i.vTaskPriorityDisinheritAfterTimeout    0x0800c93c   Section        0  tasks.o(i.vTaskPriorityDisinheritAfterTimeout)
    i.vTaskStartScheduler                    0x0800ca20   Section        0  tasks.o(i.vTaskStartScheduler)
    i.vTaskSuspendAll                        0x0800cabc   Section        0  tasks.o(i.vTaskSuspendAll)
    i.vTaskSwitchContext                     0x0800cacc   Section        0  tasks.o(i.vTaskSwitchContext)
    i.xPortStartScheduler                    0x0800cb58   Section        0  port.o(i.xPortStartScheduler)
    i.xQueueGenericCreate                    0x0800ccc0   Section        0  queue.o(i.xQueueGenericCreate)
    i.xQueueGenericReset                     0x0800cd64   Section        0  queue.o(i.xQueueGenericReset)
    i.xQueueGenericSend                      0x0800cdfc   Section        0  queue.o(i.xQueueGenericSend)
    i.xQueueGenericSendFromISR               0x0800cfa4   Section        0  queue.o(i.xQueueGenericSendFromISR)
    i.xQueueGiveFromISR                      0x0800d0c4   Section        0  queue.o(i.xQueueGiveFromISR)
    i.xQueueReceive                          0x0800d1c8   Section        0  queue.o(i.xQueueReceive)
    i.xQueueSemaphoreTake                    0x0800d330   Section        0  queue.o(i.xQueueSemaphoreTake)
    i.xTaskCheckForTimeOut                   0x0800d4e8   Section        0  tasks.o(i.xTaskCheckForTimeOut)
    i.xTaskCreate                            0x0800d578   Section        0  tasks.o(i.xTaskCreate)
    i.xTaskGetSchedulerState                 0x0800d5d8   Section        0  tasks.o(i.xTaskGetSchedulerState)
    i.xTaskGetTickCount                      0x0800d5f8   Section        0  tasks.o(i.xTaskGetTickCount)
    i.xTaskIncrementTick                     0x0800d604   Section        0  tasks.o(i.xTaskIncrementTick)
    i.xTaskPriorityDisinherit                0x0800d74c   Section        0  tasks.o(i.xTaskPriorityDisinherit)
    i.xTaskPriorityInherit                   0x0800d808   Section        0  tasks.o(i.xTaskPriorityInherit)
    i.xTaskRemoveFromEventList               0x0800d8c0   Section        0  tasks.o(i.xTaskRemoveFromEventList)
    i.xTaskResumeAll                         0x0800d958   Section        0  tasks.o(i.xTaskResumeAll)
    i.xTimerCreateTimerTask                  0x0800da5c   Section        0  timers.o(i.xTimerCreateTimerTask)
    i.xTimerGenericCommand                   0x0800dab4   Section        0  timers.o(i.xTimerGenericCommand)
    .constdata                               0x0800db38   Section       28  vl6180x_api.o(.constdata)
    ScalerLookUP                             0x0800db38   Data           6  vl6180x_api.o(.constdata)
    UpperLimitLookUP                         0x0800db3e   Data           6  vl6180x_api.o(.constdata)
    AlsGainLookUp                            0x0800db44   Data          16  vl6180x_api.o(.constdata)
    .conststring                             0x0800db54   Section      355  vl6180x_api.o(.conststring)
    .data                                    0x20000000   Section       44  main.o(.data)
    str                                      0x20000018   Data           8  main.o(.data)
    Range                                    0x20000020   Data           4  main.o(.data)
    str                                      0x20000024   Data           8  main.o(.data)
    .data                                    0x2000002c   Section        4  system_gd32f30x.o(.data)
    .data                                    0x20000030   Section       64  tasks.o(.data)
    pxDelayedTaskList                        0x20000034   Data           4  tasks.o(.data)
    pxOverflowDelayedTaskList                0x20000038   Data           4  tasks.o(.data)
    uxDeletedTasksWaitingCleanUp             0x2000003c   Data           4  tasks.o(.data)
    uxCurrentNumberOfTasks                   0x20000040   Data           4  tasks.o(.data)
    xTickCount                               0x20000044   Data           4  tasks.o(.data)
    uxTopReadyPriority                       0x20000048   Data           4  tasks.o(.data)
    xSchedulerRunning                        0x2000004c   Data           4  tasks.o(.data)
    xPendedTicks                             0x20000050   Data           4  tasks.o(.data)
    xYieldPending                            0x20000054   Data           4  tasks.o(.data)
    xNumOfOverflows                          0x20000058   Data           4  tasks.o(.data)
    uxTaskNumber                             0x2000005c   Data           4  tasks.o(.data)
    xNextTaskUnblockTime                     0x20000060   Data           4  tasks.o(.data)
    xIdleTaskHandle                          0x20000064   Data           4  tasks.o(.data)
    uxSchedulerSuspended                     0x2000006c   Data           4  tasks.o(.data)
    .data                                    0x20000070   Section       20  timers.o(.data)
    pxCurrentTimerList                       0x20000070   Data           4  timers.o(.data)
    pxOverflowTimerList                      0x20000074   Data           4  timers.o(.data)
    xTimerQueue                              0x20000078   Data           4  timers.o(.data)
    xTimerTaskHandle                         0x2000007c   Data           4  timers.o(.data)
    xLastTime                                0x20000080   Data           4  timers.o(.data)
    .data                                    0x20000084   Section       32  heap_4.o(.data)
    xStart                                   0x20000084   Data           8  heap_4.o(.data)
    pxEnd                                    0x2000008c   Data           4  heap_4.o(.data)
    xFreeBytesRemaining                      0x20000090   Data           4  heap_4.o(.data)
    xMinimumEverFreeBytesRemaining           0x20000094   Data           4  heap_4.o(.data)
    xNumberOfSuccessfulAllocations           0x20000098   Data           4  heap_4.o(.data)
    xNumberOfSuccessfulFrees                 0x2000009c   Data           4  heap_4.o(.data)
    xBlockAllocatedBit                       0x200000a0   Data           4  heap_4.o(.data)
    .data                                    0x200000a4   Section       18  port.o(.data)
    uxCriticalNesting                        0x200000a4   Data           4  port.o(.data)
    ucMaxSysCallPriority                     0x200000a8   Data           1  port.o(.data)
    ulMaxPRIGROUPValue                       0x200000ac   Data           4  port.o(.data)
    Time                                     0x200000b0   Data           6  port.o(.data)
    .data                                    0x200000b8   Section        4  usart.o(.data)
    UsartxSemaphore                          0x200000b8   Data           4  usart.o(.data)
    .data                                    0x200000bc   Section        4  iic.o(.data)
    delay_counts                             0x200000bc   Data           4  iic.o(.data)
    .data                                    0x200000c0   Section      284  vl6180x_api.o(.data)
    .data                                    0x200001dc   Section        1  vl6180x_range_interrupt.o(.data)
    .data                                    0x200001e0   Section        4  stdout.o(.data)
    .bss                                     0x200001e4   Section     1048  main.o(.bss)
    FIFO_Buffer                              0x200001fc   Data        1024  main.o(.bss)
    .bss                                     0x200005fc   Section       64  queue.o(.bss)
    .bss                                     0x2000063c   Section      260  tasks.o(.bss)
    pxReadyTasksLists                        0x2000063c   Data         160  tasks.o(.bss)
    xDelayedTaskList1                        0x200006dc   Data          20  tasks.o(.bss)
    xDelayedTaskList2                        0x200006f0   Data          20  tasks.o(.bss)
    xPendingReadyList                        0x20000704   Data          20  tasks.o(.bss)
    xTasksWaitingTermination                 0x20000718   Data          20  tasks.o(.bss)
    xSuspendedTaskList                       0x2000072c   Data          20  tasks.o(.bss)
    .bss                                     0x20000740   Section       40  timers.o(.bss)
    xActiveTimerList1                        0x20000740   Data          20  timers.o(.bss)
    xActiveTimerList2                        0x20000754   Data          20  timers.o(.bss)
    .bss                                     0x20000768   Section    10240  heap_4.o(.bss)
    ucHeap                                   0x20000768   Data       10240  heap_4.o(.bss)
    .bss                                     0x20002f68   Section      100  port.o(.bss)
    date_string                              0x20002f68   Data         100  port.o(.bss)
    .bss                                     0x20002fcc   Section     1024  usart.o(.bss)
    STACK                                    0x200033d0   Section     1024  startup_gd32f30x_cl.o(STACK)

    Global Symbols

    Symbol Name                              Value     Ov Type        Size  Object(Section)

    BuildAttributes$$THM_ISAv4$E$P$D$K$B$S$7EM$VFPi3$EXTD16$VFPS$VFMA$PE$A:L22UL41UL21$X:L11$S22US41US21$IEEE1$IW$USESV6$~STKCKD$USESV7$~SHL$OSPACE$ROPI$EBA8$MICROLIB$REQ8$PRES8$EABIv2 0x00000000   Number         0  anon$$obj.o ABSOLUTE
    __ARM_use_no_argv                        0x00000000   Number         0  main.o ABSOLUTE
    _printf_a                                0x00000000   Number         0  stubs.o ABSOLUTE
    _printf_c                                0x00000000   Number         0  stubs.o ABSOLUTE
    _printf_charcount                        0x00000000   Number         0  stubs.o ABSOLUTE
    _printf_d                                0x00000000   Number         0  stubs.o ABSOLUTE
    _printf_e                                0x00000000   Number         0  stubs.o ABSOLUTE
    _printf_f                                0x00000000   Number         0  stubs.o ABSOLUTE
    _printf_flags                            0x00000000   Number         0  stubs.o ABSOLUTE
    _printf_fp_dec                           0x00000000   Number         0  stubs.o ABSOLUTE
    _printf_fp_hex                           0x00000000   Number         0  stubs.o ABSOLUTE
    _printf_g                                0x00000000   Number         0  stubs.o ABSOLUTE
    _printf_i                                0x00000000   Number         0  stubs.o ABSOLUTE
    _printf_int_dec                          0x00000000   Number         0  stubs.o ABSOLUTE
    _printf_l                                0x00000000   Number         0  stubs.o ABSOLUTE
    _printf_lc                               0x00000000   Number         0  stubs.o ABSOLUTE
    _printf_ll                               0x00000000   Number         0  stubs.o ABSOLUTE
    _printf_lld                              0x00000000   Number         0  stubs.o ABSOLUTE
    _printf_lli                              0x00000000   Number         0  stubs.o ABSOLUTE
    _printf_llo                              0x00000000   Number         0  stubs.o ABSOLUTE
    _printf_llu                              0x00000000   Number         0  stubs.o ABSOLUTE
    _printf_llx                              0x00000000   Number         0  stubs.o ABSOLUTE
    _printf_longlong_dec                     0x00000000   Number         0  stubs.o ABSOLUTE
    _printf_longlong_hex                     0x00000000   Number         0  stubs.o ABSOLUTE
    _printf_longlong_oct                     0x00000000   Number         0  stubs.o ABSOLUTE
    _printf_ls                               0x00000000   Number         0  stubs.o ABSOLUTE
    _printf_mbtowc                           0x00000000   Number         0  stubs.o ABSOLUTE
    _printf_n                                0x00000000   Number         0  stubs.o ABSOLUTE
    _printf_o                                0x00000000   Number         0  stubs.o ABSOLUTE
    _printf_p                                0x00000000   Number         0  stubs.o ABSOLUTE
    _printf_percent                          0x00000000   Number         0  stubs.o ABSOLUTE
    _printf_pre_padding                      0x00000000   Number         0  stubs.o ABSOLUTE
    _printf_return_value                     0x00000000   Number         0  stubs.o ABSOLUTE
    _printf_s                                0x00000000   Number         0  stubs.o ABSOLUTE
    _printf_sizespec                         0x00000000   Number         0  stubs.o ABSOLUTE
    _printf_str                              0x00000000   Number         0  stubs.o ABSOLUTE
    _printf_truncate_signed                  0x00000000   Number         0  stubs.o ABSOLUTE
    _printf_truncate_unsigned                0x00000000   Number         0  stubs.o ABSOLUTE
    _printf_u                                0x00000000   Number         0  stubs.o ABSOLUTE
    _printf_wc                               0x00000000   Number         0  stubs.o ABSOLUTE
    _printf_wctomb                           0x00000000   Number         0  stubs.o ABSOLUTE
    _printf_widthprec                        0x00000000   Number         0  stubs.o ABSOLUTE
    _printf_x                                0x00000000   Number         0  stubs.o ABSOLUTE
    __cpp_initialize__aeabi_                  - Undefined Weak Reference
    __cxa_finalize                            - Undefined Weak Reference
    _clock_init                               - Undefined Weak Reference
    _microlib_exit                            - Undefined Weak Reference
    __Vectors_Size                           0x00000150   Number         0  startup_gd32f30x_cl.o ABSOLUTE
    __Vectors                                0x08008000   Data           4  startup_gd32f30x_cl.o(RESET)
    __Vectors_End                            0x08008150   Data           0  startup_gd32f30x_cl.o(RESET)
    __main                                   0x08008151   Thumb Code     0  entry.o(.ARM.Collect$$$$00000000)
    _main_stk                                0x08008151   Thumb Code     0  entry2.o(.ARM.Collect$$$$00000001)
    _main_scatterload                        0x08008155   Thumb Code     0  entry5.o(.ARM.Collect$$$$00000004)
    __main_after_scatterload                 0x08008159   Thumb Code     0  entry5.o(.ARM.Collect$$$$00000004)
    _main_clock                              0x08008159   Thumb Code     0  entry7b.o(.ARM.Collect$$$$00000008)
    _main_cpp_init                           0x08008159   Thumb Code     0  entry8b.o(.ARM.Collect$$$$0000000A)
    _main_init                               0x08008159   Thumb Code     0  entry9a.o(.ARM.Collect$$$$0000000B)
    __rt_final_cpp                           0x08008161   Thumb Code     0  entry10a.o(.ARM.Collect$$$$0000000D)
    __rt_final_exit                          0x08008161   Thumb Code     0  entry11a.o(.ARM.Collect$$$$0000000F)
    SVC_Handler                              0x08008165   Thumb Code    28  port.o(.emb_text)
    __asm___6_port_c_39a90d8d__prvStartFirstTask 0x08008185   Thumb Code    36  port.o(.emb_text)
    __asm___6_port_c_39a90d8d__prvEnableVFP  0x080081ad   Thumb Code    16  port.o(.emb_text)
    PendSV_Handler                           0x080081c1   Thumb Code    88  port.o(.emb_text)
    vPortGetIPSR                             0x0800821d   Thumb Code     6  port.o(.emb_text)
    Reset_Handler                            0x08008225   Thumb Code     8  startup_gd32f30x_cl.o(.text)
    ADC0_1_IRQHandler                        0x0800823f   Thumb Code     0  startup_gd32f30x_cl.o(.text)
    CAN0_EWMC_IRQHandler                     0x0800823f   Thumb Code     0  startup_gd32f30x_cl.o(.text)
    CAN0_RX0_IRQHandler                      0x0800823f   Thumb Code     0  startup_gd32f30x_cl.o(.text)
    CAN0_RX1_IRQHandler                      0x0800823f   Thumb Code     0  startup_gd32f30x_cl.o(.text)
    CAN0_TX_IRQHandler                       0x0800823f   Thumb Code     0  startup_gd32f30x_cl.o(.text)
    CAN1_EWMC_IRQHandler                     0x0800823f   Thumb Code     0  startup_gd32f30x_cl.o(.text)
    CAN1_RX0_IRQHandler                      0x0800823f   Thumb Code     0  startup_gd32f30x_cl.o(.text)
    CAN1_RX1_IRQHandler                      0x0800823f   Thumb Code     0  startup_gd32f30x_cl.o(.text)
    CAN1_TX_IRQHandler                       0x0800823f   Thumb Code     0  startup_gd32f30x_cl.o(.text)
    DMA0_Channel0_IRQHandler                 0x0800823f   Thumb Code     0  startup_gd32f30x_cl.o(.text)
    DMA0_Channel1_IRQHandler                 0x0800823f   Thumb Code     0  startup_gd32f30x_cl.o(.text)
    DMA0_Channel2_IRQHandler                 0x0800823f   Thumb Code     0  startup_gd32f30x_cl.o(.text)
    DMA0_Channel5_IRQHandler                 0x0800823f   Thumb Code     0  startup_gd32f30x_cl.o(.text)
    DMA0_Channel6_IRQHandler                 0x0800823f   Thumb Code     0  startup_gd32f30x_cl.o(.text)
    DMA1_Channel0_IRQHandler                 0x0800823f   Thumb Code     0  startup_gd32f30x_cl.o(.text)
    DMA1_Channel1_IRQHandler                 0x0800823f   Thumb Code     0  startup_gd32f30x_cl.o(.text)
    DMA1_Channel2_IRQHandler                 0x0800823f   Thumb Code     0  startup_gd32f30x_cl.o(.text)
    DMA1_Channel3_IRQHandler                 0x0800823f   Thumb Code     0  startup_gd32f30x_cl.o(.text)
    DMA1_Channel4_IRQHandler                 0x0800823f   Thumb Code     0  startup_gd32f30x_cl.o(.text)
    ENET_IRQHandler                          0x0800823f   Thumb Code     0  startup_gd32f30x_cl.o(.text)
    ENET_WKUP_IRQHandler                     0x0800823f   Thumb Code     0  startup_gd32f30x_cl.o(.text)
    EXMC_IRQHandler                          0x0800823f   Thumb Code     0  startup_gd32f30x_cl.o(.text)
    EXTI0_IRQHandler                         0x0800823f   Thumb Code     0  startup_gd32f30x_cl.o(.text)
    EXTI10_15_IRQHandler                     0x0800823f   Thumb Code     0  startup_gd32f30x_cl.o(.text)
    EXTI2_IRQHandler                         0x0800823f   Thumb Code     0  startup_gd32f30x_cl.o(.text)
    EXTI3_IRQHandler                         0x0800823f   Thumb Code     0  startup_gd32f30x_cl.o(.text)
    EXTI4_IRQHandler                         0x0800823f   Thumb Code     0  startup_gd32f30x_cl.o(.text)
    EXTI5_9_IRQHandler                       0x0800823f   Thumb Code     0  startup_gd32f30x_cl.o(.text)
    FMC_IRQHandler                           0x0800823f   Thumb Code     0  startup_gd32f30x_cl.o(.text)
    I2C0_ER_IRQHandler                       0x0800823f   Thumb Code     0  startup_gd32f30x_cl.o(.text)
    I2C0_EV_IRQHandler                       0x0800823f   Thumb Code     0  startup_gd32f30x_cl.o(.text)
    I2C1_ER_IRQHandler                       0x0800823f   Thumb Code     0  startup_gd32f30x_cl.o(.text)
    I2C1_EV_IRQHandler                       0x0800823f   Thumb Code     0  startup_gd32f30x_cl.o(.text)
    LVD_IRQHandler                           0x0800823f   Thumb Code     0  startup_gd32f30x_cl.o(.text)
    RCU_CTC_IRQHandler                       0x0800823f   Thumb Code     0  startup_gd32f30x_cl.o(.text)
    RTC_Alarm_IRQHandler                     0x0800823f   Thumb Code     0  startup_gd32f30x_cl.o(.text)
    RTC_IRQHandler                           0x0800823f   Thumb Code     0  startup_gd32f30x_cl.o(.text)
    SPI0_IRQHandler                          0x0800823f   Thumb Code     0  startup_gd32f30x_cl.o(.text)
    SPI1_IRQHandler                          0x0800823f   Thumb Code     0  startup_gd32f30x_cl.o(.text)
    SPI2_IRQHandler                          0x0800823f   Thumb Code     0  startup_gd32f30x_cl.o(.text)
    TAMPER_IRQHandler                        0x0800823f   Thumb Code     0  startup_gd32f30x_cl.o(.text)
    TIMER0_BRK_TIMER8_IRQHandler             0x0800823f   Thumb Code     0  startup_gd32f30x_cl.o(.text)
    TIMER0_Channel_IRQHandler                0x0800823f   Thumb Code     0  startup_gd32f30x_cl.o(.text)
    TIMER0_TRG_CMT_TIMER10_IRQHandler        0x0800823f   Thumb Code     0  startup_gd32f30x_cl.o(.text)
    TIMER0_UP_TIMER9_IRQHandler              0x0800823f   Thumb Code     0  startup_gd32f30x_cl.o(.text)
    TIMER1_IRQHandler                        0x0800823f   Thumb Code     0  startup_gd32f30x_cl.o(.text)
    TIMER2_IRQHandler                        0x0800823f   Thumb Code     0  startup_gd32f30x_cl.o(.text)
    TIMER3_IRQHandler                        0x0800823f   Thumb Code     0  startup_gd32f30x_cl.o(.text)
    TIMER4_IRQHandler                        0x0800823f   Thumb Code     0  startup_gd32f30x_cl.o(.text)
    TIMER5_IRQHandler                        0x0800823f   Thumb Code     0  startup_gd32f30x_cl.o(.text)
    TIMER6_IRQHandler                        0x0800823f   Thumb Code     0  startup_gd32f30x_cl.o(.text)
    TIMER7_BRK_TIMER11_IRQHandler            0x0800823f   Thumb Code     0  startup_gd32f30x_cl.o(.text)
    TIMER7_Channel_IRQHandler                0x0800823f   Thumb Code     0  startup_gd32f30x_cl.o(.text)
    TIMER7_TRG_CMT_TIMER13_IRQHandler        0x0800823f   Thumb Code     0  startup_gd32f30x_cl.o(.text)
    TIMER7_UP_TIMER12_IRQHandler             0x0800823f   Thumb Code     0  startup_gd32f30x_cl.o(.text)
    UART3_IRQHandler                         0x0800823f   Thumb Code     0  startup_gd32f30x_cl.o(.text)
    UART4_IRQHandler                         0x0800823f   Thumb Code     0  startup_gd32f30x_cl.o(.text)
    USART1_IRQHandler                        0x0800823f   Thumb Code     0  startup_gd32f30x_cl.o(.text)
    USART2_IRQHandler                        0x0800823f   Thumb Code     0  startup_gd32f30x_cl.o(.text)
    USBFS_IRQHandler                         0x0800823f   Thumb Code     0  startup_gd32f30x_cl.o(.text)
    USBFS_WKUP_IRQHandler                    0x0800823f   Thumb Code     0  startup_gd32f30x_cl.o(.text)
    WWDGT_IRQHandler                         0x0800823f   Thumb Code     0  startup_gd32f30x_cl.o(.text)
    __aeabi_memcpy                           0x08008249   Thumb Code    36  memcpya.o(.text)
    __aeabi_memcpy4                          0x08008249   Thumb Code     0  memcpya.o(.text)
    __aeabi_memcpy8                          0x08008249   Thumb Code     0  memcpya.o(.text)
    __aeabi_memset                           0x0800826d   Thumb Code    14  memseta.o(.text)
    __aeabi_memset4                          0x0800826d   Thumb Code     0  memseta.o(.text)
    __aeabi_memset8                          0x0800826d   Thumb Code     0  memseta.o(.text)
    __aeabi_memclr                           0x0800827b   Thumb Code     4  memseta.o(.text)
    __aeabi_memclr4                          0x0800827b   Thumb Code     0  memseta.o(.text)
    __aeabi_memclr8                          0x0800827b   Thumb Code     0  memseta.o(.text)
    memset                                   0x0800827f   Thumb Code    18  memseta.o(.text)
    __aeabi_uidiv                            0x08008291   Thumb Code     0  uidiv.o(.text)
    __aeabi_uidivmod                         0x08008291   Thumb Code    44  uidiv.o(.text)
    __scatterload                            0x080082bd   Thumb Code    28  init.o(.text)
    __scatterload_rt2                        0x080082bd   Thumb Code     0  init.o(.text)
    __decompress                             0x080082e1   Thumb Code     0  __dczerorl2.o(.text)
    __decompress1                            0x080082e1   Thumb Code    86  __dczerorl2.o(.text)
    BusFault_Handler                         0x08008337   Thumb Code     4  gd32f30x_it.o(i.BusFault_Handler)
    DMA0_Channel3_IRQHandler                 0x0800833d   Thumb Code    26  usart.o(i.DMA0_Channel3_IRQHandler)
    DMA0_Channel4_IRQHandler                 0x0800835d   Thumb Code    34  usart.o(i.DMA0_Channel4_IRQHandler)
    DebugMon_Handler                         0x08008389   Thumb Code     2  gd32f30x_it.o(i.DebugMon_Handler)
    EXTI1_IRQHandler                         0x0800838d   Thumb Code    56  exti.o(i.EXTI1_IRQHandler)
    FIFO_Add                                 0x080083d7   Thumb Code   104  fifo.o(i.FIFO_Add)
    FIFO_Available                           0x0800843f   Thumb Code    70  fifo.o(i.FIFO_Available)
    FIFO_Callback_Init                       0x08008485   Thumb Code     6  fifo.o(i.FIFO_Callback_Init)
    FIFO_Count                               0x0800848b   Thumb Code    50  fifo.o(i.FIFO_Count)
    FIFO_Full                                0x080084bd   Thumb Code    66  fifo.o(i.FIFO_Full)
    FIFO_Init                                0x080084ff   Thumb Code    54  fifo.o(i.FIFO_Init)
    FIFO_Put                                 0x08008535   Thumb Code    80  fifo.o(i.FIFO_Put)
    FIFO_Recv                                0x08008585   Thumb Code    86  fifo.o(i.FIFO_Recv)
    FIFO_Tansmit                             0x080085db   Thumb Code   134  fifo.o(i.FIFO_Tansmit)
    HardFault_Handler                        0x08008661   Thumb Code     4  gd32f30x_it.o(i.HardFault_Handler)
    MemManage_Handler                        0x08008673   Thumb Code     4  gd32f30x_it.o(i.MemManage_Handler)
    NMI_Handler                              0x08008677   Thumb Code     2  gd32f30x_it.o(i.NMI_Handler)
    PowerOn_Time                             0x08008679   Thumb Code   148  port.o(i.PowerOn_Time)
    PowerOn_Time_statistics                  0x08008755   Thumb Code    94  port.o(i.PowerOn_Time_statistics)
    Sample_Interrupt                         0x080087b9   Thumb Code   160  vl6180x_range_interrupt.o(i.Sample_Interrupt)
    SysTick_Handler                          0x08008861   Thumb Code    50  port.o(i.SysTick_Handler)
    SystemInit                               0x08008899   Thumb Code   100  system_gd32f30x.o(i.SystemInit)
    USART0_IRQHandler                        0x08008909   Thumb Code    90  usart.o(i.USART0_IRQHandler)
    UsageFault_Handler                       0x0800897d   Thumb Code     4  gd32f30x_it.o(i.UsageFault_Handler)
    VL6180_Read_Multiple_Register            0x08008981   Thumb Code   348  iic.o(i.VL6180_Read_Multiple_Register)
    VL6180_Write_Multiple_Register           0x08008ae1   Thumb Code   260  iic.o(i.VL6180_Write_Multiple_Register)
    VL6180x_AlsConfigInterrupt               0x08008cc1   Thumb Code    36  vl6180x_api.o(i.VL6180x_AlsConfigInterrupt)
    VL6180x_AlsSetAnalogueGain               0x08008ce5   Thumb Code    46  vl6180x_api.o(i.VL6180x_AlsSetAnalogueGain)
    VL6180x_AlsSetIntegrationPeriod          0x08008d19   Thumb Code    64  vl6180x_api.o(i.VL6180x_AlsSetIntegrationPeriod)
    VL6180x_AlsSetInterMeasurementPeriod     0x08008d5d   Thumb Code    44  vl6180x_api.o(i.VL6180x_AlsSetInterMeasurementPeriod)
    VL6180x_AlsSetThresholds                 0x08008d89   Thumb Code    42  vl6180x_api.o(i.VL6180x_AlsSetThresholds)
    VL6180x_ClearInterrupt                   0x08008db3   Thumb Code    32  vl6180x_api.o(i.VL6180x_ClearInterrupt)
    VL6180x_FilterSetState                   0x08008dd5   Thumb Code    12  vl6180x_api.o(i.VL6180x_FilterSetState)
    VL6180x_GetCachedByte                    0x08008de5   Thumb Code    60  vl6180x_api.o(i.VL6180x_GetCachedByte)
    VL6180x_GetCachedDWord                   0x08008e25   Thumb Code    82  vl6180x_api.o(i.VL6180x_GetCachedDWord)
    VL6180x_GetCachedWord                    0x08008e7d   Thumb Code    68  vl6180x_api.o(i.VL6180x_GetCachedWord)
    VL6180x_I2CRead                          0x08008ec5   Thumb Code    22  vl6180x_i2c.o(i.VL6180x_I2CRead)
    VL6180x_I2CWrite                         0x08008ee1   Thumb Code    22  vl6180x_i2c.o(i.VL6180x_I2CWrite)
    VL6180x_InitData                         0x08008efd   Thumb Code   198  vl6180x_api.o(i.VL6180x_InitData)
    VL6180x_Prepare                          0x08008fcd   Thumb Code   146  vl6180x_api.o(i.VL6180x_Prepare)
    VL6180x_RangeConfigInterrupt             0x0800905f   Thumb Code    34  vl6180x_api.o(i.VL6180x_RangeConfigInterrupt)
    VL6180x_RangeGetMeasurement              0x08009081   Thumb Code   156  vl6180x_api.o(i.VL6180x_RangeGetMeasurement)
    VL6180x_RangeGetResult                   0x08009121   Thumb Code    38  vl6180x_api.o(i.VL6180x_RangeGetResult)
    VL6180x_RangeSetEceState                 0x080091e1   Thumb Code    36  vl6180x_api.o(i.VL6180x_RangeSetEceState)
    VL6180x_RangeSetInterMeasPeriod          0x08009205   Thumb Code    76  vl6180x_api.o(i.VL6180x_RangeSetInterMeasPeriod)
    VL6180x_RangeSetMaxConvergenceTime       0x08009251   Thumb Code    54  vl6180x_api.o(i.VL6180x_RangeSetMaxConvergenceTime)
    VL6180x_RangeSetRawThresholds            0x08009287   Thumb Code    42  vl6180x_api.o(i.VL6180x_RangeSetRawThresholds)
    VL6180x_RangeSetSystemMode               0x080092b1   Thumb Code    34  vl6180x_api.o(i.VL6180x_RangeSetSystemMode)
    VL6180x_RangeSetThresholds               0x080092d5   Thumb Code   124  vl6180x_api.o(i.VL6180x_RangeSetThresholds)
    VL6180x_RangeStartContinuousMode         0x08009355   Thumb Code    18  vl6180x_api.o(i.VL6180x_RangeStartContinuousMode)
    VL6180x_RdByte                           0x08009367   Thumb Code    56  vl6180x_i2c.o(i.VL6180x_RdByte)
    VL6180x_RdDWord                          0x0800939f   Thumb Code    74  vl6180x_i2c.o(i.VL6180x_RdDWord)
    VL6180x_RdMulti                          0x080093e9   Thumb Code    56  vl6180x_i2c.o(i.VL6180x_RdMulti)
    VL6180x_RdWord                           0x08009421   Thumb Code    62  vl6180x_i2c.o(i.VL6180x_RdWord)
    VL6180x_SetGroupParamHold                0x0800945f   Thumb Code    34  vl6180x_api.o(i.VL6180x_SetGroupParamHold)
    VL6180x_SqrtUint32                       0x08009481   Thumb Code    44  vl6180x_api.o(i.VL6180x_SqrtUint32)
    VL6180x_StaticInit                       0x080094ad   Thumb Code   112  vl6180x_api.o(i.VL6180x_StaticInit)
    VL6180x_UpdateByte                       0x08009521   Thumb Code    76  vl6180x_i2c.o(i.VL6180x_UpdateByte)
    VL6180x_UpscaleRegInit                   0x0800956d   Thumb Code   414  vl6180x_api.o(i.VL6180x_UpscaleRegInit)
    VL6180x_UpscaleSetScaling                0x0800970d   Thumb Code   172  vl6180x_api.o(i.VL6180x_UpscaleSetScaling)
    VL6180x_WrByte                           0x080097f9   Thumb Code    38  vl6180x_i2c.o(i.VL6180x_WrByte)
    VL6180x_WrDWord                          0x0800981f   Thumb Code    50  vl6180x_i2c.o(i.VL6180x_WrDWord)
    VL6180x_WrWord                           0x08009851   Thumb Code    42  vl6180x_i2c.o(i.VL6180x_WrWord)
    _CachedRegs_Fetch                        0x0800987d   Thumb Code    46  vl6180x_api.o(i._CachedRegs_Fetch)
    _CachedRegs_Flush                        0x080098b1   Thumb Code    10  vl6180x_api.o(i._CachedRegs_Flush)
    _DMax_OneTimeInit                        0x08009a31   Thumb Code    10  vl6180x_api.o(i._DMax_OneTimeInit)
    __0printf$6                              0x08009be9   Thumb Code    22  printf6.o(i.__0printf$6)
    __1printf$6                              0x08009be9   Thumb Code     0  printf6.o(i.__0printf$6)
    __2printf                                0x08009be9   Thumb Code     0  printf6.o(i.__0printf$6)
    __0sprintf$6                             0x08009c09   Thumb Code    34  printf6.o(i.__0sprintf$6)
    __1sprintf$6                             0x08009c09   Thumb Code     0  printf6.o(i.__0sprintf$6)
    __2sprintf                               0x08009c09   Thumb Code     0  printf6.o(i.__0sprintf$6)
    __scatterload_copy                       0x08009c31   Thumb Code    14  handlers.o(i.__scatterload_copy)
    __scatterload_null                       0x08009c3f   Thumb Code     2  handlers.o(i.__scatterload_null)
    __scatterload_zeroinit                   0x08009c41   Thumb Code    14  handlers.o(i.__scatterload_zeroinit)
    bsp_gpio_exti_init                       0x0800a731   Thumb Code    66  exti.o(i.bsp_gpio_exti_init)
    bsp_iic_init                             0x0800a779   Thumb Code    70  iic.o(i.bsp_iic_init)
    bsp_usart_init                           0x0800a7c9   Thumb Code    34  usart.o(i.bsp_usart_init)
    dma_channel_disable                      0x0800a7f1   Thumb Code    50  gd32f30x_dma.o(i.dma_channel_disable)
    dma_channel_enable                       0x0800a823   Thumb Code    50  gd32f30x_dma.o(i.dma_channel_enable)
    dma_circulation_disable                  0x0800a855   Thumb Code    50  gd32f30x_dma.o(i.dma_circulation_disable)
    dma_deinit                               0x0800a887   Thumb Code   112  gd32f30x_dma.o(i.dma_deinit)
    dma_init                                 0x0800a8f7   Thumb Code   302  gd32f30x_dma.o(i.dma_init)
    dma_interrupt_enable                     0x0800aa25   Thumb Code    50  gd32f30x_dma.o(i.dma_interrupt_enable)
    dma_interrupt_flag_clear                 0x0800aa57   Thumb Code    16  gd32f30x_dma.o(i.dma_interrupt_flag_clear)
    dma_interrupt_flag_get                   0x0800aa67   Thumb Code   130  gd32f30x_dma.o(i.dma_interrupt_flag_get)
    dma_memory_address_config                0x0800aae9   Thumb Code    36  gd32f30x_dma.o(i.dma_memory_address_config)
    dma_memory_to_memory_disable             0x0800ab0d   Thumb Code    50  gd32f30x_dma.o(i.dma_memory_to_memory_disable)
    dma_struct_para_init                     0x0800ab59   Thumb Code    28  gd32f30x_dma.o(i.dma_struct_para_init)
    dma_transfer_number_config               0x0800ab75   Thumb Code    38  gd32f30x_dma.o(i.dma_transfer_number_config)
    dma_transfer_number_get                  0x0800ab9b   Thumb Code    34  gd32f30x_dma.o(i.dma_transfer_number_get)
    exti_init                                0x0800abbd   Thumb Code   178  gd32f30x_exti.o(i.exti_init)
    exti_interrupt_flag_clear                0x0800ac75   Thumb Code     6  gd32f30x_exti.o(i.exti_interrupt_flag_clear)
    exti_interrupt_flag_get                  0x0800ac81   Thumb Code    32  gd32f30x_exti.o(i.exti_interrupt_flag_get)
    fputc                                    0x0800aca5   Thumb Code    20  print.o(i.fputc)
    gpio_exti_source_select                  0x0800acbd   Thumb Code   146  gd32f30x_gpio.o(i.gpio_exti_source_select)
    gpio_init                                0x0800ad55   Thumb Code   188  gd32f30x_gpio.o(i.gpio_init)
    i2c_ack_config                           0x0800ae11   Thumb Code    24  gd32f30x_i2c.o(i.i2c_ack_config)
    i2c_clock_config                         0x0800ae29   Thumb Code   306  gd32f30x_i2c.o(i.i2c_clock_config)
    i2c_data_receive                         0x0800af69   Thumb Code     8  gd32f30x_i2c.o(i.i2c_data_receive)
    i2c_data_transmit                        0x0800af71   Thumb Code     6  gd32f30x_i2c.o(i.i2c_data_transmit)
    i2c_enable                               0x0800af77   Thumb Code    10  gd32f30x_i2c.o(i.i2c_enable)
    i2c_flag_clear                           0x0800af81   Thumb Code    40  gd32f30x_i2c.o(i.i2c_flag_clear)
    i2c_flag_get                             0x0800afa9   Thumb Code    30  gd32f30x_i2c.o(i.i2c_flag_get)
    i2c_master_addressing                    0x0800afc7   Thumb Code    20  gd32f30x_i2c.o(i.i2c_master_addressing)
    i2c_mode_addr_config                     0x0800afdb   Thumb Code    28  gd32f30x_i2c.o(i.i2c_mode_addr_config)
    i2c_start_on_bus                         0x0800aff7   Thumb Code    10  gd32f30x_i2c.o(i.i2c_start_on_bus)
    i2c_stop_on_bus                          0x0800b001   Thumb Code    10  gd32f30x_i2c.o(i.i2c_stop_on_bus)
    main                                     0x0800b035   Thumb Code   204  main.o(i.main)
    nvic_irq_disable                         0x0800b199   Thumb Code    18  gd32f30x_misc.o(i.nvic_irq_disable)
    nvic_irq_enable                          0x0800b1b1   Thumb Code   186  gd32f30x_misc.o(i.nvic_irq_enable)
    nvic_priority_group_set                  0x0800b275   Thumb Code    10  gd32f30x_misc.o(i.nvic_priority_group_set)
    nvic_vector_table_set                    0x0800b289   Thumb Code    12  gd32f30x_misc.o(i.nvic_vector_table_set)
    print_logs                               0x0800b29d   Thumb Code    12  print.o(i.print_logs)
    pvPortMalloc                             0x0800bc85   Thumb Code   338  heap_4.o(i.pvPortMalloc)
    pvTaskIncrementMutexHeldCount            0x0800bdf1   Thumb Code    26  tasks.o(i.pvTaskIncrementMutexHeldCount)
    pxPortInitialiseStack                    0x0800be11   Thumb Code    38  port.o(i.pxPortInitialiseStack)
    rcu_clock_freq_get                       0x0800be3d   Thumb Code   310  gd32f30x_rcu.o(i.rcu_clock_freq_get)
    rcu_periph_clock_enable                  0x0800bf95   Thumb Code    28  gd32f30x_rcu.o(i.rcu_periph_clock_enable)
    rcu_periph_reset_disable                 0x0800bfb5   Thumb Code    28  gd32f30x_rcu.o(i.rcu_periph_reset_disable)
    rcu_periph_reset_enable                  0x0800bfd5   Thumb Code    28  gd32f30x_rcu.o(i.rcu_periph_reset_enable)
    usart0_dma_recv                          0x0800c111   Thumb Code    70  usart.o(i.usart0_dma_recv)
    usart0_dma_send                          0x0800c161   Thumb Code    56  usart.o(i.usart0_dma_send)
    usart_baudrate_set                       0x0800c1a1   Thumb Code   136  gd32f30x_usart.o(i.usart_baudrate_set)
    usart_deinit                             0x0800c2d5   Thumb Code   136  gd32f30x_usart.o(i.usart_deinit)
    usart_dma_receive_config                 0x0800c45d   Thumb Code    16  gd32f30x_usart.o(i.usart_dma_receive_config)
    usart_dma_transmit_config                0x0800c46d   Thumb Code    16  gd32f30x_usart.o(i.usart_dma_transmit_config)
    usart_enable                             0x0800c47d   Thumb Code    10  gd32f30x_usart.o(i.usart_enable)
    usart_hardware_flow_cts_config           0x0800c487   Thumb Code    16  gd32f30x_usart.o(i.usart_hardware_flow_cts_config)
    usart_hardware_flow_rts_config           0x0800c497   Thumb Code    16  gd32f30x_usart.o(i.usart_hardware_flow_rts_config)
    usart_interrupt_enable                   0x0800c4a7   Thumb Code    26  gd32f30x_usart.o(i.usart_interrupt_enable)
    usart_interrupt_flag_clear               0x0800c4c1   Thumb Code    26  gd32f30x_usart.o(i.usart_interrupt_flag_clear)
    usart_interrupt_flag_get                 0x0800c4db   Thumb Code    56  gd32f30x_usart.o(i.usart_interrupt_flag_get)
    usart_parity_config                      0x0800c513   Thumb Code    16  gd32f30x_usart.o(i.usart_parity_config)
    usart_receive_config                     0x0800c523   Thumb Code    16  gd32f30x_usart.o(i.usart_receive_config)
    usart_stop_bit_set                       0x0800c533   Thumb Code    16  gd32f30x_usart.o(i.usart_stop_bit_set)
    usart_transmit_config                    0x0800c543   Thumb Code    16  gd32f30x_usart.o(i.usart_transmit_config)
    usart_word_length_set                    0x0800c553   Thumb Code    16  gd32f30x_usart.o(i.usart_word_length_set)
    uxListRemove                             0x0800c563   Thumb Code    40  list.o(i.uxListRemove)
    vListInitialise                          0x0800c58b   Thumb Code    26  list.o(i.vListInitialise)
    vListInitialiseItem                      0x0800c5a5   Thumb Code     6  list.o(i.vListInitialiseItem)
    vListInsert                              0x0800c5ab   Thumb Code    52  list.o(i.vListInsert)
    vListInsertEnd                           0x0800c5df   Thumb Code    24  list.o(i.vListInsertEnd)
    vPortEnterCritical                       0x0800c5f9   Thumb Code    76  port.o(i.vPortEnterCritical)
    vPortExitCritical                        0x0800c64d   Thumb Code    56  port.o(i.vPortExitCritical)
    vPortFree                                0x0800c689   Thumb Code   150  heap_4.o(i.vPortFree)
    vPortSetupTimerInterrupt                 0x0800c72d   Thumb Code    36  port.o(i.vPortSetupTimerInterrupt)
    vPortValidateInterruptPriority           0x0800c755   Thumb Code   106  port.o(i.vPortValidateInterruptPriority)
    vQueueAddToRegistry                      0x0800c7cd   Thumb Code    38  queue.o(i.vQueueAddToRegistry)
    vQueueWaitForMessageRestricted           0x0800c7f9   Thumb Code    74  queue.o(i.vQueueWaitForMessageRestricted)
    vTaskDelay                               0x0800c845   Thumb Code    82  tasks.o(i.vTaskDelay)
    vTaskInternalSetTimeOutState             0x0800c8a1   Thumb Code    14  tasks.o(i.vTaskInternalSetTimeOutState)
    vTaskMissedYield                         0x0800c8b9   Thumb Code     8  tasks.o(i.vTaskMissedYield)
    vTaskPlaceOnEventList                    0x0800c8c5   Thumb Code    52  tasks.o(i.vTaskPlaceOnEventList)
    vTaskPlaceOnEventListRestricted          0x0800c8fd   Thumb Code    60  tasks.o(i.vTaskPlaceOnEventListRestricted)
    vTaskPriorityDisinheritAfterTimeout      0x0800c93d   Thumb Code   216  tasks.o(i.vTaskPriorityDisinheritAfterTimeout)
    vTaskStartScheduler                      0x0800ca21   Thumb Code   122  tasks.o(i.vTaskStartScheduler)
    vTaskSuspendAll                          0x0800cabd   Thumb Code    12  tasks.o(i.vTaskSuspendAll)
    vTaskSwitchContext                       0x0800cacd   Thumb Code   118  tasks.o(i.vTaskSwitchContext)
    xPortStartScheduler                      0x0800cb59   Thumb Code   330  port.o(i.xPortStartScheduler)
    xQueueGenericCreate                      0x0800ccc1   Thumb Code   162  queue.o(i.xQueueGenericCreate)
    xQueueGenericReset                       0x0800cd65   Thumb Code   146  queue.o(i.xQueueGenericReset)
    xQueueGenericSend                        0x0800cdfd   Thumb Code   420  queue.o(i.xQueueGenericSend)
    xQueueGenericSendFromISR                 0x0800cfa5   Thumb Code   288  queue.o(i.xQueueGenericSendFromISR)
    xQueueGiveFromISR                        0x0800d0c5   Thumb Code   260  queue.o(i.xQueueGiveFromISR)
    xQueueReceive                            0x0800d1c9   Thumb Code   356  queue.o(i.xQueueReceive)
    xQueueSemaphoreTake                      0x0800d331   Thumb Code   434  queue.o(i.xQueueSemaphoreTake)
    xTaskCheckForTimeOut                     0x0800d4e9   Thumb Code   136  tasks.o(i.xTaskCheckForTimeOut)
    xTaskCreate                              0x0800d579   Thumb Code    96  tasks.o(i.xTaskCreate)
    xTaskGetSchedulerState                   0x0800d5d9   Thumb Code    24  tasks.o(i.xTaskGetSchedulerState)
    xTaskGetTickCount                        0x0800d5f9   Thumb Code     6  tasks.o(i.xTaskGetTickCount)
    xTaskIncrementTick                       0x0800d605   Thumb Code   282  tasks.o(i.xTaskIncrementTick)
    xTaskPriorityDisinherit                  0x0800d74d   Thumb Code   174  tasks.o(i.xTaskPriorityDisinherit)
    xTaskPriorityInherit                     0x0800d809   Thumb Code   172  tasks.o(i.xTaskPriorityInherit)
    xTaskRemoveFromEventList                 0x0800d8c1   Thumb Code   128  tasks.o(i.xTaskRemoveFromEventList)
    xTaskResumeAll                           0x0800d959   Thumb Code   224  tasks.o(i.xTaskResumeAll)
    xTimerCreateTimerTask                    0x0800da5d   Thumb Code    66  timers.o(i.xTimerCreateTimerTask)
    xTimerGenericCommand                     0x0800dab5   Thumb Code   126  timers.o(i.xTimerGenericCommand)
    Region$$Table$$Base                      0x0800dcb8   Number         0  anon$$obj.o(Region$$Table)
    Region$$Table$$Limit                     0x0800dcd8   Number         0  anon$$obj.o(Region$$Table)
    Queue_log                                0x20000000   Data           4  main.o(.data)
    LedTestTaskHanle                         0x20000004   Data           4  main.o(.data)
    VL6180xTaskHanle                         0x20000008   Data           4  main.o(.data)
    LogTaskHanle                             0x2000000c   Data           4  main.o(.data)
    EmergencyTaskHanle                       0x20000010   Data           4  main.o(.data)
    VL6180xSemaphore                         0x20000014   Data           4  main.o(.data)
    SystemCoreClock                          0x2000002c   Data           4  system_gd32f30x.o(.data)
    pxCurrentTCB                             0x20000030   Data           4  tasks.o(.data)
    uxTopUsedPriority                        0x20000068   Data           4  tasks.o(.data)
    VL6180x_RangeStatusErrString             0x200000c0   Data          76  vl6180x_api.o(.data)
    SingleVL6180xDevData                     0x2000010c   Data         208  vl6180x_api.o(.data)
    theVL6180xDev                            0x200001dc   Data           1  vl6180x_range_interrupt.o(.data)
    __stdout                                 0x200001e0   Data           4  stdout.o(.data)
    FIFO_Queue                               0x200001e4   Data          24  main.o(.bss)
    xQueueRegistry                           0x200005fc   Data          64  queue.o(.bss)
    rxbuffer                                 0x20002fcc   Data        1024  usart.o(.bss)
    __initial_sp                             0x200037d0   Data           0  startup_gd32f30x_cl.o(STACK)



==============================================================================

Memory Map of the image

  Image Entry point : 0x08008151

  Load Region LR_IROM1 (Base: 0x08008000, Size: 0x00005ebc, Max: 0x00037800, ABSOLUTE, COMPRESSED[0x00005d38])

    Execution Region ER_IROM1 (Exec base: 0x08008000, Load base: 0x08008000, Size: 0x00005cd8, Max: 0x00037800, ABSOLUTE)

    Exec Addr    Load Addr    Size         Type   Attr      Idx    E Section Name        Object

    0x08008000   0x08008000   0x00000150   Data   RO         4239    RESET               startup_gd32f30x_cl.o
    0x08008150   0x08008150   0x00000000   Code   RO         6376  * .ARM.Collect$$$$00000000  mc_w.l(entry.o)
    0x08008150   0x08008150   0x00000004   Code   RO         6648    .ARM.Collect$$$$00000001  mc_w.l(entry2.o)
    0x08008154   0x08008154   0x00000004   Code   RO         6651    .ARM.Collect$$$$00000004  mc_w.l(entry5.o)
    0x08008158   0x08008158   0x00000000   Code   RO         6653    .ARM.Collect$$$$00000008  mc_w.l(entry7b.o)
    0x08008158   0x08008158   0x00000000   Code   RO         6655    .ARM.Collect$$$$0000000A  mc_w.l(entry8b.o)
    0x08008158   0x08008158   0x00000008   Code   RO         6656    .ARM.Collect$$$$0000000B  mc_w.l(entry9a.o)
    0x08008160   0x08008160   0x00000000   Code   RO         6658    .ARM.Collect$$$$0000000D  mc_w.l(entry10a.o)
    0x08008160   0x08008160   0x00000000   Code   RO         6660    .ARM.Collect$$$$0000000F  mc_w.l(entry11a.o)
    0x08008160   0x08008160   0x00000004   Code   RO         6649    .ARM.Collect$$$$00002712  mc_w.l(entry2.o)
    0x08008164   0x08008164   0x000000be   Code   RO         5348    .emb_text           port.o
    0x08008222   0x08008222   0x00000002   PAD
    0x08008224   0x08008224   0x00000024   Code   RO         4240    .text               startup_gd32f30x_cl.o
    0x08008248   0x08008248   0x00000024   Code   RO         6379    .text               mc_w.l(memcpya.o)
    0x0800826c   0x0800826c   0x00000024   Code   RO         6383    .text               mc_w.l(memseta.o)
    0x08008290   0x08008290   0x0000002c   Code   RO         6663    .text               mc_w.l(uidiv.o)
    0x080082bc   0x080082bc   0x00000024   Code   RO         6678    .text               mc_w.l(init.o)
    0x080082e0   0x080082e0   0x00000056   Code   RO         6696    .text               mc_w.l(__dczerorl2.o)
    0x08008336   0x08008336   0x00000004   Code   RO          250    i.BusFault_Handler  gd32f30x_it.o
    0x0800833a   0x0800833a   0x00000002   PAD
    0x0800833c   0x0800833c   0x00000020   Code   RO         5444    i.DMA0_Channel3_IRQHandler  usart.o
    0x0800835c   0x0800835c   0x0000002c   Code   RO         5445    i.DMA0_Channel4_IRQHandler  usart.o
    0x08008388   0x08008388   0x00000002   Code   RO          251    i.DebugMon_Handler  gd32f30x_it.o
    0x0800838a   0x0800838a   0x00000002   PAD
    0x0800838c   0x0800838c   0x00000040   Code   RO         5533    i.EXTI1_IRQHandler  exti.o
    0x080083cc   0x080083cc   0x0000000a   Code   RO            3    i.EmergencyTask     main.o
    0x080083d6   0x080083d6   0x00000068   Code   RO         6239    i.FIFO_Add          fifo.o
    0x0800843e   0x0800843e   0x00000046   Code   RO         6240    i.FIFO_Available    fifo.o
    0x08008484   0x08008484   0x00000006   Code   RO         6241    i.FIFO_Callback_Init  fifo.o
    0x0800848a   0x0800848a   0x00000032   Code   RO         6242    i.FIFO_Count        fifo.o
    0x080084bc   0x080084bc   0x00000042   Code   RO         6245    i.FIFO_Full         fifo.o
    0x080084fe   0x080084fe   0x00000036   Code   RO         6247    i.FIFO_Init         fifo.o
    0x08008534   0x08008534   0x00000050   Code   RO         6250    i.FIFO_Put          fifo.o
    0x08008584   0x08008584   0x00000056   Code   RO         6251    i.FIFO_Recv         fifo.o
    0x080085da   0x080085da   0x00000086   Code   RO         6252    i.FIFO_Tansmit      fifo.o
    0x08008660   0x08008660   0x00000004   Code   RO          252    i.HardFault_Handler  gd32f30x_it.o
    0x08008664   0x08008664   0x0000000e   Code   RO            4    i.LogTask           main.o
    0x08008672   0x08008672   0x00000004   Code   RO          253    i.MemManage_Handler  gd32f30x_it.o
    0x08008676   0x08008676   0x00000002   Code   RO          254    i.NMI_Handler       gd32f30x_it.o
    0x08008678   0x08008678   0x000000dc   Code   RO         5349    i.PowerOn_Time      port.o
    0x08008754   0x08008754   0x00000064   Code   RO         5350    i.PowerOn_Time_statistics  port.o
    0x080087b8   0x080087b8   0x000000a8   Code   RO         6215    i.Sample_Interrupt  vl6180x_range_interrupt.o
    0x08008860   0x08008860   0x00000038   Code   RO         5351    i.SysTick_Handler   port.o
    0x08008898   0x08008898   0x00000070   Code   RO          307    i.SystemInit        system_gd32f30x.o
    0x08008908   0x08008908   0x00000074   Code   RO         5446    i.USART0_IRQHandler  usart.o
    0x0800897c   0x0800897c   0x00000004   Code   RO          255    i.UsageFault_Handler  gd32f30x_it.o
    0x08008980   0x08008980   0x00000160   Code   RO         5602    i.VL6180_Read_Multiple_Register  iic.o
    0x08008ae0   0x08008ae0   0x00000108   Code   RO         5604    i.VL6180_Write_Multiple_Register  iic.o
    0x08008be8   0x08008be8   0x000000d8   Code   RO            5    i.VL6180xTask       main.o
    0x08008cc0   0x08008cc0   0x00000024   Code   RO         5649    i.VL6180x_AlsConfigInterrupt  vl6180x_api.o
    0x08008ce4   0x08008ce4   0x00000034   Code   RO         5654    i.VL6180x_AlsSetAnalogueGain  vl6180x_api.o
    0x08008d18   0x08008d18   0x00000044   Code   RO         5655    i.VL6180x_AlsSetIntegrationPeriod  vl6180x_api.o
    0x08008d5c   0x08008d5c   0x0000002c   Code   RO         5656    i.VL6180x_AlsSetInterMeasurementPeriod  vl6180x_api.o
    0x08008d88   0x08008d88   0x0000002a   Code   RO         5658    i.VL6180x_AlsSetThresholds  vl6180x_api.o
    0x08008db2   0x08008db2   0x00000020   Code   RO         5660    i.VL6180x_ClearInterrupt  vl6180x_api.o
    0x08008dd2   0x08008dd2   0x00000002   PAD
    0x08008dd4   0x08008dd4   0x00000010   Code   RO         5665    i.VL6180x_FilterSetState  vl6180x_api.o
    0x08008de4   0x08008de4   0x00000040   Code   RO         5666    i.VL6180x_GetCachedByte  vl6180x_api.o
    0x08008e24   0x08008e24   0x00000058   Code   RO         5667    i.VL6180x_GetCachedDWord  vl6180x_api.o
    0x08008e7c   0x08008e7c   0x00000048   Code   RO         5668    i.VL6180x_GetCachedWord  vl6180x_api.o
    0x08008ec4   0x08008ec4   0x0000001c   Code   RO         6113    i.VL6180x_I2CRead   vl6180x_i2c.o
    0x08008ee0   0x08008ee0   0x0000001c   Code   RO         6114    i.VL6180x_I2CWrite  vl6180x_i2c.o
    0x08008efc   0x08008efc   0x000000d0   Code   RO         5672    i.VL6180x_InitData  vl6180x_api.o
    0x08008fcc   0x08008fcc   0x00000092   Code   RO         5673    i.VL6180x_Prepare   vl6180x_api.o
    0x0800905e   0x0800905e   0x00000022   Code   RO         5674    i.VL6180x_RangeConfigInterrupt  vl6180x_api.o
    0x08009080   0x08009080   0x000000a0   Code   RO         5677    i.VL6180x_RangeGetMeasurement  vl6180x_api.o
    0x08009120   0x08009120   0x0000002c   Code   RO         5679    i.VL6180x_RangeGetResult  vl6180x_api.o
    0x0800914c   0x0800914c   0x00000094   Code   RO         5685    i.VL6180x_RangeSetEarlyConvergenceEestimateThreshold  vl6180x_api.o
    0x080091e0   0x080091e0   0x00000024   Code   RO         5687    i.VL6180x_RangeSetEceState  vl6180x_api.o
    0x08009204   0x08009204   0x0000004c   Code   RO         5688    i.VL6180x_RangeSetInterMeasPeriod  vl6180x_api.o
    0x08009250   0x08009250   0x00000036   Code   RO         5689    i.VL6180x_RangeSetMaxConvergenceTime  vl6180x_api.o
    0x08009286   0x08009286   0x0000002a   Code   RO         5690    i.VL6180x_RangeSetRawThresholds  vl6180x_api.o
    0x080092b0   0x080092b0   0x00000022   Code   RO         5691    i.VL6180x_RangeSetSystemMode  vl6180x_api.o
    0x080092d2   0x080092d2   0x00000002   PAD
    0x080092d4   0x080092d4   0x00000080   Code   RO         5692    i.VL6180x_RangeSetThresholds  vl6180x_api.o
    0x08009354   0x08009354   0x00000012   Code   RO         5693    i.VL6180x_RangeStartContinuousMode  vl6180x_api.o
    0x08009366   0x08009366   0x00000038   Code   RO         6115    i.VL6180x_RdByte    vl6180x_i2c.o
    0x0800939e   0x0800939e   0x0000004a   Code   RO         6116    i.VL6180x_RdDWord   vl6180x_i2c.o
    0x080093e8   0x080093e8   0x00000038   Code   RO         6117    i.VL6180x_RdMulti   vl6180x_i2c.o
    0x08009420   0x08009420   0x0000003e   Code   RO         6118    i.VL6180x_RdWord    vl6180x_i2c.o
    0x0800945e   0x0800945e   0x00000022   Code   RO         5699    i.VL6180x_SetGroupParamHold  vl6180x_api.o
    0x08009480   0x08009480   0x0000002c   Code   RO         5705    i.VL6180x_SqrtUint32  vl6180x_api.o
    0x080094ac   0x080094ac   0x00000074   Code   RO         5706    i.VL6180x_StaticInit  vl6180x_api.o
    0x08009520   0x08009520   0x0000004c   Code   RO         6119    i.VL6180x_UpdateByte  vl6180x_i2c.o
    0x0800956c   0x0800956c   0x0000019e   Code   RO         5708    i.VL6180x_UpscaleRegInit  vl6180x_api.o
    0x0800970a   0x0800970a   0x00000002   PAD
    0x0800970c   0x0800970c   0x000000b4   Code   RO         5709    i.VL6180x_UpscaleSetScaling  vl6180x_api.o
    0x080097c0   0x080097c0   0x00000038   Code   RO         5710    i.VL6180x_UpscaleStaticInit  vl6180x_api.o
    0x080097f8   0x080097f8   0x00000026   Code   RO         6120    i.VL6180x_WrByte    vl6180x_i2c.o
    0x0800981e   0x0800981e   0x00000032   Code   RO         6121    i.VL6180x_WrDWord   vl6180x_i2c.o
    0x08009850   0x08009850   0x0000002a   Code   RO         6122    i.VL6180x_WrWord    vl6180x_i2c.o
    0x0800987a   0x0800987a   0x00000002   PAD
    0x0800987c   0x0800987c   0x00000034   Code   RO         5712    i._CachedRegs_Fetch  vl6180x_api.o
    0x080098b0   0x080098b0   0x00000010   Code   RO         5713    i._CachedRegs_Flush  vl6180x_api.o
    0x080098c0   0x080098c0   0x0000005c   Code   RO         5714    i._DMax_Compute     vl6180x_api.o
    0x0800991c   0x0800991c   0x00000114   Code   RO         5715    i._DMax_InitData    vl6180x_api.o
    0x08009a30   0x08009a30   0x00000010   Code   RO         5716    i._DMax_OneTimeInit  vl6180x_api.o
    0x08009a40   0x08009a40   0x00000068   Code   RO         5717    i._DMax_RawValueAtRateKCps  vl6180x_api.o
    0x08009aa8   0x08009aa8   0x00000070   Code   RO         5718    i._GetAveTotalTime  vl6180x_api.o
    0x08009b18   0x08009b18   0x000000b0   Code   RO         5719    i._GetRateResult    vl6180x_api.o
    0x08009bc8   0x08009bc8   0x00000020   Code   RO         5721    i._UpscaleInitPatch0  vl6180x_api.o
    0x08009be8   0x08009be8   0x00000020   Code   RO         6542    i.__0printf$6       mc_w.l(printf6.o)
    0x08009c08   0x08009c08   0x00000028   Code   RO         6544    i.__0sprintf$6      mc_w.l(printf6.o)
    0x08009c30   0x08009c30   0x0000000e   Code   RO         6690    i.__scatterload_copy  mc_w.l(handlers.o)
    0x08009c3e   0x08009c3e   0x00000002   Code   RO         6691    i.__scatterload_null  mc_w.l(handlers.o)
    0x08009c40   0x08009c40   0x0000000e   Code   RO         6692    i.__scatterload_zeroinit  mc_w.l(handlers.o)
    0x08009c4e   0x08009c4e   0x00000002   PAD
    0x08009c50   0x08009c50   0x0000006c   Code   RO         5722    i._filter_GetResult  vl6180x_api.o
    0x08009cbc   0x08009cbc   0x00000048   Code   RO         5723    i._filter_Init      vl6180x_api.o
    0x08009d04   0x08009d04   0x00000690   Code   RO         5724    i._filter_Start     vl6180x_api.o
    0x0800a394   0x0800a394   0x00000050   Code   RO         5725    i._filter_StdDevDamper  vl6180x_api.o
    0x0800a3e4   0x0800a3e4   0x000002f0   Code   RO         6549    i._printf_core      mc_w.l(printf6.o)
    0x0800a6d4   0x0800a6d4   0x00000024   Code   RO         6550    i._printf_post_padding  mc_w.l(printf6.o)
    0x0800a6f8   0x0800a6f8   0x0000002e   Code   RO         6551    i._printf_pre_padding  mc_w.l(printf6.o)
    0x0800a726   0x0800a726   0x0000000a   Code   RO         6553    i._sputc            mc_w.l(printf6.o)
    0x0800a730   0x0800a730   0x00000048   Code   RO         5534    i.bsp_gpio_exti_init  exti.o
    0x0800a778   0x0800a778   0x00000050   Code   RO         5606    i.bsp_iic_init      iic.o
    0x0800a7c8   0x0800a7c8   0x00000028   Code   RO         5447    i.bsp_usart_init    usart.o
    0x0800a7f0   0x0800a7f0   0x00000032   Code   RO         1313    i.dma_channel_disable  gd32f30x_dma.o
    0x0800a822   0x0800a822   0x00000032   Code   RO         1314    i.dma_channel_enable  gd32f30x_dma.o
    0x0800a854   0x0800a854   0x00000032   Code   RO         1315    i.dma_circulation_disable  gd32f30x_dma.o
    0x0800a886   0x0800a886   0x00000070   Code   RO         1317    i.dma_deinit        gd32f30x_dma.o
    0x0800a8f6   0x0800a8f6   0x0000012e   Code   RO         1320    i.dma_init          gd32f30x_dma.o
    0x0800aa24   0x0800aa24   0x00000032   Code   RO         1322    i.dma_interrupt_enable  gd32f30x_dma.o
    0x0800aa56   0x0800aa56   0x00000010   Code   RO         1323    i.dma_interrupt_flag_clear  gd32f30x_dma.o
    0x0800aa66   0x0800aa66   0x00000082   Code   RO         1324    i.dma_interrupt_flag_get  gd32f30x_dma.o
    0x0800aae8   0x0800aae8   0x00000024   Code   RO         1325    i.dma_memory_address_config  gd32f30x_dma.o
    0x0800ab0c   0x0800ab0c   0x00000032   Code   RO         1328    i.dma_memory_to_memory_disable  gd32f30x_dma.o
    0x0800ab3e   0x0800ab3e   0x00000002   PAD
    0x0800ab40   0x0800ab40   0x00000018   Code   RO         1332    i.dma_periph_and_channel_check  gd32f30x_dma.o
    0x0800ab58   0x0800ab58   0x0000001c   Code   RO         1337    i.dma_struct_para_init  gd32f30x_dma.o
    0x0800ab74   0x0800ab74   0x00000026   Code   RO         1339    i.dma_transfer_number_config  gd32f30x_dma.o
    0x0800ab9a   0x0800ab9a   0x00000022   Code   RO         1340    i.dma_transfer_number_get  gd32f30x_dma.o
    0x0800abbc   0x0800abbc   0x000000b8   Code   RO         1671    i.exti_init         gd32f30x_exti.o
    0x0800ac74   0x0800ac74   0x0000000c   Code   RO         1674    i.exti_interrupt_flag_clear  gd32f30x_exti.o
    0x0800ac80   0x0800ac80   0x00000024   Code   RO         1675    i.exti_interrupt_flag_get  gd32f30x_exti.o
    0x0800aca4   0x0800aca4   0x00000018   Code   RO         6344    i.fputc             print.o
    0x0800acbc   0x0800acbc   0x00000098   Code   RO         2036    i.gpio_exti_source_select  gd32f30x_gpio.o
    0x0800ad54   0x0800ad54   0x000000bc   Code   RO         2037    i.gpio_init         gd32f30x_gpio.o
    0x0800ae10   0x0800ae10   0x00000018   Code   RO         2154    i.i2c_ack_config    gd32f30x_i2c.o
    0x0800ae28   0x0800ae28   0x00000140   Code   RO         2156    i.i2c_clock_config  gd32f30x_i2c.o
    0x0800af68   0x0800af68   0x00000008   Code   RO         2157    i.i2c_data_receive  gd32f30x_i2c.o
    0x0800af70   0x0800af70   0x00000006   Code   RO         2158    i.i2c_data_transmit  gd32f30x_i2c.o
    0x0800af76   0x0800af76   0x0000000a   Code   RO         2165    i.i2c_enable        gd32f30x_i2c.o
    0x0800af80   0x0800af80   0x00000028   Code   RO         2166    i.i2c_flag_clear    gd32f30x_i2c.o
    0x0800afa8   0x0800afa8   0x0000001e   Code   RO         2167    i.i2c_flag_get      gd32f30x_i2c.o
    0x0800afc6   0x0800afc6   0x00000014   Code   RO         2172    i.i2c_master_addressing  gd32f30x_i2c.o
    0x0800afda   0x0800afda   0x0000001c   Code   RO         2173    i.i2c_mode_addr_config  gd32f30x_i2c.o
    0x0800aff6   0x0800aff6   0x0000000a   Code   RO         2182    i.i2c_start_on_bus  gd32f30x_i2c.o
    0x0800b000   0x0800b000   0x0000000a   Code   RO         2183    i.i2c_stop_on_bus   gd32f30x_i2c.o
    0x0800b00a   0x0800b00a   0x00000002   PAD
    0x0800b00c   0x0800b00c   0x00000028   Code   RO            6    i.ledTestTask       main.o
    0x0800b034   0x0800b034   0x00000138   Code   RO            7    i.main              main.o
    0x0800b16c   0x0800b16c   0x0000002a   Code   RO         5448    i.nvic_config       usart.o
    0x0800b196   0x0800b196   0x00000002   PAD
    0x0800b198   0x0800b198   0x00000018   Code   RO         2354    i.nvic_irq_disable  gd32f30x_misc.o
    0x0800b1b0   0x0800b1b0   0x000000c4   Code   RO         2355    i.nvic_irq_enable   gd32f30x_misc.o
    0x0800b274   0x0800b274   0x00000014   Code   RO         2356    i.nvic_priority_group_set  gd32f30x_misc.o
    0x0800b288   0x0800b288   0x00000014   Code   RO         2357    i.nvic_vector_table_set  gd32f30x_misc.o
    0x0800b29c   0x0800b29c   0x00000010   Code   RO         6345    i.print_logs        print.o
    0x0800b2ac   0x0800b2ac   0x00000098   Code   RO         4772    i.prvAddCurrentTaskToDelayedList  tasks.o
    0x0800b344   0x0800b344   0x000000b8   Code   RO         4773    i.prvAddNewTaskToReadyList  tasks.o
    0x0800b3fc   0x0800b3fc   0x00000064   Code   RO         5136    i.prvCheckForValidListAndQueue  timers.o
    0x0800b460   0x0800b460   0x00000048   Code   RO         4774    i.prvCheckTasksWaitingTermination  tasks.o
    0x0800b4a8   0x0800b4a8   0x0000002a   Code   RO         4395    i.prvCopyDataFromQueue  queue.o
    0x0800b4d2   0x0800b4d2   0x0000007e   Code   RO         4396    i.prvCopyDataToQueue  queue.o
    0x0800b550   0x0800b550   0x00000012   Code   RO         4775    i.prvDeleteTCB      tasks.o
    0x0800b562   0x0800b562   0x00000014   Code   RO         4397    i.prvGetDisinheritPriorityAfterTimeout  queue.o
    0x0800b576   0x0800b576   0x00000002   PAD
    0x0800b578   0x0800b578   0x00000028   Code   RO         5137    i.prvGetNextExpireTime  timers.o
    0x0800b5a0   0x0800b5a0   0x0000007c   Code   RO         5293    i.prvHeapInit       heap_4.o
    0x0800b61c   0x0800b61c   0x00000028   Code   RO         4776    i.prvIdleTask       tasks.o
    0x0800b644   0x0800b644   0x0000002a   Code   RO         4399    i.prvInitialiseNewQueue  queue.o
    0x0800b66e   0x0800b66e   0x000000be   Code   RO         4777    i.prvInitialiseNewTask  tasks.o
    0x0800b72c   0x0800b72c   0x00000068   Code   RO         4778    i.prvInitialiseTaskLists  tasks.o
    0x0800b794   0x0800b794   0x00000068   Code   RO         5294    i.prvInsertBlockIntoFreeList  heap_4.o
    0x0800b7fc   0x0800b7fc   0x00000058   Code   RO         5139    i.prvInsertTimerInActiveList  timers.o
    0x0800b854   0x0800b854   0x0000001a   Code   RO         4400    i.prvIsQueueEmpty   queue.o
    0x0800b86e   0x0800b86e   0x0000001e   Code   RO         4401    i.prvIsQueueFull    queue.o
    0x0800b88c   0x0800b88c   0x00000074   Code   RO         5140    i.prvProcessExpiredTimer  timers.o
    0x0800b900   0x0800b900   0x00000138   Code   RO         5141    i.prvProcessReceivedCommands  timers.o
    0x0800ba38   0x0800ba38   0x00000074   Code   RO         5142    i.prvProcessTimerOrBlockTask  timers.o
    0x0800baac   0x0800baac   0x00000030   Code   RO         4780    i.prvResetNextTaskUnblockTime  tasks.o
    0x0800badc   0x0800badc   0x0000002c   Code   RO         5143    i.prvSampleTimeNow  timers.o
    0x0800bb08   0x0800bb08   0x000000a4   Code   RO         5144    i.prvSwitchTimerLists  timers.o
    0x0800bbac   0x0800bbac   0x00000040   Code   RO         5352    i.prvTaskExitError  port.o
    0x0800bbec   0x0800bbec   0x0000001a   Code   RO         5145    i.prvTimerTask      timers.o
    0x0800bc06   0x0800bc06   0x0000007e   Code   RO         4402    i.prvUnlockQueue    queue.o
    0x0800bc84   0x0800bc84   0x0000016c   Code   RO         5295    i.pvPortMalloc      heap_4.o
    0x0800bdf0   0x0800bdf0   0x00000020   Code   RO         4783    i.pvTaskIncrementMutexHeldCount  tasks.o
    0x0800be10   0x0800be10   0x0000002c   Code   RO         5353    i.pxPortInitialiseStack  port.o
    0x0800be3c   0x0800be3c   0x00000158   Code   RO         2554    i.rcu_clock_freq_get  gd32f30x_rcu.o
    0x0800bf94   0x0800bf94   0x00000020   Code   RO         2572    i.rcu_periph_clock_enable  gd32f30x_rcu.o
    0x0800bfb4   0x0800bfb4   0x00000020   Code   RO         2575    i.rcu_periph_reset_disable  gd32f30x_rcu.o
    0x0800bfd4   0x0800bfd4   0x00000020   Code   RO         2576    i.rcu_periph_reset_enable  gd32f30x_rcu.o
    0x0800bff4   0x0800bff4   0x00000114   Code   RO          308    i.system_clock_120m_hxtal  system_gd32f30x.o
    0x0800c108   0x0800c108   0x00000008   Code   RO          309    i.system_clock_config  system_gd32f30x.o
    0x0800c110   0x0800c110   0x00000050   Code   RO         5449    i.usart0_dma_recv   usart.o
    0x0800c160   0x0800c160   0x00000040   Code   RO         5450    i.usart0_dma_send   usart.o
    0x0800c1a0   0x0800c1a0   0x00000090   Code   RO         3870    i.usart_baudrate_set  gd32f30x_usart.o
    0x0800c230   0x0800c230   0x000000a4   Code   RO         5451    i.usart_config      usart.o
    0x0800c2d4   0x0800c2d4   0x00000090   Code   RO         3875    i.usart_deinit      gd32f30x_usart.o
    0x0800c364   0x0800c364   0x000000f8   Code   RO         5452    i.usart_dma_config  usart.o
    0x0800c45c   0x0800c45c   0x00000010   Code   RO         3877    i.usart_dma_receive_config  gd32f30x_usart.o
    0x0800c46c   0x0800c46c   0x00000010   Code   RO         3878    i.usart_dma_transmit_config  gd32f30x_usart.o
    0x0800c47c   0x0800c47c   0x0000000a   Code   RO         3879    i.usart_enable      gd32f30x_usart.o
    0x0800c486   0x0800c486   0x00000010   Code   RO         3885    i.usart_hardware_flow_cts_config  gd32f30x_usart.o
    0x0800c496   0x0800c496   0x00000010   Code   RO         3886    i.usart_hardware_flow_rts_config  gd32f30x_usart.o
    0x0800c4a6   0x0800c4a6   0x0000001a   Code   RO         3888    i.usart_interrupt_enable  gd32f30x_usart.o
    0x0800c4c0   0x0800c4c0   0x0000001a   Code   RO         3889    i.usart_interrupt_flag_clear  gd32f30x_usart.o
    0x0800c4da   0x0800c4da   0x00000038   Code   RO         3890    i.usart_interrupt_flag_get  gd32f30x_usart.o
    0x0800c512   0x0800c512   0x00000010   Code   RO         3901    i.usart_parity_config  gd32f30x_usart.o
    0x0800c522   0x0800c522   0x00000010   Code   RO         3903    i.usart_receive_config  gd32f30x_usart.o
    0x0800c532   0x0800c532   0x00000010   Code   RO         3913    i.usart_stop_bit_set  gd32f30x_usart.o
    0x0800c542   0x0800c542   0x00000010   Code   RO         3917    i.usart_transmit_config  gd32f30x_usart.o
    0x0800c552   0x0800c552   0x00000010   Code   RO         3918    i.usart_word_length_set  gd32f30x_usart.o
    0x0800c562   0x0800c562   0x00000028   Code   RO         4355    i.uxListRemove      list.o
    0x0800c58a   0x0800c58a   0x0000001a   Code   RO         4356    i.vListInitialise   list.o
    0x0800c5a4   0x0800c5a4   0x00000006   Code   RO         4357    i.vListInitialiseItem  list.o
    0x0800c5aa   0x0800c5aa   0x00000034   Code   RO         4358    i.vListInsert       list.o
    0x0800c5de   0x0800c5de   0x00000018   Code   RO         4359    i.vListInsertEnd    list.o
    0x0800c5f6   0x0800c5f6   0x00000002   PAD
    0x0800c5f8   0x0800c5f8   0x00000054   Code   RO         5355    i.vPortEnterCritical  port.o
    0x0800c64c   0x0800c64c   0x0000003c   Code   RO         5356    i.vPortExitCritical  port.o
    0x0800c688   0x0800c688   0x000000a4   Code   RO         5296    i.vPortFree         heap_4.o
    0x0800c72c   0x0800c72c   0x00000028   Code   RO         5357    i.vPortSetupTimerInterrupt  port.o
    0x0800c754   0x0800c754   0x00000078   Code   RO         5358    i.vPortValidateInterruptPriority  port.o
    0x0800c7cc   0x0800c7cc   0x0000002c   Code   RO         4408    i.vQueueAddToRegistry  queue.o
    0x0800c7f8   0x0800c7f8   0x0000004a   Code   RO         4412    i.vQueueWaitForMessageRestricted  queue.o
    0x0800c842   0x0800c842   0x00000002   PAD
    0x0800c844   0x0800c844   0x0000005c   Code   RO         4792    i.vTaskDelay        tasks.o
    0x0800c8a0   0x0800c8a0   0x00000018   Code   RO         4797    i.vTaskInternalSetTimeOutState  tasks.o
    0x0800c8b8   0x0800c8b8   0x0000000c   Code   RO         4798    i.vTaskMissedYield  tasks.o
    0x0800c8c4   0x0800c8c4   0x00000038   Code   RO         4799    i.vTaskPlaceOnEventList  tasks.o
    0x0800c8fc   0x0800c8fc   0x00000040   Code   RO         4800    i.vTaskPlaceOnEventListRestricted  tasks.o
    0x0800c93c   0x0800c93c   0x000000e4   Code   RO         4802    i.vTaskPriorityDisinheritAfterTimeout  tasks.o
    0x0800ca20   0x0800ca20   0x0000009c   Code   RO         4808    i.vTaskStartScheduler  tasks.o
    0x0800cabc   0x0800cabc   0x00000010   Code   RO         4810    i.vTaskSuspendAll   tasks.o
    0x0800cacc   0x0800cacc   0x0000008c   Code   RO         4811    i.vTaskSwitchContext  tasks.o
    0x0800cb58   0x0800cb58   0x00000168   Code   RO         5359    i.xPortStartScheduler  port.o
    0x0800ccc0   0x0800ccc0   0x000000a2   Code   RO         4415    i.xQueueGenericCreate  queue.o
    0x0800cd62   0x0800cd62   0x00000002   PAD
    0x0800cd64   0x0800cd64   0x00000098   Code   RO         4416    i.xQueueGenericReset  queue.o
    0x0800cdfc   0x0800cdfc   0x000001a8   Code   RO         4417    i.xQueueGenericSend  queue.o
    0x0800cfa4   0x0800cfa4   0x00000120   Code   RO         4418    i.xQueueGenericSendFromISR  queue.o
    0x0800d0c4   0x0800d0c4   0x00000104   Code   RO         4419    i.xQueueGiveFromISR  queue.o
    0x0800d1c8   0x0800d1c8   0x00000168   Code   RO         4425    i.xQueueReceive     queue.o
    0x0800d330   0x0800d330   0x000001b8   Code   RO         4427    i.xQueueSemaphoreTake  queue.o
    0x0800d4e8   0x0800d4e8   0x00000090   Code   RO         4813    i.xTaskCheckForTimeOut  tasks.o
    0x0800d578   0x0800d578   0x00000060   Code   RO         4814    i.xTaskCreate       tasks.o
    0x0800d5d8   0x0800d5d8   0x00000020   Code   RO         4821    i.xTaskGetSchedulerState  tasks.o
    0x0800d5f8   0x0800d5f8   0x0000000c   Code   RO         4822    i.xTaskGetTickCount  tasks.o
    0x0800d604   0x0800d604   0x00000148   Code   RO         4824    i.xTaskIncrementTick  tasks.o
    0x0800d74c   0x0800d74c   0x000000bc   Code   RO         4825    i.xTaskPriorityDisinherit  tasks.o
    0x0800d808   0x0800d808   0x000000b8   Code   RO         4826    i.xTaskPriorityInherit  tasks.o
    0x0800d8c0   0x0800d8c0   0x00000098   Code   RO         4827    i.xTaskRemoveFromEventList  tasks.o
    0x0800d958   0x0800d958   0x00000104   Code   RO         4828    i.xTaskResumeAll    tasks.o
    0x0800da5c   0x0800da5c   0x00000058   Code   RO         5153    i.xTimerCreateTimerTask  timers.o
    0x0800dab4   0x0800dab4   0x00000084   Code   RO         5154    i.xTimerGenericCommand  timers.o
    0x0800db38   0x0800db38   0x0000001c   Data   RO         5726    .constdata          vl6180x_api.o
    0x0800db54   0x0800db54   0x00000163   Data   RO         5727    .conststring        vl6180x_api.o
    0x0800dcb7   0x0800dcb7   0x00000001   PAD
    0x0800dcb8   0x0800dcb8   0x00000020   Data   RO         6688    Region$$Table       anon$$obj.o


    Execution Region RW_IRAM1 (Exec base: 0x20000000, Load base: 0x0800dcd8, Size: 0x000037d0, Max: 0x0000c000, ABSOLUTE, COMPRESSED[0x00000060])

    Exec Addr    Load Addr    Size         Type   Attr      Idx    E Section Name        Object

    0x20000000   COMPRESSED   0x0000002c   Data   RW            9    .data               main.o
    0x2000002c   COMPRESSED   0x00000004   Data   RW          310    .data               system_gd32f30x.o
    0x20000030   COMPRESSED   0x00000040   Data   RW         4831    .data               tasks.o
    0x20000070   COMPRESSED   0x00000014   Data   RW         5160    .data               timers.o
    0x20000084   COMPRESSED   0x00000020   Data   RW         5302    .data               heap_4.o
    0x200000a4   COMPRESSED   0x00000012   Data   RW         5361    .data               port.o
    0x200000b6   COMPRESSED   0x00000002   PAD
    0x200000b8   COMPRESSED   0x00000004   Data   RW         5454    .data               usart.o
    0x200000bc   COMPRESSED   0x00000004   Data   RW         5607    .data               iic.o
    0x200000c0   COMPRESSED   0x0000011c   Data   RW         5728    .data               vl6180x_api.o
    0x200001dc   COMPRESSED   0x00000001   Data   RW         6216    .data               vl6180x_range_interrupt.o
    0x200001dd   COMPRESSED   0x00000003   PAD
    0x200001e0   COMPRESSED   0x00000004   Data   RW         6662    .data               mc_w.l(stdout.o)
    0x200001e4        -       0x00000418   Zero   RW            8    .bss                main.o
    0x200005fc        -       0x00000040   Zero   RW         4429    .bss                queue.o
    0x2000063c        -       0x00000104   Zero   RW         4830    .bss                tasks.o
    0x20000740        -       0x00000028   Zero   RW         5159    .bss                timers.o
    0x20000768        -       0x00002800   Zero   RW         5301    .bss                heap_4.o
    0x20002f68        -       0x00000064   Zero   RW         5360    .bss                port.o
    0x20002fcc        -       0x00000400   Zero   RW         5453    .bss                usart.o
    0x200033cc   COMPRESSED   0x00000004   PAD
    0x200033d0        -       0x00000400   Zero   RW         4237    STACK               startup_gd32f30x_cl.o


==============================================================================

Image component sizes


      Code (inc. data)   RO Data    RW Data    ZI Data      Debug   Object Name

         0          0          0          0          0      12180   event_groups.o
       136         14          0          0          0       1024   exti.o
       650          0          0          0          0      11532   fifo.o
         0          0          0          0          0       1428   gd32f30x_can.o
       970          6          0          0          0      10193   gd32f30x_dma.o
       232         16          0          0          0       1982   gd32f30x_exti.o
       340          6          0          0          0       1618   gd32f30x_gpio.o
       506         14          0          0          0       7152   gd32f30x_i2c.o
        20          0          0          0          0       2557   gd32f30x_it.o
       260         34          0          0          0       2575   gd32f30x_misc.o
       440         46          0          0          0       2964   gd32f30x_rcu.o
       550         16          0          0          0       9699   gd32f30x_usart.o
       756         74          0         32      10240       4551   heap_4.o
       696         18          0          4          0       3204   iic.o
       148          0          0          0          0       3330   list.o
       592        176          0         44       1048      77981   main.o
      1338        170          0         18        100      13014   port.o
        40          8          0          0          0       2725   print.o
      2616         26          0          0         64      19504   queue.o
        36          8        336          0       1024        844   startup_gd32f30x_cl.o
       396         30          0          4          0       2583   system_gd32f30x.o
      3024        382          0         64        260      29285   tasks.o
      1226        116          0         20         40      23255   timers.o
       830         88          0          4       1024       5666   usart.o
      5302        150        383        284          0      37098   vl6180x_api.o
       510         12          0          0          0       7700   vl6180x_i2c.o
       168          8          0          1          0       2595   vl6180x_range_interrupt.o

    ----------------------------------------------------------------------
     21810       1418        752        480      13804     298239   Object Totals
         0          0         32          0          0          0   (incl. Generated)
        28          0          1          5          4          0   (incl. Padding)

    ----------------------------------------------------------------------

      Code (inc. data)   RO Data    RW Data    ZI Data      Debug   Library Member Name

        86          0          0          0          0          0   __dczerorl2.o
         0          0          0          0          0          0   entry.o
         0          0          0          0          0          0   entry10a.o
         0          0          0          0          0          0   entry11a.o
         8          4          0          0          0          0   entry2.o
         4          0          0          0          0          0   entry5.o
         0          0          0          0          0          0   entry7b.o
         0          0          0          0          0          0   entry8b.o
         8          4          0          0          0          0   entry9a.o
        30          0          0          0          0          0   handlers.o
        36          8          0          0          0         68   init.o
        36          0          0          0          0         68   memcpya.o
        36          0          0          0          0        108   memseta.o
       916         20          0          0          0        504   printf6.o
         0          0          0          4          0          0   stdout.o
        44          0          0          0          0         80   uidiv.o

    ----------------------------------------------------------------------
      1206         36          0          4          0        828   Library Totals
         2          0          0          0          0          0   (incl. Padding)

    ----------------------------------------------------------------------

      Code (inc. data)   RO Data    RW Data    ZI Data      Debug   Library Name

      1204         36          0          4          0        828   mc_w.l

    ----------------------------------------------------------------------
      1206         36          0          4          0        828   Library Totals

    ----------------------------------------------------------------------

==============================================================================


      Code (inc. data)   RO Data    RW Data    ZI Data      Debug   

     23016       1454        752        484      13804     277587   Grand Totals
     23016       1454        752         96      13804     277587   ELF Image Totals (compressed)
     23016       1454        752         96          0          0   ROM Totals

==============================================================================

    Total RO  Size (Code + RO Data)                23768 (  23.21kB)
    Total RW  Size (RW Data + ZI Data)             14288 (  13.95kB)
    Total ROM Size (Code + RO Data + RW Data)      23864 (  23.30kB)

==============================================================================

