Component: ARM Compiler 5.06 update 6 (build 750) Tool: armlink [4d35ed]

==============================================================================

Section Cross References

    main.o(i.CommunicationTask) refers to fms.o(i.DataFrame_Handle) for DataFrame_Handle
    main.o(i.CommunicationTask) refers to fms.o(i.DataFrame_Transmit) for DataFrame_Transmit
    main.o(i.CommunicationTask) refers to tasks.o(i.vTaskDelay) for vTaskDelay
    main.o(i.EmergencyTask) refers to tasks.o(i.vTaskDelay) for vTaskDelay
    main.o(i.InitTask) refers to fifo.o(i.FIFO_Callback_Init) for FIFO_Callback_Init
    main.o(i.InitTask) refers to fifo.o(i.FIFO_Init) for FIFO_Init
    main.o(i.InitTask) refers to usart.o(i.usart0_init) for usart0_init
    main.o(i.InitTask) refers to usart.o(i.dma_usart1_init) for dma_usart1_init
    main.o(i.InitTask) refers to iic.o(i.bsp_iic_init) for bsp_iic_init
    main.o(i.InitTask) refers to switch.o(i.switch_init) for switch_init
    main.o(i.InitTask) refers to pid.o(i.IncPIDInit) for IncPIDInit
    main.o(i.InitTask) refers to encoder.o(i.encoder_init) for encoder_init
    main.o(i.InitTask) refers to motor.o(i.motor_init) for motor_init
    main.o(i.InitTask) refers to irremote.o(i.ir_rx_init) for ir_rx_init
    main.o(i.InitTask) refers to gd32f30x_rcu.o(i.rcu_periph_clock_enable) for rcu_periph_clock_enable
    main.o(i.InitTask) refers to gd32f30x_gpio.o(i.gpio_init) for gpio_init
    main.o(i.InitTask) refers to port.o(i.vPortEnterCritical) for vPortEnterCritical
    main.o(i.InitTask) refers to tasks.o(i.xTaskCreate) for xTaskCreate
    main.o(i.InitTask) refers to port.o(i.vPortExitCritical) for vPortExitCritical
    main.o(i.InitTask) refers to printfa.o(i.__0printf) for __2printf
    main.o(i.InitTask) refers to tasks.o(i.vTaskDelay) for vTaskDelay
    main.o(i.InitTask) refers to usart.o(i.usart1_dma_recv) for usart1_dma_recv
    main.o(i.InitTask) refers to main.o(.data) for Queue_Usart1_RX
    main.o(i.InitTask) refers to main.o(.bss) for Usart1_RX_Buffer
    main.o(i.InitTask) refers to usart.o(i.usart1_dma_send) for usart1_dma_send
    main.o(i.InitTask) refers to main.o(i.VelocityMeasurementTask) for VelocityMeasurementTask
    main.o(i.InitTask) refers to main.o(i.VL6180xTask) for VL6180xTask
    main.o(i.InitTask) refers to main.o(i.EmergencyTask) for EmergencyTask
    main.o(i.InitTask) refers to main.o(i.CommunicationTask) for CommunicationTask
    main.o(i.InitTask) refers to main.o(i.SensorUploadionTask) for SensorUploadionTask
    main.o(i.SensorUploadionTask) refers to tasks.o(i.vTaskDelay) for vTaskDelay
    main.o(i.VL6180xTask) refers to vl6180x_range_interrupt.o(i.Sample_Interrupt) for Sample_Interrupt
    main.o(i.VL6180xTask) refers to exti.o(i.bsp_gpio_exti_init) for bsp_gpio_exti_init
    main.o(i.VL6180xTask) refers to queue.o(i.xQueueSemaphoreTake) for xQueueSemaphoreTake
    main.o(i.VL6180xTask) refers to vl6180x_api.o(i.VL6180x_RangeGetMeasurement) for VL6180x_RangeGetMeasurement
    main.o(i.VL6180xTask) refers to printfa.o(i.__0sprintf) for __2sprintf
    main.o(i.VL6180xTask) refers to port.o(i.PowerOn_Time) for PowerOn_Time
    main.o(i.VL6180xTask) refers to printfa.o(i.__0printf) for __2printf
    main.o(i.VL6180xTask) refers to vl6180x_api.o(i.VL6180x_ClearInterrupt) for VL6180x_ClearInterrupt
    main.o(i.VL6180xTask) refers to gd32f30x_exti.o(i.exti_interrupt_enable) for exti_interrupt_enable
    main.o(i.VL6180xTask) refers to main.o(.data) for VL6180xSemaphore
    main.o(i.VL6180xTask) refers to vl6180x_range_interrupt.o(.data) for theVL6180xDev
    main.o(i.VelocityMeasurementTask) refers to encoder.o(i.left_velocity_measurement) for left_velocity_measurement
    main.o(i.VelocityMeasurementTask) refers to encoder.o(i.right_velocity_measurement) for right_velocity_measurement
    main.o(i.VelocityMeasurementTask) refers to motor.o(i.PID_Controller) for PID_Controller
    main.o(i.VelocityMeasurementTask) refers to encoder.o(i.get_right_velocity) for get_right_velocity
    main.o(i.VelocityMeasurementTask) refers to f2d.o(.text) for __aeabi_f2d
    main.o(i.VelocityMeasurementTask) refers to encoder.o(i.get_left_velocity) for get_left_velocity
    main.o(i.VelocityMeasurementTask) refers to printfa.o(i.__0printf) for __2printf
    main.o(i.VelocityMeasurementTask) refers to tasks.o(i.vTaskDelay) for vTaskDelay
    main.o(i.main) refers to gd32f30x_misc.o(i.nvic_priority_group_set) for nvic_priority_group_set
    main.o(i.main) refers to queue.o(i.xQueueGenericCreate) for xQueueGenericCreate
    main.o(i.main) refers to tasks.o(i.xTaskCreate) for xTaskCreate
    main.o(i.main) refers to tasks.o(i.vTaskStartScheduler) for vTaskStartScheduler
    main.o(i.main) refers to main.o(.data) for VL6180xSemaphore
    main.o(i.main) refers to main.o(i.InitTask) for InitTask
    main.o(.data) refers to main.o(.bss) for communicate_rx_queue
    system_gd32f30x.o(i.SystemCoreClockUpdate) refers to system_gd32f30x.o(.data) for SystemCoreClock
[...]
    _printf_flags                            0x00000000   Number         0  stubs.o ABSOLUTE
    _printf_fp_dec                           0x00000000   Number         0  stubs.o ABSOLUTE
    _printf_fp_hex                           0x00000000   Number         0  stubs.o ABSOLUTE
    _printf_g                                0x00000000   Number         0  stubs.o ABSOLUTE
    _printf_i                                0x00000000   Number         0  stubs.o ABSOLUTE
    _printf_int_dec                          0x00000000   Number         0  stubs.o ABSOLUTE
    _printf_l                                0x00000000   Number         0  stubs.o ABSOLUTE
    _printf_lc                               0x00000000   Number         0  stubs.o ABSOLUTE
    _printf_ll                               0x00000000   Number         0  stubs.o ABSOLUTE
    _printf_lld                              0x00000000   Number         0  stubs.o ABSOLUTE
    _printf_lli                              0x00000000   Number         0  stubs.o ABSOLUTE
    _printf_llo                              0x00000000   Number         0  stubs.o ABSOLUTE
    _printf_llu                              0x00000000   Number         0  stubs.o ABSOLUTE
    _printf_llx                              0x00000000   Number         0  stubs.o ABSOLUTE
    _printf_longlong_dec                     0x00000000   Number         0  stubs.o ABSOLUTE
    _printf_longlong_hex                     0x00000000   Number         0  stubs.o ABSOLUTE
    _printf_longlong_oct                     0x00000000   Number         0  stubs.o ABSOLUTE
    _printf_ls                               0x00000000   Number         0  stubs.o ABSOLUTE
    _printf_mbtowc                           0x00000000   Number         0  stubs.o ABSOLUTE
    _printf_n                                0x00000000   Number         0  stubs.o ABSOLUTE
    _printf_o                                0x00000000   Number         0  stubs.o ABSOLUTE
    _printf_p                                0x00000000   Number         0  stubs.o ABSOLUTE
    _printf_percent                          0x00000000   Number         0  stubs.o ABSOLUTE
    _printf_pre_padding                      0x00000000   Number         0  stubs.o ABSOLUTE
    _printf_return_value                     0x00000000   Number         0  stubs.o ABSOLUTE
    _printf_s                                0x00000000   Number         0  stubs.o ABSOLUTE
    _printf_sizespec                         0x00000000   Number         0  stubs.o ABSOLUTE
    _printf_str                              0x00000000   Number         0  stubs.o ABSOLUTE
    _printf_truncate_signed                  0x00000000   Number         0  stubs.o ABSOLUTE
    _printf_truncate_unsigned                0x00000000   Number         0  stubs.o ABSOLUTE
    _printf_u                                0x00000000   Number         0  stubs.o ABSOLUTE
    _printf_wc                               0x00000000   Number         0  stubs.o ABSOLUTE
    _printf_wctomb                           0x00000000   Number         0  stubs.o ABSOLUTE
    _printf_widthprec                        0x00000000   Number         0  stubs.o ABSOLUTE
    _printf_x                                0x00000000   Number         0  stubs.o ABSOLUTE
    __cpp_initialize__aeabi_                  - Undefined Weak Reference
    __cxa_finalize                            - Undefined Weak Reference
    _clock_init                               - Undefined Weak Reference
    _microlib_exit                            - Undefined Weak Reference
    __Vectors_Size                           0x00000150   Number         0  startup_gd32f30x_cl.o ABSOLUTE
    __Vectors                                0x08004000   Data           4  startup_gd32f30x_cl.o(RESET)
    __Vectors_End                            0x08004150   Data           0  startup_gd32f30x_cl.o(RESET)
    __main                                   0x08004151   Thumb Code     0  entry.o(.ARM.Collect$$$$00000000)
    _main_stk                                0x08004151   Thumb Code     0  entry2.o(.ARM.Collect$$$$00000001)
    _main_scatterload                        0x08004155   Thumb Code     0  entry5.o(.ARM.Collect$$$$00000004)
    __main_after_scatterload                 0x08004159   Thumb Code     0  entry5.o(.ARM.Collect$$$$00000004)
    _main_clock                              0x08004159   Thumb Code     0  entry7b.o(.ARM.Collect$$$$00000008)
    _main_cpp_init                           0x08004159   Thumb Code     0  entry8b.o(.ARM.Collect$$$$0000000A)
    _main_init                               0x08004159   Thumb Code     0  entry9a.o(.ARM.Collect$$$$0000000B)
    __rt_final_cpp                           0x08004161   Thumb Code     0  entry10a.o(.ARM.Collect$$$$0000000D)
    __rt_final_exit                          0x08004161   Thumb Code     0  entry11a.o(.ARM.Collect$$$$0000000F)
    SVC_Handler                              0x08004165   Thumb Code    28  port.o(.emb_text)
    __asm___6_port_c_39a90d8d__prvStartFirstTask 0x08004185   Thumb Code    36  port.o(.emb_text)
    __asm___6_port_c_39a90d8d__prvEnableVFP  0x080041ad   Thumb Code    16  port.o(.emb_text)
    PendSV_Handler                           0x080041c1   Thumb Code    88  port.o(.emb_text)
    vPortGetIPSR                             0x0800421d   Thumb Code     6  port.o(.emb_text)
    Reset_Handler                            0x08004225   Thumb Code     8  startup_gd32f30x_cl.o(.text)
    ADC0_1_IRQHandler                        0x0800423f   Thumb Code     0  startup_gd32f30x_cl.o(.text)
    CAN0_EWMC_IRQHandler                     0x0800423f   Thumb Code     0  startup_gd32f30x_cl.o(.text)
    CAN0_RX0_IRQHandler                      0x0800423f   Thumb Code     0  startup_gd32f30x_cl.o(.text)
    CAN0_RX1_IRQHandler                      0x0800423f   Thumb Code     0  startup_gd32f30x_cl.o(.text)
    CAN0_TX_IRQHandler                       0x0800423f   Thumb Code     0  startup_gd32f30x_cl.o(.text)
    CAN1_EWMC_IRQHandler                     0x0800423f   Thumb Code     0  startup_gd32f30x_cl.o(.text)
    CAN1_RX0_IRQHandler                      0x0800423f   Thumb Code     0  startup_gd32f30x_cl.o(.text)
    CAN1_RX1_IRQHandler                      0x0800423f   Thumb Code     0  startup_gd32f30x_cl.o(.text)
    CAN1_TX_IRQHandler                       0x0800423f   Thumb Code     0  startup_gd32f30x_cl.o(.text)
    DMA0_Channel0_IRQHandler                 0x0800423f   Thumb Code     0  startup_gd32f30x_cl.o(.text)
    DMA0_Channel1_IRQHandler                 0x0800423f   Thumb Code     0  startup_gd32f30x_cl.o(.text)
    DMA0_Channel2_IRQHandler                 0x0800423f   Thumb Code     0  startup_gd32f30x_cl.o(.text)
    DMA0_Channel3_IRQHandler                 0x0800423f   Thumb Code     0  startup_gd32f30x_cl.o(.text)
    DMA0_Channel4_IRQHandler                 0x0800423f   Thumb Code     0  startup_gd32f30x_cl.o(.text)
    DMA1_Channel0_IRQHandler                 0x0800423f   Thumb Code     0  startup_gd32f30x_cl.o(.text)
    DMA1_Channel1_IRQHandler                 0x0800423f   Thumb Code     0  startup_gd32f30x_cl.o(.text)
    DMA1_Channel2_IRQHandler                 0x0800423f   Thumb Code     0  startup_gd32f30x_cl.o(.text)
    DMA1_Channel3_IRQHandler                 0x0800423f   Thumb Code     0  startup_gd32f30x_cl.o(.text)
    DMA1_Channel4_IRQHandler                 0x0800423f   Thumb Code     0  startup_gd32f30x_cl.o(.text)
    ENET_IRQHandler                          0x0800423f   Thumb Code     0  startup_gd32f30x_cl.o(.text)
    ENET_WKUP_IRQHandler                     0x0800423f   Thumb Code     0  startup_gd32f30x_cl.o(.text)
    EXMC_IRQHandler                          0x0800423f   Thumb Code     0  startup_gd32f30x_cl.o(.text)
    EXTI0_IRQHandler                         0x0800423f   Thumb Code     0  startup_gd32f30x_cl.o(.text)
    EXTI10_15_IRQHandler                     0x0800423f   Thumb Code     0  startup_gd32f30x_cl.o(.text)
    EXTI2_IRQHandler                         0x0800423f   Thumb Code     0  startup_gd32f30x_cl.o(.text)
    EXTI3_IRQHandler                         0x0800423f   Thumb Code     0  startup_gd32f30x_cl.o(.text)
    EXTI4_IRQHandler                         0x0800423f   Thumb Code     0  startup_gd32f30x_cl.o(.text)
    FMC_IRQHandler                           0x0800423f   Thumb Code     0  startup_gd32f30x_cl.o(.text)
    I2C0_ER_IRQHandler                       0x0800423f   Thumb Code     0  startup_gd32f30x_cl.o(.text)
    I2C0_EV_IRQHandler                       0x0800423f   Thumb Code     0  startup_gd32f30x_cl.o(.text)
    I2C1_ER_IRQHandler                       0x0800423f   Thumb Code     0  startup_gd32f30x_cl.o(.text)
    I2C1_EV_IRQHandler                       0x0800423f   Thumb Code     0  startup_gd32f30x_cl.o(.text)
    LVD_IRQHandler                           0x0800423f   Thumb Code     0  startup_gd32f30x_cl.o(.text)
    RCU_CTC_IRQHandler                       0x0800423f   Thumb Code     0  startup_gd32f30x_cl.o(.text)
    RTC_Alarm_IRQHandler                     0x0800423f   Thumb Code     0  startup_gd32f30x_cl.o(.text)
    RTC_IRQHandler                           0x0800423f   Thumb Code     0  startup_gd32f30x_cl.o(.text)
    SPI0_IRQHandler                          0x0800423f   Thumb Code     0  startup_gd32f30x_cl.o(.text)
    SPI1_IRQHandler                          0x0800423f   Thumb Code     0  startup_gd32f30x_cl.o(.text)
    SPI2_IRQHandler                          0x0800423f   Thumb Code     0  startup_gd32f30x_cl.o(.text)
    TAMPER_IRQHandler                        0x0800423f   Thumb Code     0  startup_gd32f30x_cl.o(.text)
    TIMER0_BRK_TIMER8_IRQHandler             0x0800423f   Thumb Code     0  startup_gd32f30x_cl.o(.text)
    TIMER0_Channel_IRQHandler                0x0800423f   Thumb Code     0  startup_gd32f30x_cl.o(.text)
    TIMER0_TRG_CMT_TIMER10_IRQHandler        0x0800423f   Thumb Code     0  startup_gd32f30x_cl.o(.text)
    TIMER2_IRQHandler                        0x0800423f   Thumb Code     0  startup_gd32f30x_cl.o(.text)
    TIMER4_IRQHandler                        0x0800423f   Thumb Code     0  startup_gd32f30x_cl.o(.text)
    TIMER5_IRQHandler                        0x0800423f   Thumb Code     0  startup_gd32f30x_cl.o(.text)
    TIMER6_IRQHandler                        0x0800423f   Thumb Code     0  startup_gd32f30x_cl.o(.text)
    TIMER7_BRK_TIMER11_IRQHandler            0x0800423f   Thumb Code     0  startup_gd32f30x_cl.o(.text)
    TIMER7_Channel_IRQHandler                0x0800423f   Thumb Code     0  startup_gd32f30x_cl.o(.text)
    TIMER7_TRG_CMT_TIMER13_IRQHandler        0x0800423f   Thumb Code     0  startup_gd32f30x_cl.o(.text)
    TIMER7_UP_TIMER12_IRQHandler             0x0800423f   Thumb Code     0  startup_gd32f30x_cl.o(.text)
    UART3_IRQHandler                         0x0800423f   Thumb Code     0  startup_gd32f30x_cl.o(.text)
    UART4_IRQHandler                         0x0800423f   Thumb Code     0  startup_gd32f30x_cl.o(.text)
    USART0_IRQHandler                        0x0800423f   Thumb Code     0  startup_gd32f30x_cl.o(.text)
    USART2_IRQHandler                        0x0800423f   Thumb Code     0  startup_gd32f30x_cl.o(.text)
    USBFS_IRQHandler                         0x0800423f   Thumb Code     0  startup_gd32f30x_cl.o(.text)
    USBFS_WKUP_IRQHandler                    0x0800423f   Thumb Code     0  startup_gd32f30x_cl.o(.text)
    WWDGT_IRQHandler                         0x0800423f   Thumb Code     0  startup_gd32f30x_cl.o(.text)
    Mem_Copy                                 0x08004249   Thumb Code     0  lib_mem_a.o(.text)
    ___aeabi_memcpy4$ret                     0x08004469   Thumb Code     0  memcpy.o(.text)
    ___aeabi_memcpy8$ret                     0x08004469   Thumb Code     0  memcpy.o(.text)
    __aeabi_memcpy                           0x08004469   Thumb Code    40  memcpy.o(.text)
    memcpy                                   0x08004469   Thumb Code     0  memcpy.o(.text)
    __aeabi_memset                           0x08004491   Thumb Code    14  memseta.o(.text)
    __aeabi_memset4                          0x08004491   Thumb Code     0  memseta.o(.text)
    __aeabi_memset8                          0x08004491   Thumb Code     0  memseta.o(.text)
    __aeabi_memclr                           0x0800449f   Thumb Code     4  memseta.o(.text)
    __aeabi_memclr4                          0x0800449f   Thumb Code     0  memseta.o(.text)
    __aeabi_memclr8                          0x0800449f   Thumb Code     0  memseta.o(.text)
    memset                                   0x080044a3   Thumb Code    18  memseta.o(.text)
    __aeabi_dadd                             0x080044b5   Thumb Code   322  dadd.o(.text)
    __aeabi_dsub                             0x080045f7   Thumb Code     6  dadd.o(.text)
    __aeabi_drsub                            0x080045fd   Thumb Code     6  dadd.o(.text)
    __aeabi_dmul                             0x08004603   Thumb Code   228  dmul.o(.text)
    __aeabi_f2d                              0x080046e7   Thumb Code    38  f2d.o(.text)
    __aeabi_cdrcmple                         0x0800470d   Thumb Code    48  cdrcmple.o(.text)
    __aeabi_uidiv                            0x0800473d   Thumb Code     0  uidiv.o(.text)
    __aeabi_uidivmod                         0x0800473d   Thumb Code    44  uidiv.o(.text)
    __aeabi_uldivmod                         0x08004769   Thumb Code    98  uldiv.o(.text)
    __aeabi_llsl                             0x080047cb   Thumb Code    30  llshl.o(.text)
    _ll_shift_l                              0x080047cb   Thumb Code     0  llshl.o(.text)
    __aeabi_llsr                             0x080047e9   Thumb Code    32  llushr.o(.text)
    _ll_ushift_r                             0x080047e9   Thumb Code     0  llushr.o(.text)
    __aeabi_lasr                             0x08004809   Thumb Code    36  llsshr.o(.text)
    _ll_sshift_r                             0x08004809   Thumb Code     0  llsshr.o(.text)
    __I$use$fp                               0x0800482d   Thumb Code     0  iusefp.o(.text)
    _double_round                            0x0800482d   Thumb Code    30  depilogue.o(.text)
    _double_epilogue                         0x0800484b   Thumb Code   156  depilogue.o(.text)
    __aeabi_ddiv                             0x080048e7   Thumb Code   222  ddiv.o(.text)
    __aeabi_d2ulz                            0x080049c5   Thumb Code    48  dfixul.o(.text)
    __scatterload                            0x080049f5   Thumb Code    28  init.o(.text)
    __scatterload_rt2                        0x080049f5   Thumb Code     0  init.o(.text)
    __decompress                             0x08004a19   Thumb Code     0  __dczerorl2.o(.text)
    __decompress1                            0x08004a19   Thumb Code    86  __dczerorl2.o(.text)
    BusFault_Handler                         0x08004a6f   Thumb Code     4  gd32f30x_it.o(i.BusFault_Handler)
    CRC16_CCITT_FALSE                        0x08004a73   Thumb Code    66  crc.o(i.CRC16_CCITT_FALSE)
    CRC16_Check                              0x08004ab5   Thumb Code    48  crc.o(i.CRC16_Check)
    Control_Handler                          0x08004af9   Thumb Code   142  handler.o(i.Control_Handler)
    Create_Date_Frame                        0x08004b9d   Thumb Code   196  handler.o(i.Create_Date_Frame)
    DMA0_Channel5_IRQHandler                 0x08004c65   Thumb Code    26  usart.o(i.DMA0_Channel5_IRQHandler)
    DMA0_Channel6_IRQHandler                 0x08004c85   Thumb Code    26  usart.o(i.DMA0_Channel6_IRQHandler)
    DataFrame_Handle                         0x08004ca5   Thumb Code    32  fms.o(i.DataFrame_Handle)
    DataFrame_Transmit                       0x08004cc9   Thumb Code    12  fms.o(i.DataFrame_Transmit)
    DebugMon_Handler                         0x08004cd9   Thumb Code     2  gd32f30x_it.o(i.DebugMon_Handler)
    Download2Flash                           0x08004d3d   Thumb Code   162  ota.o(i.Download2Flash)
    EXTI1_IRQHandler                         0x08004e2d   Thumb Code    56  exti.o(i.EXTI1_IRQHandler)
    EXTI5_9_IRQHandler                       0x08004e6d   Thumb Code    26  switch.o(i.EXTI5_9_IRQHandler)
    FIFO_Add                                 0x08004e93   Thumb Code   104  fifo.o(i.FIFO_Add)
    FIFO_Available                           0x08004efb   Thumb Code    70  fifo.o(i.FIFO_Available)
    FIFO_Callback_Init                       0x08004f41   Thumb Code     6  fifo.o(i.FIFO_Callback_Init)
    FIFO_Count                               0x08004f47   Thumb Code    50  fifo.o(i.FIFO_Count)
    FIFO_Empty                               0x08004f79   Thumb Code    62  fifo.o(i.FIFO_Empty)
    FIFO_Get                                 0x08004fb7   Thumb Code    74  fifo.o(i.FIFO_Get)
    FIFO_Init                                0x08005001   Thumb Code    54  fifo.o(i.FIFO_Init)
    FIFO_Recv                                0x08005037   Thumb Code    94  fifo.o(i.FIFO_Recv)
    FIFO_Tansmit                             0x08005095   Thumb Code   140  fifo.o(i.FIFO_Tansmit)
    FlashBinaryCheck                         0x08005121   Thumb Code    46  ota.o(i.FlashBinaryCheck)
    HardFault_Handler                        0x08005191   Thumb Code     4  gd32f30x_it.o(i.HardFault_Handler)
    IncPIDCalc                               0x08005195   Thumb Code   284  pid.o(i.IncPIDCalc)
    IncPIDInit                               0x080052c5   Thumb Code    88  pid.o(i.IncPIDInit)
    Inquire_Handler                          0x08005531   Thumb Code     2  handler.o(i.Inquire_Handler)
    KeyCallback                              0x08005533   Thumb Code    10  switch.o(i.KeyCallback)
    Key_CallBack_FMS                         0x0800553d   Thumb Code   148  switch.o(i.Key_CallBack_FMS)
    Key_Interrupt_FMS                        0x08005609   Thumb Code   198  switch.o(i.Key_Interrupt_FMS)
    MemManage_Handler                        0x080057c5   Thumb Code     4  gd32f30x_it.o(i.MemManage_Handler)
    NMI_Handler                              0x080057c9   Thumb Code     2  gd32f30x_it.o(i.NMI_Handler)
    OTA_Handler                              0x080057cd   Thumb Code   338  handler.o(i.OTA_Handler)
    Online_Handler                           0x0800596d   Thumb Code    84  handler.o(i.Online_Handler)
    PID_Controller                           0x080059dd   Thumb Code    64  motor.o(i.PID_Controller)
    PowerOn_Time                             0x08005a29   Thumb Code   148  port.o(i.PowerOn_Time)
    PowerOn_Time_statistics                  0x08005b05   Thumb Code    94  port.o(i.PowerOn_Time_statistics)
    Receive_FMS                              0x08005b69   Thumb Code   454  fms.o(i.Receive_FMS)
    Sample_Interrupt                         0x08005dd1   Thumb Code   146  vl6180x_range_interrupt.o(i.Sample_Interrupt)
    SysTick_Handler                          0x08005e79   Thumb Code    50  port.o(i.SysTick_Handler)
    SystemInit                               0x08005eb1   Thumb Code   100  system_gd32f30x.o(i.SystemInit)
    TIMER0_UP_TIMER9_IRQHandler              0x08005f21   Thumb Code    52  encoder.o(i.TIMER0_UP_TIMER9_IRQHandler)
    TIMER1_IRQHandler                        0x08005f81   Thumb Code   512  irremote.o(i.TIMER1_IRQHandler)
    TIMER3_IRQHandler                        0x080061a9   Thumb Code    52  encoder.o(i.TIMER3_IRQHandler)
    Timing_Handler                           0x0800620d   Thumb Code     2  handler.o(i.Timing_Handler)
    USART1_IRQHandler                        0x08006211   Thumb Code    90  usart.o(i.USART1_IRQHandler)
    Upload_Handler                           0x08006285   Thumb Code    70  handler.o(i.Upload_Handler)
    UsageFault_Handler                       0x080062ed   Thumb Code     4  gd32f30x_it.o(i.UsageFault_Handler)
    VL6180_Read_Multiple_Register            0x080062f1   Thumb Code   348  iic.o(i.VL6180_Read_Multiple_Register)
    VL6180_Write_Multiple_Register           0x08006451   Thumb Code   260  iic.o(i.VL6180_Write_Multiple_Register)
    VL6180x_ClearInterrupt                   0x08006621   Thumb Code    32  vl6180x_api.o(i.VL6180x_ClearInterrupt)
    VL6180x_FilterSetState                   0x08006641   Thumb Code    12  vl6180x_api.o(i.VL6180x_FilterSetState)
    VL6180x_GetCachedByte                    0x08006651   Thumb Code    60  vl6180x_api.o(i.VL6180x_GetCachedByte)
    VL6180x_GetCachedDWord                   0x08006691   Thumb Code    82  vl6180x_api.o(i.VL6180x_GetCachedDWord)
    VL6180x_GetCachedWord                    0x080066e9   Thumb Code    68  vl6180x_api.o(i.VL6180x_GetCachedWord)
    VL6180x_I2CRead                          0x08006731   Thumb Code    22  vl6180x_i2c.o(i.VL6180x_I2CRead)
    VL6180x_I2CWrite                         0x0800674d   Thumb Code    22  vl6180x_i2c.o(i.VL6180x_I2CWrite)
    VL6180x_InitData                         0x08006769   Thumb Code   188  vl6180x_api.o(i.VL6180x_InitData)
    VL6180x_Prepare                          0x0800682d   Thumb Code    74  vl6180x_api.o(i.VL6180x_Prepare)
    VL6180x_RangeConfigInterrupt             0x08006877   Thumb Code    34  vl6180x_api.o(i.VL6180x_RangeConfigInterrupt)
    VL6180x_RangeGetMeasurement              0x08006899   Thumb Code   156  vl6180x_api.o(i.VL6180x_RangeGetMeasurement)
    VL6180x_RangeGetResult                   0x08006939   Thumb Code    38  vl6180x_api.o(i.VL6180x_RangeGetResult)
    VL6180x_RangeSetEceState                 0x080069f9   Thumb Code    36  vl6180x_api.o(i.VL6180x_RangeSetEceState)
    VL6180x_RangeSetInterMeasPeriod          0x08006a1d   Thumb Code    76  vl6180x_api.o(i.VL6180x_RangeSetInterMeasPeriod)
    VL6180x_RangeSetMaxConvergenceTime       0x08006a69   Thumb Code    54  vl6180x_api.o(i.VL6180x_RangeSetMaxConvergenceTime)
    VL6180x_RangeSetRawThresholds            0x08006a9f   Thumb Code    42  vl6180x_api.o(i.VL6180x_RangeSetRawThresholds)
    VL6180x_RangeSetSystemMode               0x08006ac9   Thumb Code    34  vl6180x_api.o(i.VL6180x_RangeSetSystemMode)
    VL6180x_RangeStartContinuousMode         0x08006aeb   Thumb Code    18  vl6180x_api.o(i.VL6180x_RangeStartContinuousMode)
    VL6180x_RdByte                           0x08006afd   Thumb Code    56  vl6180x_i2c.o(i.VL6180x_RdByte)
    VL6180x_RdDWord                          0x08006b35   Thumb Code    74  vl6180x_i2c.o(i.VL6180x_RdDWord)
    VL6180x_RdMulti                          0x08006b7f   Thumb Code    56  vl6180x_i2c.o(i.VL6180x_RdMulti)
    VL6180x_RdWord                           0x08006bb7   Thumb Code    62  vl6180x_i2c.o(i.VL6180x_RdWord)
    VL6180x_SetGroupParamHold                0x08006bf5   Thumb Code    34  vl6180x_api.o(i.VL6180x_SetGroupParamHold)
    VL6180x_SqrtUint32                       0x08006c17   Thumb Code    44  vl6180x_api.o(i.VL6180x_SqrtUint32)
    VL6180x_StaticInit                       0x08006c45   Thumb Code    54  vl6180x_api.o(i.VL6180x_StaticInit)
    VL6180x_UpdateByte                       0x08006c81   Thumb Code    76  vl6180x_i2c.o(i.VL6180x_UpdateByte)
    VL6180x_UpscaleRegInit                   0x08006ccd   Thumb Code   414  vl6180x_api.o(i.VL6180x_UpscaleRegInit)
    VL6180x_UpscaleSetScaling                0x08006e6d   Thumb Code   172  vl6180x_api.o(i.VL6180x_UpscaleSetScaling)
    VL6180x_WrByte                           0x08006f59   Thumb Code    38  vl6180x_i2c.o(i.VL6180x_WrByte)
    VL6180x_WrDWord                          0x08006f7f   Thumb Code    50  vl6180x_i2c.o(i.VL6180x_WrDWord)
    VL6180x_WrWord                           0x08006fb1   Thumb Code    42  vl6180x_i2c.o(i.VL6180x_WrWord)
    Write_APP_Size                           0x08007045   Thumb Code    14  ota.o(i.Write_APP_Size)
    _CachedRegs_Fetch                        0x08007059   Thumb Code    46  vl6180x_api.o(i._CachedRegs_Fetch)
    _CachedRegs_Flush                        0x0800708d   Thumb Code    10  vl6180x_api.o(i._CachedRegs_Flush)
    _DMax_OneTimeInit                        0x0800720d   Thumb Code    10  vl6180x_api.o(i._DMax_OneTimeInit)
    __0printf                                0x080073c5   Thumb Code    22  printfa.o(i.__0printf)
    __1printf                                0x080073c5   Thumb Code     0  printfa.o(i.__0printf)
    __2printf                                0x080073c5   Thumb Code     0  printfa.o(i.__0printf)
    __c89printf                              0x080073c5   Thumb Code     0  printfa.o(i.__0printf)
    printf                                   0x080073c5   Thumb Code     0  printfa.o(i.__0printf)
    __0sprintf                               0x080073e5   Thumb Code    34  printfa.o(i.__0sprintf)
    __1sprintf                               0x080073e5   Thumb Code     0  printfa.o(i.__0sprintf)
    __2sprintf                               0x080073e5   Thumb Code     0  printfa.o(i.__0sprintf)
    __c89sprintf                             0x080073e5   Thumb Code     0  printfa.o(i.__0sprintf)
    sprintf                                  0x080073e5   Thumb Code     0  printfa.o(i.__0sprintf)
    __scatterload_copy                       0x0800740d   Thumb Code    14  handlers.o(i.__scatterload_copy)
    __scatterload_null                       0x0800741b   Thumb Code     2  handlers.o(i.__scatterload_null)
    __scatterload_zeroinit                   0x0800741d   Thumb Code    14  handlers.o(i.__scatterload_zeroinit)
    bsp_gpio_exti_init                       0x0800847d   Thumb Code    72  exti.o(i.bsp_gpio_exti_init)
    bsp_iic_init                             0x080084c9   Thumb Code    70  iic.o(i.bsp_iic_init)
    bsp_pwm_out_init                         0x08008519   Thumb Code    12  pwm.o(i.bsp_pwm_out_init)
    dma_channel_disable                      0x08008525   Thumb Code    50  gd32f30x_dma.o(i.dma_channel_disable)
    dma_channel_enable                       0x08008557   Thumb Code    50  gd32f30x_dma.o(i.dma_channel_enable)
    dma_circulation_disable                  0x08008589   Thumb Code    50  gd32f30x_dma.o(i.dma_circulation_disable)
    dma_deinit                               0x080085bb   Thumb Code   112  gd32f30x_dma.o(i.dma_deinit)
    dma_init                                 0x0800862b   Thumb Code   302  gd32f30x_dma.o(i.dma_init)
    dma_interrupt_enable                     0x08008759   Thumb Code    50  gd32f30x_dma.o(i.dma_interrupt_enable)
    dma_interrupt_flag_clear                 0x0800878b   Thumb Code    16  gd32f30x_dma.o(i.dma_interrupt_flag_clear)
    dma_interrupt_flag_get                   0x0800879b   Thumb Code   130  gd32f30x_dma.o(i.dma_interrupt_flag_get)
    dma_memory_address_config                0x0800881d   Thumb Code    36  gd32f30x_dma.o(i.dma_memory_address_config)
    dma_memory_to_memory_disable             0x08008841   Thumb Code    50  gd32f30x_dma.o(i.dma_memory_to_memory_disable)
    dma_struct_para_init                     0x0800888d   Thumb Code    28  gd32f30x_dma.o(i.dma_struct_para_init)
    dma_transfer_number_config               0x080088a9   Thumb Code    38  gd32f30x_dma.o(i.dma_transfer_number_config)
    dma_transfer_number_get                  0x080088cf   Thumb Code    34  gd32f30x_dma.o(i.dma_transfer_number_get)
    dma_usart1_init                          0x080088f1   Thumb Code    16  usart.o(i.dma_usart1_init)
    encoder_init                             0x08008901   Thumb Code    20  encoder.o(i.encoder_init)
    exti_init                                0x08008915   Thumb Code   178  gd32f30x_exti.o(i.exti_init)
    exti_interrupt_disable                   0x080089cd   Thumb Code    12  gd32f30x_exti.o(i.exti_interrupt_disable)
    exti_interrupt_enable                    0x080089dd   Thumb Code    12  gd32f30x_exti.o(i.exti_interrupt_enable)
    exti_interrupt_flag_clear                0x080089ed   Thumb Code     6  gd32f30x_exti.o(i.exti_interrupt_flag_clear)
    exti_interrupt_flag_get                  0x080089f9   Thumb Code    32  gd32f30x_exti.o(i.exti_interrupt_flag_get)
    flash_write_buffer                       0x08008a1d   Thumb Code   344  flash_rw.o(i.flash_write_buffer)
    fmc_bank0_ready_wait                     0x08008b75   Thumb Code    34  gd32f30x_fmc.o(i.fmc_bank0_ready_wait)
    fmc_bank0_state_get                      0x08008b99   Thumb Code    44  gd32f30x_fmc.o(i.fmc_bank0_state_get)
    fmc_bank1_ready_wait                     0x08008bc9   Thumb Code    34  gd32f30x_fmc.o(i.fmc_bank1_ready_wait)
    fmc_bank1_state_get                      0x08008bed   Thumb Code    44  gd32f30x_fmc.o(i.fmc_bank1_state_get)
    fmc_flag_clear                           0x08008c1d   Thumb Code    28  gd32f30x_fmc.o(i.fmc_flag_clear)
    fmc_halfword_program                     0x08008c3d   Thumb Code   178  gd32f30x_fmc.o(i.fmc_halfword_program)
    fmc_lock                                 0x08008cfd   Thumb Code    34  gd32f30x_fmc.o(i.fmc_lock)
    fmc_page_erase                           0x08008d29   Thumb Code   222  gd32f30x_fmc.o(i.fmc_page_erase)
    fmc_unlock                               0x08008e15   Thumb Code    52  gd32f30x_fmc.o(i.fmc_unlock)
    fmc_word_program                         0x08008e59   Thumb Code   178  gd32f30x_fmc.o(i.fmc_word_program)
    fputc                                    0x08008f19   Thumb Code    32  print.o(i.fputc)
    get_left_velocity                        0x08008f3d   Thumb Code     8  encoder.o(i.get_left_velocity)
    get_right_velocity                       0x08008f49   Thumb Code     8  encoder.o(i.get_right_velocity)
    gpio_bit_reset                           0x08008f55   Thumb Code     4  gd32f30x_gpio.o(i.gpio_bit_reset)
    gpio_bit_set                             0x08008f59   Thumb Code     4  gd32f30x_gpio.o(i.gpio_bit_set)
    gpio_config                              0x08008f5d   Thumb Code    44  pwm.o(i.gpio_config)
    gpio_exti_source_select                  0x08008f8d   Thumb Code   146  gd32f30x_gpio.o(i.gpio_exti_source_select)
    gpio_init                                0x08009025   Thumb Code   188  gd32f30x_gpio.o(i.gpio_init)
    gpio_input_bit_get                       0x080090e1   Thumb Code    16  gd32f30x_gpio.o(i.gpio_input_bit_get)
    gpio_pin_remap_config                    0x080090f1   Thumb Code   138  gd32f30x_gpio.o(i.gpio_pin_remap_config)
    i2c_ack_config                           0x08009181   Thumb Code    24  gd32f30x_i2c.o(i.i2c_ack_config)
    i2c_clock_config                         0x08009199   Thumb Code   306  gd32f30x_i2c.o(i.i2c_clock_config)
    i2c_data_receive                         0x080092d9   Thumb Code     8  gd32f30x_i2c.o(i.i2c_data_receive)
    i2c_data_transmit                        0x080092e1   Thumb Code     6  gd32f30x_i2c.o(i.i2c_data_transmit)
    i2c_enable                               0x080092e7   Thumb Code    10  gd32f30x_i2c.o(i.i2c_enable)
    i2c_flag_clear                           0x080092f1   Thumb Code    40  gd32f30x_i2c.o(i.i2c_flag_clear)
    i2c_flag_get                             0x08009319   Thumb Code    30  gd32f30x_i2c.o(i.i2c_flag_get)
    i2c_master_addressing                    0x08009337   Thumb Code    20  gd32f30x_i2c.o(i.i2c_master_addressing)
    i2c_mode_addr_config                     0x0800934b   Thumb Code    28  gd32f30x_i2c.o(i.i2c_mode_addr_config)
    i2c_start_on_bus                         0x08009367   Thumb Code    10  gd32f30x_i2c.o(i.i2c_start_on_bus)
    i2c_stop_on_bus                          0x08009371   Thumb Code    10  gd32f30x_i2c.o(i.i2c_stop_on_bus)
    ir_rx_init                               0x08009425   Thumb Code   184  irremote.o(i.ir_rx_init)
    left_velocity_measurement                0x080096f1   Thumb Code   258  encoder.o(i.left_velocity_measurement)
    main                                     0x08009819   Thumb Code    82  main.o(i.main)
    motor_init                               0x0800988d   Thumb Code    12  motor.o(i.motor_init)
    nvic_irq_enable                          0x08009899   Thumb Code   186  gd32f30x_misc.o(i.nvic_irq_enable)
    nvic_priority_group_set                  0x0800995d   Thumb Code    10  gd32f30x_misc.o(i.nvic_priority_group_set)
    pid_motor_control                        0x08009971   Thumb Code    76  motor.o(i.pid_motor_control)
    pvPortMalloc                             0x0800a3fd   Thumb Code   338  heap_4.o(i.pvPortMalloc)
    pvTaskIncrementMutexHeldCount            0x0800a569   Thumb Code    26  tasks.o(i.pvTaskIncrementMutexHeldCount)
    pxPortInitialiseStack                    0x0800a589   Thumb Code    38  port.o(i.pxPortInitialiseStack)
    rcu_clock_freq_get                       0x0800a5b5   Thumb Code   310  gd32f30x_rcu.o(i.rcu_clock_freq_get)
    rcu_periph_clock_enable                  0x0800a70d   Thumb Code    28  gd32f30x_rcu.o(i.rcu_periph_clock_enable)
    rcu_periph_reset_disable                 0x0800a72d   Thumb Code    28  gd32f30x_rcu.o(i.rcu_periph_reset_disable)
    rcu_periph_reset_enable                  0x0800a74d   Thumb Code    28  gd32f30x_rcu.o(i.rcu_periph_reset_enable)
    right_velocity_measurement               0x0800a869   Thumb Code   258  encoder.o(i.right_velocity_measurement)
    semaphore_post                           0x0800a9d1   Thumb Code    56  synchronous.o(i.semaphore_post)
    switch_exti_init                         0x0800aa49   Thumb Code    78  switch.o(i.switch_exti_init)
    switch_init                              0x0800aa9d   Thumb Code    28  switch.o(i.switch_init)
    timer_auto_reload_shadow_enable          0x0800abe9   Thumb Code    10  gd32f30x_timer.o(i.timer_auto_reload_shadow_enable)
    timer_channel_input_capture_prescaler_config 0x0800abf3   Thumb Code    90  gd32f30x_timer.o(i.timer_channel_input_capture_prescaler_config)
    timer_channel_input_struct_para_init     0x0800ac4d   Thumb Code    16  gd32f30x_timer.o(i.timer_channel_input_struct_para_init)
    timer_channel_output_config              0x0800ac5d   Thumb Code   484  gd32f30x_timer.o(i.timer_channel_output_config)
    timer_channel_output_mode_config         0x0800ae49   Thumb Code    90  gd32f30x_timer.o(i.timer_channel_output_mode_config)
    timer_channel_output_pulse_value_config  0x0800aea3   Thumb Code    38  gd32f30x_timer.o(i.timer_channel_output_pulse_value_config)
    timer_channel_output_shadow_config       0x0800aec9   Thumb Code    90  gd32f30x_timer.o(i.timer_channel_output_shadow_config)
    timer_config                             0x0800af25   Thumb Code   180  pwm.o(i.timer_config)
    timer_counter_read                       0x0800afdd   Thumb Code     8  gd32f30x_timer.o(i.timer_counter_read)
    timer_counter_value_config               0x0800afe5   Thumb Code     4  gd32f30x_timer.o(i.timer_counter_value_config)
    timer_deinit                             0x0800afe9   Thumb Code   210  gd32f30x_timer.o(i.timer_deinit)
    timer_enable                             0x0800b0c5   Thumb Code    10  gd32f30x_timer.o(i.timer_enable)
    timer_init                               0x0800b0d1   Thumb Code   122  gd32f30x_timer.o(i.timer_init)
    timer_input_capture_config               0x0800b169   Thumb Code   326  gd32f30x_timer.o(i.timer_input_capture_config)
    timer_interrupt_enable                   0x0800b2af   Thumb Code     8  gd32f30x_timer.o(i.timer_interrupt_enable)
    timer_interrupt_flag_clear               0x0800b2b7   Thumb Code     6  gd32f30x_timer.o(i.timer_interrupt_flag_clear)
    timer_interrupt_flag_get                 0x0800b2bd   Thumb Code    24  gd32f30x_timer.o(i.timer_interrupt_flag_get)
    timer_quadrature_decoder_mode_config     0x0800b2d5   Thumb Code    64  gd32f30x_timer.o(i.timer_quadrature_decoder_mode_config)
    usart0_init                              0x0800b315   Thumb Code   134  usart.o(i.usart0_init)
    usart1_dma_recv                          0x0800b3a5   Thumb Code    70  usart.o(i.usart1_dma_recv)
    usart1_dma_send                          0x0800b3f5   Thumb Code    56  usart.o(i.usart1_dma_send)
    usart_baudrate_set                       0x0800b435   Thumb Code   136  gd32f30x_usart.o(i.usart_baudrate_set)
    usart_data_transmit                      0x0800b4c5   Thumb Code     8  gd32f30x_usart.o(i.usart_data_transmit)
    usart_deinit                             0x0800b4cd   Thumb Code   136  gd32f30x_usart.o(i.usart_deinit)
    usart_dma_receive_config                 0x0800b55d   Thumb Code    16  gd32f30x_usart.o(i.usart_dma_receive_config)
    usart_dma_transmit_config                0x0800b56d   Thumb Code    16  gd32f30x_usart.o(i.usart_dma_transmit_config)
    usart_enable                             0x0800b57d   Thumb Code    10  gd32f30x_usart.o(i.usart_enable)
    usart_flag_get                           0x0800b587   Thumb Code    30  gd32f30x_usart.o(i.usart_flag_get)
    usart_hardware_flow_cts_config           0x0800b5a5   Thumb Code    16  gd32f30x_usart.o(i.usart_hardware_flow_cts_config)
    usart_hardware_flow_rts_config           0x0800b5b5   Thumb Code    16  gd32f30x_usart.o(i.usart_hardware_flow_rts_config)
    usart_interrupt_enable                   0x0800b5c5   Thumb Code    26  gd32f30x_usart.o(i.usart_interrupt_enable)
    usart_interrupt_flag_clear               0x0800b5df   Thumb Code    26  gd32f30x_usart.o(i.usart_interrupt_flag_clear)
    usart_interrupt_flag_get                 0x0800b5f9   Thumb Code    56  gd32f30x_usart.o(i.usart_interrupt_flag_get)
    usart_parity_config                      0x0800b631   Thumb Code    16  gd32f30x_usart.o(i.usart_parity_config)
    usart_receive_config                     0x0800b641   Thumb Code    16  gd32f30x_usart.o(i.usart_receive_config)
    usart_stop_bit_set                       0x0800b651   Thumb Code    16  gd32f30x_usart.o(i.usart_stop_bit_set)
    usart_transmit_config                    0x0800b661   Thumb Code    16  gd32f30x_usart.o(i.usart_transmit_config)
    usart_word_length_set                    0x0800b671   Thumb Code    16  gd32f30x_usart.o(i.usart_word_length_set)
    uxListRemove                             0x0800b681   Thumb Code    40  list.o(i.uxListRemove)
    vListInitialise                          0x0800b6a9   Thumb Code    26  list.o(i.vListInitialise)
    vListInitialiseItem                      0x0800b6c3   Thumb Code     6  list.o(i.vListInitialiseItem)
    vListInsert                              0x0800b6c9   Thumb Code    52  list.o(i.vListInsert)
    vListInsertEnd                           0x0800b6fd   Thumb Code    24  list.o(i.vListInsertEnd)
    vPortEnterCritical                       0x0800b715   Thumb Code    76  port.o(i.vPortEnterCritical)
    vPortExitCritical                        0x0800b769   Thumb Code    56  port.o(i.vPortExitCritical)
    vPortFree                                0x0800b7a5   Thumb Code   150  heap_4.o(i.vPortFree)
    vPortSetupTimerInterrupt                 0x0800b849   Thumb Code    36  port.o(i.vPortSetupTimerInterrupt)
    vPortValidateInterruptPriority           0x0800b871   Thumb Code   106  port.o(i.vPortValidateInterruptPriority)
    vQueueAddToRegistry                      0x0800b8e9   Thumb Code    38  queue.o(i.vQueueAddToRegistry)
    vQueueWaitForMessageRestricted           0x0800b915   Thumb Code    74  queue.o(i.vQueueWaitForMessageRestricted)
    vTaskDelay                               0x0800b961   Thumb Code    82  tasks.o(i.vTaskDelay)
    vTaskInternalSetTimeOutState             0x0800b9bd   Thumb Code    14  tasks.o(i.vTaskInternalSetTimeOutState)
    vTaskMissedYield                         0x0800b9d5   Thumb Code     8  tasks.o(i.vTaskMissedYield)
    vTaskPlaceOnEventList                    0x0800b9e1   Thumb Code    52  tasks.o(i.vTaskPlaceOnEventList)
    vTaskPlaceOnEventListRestricted          0x0800ba19   Thumb Code    60  tasks.o(i.vTaskPlaceOnEventListRestricted)
    vTaskPriorityDisinheritAfterTimeout      0x0800ba59   Thumb Code   216  tasks.o(i.vTaskPriorityDisinheritAfterTimeout)
    vTaskStartScheduler                      0x0800bb3d   Thumb Code   122  tasks.o(i.vTaskStartScheduler)
    vTaskSuspendAll                          0x0800bbd9   Thumb Code    12  tasks.o(i.vTaskSuspendAll)
    vTaskSwitchContext                       0x0800bbe9   Thumb Code   118  tasks.o(i.vTaskSwitchContext)
    xPortStartScheduler                      0x0800bc75   Thumb Code   330  port.o(i.xPortStartScheduler)
    xQueueGenericCreate                      0x0800bddd   Thumb Code   162  queue.o(i.xQueueGenericCreate)
    xQueueGenericReset                       0x0800be81   Thumb Code   146  queue.o(i.xQueueGenericReset)
    xQueueGenericSend                        0x0800bf19   Thumb Code   420  queue.o(i.xQueueGenericSend)
    xQueueGenericSendFromISR                 0x0800c0c1   Thumb Code   288  queue.o(i.xQueueGenericSendFromISR)
    xQueueGiveFromISR                        0x0800c1e1   Thumb Code   260  queue.o(i.xQueueGiveFromISR)
    xQueueReceive                            0x0800c2e5   Thumb Code   356  queue.o(i.xQueueReceive)
    xQueueSemaphoreTake                      0x0800c44d   Thumb Code   434  queue.o(i.xQueueSemaphoreTake)
    xTaskCheckForTimeOut                     0x0800c605   Thumb Code   136  tasks.o(i.xTaskCheckForTimeOut)
    xTaskCreate                              0x0800c695   Thumb Code    96  tasks.o(i.xTaskCreate)
    xTaskGetSchedulerState                   0x0800c6f5   Thumb Code    24  tasks.o(i.xTaskGetSchedulerState)
    xTaskGetTickCount                        0x0800c715   Thumb Code     6  tasks.o(i.xTaskGetTickCount)
    xTaskGetTickCountFromISR                 0x0800c721   Thumb Code    16  tasks.o(i.xTaskGetTickCountFromISR)
    xTaskIncrementTick                       0x0800c735   Thumb Code   282  tasks.o(i.xTaskIncrementTick)
    xTaskPriorityDisinherit                  0x0800c87d   Thumb Code   174  tasks.o(i.xTaskPriorityDisinherit)
    xTaskPriorityInherit                     0x0800c939   Thumb Code   172  tasks.o(i.xTaskPriorityInherit)
    xTaskRemoveFromEventList                 0x0800c9f1   Thumb Code   128  tasks.o(i.xTaskRemoveFromEventList)
    xTaskResumeAll                           0x0800ca89   Thumb Code   224  tasks.o(i.xTaskResumeAll)
    xTimerCreate                             0x0800cb8d   Thumb Code    54  timers.o(i.xTimerCreate)
    xTimerCreateTimerTask                    0x0800cbc5   Thumb Code    66  timers.o(i.xTimerCreateTimerTask)
    xTimerGenericCommand                     0x0800cc1d   Thumb Code   126  timers.o(i.xTimerGenericCommand)
    Region$$Table$$Base                      0x0800ce10   Number         0  anon$$obj.o(Region$$Table)
    Region$$Table$$Limit                     0x0800ce30   Number         0  anon$$obj.o(Region$$Table)
    VL6180xSemaphore                         0x20000000   Data           4  main.o(.data)
    Usart1TxSemaphore                        0x20000004   Data           4  main.o(.data)
    Usar0TxSemaphore                         0x20000008   Data           4  main.o(.data)
    Queue_Usart1_RX                          0x2000000c   Data           4  main.o(.data)
    Queue_Usart1_TX                          0x20000010   Data           4  main.o(.data)
    InitTaskHanle                            0x20000014   Data           4  main.o(.data)
    EmergencyTaskHanle                       0x20000018   Data           4  main.o(.data)
    SpeedTaskHanle                           0x2000001c   Data           4  main.o(.data)
    VL6180xTaskHanle                         0x20000020   Data           4  main.o(.data)
    SensorUploadTaskHanle                    0x20000024   Data           4  main.o(.data)
    CommunicationTaskHanle                   0x20000028   Data           4  main.o(.data)
    SystemCoreClock                          0x20000040   Data           4  system_gd32f30x.o(.data)
    pxCurrentTCB                             0x20000044   Data           4  tasks.o(.data)
    uxTopUsedPriority                        0x2000007c   Data           4  tasks.o(.data)
    VL6180x_RangeStatusErrString             0x200000d0   Data          76  vl6180x_api.o(.data)
    SingleVL6180xDevData                     0x2000011c   Data         200  vl6180x_api.o(.data)
    theVL6180xDev                            0x200001e4   Data           1  vl6180x_range_interrupt.o(.data)
    Callback_Handler                         0x200001f4   Data          24  handler.o(.data)
    key_type                                 0x20000220   Data           1  switch.o(.data)
    Key_Timer_Handle                         0x20000224   Data           4  switch.o(.data)
    left_velocity                            0x20000248   Data           4  encoder.o(.data)
    right_velocity                           0x2000024c   Data           4  encoder.o(.data)
    readvalue1                               0x20000270   Data           2  irremote.o(.data)
    readvalue2                               0x20000272   Data           2  irremote.o(.data)
    ccnumber                                 0x20000274   Data           2  irremote.o(.data)
    count                                    0x20000278   Data           4  irremote.o(.data)
    fre                                      0x2000027c   Data           4  irremote.o(.data)
    IrCodeSize                               0x20000290   Data           1  irremote.o(.data)
    __stdout                                 0x20000294   Data           4  stdout.o(.data)
    communicate_rx_queue                     0x20000298   Data          24  main.o(.bss)
    usart1_tx_queue                          0x200006b0   Data          24  main.o(.bss)
    xQueueRegistry                           0x20000ac8   Data          64  queue.o(.bss)
    frame                                    0x200068c0   Data         268  fms.o(.bss)
    sPID                                     0x200069cc   Data          40  pid.o(.bss)
    ir_rx_data                               0x20006a04   Data          20  irremote.o(.bss)
    __initial_sp                             0x20006e18   Data           0  startup_gd32f30x_cl.o(STACK)



==============================================================================

Memory Map of the image

  Image Entry point : 0x08004151

  Load Region LR_IROM1 (Base: 0x08004000, Size: 0x000090c8, Max: 0x0001d000, ABSOLUTE, COMPRESSED[0x00008eac])

    Execution Region ER_IROM1 (Exec base: 0x08004000, Load base: 0x08004000, Size: 0x00008e30, Max: 0x0001d000, ABSOLUTE)

    Exec Addr    Load Addr    Size         Type   Attr      Idx    E Section Name        Object

    0x08004000   0x08004000   0x00000150   Data   RO         4278    RESET               startup_gd32f30x_cl.o
    0x08004150   0x08004150   0x00000000   Code   RO         7730  * .ARM.Collect$$$$00000000  mc_w.l(entry.o)
    0x08004150   0x08004150   0x00000004   Code   RO         8060    .ARM.Collect$$$$00000001  mc_w.l(entry2.o)
    0x08004154   0x08004154   0x00000004   Code   RO         8063    .ARM.Collect$$$$00000004  mc_w.l(entry5.o)
    0x08004158   0x08004158   0x00000000   Code   RO         8065    .ARM.Collect$$$$00000008  mc_w.l(entry7b.o)
    0x08004158   0x08004158   0x00000000   Code   RO         8067    .ARM.Collect$$$$0000000A  mc_w.l(entry8b.o)
    0x08004158   0x08004158   0x00000008   Code   RO         8068    .ARM.Collect$$$$0000000B  mc_w.l(entry9a.o)
    0x08004160   0x08004160   0x00000000   Code   RO         8070    .ARM.Collect$$$$0000000D  mc_w.l(entry10a.o)
    0x08004160   0x08004160   0x00000000   Code   RO         8072    .ARM.Collect$$$$0000000F  mc_w.l(entry11a.o)
    0x08004160   0x08004160   0x00000004   Code   RO         8061    .ARM.Collect$$$$00002712  mc_w.l(entry2.o)
    0x08004164   0x08004164   0x000000be   Code   RO         5387    .emb_text           port.o
    0x08004222   0x08004222   0x00000002   PAD
    0x08004224   0x08004224   0x00000024   Code   RO         4279    .text               startup_gd32f30x_cl.o
    0x08004248   0x08004248   0x00000220   Code   RO         6628    .text               lib_mem_a.o
    0x08004468   0x08004468   0x00000028   Code   RO         7735    .text               mc_w.l(memcpy.o)
    0x08004490   0x08004490   0x00000024   Code   RO         7741    .text               mc_w.l(memseta.o)
    0x080044b4   0x080044b4   0x0000014e   Code   RO         8046    .text               mf_w.l(dadd.o)
    0x08004602   0x08004602   0x000000e4   Code   RO         8048    .text               mf_w.l(dmul.o)
    0x080046e6   0x080046e6   0x00000026   Code   RO         8054    .text               mf_w.l(f2d.o)
    0x0800470c   0x0800470c   0x00000030   Code   RO         8058    .text               mf_w.l(cdrcmple.o)
    0x0800473c   0x0800473c   0x0000002c   Code   RO         8075    .text               mc_w.l(uidiv.o)
    0x08004768   0x08004768   0x00000062   Code   RO         8077    .text               mc_w.l(uldiv.o)
    0x080047ca   0x080047ca   0x0000001e   Code   RO         8079    .text               mc_w.l(llshl.o)
    0x080047e8   0x080047e8   0x00000020   Code   RO         8081    .text               mc_w.l(llushr.o)
    0x08004808   0x08004808   0x00000024   Code   RO         8083    .text               mc_w.l(llsshr.o)
    0x0800482c   0x0800482c   0x00000000   Code   RO         8103    .text               mc_w.l(iusefp.o)
    0x0800482c   0x0800482c   0x000000ba   Code   RO         8104    .text               mf_w.l(depilogue.o)
    0x080048e6   0x080048e6   0x000000de   Code   RO         8106    .text               mf_w.l(ddiv.o)
    0x080049c4   0x080049c4   0x00000030   Code   RO         8108    .text               mf_w.l(dfixul.o)
    0x080049f4   0x080049f4   0x00000024   Code   RO         8110    .text               mc_w.l(init.o)
    0x08004a18   0x08004a18   0x00000056   Code   RO         8135    .text               mc_w.l(__dczerorl2.o)
    0x08004a6e   0x08004a6e   0x00000004   Code   RO          289    i.BusFault_Handler  gd32f30x_it.o
    0x08004a72   0x08004a72   0x00000042   Code   RO         6631    i.CRC16_CCITT_FALSE  crc.o
    0x08004ab4   0x08004ab4   0x00000030   Code   RO         6632    i.CRC16_Check       crc.o
    0x08004ae4   0x08004ae4   0x00000012   Code   RO            3    i.CommunicationTask  main.o
    0x08004af6   0x08004af6   0x00000002   PAD
    0x08004af8   0x08004af8   0x000000a4   Code   RO         6368    i.Control_Handler   handler.o
    0x08004b9c   0x08004b9c   0x000000c8   Code   RO         6369    i.Create_Date_Frame  handler.o
    0x08004c64   0x08004c64   0x00000020   Code   RO         5483    i.DMA0_Channel5_IRQHandler  usart.o
    0x08004c84   0x08004c84   0x00000020   Code   RO         5484    i.DMA0_Channel6_IRQHandler  usart.o
    0x08004ca4   0x08004ca4   0x00000024   Code   RO         6325    i.DataFrame_Handle  fms.o
    0x08004cc8   0x08004cc8   0x00000010   Code   RO         6326    i.DataFrame_Transmit  fms.o
    0x08004cd8   0x08004cd8   0x00000002   Code   RO          290    i.DebugMon_Handler  gd32f30x_it.o
    0x08004cda   0x08004cda   0x00000002   PAD
    0x08004cdc   0x08004cdc   0x00000060   Code   RO         7492    i.Direction_Init    motor.o
    0x08004d3c   0x08004d3c   0x000000f0   Code   RO         6280    i.Download2Flash    ota.o
    0x08004e2c   0x08004e2c   0x00000040   Code   RO         5574    i.EXTI1_IRQHandler  exti.o
    0x08004e6c   0x08004e6c   0x0000001a   Code   RO         7414    i.EXTI5_9_IRQHandler  switch.o
    0x08004e86   0x08004e86   0x0000000c   Code   RO            4    i.EmergencyTask     main.o
    0x08004e92   0x08004e92   0x00000068   Code   RO         6490    i.FIFO_Add          fifo.o
    0x08004efa   0x08004efa   0x00000046   Code   RO         6491    i.FIFO_Available    fifo.o
    0x08004f40   0x08004f40   0x00000006   Code   RO         6492    i.FIFO_Callback_Init  fifo.o
    0x08004f46   0x08004f46   0x00000032   Code   RO         6493    i.FIFO_Count        fifo.o
    0x08004f78   0x08004f78   0x0000003e   Code   RO         6494    i.FIFO_Empty        fifo.o
    0x08004fb6   0x08004fb6   0x0000004a   Code   RO         6497    i.FIFO_Get          fifo.o
    0x08005000   0x08005000   0x00000036   Code   RO         6498    i.FIFO_Init         fifo.o
    0x08005036   0x08005036   0x0000005e   Code   RO         6502    i.FIFO_Recv         fifo.o
    0x08005094   0x08005094   0x0000008c   Code   RO         6503    i.FIFO_Tansmit      fifo.o
    0x08005120   0x08005120   0x00000070   Code   RO         6281    i.FlashBinaryCheck  ota.o
    0x08005190   0x08005190   0x00000004   Code   RO          291    i.HardFault_Handler  gd32f30x_it.o
    0x08005194   0x08005194   0x00000130   Code   RO         7379    i.IncPIDCalc        pid.o
    0x080052c4   0x080052c4   0x0000006c   Code   RO         7380    i.IncPIDInit        pid.o
    0x08005330   0x08005330   0x00000200   Code   RO            5    i.InitTask          main.o
    0x08005530   0x08005530   0x00000002   Code   RO         6370    i.Inquire_Handler   handler.o
    0x08005532   0x08005532   0x0000000a   Code   RO         7415    i.KeyCallback       switch.o
    0x0800553c   0x0800553c   0x000000cc   Code   RO         7416    i.Key_CallBack_FMS  switch.o
    0x08005608   0x08005608   0x00000128   Code   RO         7417    i.Key_Interrupt_FMS  switch.o
    0x08005730   0x08005730   0x00000094   Code   RO         7493    i.Left_PID_Controller  motor.o
    0x080057c4   0x080057c4   0x00000004   Code   RO          292    i.MemManage_Handler  gd32f30x_it.o
    0x080057c8   0x080057c8   0x00000002   Code   RO          293    i.NMI_Handler       gd32f30x_it.o
    0x080057ca   0x080057ca   0x00000002   PAD
    0x080057cc   0x080057cc   0x000001a0   Code   RO         6371    i.OTA_Handler       handler.o
    0x0800596c   0x0800596c   0x00000070   Code   RO         6372    i.Online_Handler    handler.o
    0x080059dc   0x080059dc   0x0000004c   Code   RO         7494    i.PID_Controller    motor.o
    0x08005a28   0x08005a28   0x000000dc   Code   RO         5388    i.PowerOn_Time      port.o
    0x08005b04   0x08005b04   0x00000064   Code   RO         5389    i.PowerOn_Time_statistics  port.o
    0x08005b68   0x08005b68   0x000001d4   Code   RO         6327    i.Receive_FMS       fms.o
    0x08005d3c   0x08005d3c   0x00000094   Code   RO         7495    i.Right_PID_Controller  motor.o
    0x08005dd0   0x08005dd0   0x0000009c   Code   RO         6254    i.Sample_Interrupt  vl6180x_range_interrupt.o
    0x08005e6c   0x08005e6c   0x0000000a   Code   RO            6    i.SensorUploadionTask  main.o
    0x08005e76   0x08005e76   0x00000002   PAD
    0x08005e78   0x08005e78   0x00000038   Code   RO         5390    i.SysTick_Handler   port.o
    0x08005eb0   0x08005eb0   0x00000070   Code   RO          346    i.SystemInit        system_gd32f30x.o
    0x08005f20   0x08005f20   0x00000060   Code   RO         7598    i.TIMER0_UP_TIMER9_IRQHandler  encoder.o
    0x08005f80   0x08005f80   0x00000228   Code   RO         7687    i.TIMER1_IRQHandler  irremote.o
    0x080061a8   0x080061a8   0x00000064   Code   RO         7599    i.TIMER3_IRQHandler  encoder.o
    0x0800620c   0x0800620c   0x00000002   Code   RO         6373    i.Timing_Handler    handler.o
    0x0800620e   0x0800620e   0x00000002   PAD
    0x08006210   0x08006210   0x00000074   Code   RO         5485    i.USART1_IRQHandler  usart.o
    0x08006284   0x08006284   0x00000068   Code   RO         6374    i.Upload_Handler    handler.o
    0x080062ec   0x080062ec   0x00000004   Code   RO          294    i.UsageFault_Handler  gd32f30x_it.o
    0x080062f0   0x080062f0   0x00000160   Code   RO         5642    i.VL6180_Read_Multiple_Register  iic.o
    0x08006450   0x08006450   0x00000108   Code   RO         5644    i.VL6180_Write_Multiple_Register  iic.o
    0x08006558   0x08006558   0x000000c8   Code   RO            7    i.VL6180xTask       main.o
    0x08006620   0x08006620   0x00000020   Code   RO         5754    i.VL6180x_ClearInterrupt  vl6180x_api.o
    0x08006640   0x08006640   0x00000010   Code   RO         5759    i.VL6180x_FilterSetState  vl6180x_api.o
    0x08006650   0x08006650   0x00000040   Code   RO         5760    i.VL6180x_GetCachedByte  vl6180x_api.o
    0x08006690   0x08006690   0x00000058   Code   RO         5761    i.VL6180x_GetCachedDWord  vl6180x_api.o
    0x080066e8   0x080066e8   0x00000048   Code   RO         5762    i.VL6180x_GetCachedWord  vl6180x_api.o
    0x08006730   0x08006730   0x0000001c   Code   RO         6152    i.VL6180x_I2CRead   vl6180x_i2c.o
    0x0800674c   0x0800674c   0x0000001c   Code   RO         6153    i.VL6180x_I2CWrite  vl6180x_i2c.o
    0x08006768   0x08006768   0x000000c4   Code   RO         5766    i.VL6180x_InitData  vl6180x_api.o
    0x0800682c   0x0800682c   0x0000004a   Code   RO         5767    i.VL6180x_Prepare   vl6180x_api.o
    0x08006876   0x08006876   0x00000022   Code   RO         5768    i.VL6180x_RangeConfigInterrupt  vl6180x_api.o
    0x08006898   0x08006898   0x000000a0   Code   RO         5771    i.VL6180x_RangeGetMeasurement  vl6180x_api.o
    0x08006938   0x08006938   0x0000002c   Code   RO         5773    i.VL6180x_RangeGetResult  vl6180x_api.o
    0x08006964   0x08006964   0x00000094   Code   RO         5779    i.VL6180x_RangeSetEarlyConvergenceEestimateThreshold  vl6180x_api.o
    0x080069f8   0x080069f8   0x00000024   Code   RO         5781    i.VL6180x_RangeSetEceState  vl6180x_api.o
    0x08006a1c   0x08006a1c   0x0000004c   Code   RO         5782    i.VL6180x_RangeSetInterMeasPeriod  vl6180x_api.o
    0x08006a68   0x08006a68   0x00000036   Code   RO         5783    i.VL6180x_RangeSetMaxConvergenceTime  vl6180x_api.o
    0x08006a9e   0x08006a9e   0x0000002a   Code   RO         5784    i.VL6180x_RangeSetRawThresholds  vl6180x_api.o
    0x08006ac8   0x08006ac8   0x00000022   Code   RO         5785    i.VL6180x_RangeSetSystemMode  vl6180x_api.o
    0x08006aea   0x08006aea   0x00000012   Code   RO         5787    i.VL6180x_RangeStartContinuousMode  vl6180x_api.o
    0x08006afc   0x08006afc   0x00000038   Code   RO         6154    i.VL6180x_RdByte    vl6180x_i2c.o
    0x08006b34   0x08006b34   0x0000004a   Code   RO         6155    i.VL6180x_RdDWord   vl6180x_i2c.o
    0x08006b7e   0x08006b7e   0x00000038   Code   RO         6156    i.VL6180x_RdMulti   vl6180x_i2c.o
    0x08006bb6   0x08006bb6   0x0000003e   Code   RO         6157    i.VL6180x_RdWord    vl6180x_i2c.o
    0x08006bf4   0x08006bf4   0x00000022   Code   RO         5793    i.VL6180x_SetGroupParamHold  vl6180x_api.o
    0x08006c16   0x08006c16   0x0000002c   Code   RO         5799    i.VL6180x_SqrtUint32  vl6180x_api.o
    0x08006c42   0x08006c42   0x00000002   PAD
    0x08006c44   0x08006c44   0x0000003c   Code   RO         5800    i.VL6180x_StaticInit  vl6180x_api.o
    0x08006c80   0x08006c80   0x0000004c   Code   RO         6158    i.VL6180x_UpdateByte  vl6180x_i2c.o
    0x08006ccc   0x08006ccc   0x0000019e   Code   RO         5802    i.VL6180x_UpscaleRegInit  vl6180x_api.o
    0x08006e6a   0x08006e6a   0x00000002   PAD
    0x08006e6c   0x08006e6c   0x000000b4   Code   RO         5803    i.VL6180x_UpscaleSetScaling  vl6180x_api.o
    0x08006f20   0x08006f20   0x00000038   Code   RO         5804    i.VL6180x_UpscaleStaticInit  vl6180x_api.o
    0x08006f58   0x08006f58   0x00000026   Code   RO         6159    i.VL6180x_WrByte    vl6180x_i2c.o
    0x08006f7e   0x08006f7e   0x00000032   Code   RO         6160    i.VL6180x_WrDWord   vl6180x_i2c.o
    0x08006fb0   0x08006fb0   0x0000002a   Code   RO         6161    i.VL6180x_WrWord    vl6180x_i2c.o
    0x08006fda   0x08006fda   0x00000002   PAD
    0x08006fdc   0x08006fdc   0x00000068   Code   RO            8    i.VelocityMeasurementTask  main.o
    0x08007044   0x08007044   0x00000014   Code   RO         6282    i.Write_APP_Size    ota.o
    0x08007058   0x08007058   0x00000034   Code   RO         5806    i._CachedRegs_Fetch  vl6180x_api.o
    0x0800708c   0x0800708c   0x00000010   Code   RO         5807    i._CachedRegs_Flush  vl6180x_api.o
    0x0800709c   0x0800709c   0x0000005c   Code   RO         5808    i._DMax_Compute     vl6180x_api.o
    0x080070f8   0x080070f8   0x00000114   Code   RO         5809    i._DMax_InitData    vl6180x_api.o
    0x0800720c   0x0800720c   0x00000010   Code   RO         5810    i._DMax_OneTimeInit  vl6180x_api.o
    0x0800721c   0x0800721c   0x00000068   Code   RO         5811    i._DMax_RawValueAtRateKCps  vl6180x_api.o
    0x08007284   0x08007284   0x00000070   Code   RO         5812    i._GetAveTotalTime  vl6180x_api.o
    0x080072f4   0x080072f4   0x000000b0   Code   RO         5813    i._GetRateResult    vl6180x_api.o
    0x080073a4   0x080073a4   0x00000020   Code   RO         5815    i._UpscaleInitPatch0  vl6180x_api.o
    0x080073c4   0x080073c4   0x00000020   Code   RO         7988    i.__0printf         mc_w.l(printfa.o)
    0x080073e4   0x080073e4   0x00000028   Code   RO         7990    i.__0sprintf        mc_w.l(printfa.o)
    0x0800740c   0x0800740c   0x0000000e   Code   RO         8129    i.__scatterload_copy  mc_w.l(handlers.o)
    0x0800741a   0x0800741a   0x00000002   Code   RO         8130    i.__scatterload_null  mc_w.l(handlers.o)
    0x0800741c   0x0800741c   0x0000000e   Code   RO         8131    i.__scatterload_zeroinit  mc_w.l(handlers.o)
    0x0800742a   0x0800742a   0x00000002   PAD
    0x0800742c   0x0800742c   0x0000006c   Code   RO         5816    i._filter_GetResult  vl6180x_api.o
    0x08007498   0x08007498   0x00000048   Code   RO         5817    i._filter_Init      vl6180x_api.o
    0x080074e0   0x080074e0   0x00000690   Code   RO         5818    i._filter_Start     vl6180x_api.o
    0x08007b70   0x08007b70   0x00000050   Code   RO         5819    i._filter_StdDevDamper  vl6180x_api.o
    0x08007bc0   0x08007bc0   0x00000184   Code   RO         7995    i._fp_digits        mc_w.l(printfa.o)
    0x08007d44   0x08007d44   0x000006dc   Code   RO         7996    i._printf_core      mc_w.l(printfa.o)
    0x08008420   0x08008420   0x00000024   Code   RO         7997    i._printf_post_padding  mc_w.l(printfa.o)
    0x08008444   0x08008444   0x0000002e   Code   RO         7998    i._printf_pre_padding  mc_w.l(printfa.o)
    0x08008472   0x08008472   0x0000000a   Code   RO         8000    i._sputc            mc_w.l(printfa.o)
    0x0800847c   0x0800847c   0x0000004c   Code   RO         5575    i.bsp_gpio_exti_init  exti.o
    0x080084c8   0x080084c8   0x00000050   Code   RO         5646    i.bsp_iic_init      iic.o
    0x08008518   0x08008518   0x0000000c   Code   RO         5607    i.bsp_pwm_out_init  pwm.o
    0x08008524   0x08008524   0x00000032   Code   RO         1352    i.dma_channel_disable  gd32f30x_dma.o
    0x08008556   0x08008556   0x00000032   Code   RO         1353    i.dma_channel_enable  gd32f30x_dma.o
    0x08008588   0x08008588   0x00000032   Code   RO         1354    i.dma_circulation_disable  gd32f30x_dma.o
    0x080085ba   0x080085ba   0x00000070   Code   RO         1356    i.dma_deinit        gd32f30x_dma.o
    0x0800862a   0x0800862a   0x0000012e   Code   RO         1359    i.dma_init          gd32f30x_dma.o
    0x08008758   0x08008758   0x00000032   Code   RO         1361    i.dma_interrupt_enable  gd32f30x_dma.o
    0x0800878a   0x0800878a   0x00000010   Code   RO         1362    i.dma_interrupt_flag_clear  gd32f30x_dma.o
    0x0800879a   0x0800879a   0x00000082   Code   RO         1363    i.dma_interrupt_flag_get  gd32f30x_dma.o
    0x0800881c   0x0800881c   0x00000024   Code   RO         1364    i.dma_memory_address_config  gd32f30x_dma.o
    0x08008840   0x08008840   0x00000032   Code   RO         1367    i.dma_memory_to_memory_disable  gd32f30x_dma.o
    0x08008872   0x08008872   0x00000002   PAD
    0x08008874   0x08008874   0x00000018   Code   RO         1371    i.dma_periph_and_channel_check  gd32f30x_dma.o
    0x0800888c   0x0800888c   0x0000001c   Code   RO         1376    i.dma_struct_para_init  gd32f30x_dma.o
    0x080088a8   0x080088a8   0x00000026   Code   RO         1378    i.dma_transfer_number_config  gd32f30x_dma.o
    0x080088ce   0x080088ce   0x00000022   Code   RO         1379    i.dma_transfer_number_get  gd32f30x_dma.o
    0x080088f0   0x080088f0   0x00000010   Code   RO         5486    i.dma_usart1_init   usart.o
    0x08008900   0x08008900   0x00000014   Code   RO         7600    i.encoder_init      encoder.o
    0x08008914   0x08008914   0x000000b8   Code   RO         1710    i.exti_init         gd32f30x_exti.o
    0x080089cc   0x080089cc   0x00000010   Code   RO         1711    i.exti_interrupt_disable  gd32f30x_exti.o
    0x080089dc   0x080089dc   0x00000010   Code   RO         1712    i.exti_interrupt_enable  gd32f30x_exti.o
    0x080089ec   0x080089ec   0x0000000c   Code   RO         1713    i.exti_interrupt_flag_clear  gd32f30x_exti.o
    0x080089f8   0x080089f8   0x00000024   Code   RO         1714    i.exti_interrupt_flag_get  gd32f30x_exti.o
    0x08008a1c   0x08008a1c   0x00000158   Code   RO         5695    i.flash_write_buffer  flash_rw.o
    0x08008b74   0x08008b74   0x00000022   Code   RO         1793    i.fmc_bank0_ready_wait  gd32f30x_fmc.o
    0x08008b96   0x08008b96   0x00000002   PAD
    0x08008b98   0x08008b98   0x00000030   Code   RO         1794    i.fmc_bank0_state_get  gd32f30x_fmc.o
    0x08008bc8   0x08008bc8   0x00000022   Code   RO         1798    i.fmc_bank1_ready_wait  gd32f30x_fmc.o
    0x08008bea   0x08008bea   0x00000002   PAD
    0x08008bec   0x08008bec   0x00000030   Code   RO         1799    i.fmc_bank1_state_get  gd32f30x_fmc.o
    0x08008c1c   0x08008c1c   0x00000020   Code   RO         1801    i.fmc_flag_clear    gd32f30x_fmc.o
    0x08008c3c   0x08008c3c   0x000000c0   Code   RO         1803    i.fmc_halfword_program  gd32f30x_fmc.o
    0x08008cfc   0x08008cfc   0x0000002c   Code   RO         1808    i.fmc_lock          gd32f30x_fmc.o
    0x08008d28   0x08008d28   0x000000ec   Code   RO         1810    i.fmc_page_erase    gd32f30x_fmc.o
    0x08008e14   0x08008e14   0x00000044   Code   RO         1811    i.fmc_unlock        gd32f30x_fmc.o
    0x08008e58   0x08008e58   0x000000c0   Code   RO         1812    i.fmc_word_program  gd32f30x_fmc.o
    0x08008f18   0x08008f18   0x00000024   Code   RO         6597    i.fputc             print.o
    0x08008f3c   0x08008f3c   0x0000000c   Code   RO         7601    i.get_left_velocity  encoder.o
    0x08008f48   0x08008f48   0x0000000c   Code   RO         7602    i.get_right_velocity  encoder.o
    0x08008f54   0x08008f54   0x00000004   Code   RO         2066    i.gpio_bit_reset    gd32f30x_gpio.o
    0x08008f58   0x08008f58   0x00000004   Code   RO         2067    i.gpio_bit_set      gd32f30x_gpio.o
    0x08008f5c   0x08008f5c   0x00000030   Code   RO         5608    i.gpio_config       pwm.o
    0x08008f8c   0x08008f8c   0x00000098   Code   RO         2075    i.gpio_exti_source_select  gd32f30x_gpio.o
    0x08009024   0x08009024   0x000000bc   Code   RO         2076    i.gpio_init         gd32f30x_gpio.o
    0x080090e0   0x080090e0   0x00000010   Code   RO         2077    i.gpio_input_bit_get  gd32f30x_gpio.o
    0x080090f0   0x080090f0   0x00000090   Code   RO         2082    i.gpio_pin_remap_config  gd32f30x_gpio.o
    0x08009180   0x08009180   0x00000018   Code   RO         2193    i.i2c_ack_config    gd32f30x_i2c.o
    0x08009198   0x08009198   0x00000140   Code   RO         2195    i.i2c_clock_config  gd32f30x_i2c.o
    0x080092d8   0x080092d8   0x00000008   Code   RO         2196    i.i2c_data_receive  gd32f30x_i2c.o
    0x080092e0   0x080092e0   0x00000006   Code   RO         2197    i.i2c_data_transmit  gd32f30x_i2c.o
    0x080092e6   0x080092e6   0x0000000a   Code   RO         2204    i.i2c_enable        gd32f30x_i2c.o
    0x080092f0   0x080092f0   0x00000028   Code   RO         2205    i.i2c_flag_clear    gd32f30x_i2c.o
    0x08009318   0x08009318   0x0000001e   Code   RO         2206    i.i2c_flag_get      gd32f30x_i2c.o
    0x08009336   0x08009336   0x00000014   Code   RO         2211    i.i2c_master_addressing  gd32f30x_i2c.o
    0x0800934a   0x0800934a   0x0000001c   Code   RO         2212    i.i2c_mode_addr_config  gd32f30x_i2c.o
    0x08009366   0x08009366   0x0000000a   Code   RO         2221    i.i2c_start_on_bus  gd32f30x_i2c.o
    0x08009370   0x08009370   0x0000000a   Code   RO         2222    i.i2c_stop_on_bus   gd32f30x_i2c.o
    0x0800937a   0x0800937a   0x00000002   PAD
    0x0800937c   0x0800937c   0x000000a8   Code   RO         5487    i.iap_usart_config  usart.o
    0x08009424   0x08009424   0x000000c0   Code   RO         7688    i.ir_rx_init        irremote.o
    0x080094e4   0x080094e4   0x0000010c   Code   RO         5488    i.isp_usart_dma_config  usart.o
    0x080095f0   0x080095f0   0x00000030   Code   RO         7603    i.leftEncoderGPIOConfiguration  encoder.o
    0x08009620   0x08009620   0x000000a0   Code   RO         7604    i.leftEncoderTimerConfiguration  encoder.o
    0x080096c0   0x080096c0   0x00000018   Code   RO         7497    i.left_backward     motor.o
    0x080096d8   0x080096d8   0x00000018   Code   RO         7498    i.left_forward      motor.o
    0x080096f0   0x080096f0   0x00000128   Code   RO         7605    i.left_velocity_measurement  encoder.o
    0x08009818   0x08009818   0x00000074   Code   RO            9    i.main              main.o
    0x0800988c   0x0800988c   0x0000000c   Code   RO         7501    i.motor_init        motor.o
    0x08009898   0x08009898   0x000000c4   Code   RO         2394    i.nvic_irq_enable   gd32f30x_misc.o
    0x0800995c   0x0800995c   0x00000014   Code   RO         2395    i.nvic_priority_group_set  gd32f30x_misc.o
    0x08009970   0x08009970   0x00000058   Code   RO         7502    i.pid_motor_control  motor.o
    0x080099c8   0x080099c8   0x00000098   Code   RO         4811    i.prvAddCurrentTaskToDelayedList  tasks.o
    0x08009a60   0x08009a60   0x000000b8   Code   RO         4812    i.prvAddNewTaskToReadyList  tasks.o
    0x08009b18   0x08009b18   0x00000064   Code   RO         5175    i.prvCheckForValidListAndQueue  timers.o
    0x08009b7c   0x08009b7c   0x00000048   Code   RO         4813    i.prvCheckTasksWaitingTermination  tasks.o
    0x08009bc4   0x08009bc4   0x0000002a   Code   RO         4434    i.prvCopyDataFromQueue  queue.o
    0x08009bee   0x08009bee   0x0000007e   Code   RO         4435    i.prvCopyDataToQueue  queue.o
    0x08009c6c   0x08009c6c   0x00000012   Code   RO         4814    i.prvDeleteTCB      tasks.o
    0x08009c7e   0x08009c7e   0x00000014   Code   RO         4436    i.prvGetDisinheritPriorityAfterTimeout  queue.o
    0x08009c92   0x08009c92   0x00000002   PAD
    0x08009c94   0x08009c94   0x00000028   Code   RO         5176    i.prvGetNextExpireTime  timers.o
    0x08009cbc   0x08009cbc   0x0000007c   Code   RO         5332    i.prvHeapInit       heap_4.o
    0x08009d38   0x08009d38   0x00000028   Code   RO         4815    i.prvIdleTask       tasks.o
    0x08009d60   0x08009d60   0x0000002a   Code   RO         4438    i.prvInitialiseNewQueue  queue.o
    0x08009d8a   0x08009d8a   0x000000be   Code   RO         4816    i.prvInitialiseNewTask  tasks.o
    0x08009e48   0x08009e48   0x0000005a   Code   RO         5177    i.prvInitialiseNewTimer  timers.o
    0x08009ea2   0x08009ea2   0x00000002   PAD
    0x08009ea4   0x08009ea4   0x00000068   Code   RO         4817    i.prvInitialiseTaskLists  tasks.o
    0x08009f0c   0x08009f0c   0x00000068   Code   RO         5333    i.prvInsertBlockIntoFreeList  heap_4.o
    0x08009f74   0x08009f74   0x00000058   Code   RO         5178    i.prvInsertTimerInActiveList  timers.o
    0x08009fcc   0x08009fcc   0x0000001a   Code   RO         4439    i.prvIsQueueEmpty   queue.o
    0x08009fe6   0x08009fe6   0x0000001e   Code   RO         4440    i.prvIsQueueFull    queue.o
    0x0800a004   0x0800a004   0x00000074   Code   RO         5179    i.prvProcessExpiredTimer  timers.o
    0x0800a078   0x0800a078   0x00000138   Code   RO         5180    i.prvProcessReceivedCommands  timers.o
    0x0800a1b0   0x0800a1b0   0x00000074   Code   RO         5181    i.prvProcessTimerOrBlockTask  timers.o
    0x0800a224   0x0800a224   0x00000030   Code   RO         4819    i.prvResetNextTaskUnblockTime  tasks.o
    0x0800a254   0x0800a254   0x0000002c   Code   RO         5182    i.prvSampleTimeNow  timers.o
    0x0800a280   0x0800a280   0x000000a4   Code   RO         5183    i.prvSwitchTimerLists  timers.o
    0x0800a324   0x0800a324   0x00000040   Code   RO         5391    i.prvTaskExitError  port.o
    0x0800a364   0x0800a364   0x0000001a   Code   RO         5184    i.prvTimerTask      timers.o
    0x0800a37e   0x0800a37e   0x0000007e   Code   RO         4441    i.prvUnlockQueue    queue.o
    0x0800a3fc   0x0800a3fc   0x0000016c   Code   RO         5334    i.pvPortMalloc      heap_4.o
    0x0800a568   0x0800a568   0x00000020   Code   RO         4822    i.pvTaskIncrementMutexHeldCount  tasks.o
    0x0800a588   0x0800a588   0x0000002c   Code   RO         5392    i.pxPortInitialiseStack  port.o
    0x0800a5b4   0x0800a5b4   0x00000158   Code   RO         2593    i.rcu_clock_freq_get  gd32f30x_rcu.o
    0x0800a70c   0x0800a70c   0x00000020   Code   RO         2611    i.rcu_periph_clock_enable  gd32f30x_rcu.o
    0x0800a72c   0x0800a72c   0x00000020   Code   RO         2614    i.rcu_periph_reset_disable  gd32f30x_rcu.o
    0x0800a74c   0x0800a74c   0x00000020   Code   RO         2615    i.rcu_periph_reset_enable  gd32f30x_rcu.o
    0x0800a76c   0x0800a76c   0x00000030   Code   RO         7606    i.rightEncoderGPIOConfiguration  encoder.o
    0x0800a79c   0x0800a79c   0x0000009c   Code   RO         7607    i.rightEncoderTimerConfiguration  encoder.o
    0x0800a838   0x0800a838   0x00000018   Code   RO         7503    i.right_backward    motor.o
    0x0800a850   0x0800a850   0x00000018   Code   RO         7504    i.right_forward     motor.o
    0x0800a868   0x0800a868   0x00000128   Code   RO         7608    i.right_velocity_measurement  encoder.o
    0x0800a990   0x0800a990   0x00000040   Code   RO         6666    i.search_semaphore  synchronous.o
    0x0800a9d0   0x0800a9d0   0x00000078   Code   RO         6667    i.semaphore_post    synchronous.o
    0x0800aa48   0x0800aa48   0x00000054   Code   RO         7420    i.switch_exti_init  switch.o
    0x0800aa9c   0x0800aa9c   0x00000030   Code   RO         7421    i.switch_init       switch.o
    0x0800aacc   0x0800aacc   0x00000114   Code   RO          347    i.system_clock_120m_hxtal  system_gd32f30x.o
    0x0800abe0   0x0800abe0   0x00000008   Code   RO          348    i.system_clock_config  system_gd32f30x.o
    0x0800abe8   0x0800abe8   0x0000000a   Code   RO         3469    i.timer_auto_reload_shadow_enable  gd32f30x_timer.o
    0x0800abf2   0x0800abf2   0x0000005a   Code   RO         3483    i.timer_channel_input_capture_prescaler_config  gd32f30x_timer.o
    0x0800ac4c   0x0800ac4c   0x00000010   Code   RO         3484    i.timer_channel_input_struct_para_init  gd32f30x_timer.o
    0x0800ac5c   0x0800ac5c   0x000001ec   Code   RO         3486    i.timer_channel_output_config  gd32f30x_timer.o
    0x0800ae48   0x0800ae48   0x0000005a   Code   RO         3488    i.timer_channel_output_mode_config  gd32f30x_timer.o
    0x0800aea2   0x0800aea2   0x00000026   Code   RO         3490    i.timer_channel_output_pulse_value_config  gd32f30x_timer.o
    0x0800aec8   0x0800aec8   0x0000005a   Code   RO         3491    i.timer_channel_output_shadow_config  gd32f30x_timer.o
    0x0800af22   0x0800af22   0x00000002   PAD
    0x0800af24   0x0800af24   0x000000b8   Code   RO         5609    i.timer_config      pwm.o
    0x0800afdc   0x0800afdc   0x00000008   Code   RO         3496    i.timer_counter_read  gd32f30x_timer.o
    0x0800afe4   0x0800afe4   0x00000004   Code   RO         3498    i.timer_counter_value_config  gd32f30x_timer.o
    0x0800afe8   0x0800afe8   0x000000dc   Code   RO         3499    i.timer_deinit      gd32f30x_timer.o
    0x0800b0c4   0x0800b0c4   0x0000000a   Code   RO         3504    i.timer_enable      gd32f30x_timer.o
    0x0800b0ce   0x0800b0ce   0x00000002   PAD
    0x0800b0d0   0x0800b0d0   0x00000098   Code   RO         3514    i.timer_init        gd32f30x_timer.o
    0x0800b168   0x0800b168   0x00000146   Code   RO         3515    i.timer_input_capture_config  gd32f30x_timer.o
    0x0800b2ae   0x0800b2ae   0x00000008   Code   RO         3521    i.timer_interrupt_enable  gd32f30x_timer.o
    0x0800b2b6   0x0800b2b6   0x00000006   Code   RO         3522    i.timer_interrupt_flag_clear  gd32f30x_timer.o
    0x0800b2bc   0x0800b2bc   0x00000018   Code   RO         3523    i.timer_interrupt_flag_get  gd32f30x_timer.o
    0x0800b2d4   0x0800b2d4   0x00000040   Code   RO         3530    i.timer_quadrature_decoder_mode_config  gd32f30x_timer.o
    0x0800b314   0x0800b314   0x00000090   Code   RO         5489    i.usart0_init       usart.o
    0x0800b3a4   0x0800b3a4   0x00000050   Code   RO         5490    i.usart1_dma_recv   usart.o
    0x0800b3f4   0x0800b3f4   0x00000040   Code   RO         5491    i.usart1_dma_send   usart.o
    0x0800b434   0x0800b434   0x00000090   Code   RO         3909    i.usart_baudrate_set  gd32f30x_usart.o
    0x0800b4c4   0x0800b4c4   0x00000008   Code   RO         3913    i.usart_data_transmit  gd32f30x_usart.o
    0x0800b4cc   0x0800b4cc   0x00000090   Code   RO         3914    i.usart_deinit      gd32f30x_usart.o
    0x0800b55c   0x0800b55c   0x00000010   Code   RO         3916    i.usart_dma_receive_config  gd32f30x_usart.o
    0x0800b56c   0x0800b56c   0x00000010   Code   RO         3917    i.usart_dma_transmit_config  gd32f30x_usart.o
    0x0800b57c   0x0800b57c   0x0000000a   Code   RO         3918    i.usart_enable      gd32f30x_usart.o
    0x0800b586   0x0800b586   0x0000001e   Code   RO         3920    i.usart_flag_get    gd32f30x_usart.o
    0x0800b5a4   0x0800b5a4   0x00000010   Code   RO         3924    i.usart_hardware_flow_cts_config  gd32f30x_usart.o
    0x0800b5b4   0x0800b5b4   0x00000010   Code   RO         3925    i.usart_hardware_flow_rts_config  gd32f30x_usart.o
    0x0800b5c4   0x0800b5c4   0x0000001a   Code   RO         3927    i.usart_interrupt_enable  gd32f30x_usart.o
    0x0800b5de   0x0800b5de   0x0000001a   Code   RO         3928    i.usart_interrupt_flag_clear  gd32f30x_usart.o
    0x0800b5f8   0x0800b5f8   0x00000038   Code   RO         3929    i.usart_interrupt_flag_get  gd32f30x_usart.o
    0x0800b630   0x0800b630   0x00000010   Code   RO         3940    i.usart_parity_config  gd32f30x_usart.o
    0x0800b640   0x0800b640   0x00000010   Code   RO         3942    i.usart_receive_config  gd32f30x_usart.o
    0x0800b650   0x0800b650   0x00000010   Code   RO         3952    i.usart_stop_bit_set  gd32f30x_usart.o
    0x0800b660   0x0800b660   0x00000010   Code   RO         3956    i.usart_transmit_config  gd32f30x_usart.o
    0x0800b670   0x0800b670   0x00000010   Code   RO         3957    i.usart_word_length_set  gd32f30x_usart.o
    0x0800b680   0x0800b680   0x00000028   Code   RO         4394    i.uxListRemove      list.o
    0x0800b6a8   0x0800b6a8   0x0000001a   Code   RO         4395    i.vListInitialise   list.o
    0x0800b6c2   0x0800b6c2   0x00000006   Code   RO         4396    i.vListInitialiseItem  list.o
    0x0800b6c8   0x0800b6c8   0x00000034   Code   RO         4397    i.vListInsert       list.o
    0x0800b6fc   0x0800b6fc   0x00000018   Code   RO         4398    i.vListInsertEnd    list.o
    0x0800b714   0x0800b714   0x00000054   Code   RO         5394    i.vPortEnterCritical  port.o
    0x0800b768   0x0800b768   0x0000003c   Code   RO         5395    i.vPortExitCritical  port.o
    0x0800b7a4   0x0800b7a4   0x000000a4   Code   RO         5335    i.vPortFree         heap_4.o
    0x0800b848   0x0800b848   0x00000028   Code   RO         5396    i.vPortSetupTimerInterrupt  port.o
    0x0800b870   0x0800b870   0x00000078   Code   RO         5397    i.vPortValidateInterruptPriority  port.o
    0x0800b8e8   0x0800b8e8   0x0000002c   Code   RO         4447    i.vQueueAddToRegistry  queue.o
    0x0800b914   0x0800b914   0x0000004a   Code   RO         4451    i.vQueueWaitForMessageRestricted  queue.o
    0x0800b95e   0x0800b95e   0x00000002   PAD
    0x0800b960   0x0800b960   0x0000005c   Code   RO         4831    i.vTaskDelay        tasks.o
    0x0800b9bc   0x0800b9bc   0x00000018   Code   RO         4836    i.vTaskInternalSetTimeOutState  tasks.o
    0x0800b9d4   0x0800b9d4   0x0000000c   Code   RO         4837    i.vTaskMissedYield  tasks.o
    0x0800b9e0   0x0800b9e0   0x00000038   Code   RO         4838    i.vTaskPlaceOnEventList  tasks.o
    0x0800ba18   0x0800ba18   0x00000040   Code   RO         4839    i.vTaskPlaceOnEventListRestricted  tasks.o
    0x0800ba58   0x0800ba58   0x000000e4   Code   RO         4841    i.vTaskPriorityDisinheritAfterTimeout  tasks.o
    0x0800bb3c   0x0800bb3c   0x0000009c   Code   RO         4847    i.vTaskStartScheduler  tasks.o
    0x0800bbd8   0x0800bbd8   0x00000010   Code   RO         4849    i.vTaskSuspendAll   tasks.o
    0x0800bbe8   0x0800bbe8   0x0000008c   Code   RO         4850    i.vTaskSwitchContext  tasks.o
    0x0800bc74   0x0800bc74   0x00000168   Code   RO         5398    i.xPortStartScheduler  port.o
    0x0800bddc   0x0800bddc   0x000000a2   Code   RO         4454    i.xQueueGenericCreate  queue.o
    0x0800be7e   0x0800be7e   0x00000002   PAD
    0x0800be80   0x0800be80   0x00000098   Code   RO         4455    i.xQueueGenericReset  queue.o
    0x0800bf18   0x0800bf18   0x000001a8   Code   RO         4456    i.xQueueGenericSend  queue.o
    0x0800c0c0   0x0800c0c0   0x00000120   Code   RO         4457    i.xQueueGenericSendFromISR  queue.o
    0x0800c1e0   0x0800c1e0   0x00000104   Code   RO         4458    i.xQueueGiveFromISR  queue.o
    0x0800c2e4   0x0800c2e4   0x00000168   Code   RO         4464    i.xQueueReceive     queue.o
    0x0800c44c   0x0800c44c   0x000001b8   Code   RO         4466    i.xQueueSemaphoreTake  queue.o
    0x0800c604   0x0800c604   0x00000090   Code   RO         4852    i.xTaskCheckForTimeOut  tasks.o
    0x0800c694   0x0800c694   0x00000060   Code   RO         4853    i.xTaskCreate       tasks.o
    0x0800c6f4   0x0800c6f4   0x00000020   Code   RO         4860    i.xTaskGetSchedulerState  tasks.o
    0x0800c714   0x0800c714   0x0000000c   Code   RO         4861    i.xTaskGetTickCount  tasks.o
    0x0800c720   0x0800c720   0x00000014   Code   RO         4862    i.xTaskGetTickCountFromISR  tasks.o
    0x0800c734   0x0800c734   0x00000148   Code   RO         4863    i.xTaskIncrementTick  tasks.o
    0x0800c87c   0x0800c87c   0x000000bc   Code   RO         4864    i.xTaskPriorityDisinherit  tasks.o
    0x0800c938   0x0800c938   0x000000b8   Code   RO         4865    i.xTaskPriorityInherit  tasks.o
    0x0800c9f0   0x0800c9f0   0x00000098   Code   RO         4866    i.xTaskRemoveFromEventList  tasks.o
    0x0800ca88   0x0800ca88   0x00000104   Code   RO         4867    i.xTaskResumeAll    tasks.o
    0x0800cb8c   0x0800cb8c   0x00000036   Code   RO         5191    i.xTimerCreate      timers.o
    0x0800cbc2   0x0800cbc2   0x00000002   PAD
    0x0800cbc4   0x0800cbc4   0x00000058   Code   RO         5192    i.xTimerCreateTimerTask  timers.o
    0x0800cc1c   0x0800cc1c   0x00000084   Code   RO         5193    i.xTimerGenericCommand  timers.o
    0x0800cca0   0x0800cca0   0x0000000c   Data   RO         5820    .constdata          vl6180x_api.o
    0x0800ccac   0x0800ccac   0x00000163   Data   RO         5821    .conststring        vl6180x_api.o
    0x0800ce0f   0x0800ce0f   0x00000001   PAD
    0x0800ce10   0x0800ce10   0x00000020   Data   RO         8127    Region$$Table       anon$$obj.o


    Execution Region RW_IRAM1 (Exec base: 0x20000000, Load base: 0x0800ce30, Size: 0x00006e18, Max: 0x0000c000, ABSOLUTE, COMPRESSED[0x0000007c])

    Exec Addr    Load Addr    Size         Type   Attr      Idx    E Section Name        Object

    0x20000000   COMPRESSED   0x00000040   Data   RW           11    .data               main.o
    0x20000040   COMPRESSED   0x00000004   Data   RW          349    .data               system_gd32f30x.o
    0x20000044   COMPRESSED   0x00000040   Data   RW         4870    .data               tasks.o
    0x20000084   COMPRESSED   0x00000014   Data   RW         5199    .data               timers.o
    0x20000098   COMPRESSED   0x00000020   Data   RW         5341    .data               heap_4.o
    0x200000b8   COMPRESSED   0x00000012   Data   RW         5400    .data               port.o
    0x200000ca   COMPRESSED   0x00000002   PAD
    0x200000cc   COMPRESSED   0x00000004   Data   RW         5647    .data               iic.o
    0x200000d0   COMPRESSED   0x00000114   Data   RW         5822    .data               vl6180x_api.o
    0x200001e4   COMPRESSED   0x00000001   Data   RW         6255    .data               vl6180x_range_interrupt.o
    0x200001e5   COMPRESSED   0x00000003   PAD
    0x200001e8   COMPRESSED   0x00000006   Data   RW         6284    .data               ota.o
    0x200001ee   COMPRESSED   0x00000001   Data   RW         6329    .data               fms.o
    0x200001ef   COMPRESSED   0x00000001   PAD
    0x200001f0   COMPRESSED   0x00000024   Data   RW         6377    .data               handler.o
    0x20000214   COMPRESSED   0x00000008   Data   RW         6669    .data               synchronous.o
    0x2000021c   COMPRESSED   0x00000004   Data   RW         7382    .data               pid.o
    0x20000220   COMPRESSED   0x00000010   Data   RW         7422    .data               switch.o
    0x20000230   COMPRESSED   0x00000010   Data   RW         7506    .data               motor.o
    0x20000240   COMPRESSED   0x0000002d   Data   RW         7609    .data               encoder.o
    0x2000026d   COMPRESSED   0x00000003   PAD
    0x20000270   COMPRESSED   0x00000021   Data   RW         7690    .data               irremote.o
    0x20000291   COMPRESSED   0x00000003   PAD
    0x20000294   COMPRESSED   0x00000004   Data   RW         8074    .data               mc_w.l(stdout.o)
    0x20000298        -       0x00000830   Zero   RW           10    .bss                main.o
    0x20000ac8        -       0x00000040   Zero   RW         4468    .bss                queue.o
    0x20000b08        -       0x0000012c   Zero   RW         4869    .bss                tasks.o
    0x20000c34        -       0x00000028   Zero   RW         5198    .bss                timers.o
    0x20000c5c        -       0x00005000   Zero   RW         5340    .bss                heap_4.o
    0x20005c5c        -       0x00000064   Zero   RW         5399    .bss                port.o
    0x20005cc0        -       0x00000400   Zero   RW         5492    .bss                usart.o
    0x200060c0        -       0x00000800   Zero   RW         6283    .bss                ota.o
    0x200068c0        -       0x0000010c   Zero   RW         6328    .bss                fms.o
    0x200069cc        -       0x00000028   Zero   RW         7381    .bss                pid.o
    0x200069f4        -       0x00000024   Zero   RW         7689    .bss                irremote.o
    0x20006a18        -       0x00000400   Zero   RW         4276    STACK               startup_gd32f30x_cl.o


==============================================================================

Image component sizes


      Code (inc. data)   RO Data    RW Data    ZI Data      Debug   Object Name

       114          0          0          0          0       1910   crc.o
      1244        200          0         45          0       6626   encoder.o
         0          0          0          0          0      12180   event_groups.o
       140         12          0          0          0       1028   exti.o
       654          0          0          0          0      11573   fifo.o
       344          0          0          0          0       1493   flash_rw.o
       520         36          0          1        268       2878   fms.o
         0          0          0          0          0       1428   gd32f30x_can.o
       970          6          0          0          0      10193   gd32f30x_dma.o
       264         24          0          0          0       3095   gd32f30x_exti.o
       928         80          0          0          0       6362   gd32f30x_fmc.o
       508         12          0          0          0       4307   gd32f30x_gpio.o
       506         14          0          0          0       7152   gd32f30x_i2c.o
        20          0          0          0          0       2557   gd32f30x_it.o
       216         20          0          0          0       1428   gd32f30x_misc.o
       440         46          0          0          0       2964   gd32f30x_rcu.o
      1648         48          0          0          0      12122   gd32f30x_timer.o
       588         16          0          0          0      10966   gd32f30x_usart.o
      1000        166          0         36          0       6920   handler.o
       756         74          0         32      20480       4551   heap_4.o
       696         18          0          4          0       3204   iic.o
       744         48          0         33         36       2398   irremote.o
       544          0          0          0          0        388   lib_mem_a.o
       148          0          0          0          0       3330   list.o
       972        322          0         64       2096     102876   main.o
       664         60          0         16          0       5206   motor.o
       372        150          0          6       2048       2509   ota.o
       412         40          0          4         40       1793   pid.o
      1338        170          0         18        100      13014   port.o
        36          4          0          0          0       2288   print.o
       244          8          0          0          0       1544   pwm.o
      2616         26          0          0         64      19504   queue.o
        36          8        336          0       1024        844   startup_gd32f30x_cl.o
       668        180          0         16          0       4303   switch.o
       184         70          0          8          0       2817   synchronous.o
       396         30          0          4          0       2583   system_gd32f30x.o
      3044        386          0         64        300      29864   tasks.o
      1370        116          0         20         40      25042   timers.o
       920         86          0          0       1024       5642   usart.o
      4792        136        367        276          0      32611   vl6180x_api.o
       510         12          0          0          0       7700   vl6180x_i2c.o
       156         10          0          1          0       2595   vl6180x_range_interrupt.o

    ----------------------------------------------------------------------
     31762       2634        736        660      27520     383788   Object Totals
         0          0         32          0          0          0   (incl. Generated)
        40          0          1         12          0          0   (incl. Padding)

    ----------------------------------------------------------------------

      Code (inc. data)   RO Data    RW Data    ZI Data      Debug   Library Member Name

        86          0          0          0          0          0   __dczerorl2.o
         0          0          0          0          0          0   entry.o
         0          0          0          0          0          0   entry10a.o
         0          0          0          0          0          0   entry11a.o
         8          4          0          0          0          0   entry2.o
         4          0          0          0          0          0   entry5.o
         0          0          0          0          0          0   entry7b.o
         0          0          0          0          0          0   entry8b.o
         8          4          0          0          0          0   entry9a.o
        30          0          0          0          0          0   handlers.o
        36          8          0          0          0         68   init.o
         0          0          0          0          0          0   iusefp.o
        30          0          0          0          0         68   llshl.o
        36          0          0          0          0         68   llsshr.o
        32          0          0          0          0         68   llushr.o
        40          0          0          0          0         76   memcpy.o
        36          0          0          0          0        108   memseta.o
      2308         96          0          0          0        604   printfa.o
         0          0          0          4          0          0   stdout.o
        44          0          0          0          0         80   uidiv.o
        98          0          0          0          0         92   uldiv.o
        48          0          0          0          0         68   cdrcmple.o
       334          0          0          0          0        148   dadd.o
       222          0          0          0          0        100   ddiv.o
       186          0          0          0          0        176   depilogue.o
        48          0          0          0          0         68   dfixul.o
       228          0          0          0          0         96   dmul.o
        38          0          0          0          0         68   f2d.o

    ----------------------------------------------------------------------
      3902        112          0          4          0       1956   Library Totals
         2          0          0          0          0          0   (incl. Padding)

    ----------------------------------------------------------------------

      Code (inc. data)   RO Data    RW Data    ZI Data      Debug   Library Name

      2796        112          0          4          0       1232   mc_w.l
      1104          0          0          0          0        724   mf_w.l

    ----------------------------------------------------------------------
      3902        112          0          4          0       1956   Library Totals

    ----------------------------------------------------------------------

==============================================================================


      Code (inc. data)   RO Data    RW Data    ZI Data      Debug   

     35664       2746        736        664      27520     355640   Grand Totals
     35664       2746        736        124      27520     355640   ELF Image Totals (compressed)
     35664       2746        736        124          0          0   ROM Totals

==============================================================================

    Total RO  Size (Code + RO Data)                36400 (  35.55kB)
    Total RW  Size (RW Data + ZI Data)             28184 (  27.52kB)
    Total ROM Size (Code + RO Data + RW Data)      36524 (  35.67kB)

==============================================================================

